<testsuites id="" name="" tests="1932" failures="333" skipped="0" errors="0" time="830.361819">
<testsuite name="accessibility.spec.ts" timestamp="2026-01-23T13:20:25.002Z" hostname="chromium" tests="13" failures="1" skipped="0" time="18.883" errors="0">
<testcase name="Accessibility Tests › Dashboard should not have accessibility violations" classname="accessibility.spec.ts" time="2.85">
</testcase>
<testcase name="Accessibility Tests › should have proper heading hierarchy" classname="accessibility.spec.ts" time="2.341">
</testcase>
<testcase name="Accessibility Tests › should have proper ARIA labels" classname="accessibility.spec.ts" time="2.331">
</testcase>
<testcase name="Accessibility Tests › should have proper role attributes" classname="accessibility.spec.ts" time="1.026">
</testcase>
<testcase name="Accessibility Tests › should be keyboard navigable" classname="accessibility.spec.ts" time="1.036">
</testcase>
<testcase name="Accessibility Tests › should support screen readers with alt text" classname="accessibility.spec.ts" time="2.331">
</testcase>
<testcase name="Accessibility Tests › should have proper form labels" classname="accessibility.spec.ts" time="0.993">
</testcase>
<testcase name="Accessibility Tests › should have proper button labels" classname="accessibility.spec.ts" time="1.431">
</testcase>
<testcase name="Accessibility Tests › should have proper color contrast" classname="accessibility.spec.ts" time="1.63">
</testcase>
<testcase name="Accessibility Tests › should support dark mode" classname="accessibility.spec.ts" time="0.862">
</testcase>
<testcase name="Accessibility Tests › Analytics Dashboard should not have accessibility violations" classname="accessibility.spec.ts" time="1.203">
<failure message="accessibility.spec.ts:179:3 Analytics Dashboard should not have accessibility violations" type="FAILURE">
<![CDATA[  [chromium] › accessibility.spec.ts:179:3 › Accessibility Tests › Analytics Dashboard should not have accessibility violations 

    Error: expect(received).toEqual(expected) // deep equality

    - Expected  -   1
    + Received  + 378

    - Array []
    + Array [
    +   Object {
    +     "description": "Ensure every form element has a label",
    +     "help": "Form elements must have labels",
    +     "helpUrl": "https://dequeuniversity.com/rules/axe/4.11/label?application=playwright",
    +     "id": "label",
    +     "impact": "critical",
    +     "nodes": Array [
    +       Object {
    +         "all": Array [],
    +         "any": Array [
    +           Object {
    +             "data": null,
    +             "id": "implicit-label",
    +             "impact": "critical",
    +             "message": "Element does not have an implicit (wrapped) <label>",
    +             "relatedNodes": Array [],
    +           },
    +           Object {
    +             "data": null,
    +             "id": "explicit-label",
    +             "impact": "critical",
    +             "message": "Element does not have an explicit <label>",
    +             "relatedNodes": Array [],
    +           },
    +           Object {
    +             "data": null,
    +             "id": "aria-label",
    +             "impact": "critical",
    +             "message": "aria-label attribute does not exist or is empty",
    +             "relatedNodes": Array [],
    +           },
    +           Object {
    +             "data": null,
    +             "id": "aria-labelledby",
    +             "impact": "critical",
    +             "message": "aria-labelledby attribute does not exist, references elements that do not exist or references elements that are empty",
    +             "relatedNodes": Array [],
    +           },
    +           Object {
    +             "data": Object {
    +               "messageKey": "noAttr",
    +             },
    +             "id": "non-empty-title",
    +             "impact": "critical",
    +             "message": "Element has no title attribute",
    +             "relatedNodes": Array [],
    +           },
    +           Object {
    +             "data": Object {
    +               "messageKey": "noAttr",
    +             },
    +             "id": "non-empty-placeholder",
    +             "impact": "critical",
    +             "message": "Element has no placeholder attribute",
    +             "relatedNodes": Array [],
    +           },
    +           Object {
    +             "data": null,
    +             "id": "presentational-role",
    +             "impact": "critical",
    +             "message": "Element's default semantics were not overridden with role=\"none\" or role=\"presentation\"",
    +             "relatedNodes": Array [],
    +           },
    +         ],
    +         "failureSummary": "Fix any of the following:
    +   Element does not have an implicit (wrapped) <label>
    +   Element does not have an explicit <label>
    +   aria-label attribute does not exist or is empty
    +   aria-labelledby attribute does not exist, references elements that do not exist or references elements that are empty
    +   Element has no title attribute
    +   Element has no placeholder attribute
    +   Element's default semantics were not overridden with role=\"none\" or role=\"presentation\"",
    +         "html": "<input type=\"date\" class=\"w-full px-3 py-2 text-sm border border-gray-300 dark:border-gray-600 bg-white dark:bg-gray-700 text-gray-900 dark:text-white rounded-lg focus:ring-2 focus:ring-blue-500 focus:border-transparent\" value=\"2025-12-23\">",
    +         "impact": "critical",
    +         "none": Array [],
    +         "target": Array [
    +           "input[value=\"2025-12-23\"]",
    +         ],
    +       },
    +       Object {
    +         "all": Array [],
    +         "any": Array [
    +           Object {
    +             "data": null,
    +             "id": "implicit-label",
    +             "impact": "critical",
    +             "message": "Element does not have an implicit (wrapped) <label>",
    +             "relatedNodes": Array [],
    +           },
    +           Object {
    +             "data": null,
    +             "id": "explicit-label",
    +             "impact": "critical",
    +             "message": "Element does not have an explicit <label>",
    +             "relatedNodes": Array [],
    +           },
    +           Object {
    +             "data": null,
    +             "id": "aria-label",
    +             "impact": "critical",
    +             "message": "aria-label attribute does not exist or is empty",
    +             "relatedNodes": Array [],
    +           },
    +           Object {
    +             "data": null,
    +             "id": "aria-labelledby",
    +             "impact": "critical",
    +             "message": "aria-labelledby attribute does not exist, references elements that do not exist or references elements that are empty",
    +             "relatedNodes": Array [],
    +           },
    +           Object {
    +             "data": Object {
    +               "messageKey": "noAttr",
    +             },
    +             "id": "non-empty-title",
    +             "impact": "critical",
    +             "message": "Element has no title attribute",
    +             "relatedNodes": Array [],
    +           },
    +           Object {
    +             "data": Object {
    +               "messageKey": "noAttr",
    +             },
    +             "id": "non-empty-placeholder",
    +             "impact": "critical",
    +             "message": "Element has no placeholder attribute",
    +             "relatedNodes": Array [],
    +           },
    +           Object {
    +             "data": null,
    +             "id": "presentational-role",
    +             "impact": "critical",
    +             "message": "Element's default semantics were not overridden with role=\"none\" or role=\"presentation\"",
    +             "relatedNodes": Array [],
    +           },
    +         ],
    +         "failureSummary": "Fix any of the following:
    +   Element does not have an implicit (wrapped) <label>
    +   Element does not have an explicit <label>
    +   aria-label attribute does not exist or is empty
    +   aria-labelledby attribute does not exist, references elements that do not exist or references elements that are empty
    +   Element has no title attribute
    +   Element has no placeholder attribute
    +   Element's default semantics were not overridden with role=\"none\" or role=\"presentation\"",
    +         "html": "<input type=\"date\" class=\"w-full px-3 py-2 text-sm border border-gray-300 dark:border-gray-600 bg-white dark:bg-gray-700 text-gray-900 dark:text-white rounded-lg focus:ring-2 focus:ring-blue-500 focus:border-transparent\" value=\"2026-01-23\">",
    +         "impact": "critical",
    +         "none": Array [],
    +         "target": Array [
    +           "input[value=\"2026-01-23\"]",
    +         ],
    +       },
    +     ],
    +     "tags": Array [
    +       "cat.forms",
    +       "wcag2a",
    +       "wcag412",
    +       "section508",
    +       "section508.22.n",
    +       "TTv5",
    +       "TT5.c",
    +       "EN-301-549",
    +       "EN-9.4.1.2",
    +       "ACT",
    +       "RGAAv4",
    +       "RGAA-11.1.1",
    +     ],
    +   },
    +   Object {
    +     "description": "Ensure select element has an accessible name",
    +     "help": "Select element must have an accessible name",
    +     "helpUrl": "https://dequeuniversity.com/rules/axe/4.11/select-name?application=playwright",
    +     "id": "select-name",
    +     "impact": "critical",
    +     "nodes": Array [
    +       Object {
    +         "all": Array [],
    +         "any": Array [
    +           Object {
    +             "data": null,
    +             "id": "implicit-label",
    +             "impact": "critical",
    +             "message": "Element does not have an implicit (wrapped) <label>",
    +             "relatedNodes": Array [],
    +           },
    +           Object {
    +             "data": null,
    +             "id": "explicit-label",
    +             "impact": "critical",
    +             "message": "Element does not have an explicit <label>",
    +             "relatedNodes": Array [],
    +           },
    +           Object {
    +             "data": null,
    +             "id": "aria-label",
    +             "impact": "critical",
    +             "message": "aria-label attribute does not exist or is empty",
    +             "relatedNodes": Array [],
    +           },
    +           Object {
    +             "data": null,
    +             "id": "aria-labelledby",
    +             "impact": "critical",
    +             "message": "aria-labelledby attribute does not exist, references elements that do not exist or references elements that are empty",
    +             "relatedNodes": Array [],
    +           },
    +           Object {
    +             "data": Object {
    +               "messageKey": "noAttr",
    +             },
    +             "id": "non-empty-title",
    +             "impact": "critical",
    +             "message": "Element has no title attribute",
    +             "relatedNodes": Array [],
    +           },
    +           Object {
    +             "data": null,
    +             "id": "presentational-role",
    +             "impact": "critical",
    +             "message": "Element's default semantics were not overridden with role=\"none\" or role=\"presentation\"",
    +             "relatedNodes": Array [],
    +           },
    +         ],
    +         "failureSummary": "Fix any of the following:
    +   Element does not have an implicit (wrapped) <label>
    +   Element does not have an explicit <label>
    +   aria-label attribute does not exist or is empty
    +   aria-labelledby attribute does not exist, references elements that do not exist or references elements that are empty
    +   Element has no title attribute
    +   Element's default semantics were not overridden with role=\"none\" or role=\"presentation\"",
    +         "html": "<select class=\"w-full px-3 py-2 text-sm border border-gray-300 dark:border-gray-600 bg-white dark:bg-gray-700 text-gray-900 dark:text-white rounded-lg focus:ring-2 focus:ring-blue-500 focus:border-transparent\">",
    +         "impact": "critical",
    +         "none": Array [],
    +         "target": Array [
    +           "div:nth-child(2) > select",
    +         ],
    +       },
    +       Object {
    +         "all": Array [],
    +         "any": Array [
    +           Object {
    +             "data": null,
    +             "id": "implicit-label",
    +             "impact": "critical",
    +             "message": "Element does not have an implicit (wrapped) <label>",
    +             "relatedNodes": Array [],
    +           },
    +           Object {
    +             "data": null,
    +             "id": "explicit-label",
    +             "impact": "critical",
    +             "message": "Element does not have an explicit <label>",
    +             "relatedNodes": Array [],
    +           },
    +           Object {
    +             "data": null,
    +             "id": "aria-label",
    +             "impact": "critical",
    +             "message": "aria-label attribute does not exist or is empty",
    +             "relatedNodes": Array [],
    +           },
    +           Object {
    +             "data": null,
    +             "id": "aria-labelledby",
    +             "impact": "critical",
    +             "message": "aria-labelledby attribute does not exist, references elements that do not exist or references elements that are empty",
    +             "relatedNodes": Array [],
    +           },
    +           Object {
    +             "data": Object {
    +               "messageKey": "noAttr",
    +             },
    +             "id": "non-empty-title",
    +             "impact": "critical",
    +             "message": "Element has no title attribute",
    +             "relatedNodes": Array [],
    +           },
    +           Object {
    +             "data": null,
    +             "id": "presentational-role",
    +             "impact": "critical",
    +             "message": "Element's default semantics were not overridden with role=\"none\" or role=\"presentation\"",
    +             "relatedNodes": Array [],
    +           },
    +         ],
    +         "failureSummary": "Fix any of the following:
    +   Element does not have an implicit (wrapped) <label>
    +   Element does not have an explicit <label>
    +   aria-label attribute does not exist or is empty
    +   aria-labelledby attribute does not exist, references elements that do not exist or references elements that are empty
    +   Element has no title attribute
    +   Element's default semantics were not overridden with role=\"none\" or role=\"presentation\"",
    +         "html": "<select class=\"w-full px-3 py-2 text-sm border border-gray-300 dark:border-gray-600 bg-white dark:bg-gray-700 text-gray-900 dark:text-white rounded-lg focus:ring-2 focus:ring-blue-500 focus:border-transparent\">",
    +         "impact": "critical",
    +         "none": Array [],
    +         "target": Array [
    +           "div:nth-child(3) > select",
    +         ],
    +       },
    +       Object {
    +         "all": Array [],
    +         "any": Array [
    +           Object {
    +             "data": null,
    +             "id": "implicit-label",
    +             "impact": "critical",
    +             "message": "Element does not have an implicit (wrapped) <label>",
    +             "relatedNodes": Array [],
    +           },
    +           Object {
    +             "data": null,
    +             "id": "explicit-label",
    +             "impact": "critical",
    +             "message": "Element does not have an explicit <label>",
    +             "relatedNodes": Array [],
    +           },
    +           Object {
    +             "data": null,
    +             "id": "aria-label",
    +             "impact": "critical",
    +             "message": "aria-label attribute does not exist or is empty",
    +             "relatedNodes": Array [],
    +           },
    +           Object {
    +             "data": null,
    +             "id": "aria-labelledby",
    +             "impact": "critical",
    +             "message": "aria-labelledby attribute does not exist, references elements that do not exist or references elements that are empty",
    +             "relatedNodes": Array [],
    +           },
    +           Object {
    +             "data": Object {
    +               "messageKey": "noAttr",
    +             },
    +             "id": "non-empty-title",
    +             "impact": "critical",
    +             "message": "Element has no title attribute",
    +             "relatedNodes": Array [],
    +           },
    +           Object {
    +             "data": null,
    +             "id": "presentational-role",
    +             "impact": "critical",
    +             "message": "Element's default semantics were not overridden with role=\"none\" or role=\"presentation\"",
    +             "relatedNodes": Array [],
    +           },
    +         ],
    +         "failureSummary": "Fix any of the following:
    +   Element does not have an implicit (wrapped) <label>
    +   Element does not have an explicit <label>
    +   aria-label attribute does not exist or is empty
    +   aria-labelledby attribute does not exist, references elements that do not exist or references elements that are empty
    +   Element has no title attribute
    +   Element's default semantics were not overridden with role=\"none\" or role=\"presentation\"",
    +         "html": "<select class=\"w-full px-3 py-2 text-sm border border-gray-300 dark:border-gray-600 bg-white dark:bg-gray-700 text-gray-900 dark:text-white rounded-lg focus:ring-2 focus:ring-blue-500 focus:border-transparent\">",
    +         "impact": "critical",
    +         "none": Array [],
    +         "target": Array [
    +           "div:nth-child(4) > select",
    +         ],
    +       },
    +     ],
    +     "tags": Array [
    +       "cat.forms",
    +       "wcag2a",
    +       "wcag412",
    +       "section508",
    +       "section508.22.n",
    +       "TTv5",
    +       "TT5.c",
    +       "EN-301-549",
    +       "EN-9.4.1.2",
    +       "ACT",
    +       "RGAAv4",
    +       "RGAA-11.1.1",
    +     ],
    +   },
    + ]

      200 |     )
      201 |     
    > 202 |     expect(criticalViolations).toEqual([])
          |                                ^
      203 |   })
      204 | })
      205 |
        at /Users/dsahanovici/CURSOR_AI_DEMO/qa-automation/tests/e2e/frontend/accessibility.spec.ts:202:32

    attachment #1: screenshot (image/png) ──────────────────────────────────────────────────────────
    ../../../../test-results/accessibility-Accessibilit-9f473-ve-accessibility-violations-chromium/test-failed-1.png
    ────────────────────────────────────────────────────────────────────────────────────────────────

    attachment #2: video (video/webm) ──────────────────────────────────────────────────────────────
    ../../../../test-results/accessibility-Accessibilit-9f473-ve-accessibility-violations-chromium/video-1.webm
    ────────────────────────────────────────────────────────────────────────────────────────────────

    attachment #3: video (video/webm) ──────────────────────────────────────────────────────────────
    ../../../../test-results/accessibility-Accessibilit-9f473-ve-accessibility-violations-chromium/video.webm
    ────────────────────────────────────────────────────────────────────────────────────────────────

    Error Context: ../../../../test-results/accessibility-Accessibilit-9f473-ve-accessibility-violations-chromium/error-context.md
]]>
</failure>
<system-out>
<![CDATA[
[[ATTACHMENT|accessibility-Accessibilit-9f473-ve-accessibility-violations-chromium/test-failed-1.png]]

[[ATTACHMENT|accessibility-Accessibilit-9f473-ve-accessibility-violations-chromium/video-1.webm]]

[[ATTACHMENT|accessibility-Accessibilit-9f473-ve-accessibility-violations-chromium/video.webm]]

[[ATTACHMENT|accessibility-Accessibilit-9f473-ve-accessibility-violations-chromium/error-context.md]]
]]>
</system-out>
</testcase>
<testcase name="Accessibility - Navigation › sidebar should be accessible" classname="accessibility.spec.ts" time="0.416">
</testcase>
<testcase name="Accessibility - Navigation › should have skip to main content link" classname="accessibility.spec.ts" time="0.433">
</testcase>
</testsuite>
<testsuite name="auth.spec.ts" timestamp="2026-01-23T13:20:25.002Z" hostname="chromium" tests="28" failures="2" skipped="0" time="18.874" errors="0">
<testcase name="Authentication Tests - User Registration › should display registration form" classname="auth.spec.ts" time="1.05">
</testcase>
<testcase name="Authentication Tests - User Registration › should validate registration form fields" classname="auth.spec.ts" time="0.476">
</testcase>
<testcase name="Authentication Tests - User Registration › should register new user with valid data" classname="auth.spec.ts" time="1.154">
</testcase>
<testcase name="Authentication Tests - User Registration › should show error for duplicate email" classname="auth.spec.ts" time="0.308">
</testcase>
<testcase name="Authentication Tests - User Registration › should require strong password" classname="auth.spec.ts" time="0.305">
</testcase>
<testcase name="Authentication Tests - User Registration › should validate email format" classname="auth.spec.ts" time="0.321">
</testcase>
<testcase name="Authentication Tests - Login › should display login state" classname="auth.spec.ts" time="0.392">
</testcase>
<testcase name="Authentication Tests - Login › should login with valid credentials" classname="auth.spec.ts" time="0.421">
</testcase>
<testcase name="Authentication Tests - Login › should reject login with invalid email" classname="auth.spec.ts" time="0.411">
</testcase>
<testcase name="Authentication Tests - Login › should reject login with incorrect password" classname="auth.spec.ts" time="0.53">
</testcase>
<testcase name="Authentication Tests - Login › should reject login with non-existent user" classname="auth.spec.ts" time="0.381">
</testcase>
<testcase name="Authentication Tests - Login › should show password visibility toggle" classname="auth.spec.ts" time="0.456">
</testcase>
<testcase name="Authentication Tests - Login › should handle case-sensitive passwords" classname="auth.spec.ts" time="0.439">
</testcase>
<testcase name="Authentication Tests - Login › should show loading state during login" classname="auth.spec.ts" time="0.454">
</testcase>
<testcase name="Authentication Tests - Login › should show user information" classname="auth.spec.ts" time="0.557">
</testcase>
<testcase name="Authentication Tests - Login › should navigate to profile settings" classname="auth.spec.ts" time="0.757">
</testcase>
<testcase name="Authentication Tests - Login › should logout successfully" classname="auth.spec.ts" time="0.838">
</testcase>
<testcase name="Authentication Tests - Login › should show logout button in mobile menu" classname="auth.spec.ts" time="1.206">
</testcase>
<testcase name="Authentication Tests - Session Persistence › should persist session after page reload" classname="auth.spec.ts" time="2.097">
<failure message="auth.spec.ts:212:3 should persist session after page reload" type="FAILURE">
<![CDATA[  [chromium] › auth.spec.ts:212:3 › Authentication Tests - Session Persistence › should persist session after page reload 

    Error: expect(received).toBeTruthy()

    Received: false

      229 |     // On mobile, user menu might be in different location
      230 |     const userMenuExists = await page.locator('[aria-label="User menu"]').count() > 0
    > 231 |     expect(userMenuExists).toBeTruthy()
          |                            ^
      232 |   })
      233 |
      234 |   test('should persist session in localStorage', async ({ page }) => {
        at /Users/dsahanovici/CURSOR_AI_DEMO/qa-automation/tests/e2e/frontend/auth.spec.ts:231:28

    attachment #1: screenshot (image/png) ──────────────────────────────────────────────────────────
    ../../../../test-results/auth-Authentication-Tests--e6fb9-t-session-after-page-reload-chromium/test-failed-1.png
    ────────────────────────────────────────────────────────────────────────────────────────────────

    attachment #2: video (video/webm) ──────────────────────────────────────────────────────────────
    ../../../../test-results/auth-Authentication-Tests--e6fb9-t-session-after-page-reload-chromium/video.webm
    ────────────────────────────────────────────────────────────────────────────────────────────────

    Error Context: ../../../../test-results/auth-Authentication-Tests--e6fb9-t-session-after-page-reload-chromium/error-context.md
]]>
</failure>
<system-out>
<![CDATA[
[[ATTACHMENT|auth-Authentication-Tests--e6fb9-t-session-after-page-reload-chromium/test-failed-1.png]]

[[ATTACHMENT|auth-Authentication-Tests--e6fb9-t-session-after-page-reload-chromium/video.webm]]

[[ATTACHMENT|auth-Authentication-Tests--e6fb9-t-session-after-page-reload-chromium/error-context.md]]
]]>
</system-out>
</testcase>
<testcase name="Authentication Tests - Session Persistence › should persist session in localStorage" classname="auth.spec.ts" time="0.466">
</testcase>
<testcase name="Authentication Tests - Session Persistence › should maintain session across tabs" classname="auth.spec.ts" time="0.668">
</testcase>
<testcase name="Authentication Tests - Session Persistence › should clear session on logout" classname="auth.spec.ts" time="0.986">
</testcase>
<testcase name="Authentication Tests - Session Persistence › should handle session expiration" classname="auth.spec.ts" time="0.442">
</testcase>
<testcase name="Authentication Tests - Session Persistence › should refresh session on activity" classname="auth.spec.ts" time="1.299">
<failure message="auth.spec.ts:298:3 should refresh session on activity" type="FAILURE">
<![CDATA[  [chromium] › auth.spec.ts:298:3 › Authentication Tests - Session Persistence › should refresh session on activity 

    Error: expect(received).toBeTruthy()

    Received: false

      315 |     // Session should still be active
      316 |     const profileDropdownExists = await page.locator('[aria-label="User menu"]').count() > 0
    > 317 |     expect(profileDropdownExists).toBeTruthy()
          |                                   ^
      318 |   })
      319 |
      320 |   test('should remember "Remember Me" preference', async ({ page }) => {
        at /Users/dsahanovici/CURSOR_AI_DEMO/qa-automation/tests/e2e/frontend/auth.spec.ts:317:35

    attachment #1: screenshot (image/png) ──────────────────────────────────────────────────────────
    ../../../../test-results/auth-Authentication-Tests--e7c48-refresh-session-on-activity-chromium/test-failed-1.png
    ────────────────────────────────────────────────────────────────────────────────────────────────

    attachment #2: video (video/webm) ──────────────────────────────────────────────────────────────
    ../../../../test-results/auth-Authentication-Tests--e7c48-refresh-session-on-activity-chromium/video.webm
    ────────────────────────────────────────────────────────────────────────────────────────────────

    Error Context: ../../../../test-results/auth-Authentication-Tests--e7c48-refresh-session-on-activity-chromium/error-context.md
]]>
</failure>
<system-out>
<![CDATA[
[[ATTACHMENT|auth-Authentication-Tests--e7c48-refresh-session-on-activity-chromium/test-failed-1.png]]

[[ATTACHMENT|auth-Authentication-Tests--e7c48-refresh-session-on-activity-chromium/video.webm]]

[[ATTACHMENT|auth-Authentication-Tests--e7c48-refresh-session-on-activity-chromium/error-context.md]]
]]>
</system-out>
</testcase>
<testcase name="Authentication Tests - Session Persistence › should remember &quot;Remember Me&quot; preference" classname="auth.spec.ts" time="0.366">
</testcase>
<testcase name="Authentication Tests - Session Persistence › should handle concurrent sessions" classname="auth.spec.ts" time="0.53">
</testcase>
<testcase name="Authentication Tests - Session Persistence › should restore user preferences from session" classname="auth.spec.ts" time="1.21">
</testcase>
<testcase name="Error Handling - Authentication › should handle missing user gracefully" classname="auth.spec.ts" time="0.354">
</testcase>
</testsuite>
<testsuite name="error-handling.spec.ts" timestamp="2026-01-23T13:20:25.002Z" hostname="chromium" tests="22" failures="0" skipped="0" time="20.745" errors="0">
<testcase name="Error Handling Tests › should handle network errors gracefully" classname="error-handling.spec.ts" time="0.272">
</testcase>
<testcase name="Error Handling Tests › should handle missing data gracefully" classname="error-handling.spec.ts" time="0.383">
</testcase>
<testcase name="Error Handling Tests › should handle malformed data" classname="error-handling.spec.ts" time="0.331">
</testcase>
<testcase name="Error Handling Tests › should handle console errors gracefully" classname="error-handling.spec.ts" time="1.066">
</testcase>
<testcase name="Error Handling Tests › should handle page navigation errors" classname="error-handling.spec.ts" time="0.461">
</testcase>
<testcase name="Error Handling Tests › should handle rapid navigation" classname="error-handling.spec.ts" time="0.5">
</testcase>
<testcase name="Error Handling Tests › should handle invalid viewport sizes" classname="error-handling.spec.ts" time="0.391">
</testcase>
<testcase name="Error Handling Tests › should handle missing images gracefully" classname="error-handling.spec.ts" time="1.102">
</testcase>
<testcase name="Error Handling Tests › should handle localStorage errors" classname="error-handling.spec.ts" time="0.389">
</testcase>
<testcase name="Error Handling Tests › should handle dark mode toggle errors" classname="error-handling.spec.ts" time="0.657">
</testcase>
<testcase name="Error Handling Tests › should handle sidebar toggle errors" classname="error-handling.spec.ts" time="1.993">
</testcase>
<testcase name="Error Handling Tests › should handle filter changes gracefully" classname="error-handling.spec.ts" time="0.713">
</testcase>
<testcase name="Error Handling Tests › should handle table sorting errors" classname="error-handling.spec.ts" time="1.531">
</testcase>
<testcase name="Error Handling Tests › should handle pagination errors" classname="error-handling.spec.ts" time="1.428">
</testcase>
<testcase name="Error Handling Tests › should recover from JavaScript errors" classname="error-handling.spec.ts" time="2.161">
</testcase>
<testcase name="Error Handling Tests › should handle search functionality errors" classname="error-handling.spec.ts" time="0.314">
</testcase>
<testcase name="Error Handling Tests › should handle notification errors" classname="error-handling.spec.ts" time="0.34">
</testcase>
<testcase name="Error Handling - Forms › should handle empty form submission" classname="error-handling.spec.ts" time="1.097">
</testcase>
<testcase name="Error Handling - Forms › should handle invalid date ranges" classname="error-handling.spec.ts" time="1.413">
</testcase>
<testcase name="Error Handling - UI Components › should handle dropdown errors" classname="error-handling.spec.ts" time="1.079">
</testcase>
<testcase name="Error Handling - UI Components › should handle tooltip errors" classname="error-handling.spec.ts" time="2.449">
</testcase>
<testcase name="Error Handling - UI Components › should handle modal errors" classname="error-handling.spec.ts" time="0.675">
</testcase>
</testsuite>
<testsuite name="navigation.spec.ts" timestamp="2026-01-23T13:20:25.002Z" hostname="chromium" tests="19" failures="1" skipped="0" time="26.445" errors="0">
<testcase name="Navigation Tests › should navigate between pages" classname="navigation.spec.ts" time="1.054">
</testcase>
<testcase name="Navigation Tests › should maintain state when navigating" classname="navigation.spec.ts" time="1.446">
</testcase>
<testcase name="Navigation Tests › should handle rapid navigation" classname="navigation.spec.ts" time="2.043">
</testcase>
<testcase name="Navigation Tests › should navigate using keyboard" classname="navigation.spec.ts" time="1.682">
</testcase>
<testcase name="Navigation Tests › should show active page indicator" classname="navigation.spec.ts" time="1.697">
</testcase>
<testcase name="Navigation Tests › should navigate from sidebar on desktop" classname="navigation.spec.ts" time="1.465">
</testcase>
<testcase name="Navigation Tests › should navigate from mobile menu" classname="navigation.spec.ts" time="1.509">
</testcase>
<testcase name="Navigation Tests › should handle browser back button" classname="navigation.spec.ts" time="2.016">
</testcase>
<testcase name="Navigation Tests › should handle browser forward button" classname="navigation.spec.ts" time="2.113">
</testcase>
<testcase name="Navigation Tests › should preserve scroll position on back navigation" classname="navigation.spec.ts" time="2.483">
</testcase>
<testcase name="Breadcrumb Navigation › should display breadcrumb trail" classname="navigation.spec.ts" time="1.022">
</testcase>
<testcase name="Breadcrumb Navigation › should show current page in navigation" classname="navigation.spec.ts" time="0.717">
</testcase>
<testcase name="Breadcrumb Navigation › should update page title on navigation" classname="navigation.spec.ts" time="1.2">
</testcase>
<testcase name="Navigation - Error Handling › should handle invalid routes gracefully" classname="navigation.spec.ts" time="0.222">
</testcase>
<testcase name="Navigation - Error Handling › should handle navigation during loading" classname="navigation.spec.ts" time="1.359">
</testcase>
<testcase name="Navigation - Error Handling › should handle navigation with network issues" classname="navigation.spec.ts" time="1.351">
</testcase>
<testcase name="Navigation - Accessibility › should have accessible navigation landmark" classname="navigation.spec.ts" time="0.763">
<failure message="navigation.spec.ts:288:3 should have accessible navigation landmark" type="FAILURE">
<![CDATA[  [chromium] › navigation.spec.ts:288:3 › Navigation - Accessibility › should have accessible navigation landmark 

    Error: expect(received).toBeGreaterThanOrEqual(expected)

    Expected: >= 1
    Received:    0

      296 |     // Check for navigation role
      297 |     const navRole = page.locator('[role="navigation"]')
    > 298 |     expect(await navRole.count()).toBeGreaterThanOrEqual(1)
          |                                   ^
      299 |   })
      300 |
      301 |   test('should have skip navigation link', async ({ page }) => {
        at /Users/dsahanovici/CURSOR_AI_DEMO/qa-automation/tests/e2e/frontend/navigation.spec.ts:298:35

    attachment #1: screenshot (image/png) ──────────────────────────────────────────────────────────
    ../../../../test-results/navigation-Navigation---Ac-c92fc-essible-navigation-landmark-chromium/test-failed-1.png
    ────────────────────────────────────────────────────────────────────────────────────────────────

    attachment #2: video (video/webm) ──────────────────────────────────────────────────────────────
    ../../../../test-results/navigation-Navigation---Ac-c92fc-essible-navigation-landmark-chromium/video.webm
    ────────────────────────────────────────────────────────────────────────────────────────────────

    Error Context: ../../../../test-results/navigation-Navigation---Ac-c92fc-essible-navigation-landmark-chromium/error-context.md
]]>
</failure>
<system-out>
<![CDATA[
[[ATTACHMENT|navigation-Navigation---Ac-c92fc-essible-navigation-landmark-chromium/test-failed-1.png]]

[[ATTACHMENT|navigation-Navigation---Ac-c92fc-essible-navigation-landmark-chromium/video.webm]]

[[ATTACHMENT|navigation-Navigation---Ac-c92fc-essible-navigation-landmark-chromium/error-context.md]]
]]>
</system-out>
</testcase>
<testcase name="Navigation - Accessibility › should have skip navigation link" classname="navigation.spec.ts" time="0.448">
</testcase>
<testcase name="Navigation - Accessibility › should announce page changes to screen readers" classname="navigation.spec.ts" time="1.855">
</testcase>
</testsuite>
<testsuite name="product-search.spec.ts" timestamp="2026-01-23T13:20:25.002Z" hostname="chromium" tests="47" failures="2" skipped="0" time="130.88" errors="0">
<testcase name="Product Search &amp; Filter Tests › Initial Page Load › should display all products on initial load" classname="product-search.spec.ts" time="1.572">
</testcase>
<testcase name="Product Search &amp; Filter Tests › Initial Page Load › should display filter options" classname="product-search.spec.ts" time="2.008">
</testcase>
<testcase name="Product Search &amp; Filter Tests › Initial Page Load › should display sort dropdown" classname="product-search.spec.ts" time="1.197">
</testcase>
<testcase name="Product Search &amp; Filter Tests › Initial Page Load › should display cart counter" classname="product-search.spec.ts" time="1.431">
</testcase>
<testcase name="Product Search &amp; Filter Tests › Category Filtering › should filter products by &quot;On Sale&quot;" classname="product-search.spec.ts" time="2.21">
</testcase>
<testcase name="Product Search &amp; Filter Tests › Category Filtering › should filter products by &quot;Bestsellers&quot;" classname="product-search.spec.ts" time="1.877">
</testcase>
<testcase name="Product Search &amp; Filter Tests › Category Filtering › should filter products by &quot;New Arrivals&quot;" classname="product-search.spec.ts" time="1.882">
</testcase>
<testcase name="Product Search &amp; Filter Tests › Category Filtering › should filter products by &quot;In Stock&quot;" classname="product-search.spec.ts" time="1.636">
</testcase>
<testcase name="Product Search &amp; Filter Tests › Category Filtering › should reset filter when clicking &quot;All Products&quot;" classname="product-search.spec.ts" time="2.35">
</testcase>
<testcase name="Product Search &amp; Filter Tests › Category Filtering › should maintain only one active filter at a time" classname="product-search.spec.ts" time="1.97">
</testcase>
<testcase name="Product Search &amp; Filter Tests › Sort Functionality › should sort products by &quot;Price: Low to High&quot;" classname="product-search.spec.ts" time="1.657">
</testcase>
<testcase name="Product Search &amp; Filter Tests › Sort Functionality › should sort products by &quot;Price: High to Low&quot;" classname="product-search.spec.ts" time="1.599">
</testcase>
<testcase name="Product Search &amp; Filter Tests › Sort Functionality › should sort products by &quot;Highest Rated&quot;" classname="product-search.spec.ts" time="1.803">
</testcase>
<testcase name="Product Search &amp; Filter Tests › Sort Functionality › should maintain sort when changing filters" classname="product-search.spec.ts" time="1.842">
</testcase>
<testcase name="Product Search &amp; Filter Tests › Sort Functionality › should reset to featured sort" classname="product-search.spec.ts" time="1.758">
</testcase>
<testcase name="Product Search &amp; Filter Tests › Combined Filters and Sort › should apply filter and sort together" classname="product-search.spec.ts" time="1.785">
</testcase>
<testcase name="Product Search &amp; Filter Tests › Combined Filters and Sort › should update count when combining filters" classname="product-search.spec.ts" time="1.413">
</testcase>
<testcase name="Product Search &amp; Filter Tests › Empty Results State › should show empty state when no products match filter" classname="product-search.spec.ts" time="1.433">
</testcase>
<testcase name="Product Search &amp; Filter Tests › Empty Results State › should reset filters from empty state" classname="product-search.spec.ts" time="1.421">
</testcase>
<testcase name="Product Search &amp; Filter Tests › Empty Results State › should show appropriate empty state icon" classname="product-search.spec.ts" time="1.482">
</testcase>
<testcase name="Product Search &amp; Filter Tests › Product Card Interactions › should add product to cart" classname="product-search.spec.ts" time="7.768">
<failure message="product-search.spec.ts:336:5 should add product to cart" type="FAILURE">
<![CDATA[  [chromium] › product-search.spec.ts:336:5 › Product Search & Filter Tests › Product Card Interactions › should add product to cart 

    Error: expect(locator).toHaveText(expected) failed

    Locator:  locator('span.bg-red-500').first()
    Expected: "1"
    Received: "-29%"
    Timeout:  5000ms

    Call log:
      - Expect "toHaveText" with timeout 5000ms
      - waiting for locator('span.bg-red-500').first()
        9 × locator resolved to <span class="bg-red-500 text-white text-xs font-bold px-3 py-1 rounded-full shadow-md">-29%</span>
          - unexpected value "-29%"


      348 |       const cartBadge = page.locator('span.bg-red-500').first()
      349 |       await expect(cartBadge).toBeVisible()
    > 350 |       await expect(cartBadge).toHaveText('1')
          |                               ^
      351 |     })
      352 |
      353 |     test('should add multiple products to cart', async ({ page }) => {
        at /Users/dsahanovici/CURSOR_AI_DEMO/qa-automation/tests/e2e/frontend/product-search.spec.ts:350:31

    attachment #1: screenshot (image/png) ──────────────────────────────────────────────────────────
    ../../../../test-results/product-search-Product-Sea-45b94--should-add-product-to-cart-chromium/test-failed-1.png
    ────────────────────────────────────────────────────────────────────────────────────────────────

    attachment #2: video (video/webm) ──────────────────────────────────────────────────────────────
    ../../../../test-results/product-search-Product-Sea-45b94--should-add-product-to-cart-chromium/video.webm
    ────────────────────────────────────────────────────────────────────────────────────────────────

    Error Context: ../../../../test-results/product-search-Product-Sea-45b94--should-add-product-to-cart-chromium/error-context.md
]]>
</failure>
<system-out>
<![CDATA[
[[ATTACHMENT|product-search-Product-Sea-45b94--should-add-product-to-cart-chromium/test-failed-1.png]]

[[ATTACHMENT|product-search-Product-Sea-45b94--should-add-product-to-cart-chromium/video.webm]]

[[ATTACHMENT|product-search-Product-Sea-45b94--should-add-product-to-cart-chromium/error-context.md]]
]]>
</system-out>
</testcase>
<testcase name="Product Search &amp; Filter Tests › Product Card Interactions › should add multiple products to cart" classname="product-search.spec.ts" time="8.494">
<failure message="product-search.spec.ts:353:5 should add multiple products to cart" type="FAILURE">
<![CDATA[  [chromium] › product-search.spec.ts:353:5 › Product Search & Filter Tests › Product Card Interactions › should add multiple products to cart 

    Error: expect(locator).toHaveText(expected) failed

    Locator:  locator('span.bg-red-500').first()
    Expected: "2"
    Received: "-29%"
    Timeout:  5000ms

    Call log:
      - Expect "toHaveText" with timeout 5000ms
      - waiting for locator('span.bg-red-500').first()
        9 × locator resolved to <span class="bg-red-500 text-white text-xs font-bold px-3 py-1 rounded-full shadow-md">-29%</span>
          - unexpected value "-29%"


      365 |       // Verify cart count
      366 |       const cartBadge = page.locator('span.bg-red-500').first()
    > 367 |       await expect(cartBadge).toHaveText('2')
          |                               ^
      368 |     })
      369 |
      370 |     test('should show loading state when adding to cart', async ({ page }) => {
        at /Users/dsahanovici/CURSOR_AI_DEMO/qa-automation/tests/e2e/frontend/product-search.spec.ts:367:31

    attachment #1: screenshot (image/png) ──────────────────────────────────────────────────────────
    ../../../../test-results/product-search-Product-Sea-47eef-d-multiple-products-to-cart-chromium/test-failed-1.png
    ────────────────────────────────────────────────────────────────────────────────────────────────

    attachment #2: video (video/webm) ──────────────────────────────────────────────────────────────
    ../../../../test-results/product-search-Product-Sea-47eef-d-multiple-products-to-cart-chromium/video.webm
    ────────────────────────────────────────────────────────────────────────────────────────────────

    Error Context: ../../../../test-results/product-search-Product-Sea-47eef-d-multiple-products-to-cart-chromium/error-context.md
]]>
</failure>
<system-out>
<![CDATA[
[[ATTACHMENT|product-search-Product-Sea-47eef-d-multiple-products-to-cart-chromium/test-failed-1.png]]

[[ATTACHMENT|product-search-Product-Sea-47eef-d-multiple-products-to-cart-chromium/video.webm]]

[[ATTACHMENT|product-search-Product-Sea-47eef-d-multiple-products-to-cart-chromium/error-context.md]]
]]>
</system-out>
</testcase>
<testcase name="Product Search &amp; Filter Tests › Product Card Interactions › should show loading state when adding to cart" classname="product-search.spec.ts" time="10.455">
</testcase>
<testcase name="Product Search &amp; Filter Tests › Product Card Interactions › should toggle favorite on product" classname="product-search.spec.ts" time="2.494">
</testcase>
<testcase name="Product Search &amp; Filter Tests › Product Card Interactions › should show quick view on hover" classname="product-search.spec.ts" time="7.321">
</testcase>
<testcase name="Product Search &amp; Filter Tests › Product Information Display › should display product title and description" classname="product-search.spec.ts" time="5.716">
</testcase>
<testcase name="Product Search &amp; Filter Tests › Product Information Display › should display product price" classname="product-search.spec.ts" time="1.557">
</testcase>
<testcase name="Product Search &amp; Filter Tests › Product Information Display › should display product rating" classname="product-search.spec.ts" time="5.46">
</testcase>
<testcase name="Product Search &amp; Filter Tests › Product Information Display › should display sale badge on sale items" classname="product-search.spec.ts" time="6.435">
</testcase>
<testcase name="Product Search &amp; Filter Tests › Product Information Display › should display product images" classname="product-search.spec.ts" time="1.981">
</testcase>
<testcase name="Product Search &amp; Filter Tests › Responsive Behavior › should display products in grid on desktop" classname="product-search.spec.ts" time="1.776">
</testcase>
<testcase name="Product Search &amp; Filter Tests › Responsive Behavior › should display products in grid on tablet" classname="product-search.spec.ts" time="1.594">
</testcase>
<testcase name="Product Search &amp; Filter Tests › Responsive Behavior › should display products in single column on mobile" classname="product-search.spec.ts" time="1.564">
</testcase>
<testcase name="Product Search &amp; Filter Tests › Responsive Behavior › should show filter buttons on mobile" classname="product-search.spec.ts" time="1.964">
</testcase>
<testcase name="Product Search &amp; Filter Tests › Performance and Loading › should load products quickly" classname="product-search.spec.ts" time="1.371">
</testcase>
<testcase name="Product Search &amp; Filter Tests › Performance and Loading › should filter products without page reload" classname="product-search.spec.ts" time="2.162">
</testcase>
<testcase name="Product Search &amp; Filter Tests › Performance and Loading › should sort products without page reload" classname="product-search.spec.ts" time="2.447">
</testcase>
<testcase name="Product Search &amp; Filter Tests › Error Handling › should handle missing product images gracefully" classname="product-search.spec.ts" time="1.372">
</testcase>
<testcase name="Product Search &amp; Filter Tests › Error Handling › should handle rapid filter changes" classname="product-search.spec.ts" time="4.9">
</testcase>
<testcase name="Product Search &amp; Filter Tests › Error Handling › should handle rapid sort changes" classname="product-search.spec.ts" time="6.961">
</testcase>
<testcase name="Product Search &amp; Filter Tests › Error Handling › should handle simultaneous filter and sort changes" classname="product-search.spec.ts" time="2.113">
</testcase>
<testcase name="Product Search &amp; Filter Tests › Accessibility › should have accessible filter buttons" classname="product-search.spec.ts" time="2.822">
</testcase>
<testcase name="Product Search &amp; Filter Tests › Accessibility › should have accessible sort dropdown" classname="product-search.spec.ts" time="1.265">
</testcase>
<testcase name="Product Search &amp; Filter Tests › Accessibility › should have accessible product cards" classname="product-search.spec.ts" time="1.216">
</testcase>
<testcase name="Product Search &amp; Filter Tests › Accessibility › should announce filter changes to screen readers" classname="product-search.spec.ts" time="1.78">
</testcase>
<testcase name="Product Search &amp; Filter Tests › Product Count and Display › should show correct product count" classname="product-search.spec.ts" time="1.178">
</testcase>
<testcase name="Product Search &amp; Filter Tests › Product Count and Display › should update count when filtering" classname="product-search.spec.ts" time="2.388">
</testcase>
</testsuite>
<testsuite name="registration.spec.ts" timestamp="2026-01-23T13:20:25.002Z" hostname="chromium" tests="64" failures="1" skipped="0" time="99.563" errors="0">
<testcase name="Multi-Step Registration Form Tests › Initial State and Page Load › should display registration form with Step 1" classname="registration.spec.ts" time="0.689">
</testcase>
<testcase name="Multi-Step Registration Form Tests › Initial State and Page Load › should display progress bar" classname="registration.spec.ts" time="0.675">
</testcase>
<testcase name="Multi-Step Registration Form Tests › Initial State and Page Load › should display all step indicators" classname="registration.spec.ts" time="0.677">
</testcase>
<testcase name="Multi-Step Registration Form Tests › Initial State and Page Load › should highlight current step" classname="registration.spec.ts" time="0.706">
</testcase>
<testcase name="Multi-Step Registration Form Tests › Step 1: Personal Information - Field Validation › should show error for empty first name" classname="registration.spec.ts" time="0.726">
</testcase>
<testcase name="Multi-Step Registration Form Tests › Step 1: Personal Information - Field Validation › should show error for short first name" classname="registration.spec.ts" time="0.701">
</testcase>
<testcase name="Multi-Step Registration Form Tests › Step 1: Personal Information - Field Validation › should show error for empty last name" classname="registration.spec.ts" time="0.716">
</testcase>
<testcase name="Multi-Step Registration Form Tests › Step 1: Personal Information - Field Validation › should show error for missing date of birth" classname="registration.spec.ts" time="0.992">
</testcase>
<testcase name="Multi-Step Registration Form Tests › Step 1: Personal Information - Field Validation › should show error for underage user" classname="registration.spec.ts" time="0.709">
</testcase>
<testcase name="Multi-Step Registration Form Tests › Step 1: Personal Information - Field Validation › should clear error when field is corrected" classname="registration.spec.ts" time="0.717">
</testcase>
<testcase name="Multi-Step Registration Form Tests › Step 1: Personal Information - Field Validation › should not proceed to Step 2 with invalid data" classname="registration.spec.ts" time="0.707">
</testcase>
<testcase name="Multi-Step Registration Form Tests › Step 1: Personal Information - Field Validation › should proceed to Step 2 with valid data" classname="registration.spec.ts" time="1.002">
</testcase>
<testcase name="Multi-Step Registration Form Tests › Step 2: Account Details - Field Validation › should display Step 2 fields" classname="registration.spec.ts" time="0.996">
</testcase>
<testcase name="Multi-Step Registration Form Tests › Step 2: Account Details - Field Validation › should show error for invalid email format" classname="registration.spec.ts" time="1.052">
</testcase>
<testcase name="Multi-Step Registration Form Tests › Step 2: Account Details - Field Validation › should show error for short username" classname="registration.spec.ts" time="1.036">
</testcase>
<testcase name="Multi-Step Registration Form Tests › Step 2: Account Details - Field Validation › should show error for invalid username characters" classname="registration.spec.ts" time="1.031">
</testcase>
<testcase name="Multi-Step Registration Form Tests › Step 2: Account Details - Field Validation › should show error for weak password" classname="registration.spec.ts" time="1.039">
</testcase>
<testcase name="Multi-Step Registration Form Tests › Step 2: Account Details - Field Validation › should show error for password without requirements" classname="registration.spec.ts" time="1.032">
</testcase>
<testcase name="Multi-Step Registration Form Tests › Step 2: Account Details - Field Validation › should show error when passwords do not match" classname="registration.spec.ts" time="1.432">
</testcase>
<testcase name="Multi-Step Registration Form Tests › Step 2: Account Details - Field Validation › should display password requirements help text" classname="registration.spec.ts" time="1.291">
</testcase>
<testcase name="Multi-Step Registration Form Tests › Step 2: Account Details - Field Validation › should display username requirements help text" classname="registration.spec.ts" time="1.187">
</testcase>
<testcase name="Multi-Step Registration Form Tests › Step 2: Account Details - Field Validation › should proceed to Step 3 with valid account details" classname="registration.spec.ts" time="1.707">
</testcase>
<testcase name="Multi-Step Registration Form Tests › Step 3: Preferences - Optional Fields › should display Step 3 fields" classname="registration.spec.ts" time="1.774">
</testcase>
<testcase name="Multi-Step Registration Form Tests › Step 3: Preferences - Optional Fields › should show optional preferences label" classname="registration.spec.ts" time="1.471">
</testcase>
<testcase name="Multi-Step Registration Form Tests › Step 3: Preferences - Optional Fields › should toggle newsletter checkbox" classname="registration.spec.ts" time="1.863">
</testcase>
<testcase name="Multi-Step Registration Form Tests › Step 3: Preferences - Optional Fields › should have notifications enabled by default" classname="registration.spec.ts" time="1.603">
</testcase>
<testcase name="Multi-Step Registration Form Tests › Step 3: Preferences - Optional Fields › should change theme preference" classname="registration.spec.ts" time="1.679">
</testcase>
<testcase name="Multi-Step Registration Form Tests › Step 3: Preferences - Optional Fields › should change language preference" classname="registration.spec.ts" time="1.69">
</testcase>
<testcase name="Multi-Step Registration Form Tests › Step 3: Preferences - Optional Fields › should proceed to Step 4 without filling preferences" classname="registration.spec.ts" time="1.697">
</testcase>
<testcase name="Multi-Step Registration Form Tests › Step 4: Review &amp; Terms › should display registration summary" classname="registration.spec.ts" time="1.73">
</testcase>
<testcase name="Multi-Step Registration Form Tests › Step 4: Review &amp; Terms › should display terms and conditions checkbox" classname="registration.spec.ts" time="1.739">
</testcase>
<testcase name="Multi-Step Registration Form Tests › Step 4: Review &amp; Terms › should display privacy policy checkbox" classname="registration.spec.ts" time="1.904">
</testcase>
<testcase name="Multi-Step Registration Form Tests › Step 4: Review &amp; Terms › should show error when submitting without accepting terms" classname="registration.spec.ts" time="1.915">
</testcase>
<testcase name="Multi-Step Registration Form Tests › Step 4: Review &amp; Terms › should show error when submitting without accepting privacy" classname="registration.spec.ts" time="1.939">
</testcase>
<testcase name="Multi-Step Registration Form Tests › Step 4: Review &amp; Terms › should show both errors when neither is accepted" classname="registration.spec.ts" time="1.886">
</testcase>
<testcase name="Multi-Step Registration Form Tests › Step 4: Review &amp; Terms › should submit form when both checkboxes are checked" classname="registration.spec.ts" time="4.893">
</testcase>
<testcase name="Multi-Step Registration Form Tests › Navigation Between Steps › should navigate forward through all steps" classname="registration.spec.ts" time="2.001">
</testcase>
<testcase name="Multi-Step Registration Form Tests › Navigation Between Steps › should navigate backward using Back button" classname="registration.spec.ts" time="1.861">
</testcase>
<testcase name="Multi-Step Registration Form Tests › Navigation Between Steps › should not show Back button on Step 1" classname="registration.spec.ts" time="0.995">
</testcase>
<testcase name="Multi-Step Registration Form Tests › Navigation Between Steps › should show Back button on Step 2 and beyond" classname="registration.spec.ts" time="1.44">
</testcase>
<testcase name="Multi-Step Registration Form Tests › Navigation Between Steps › should preserve form data when navigating back and forward" classname="registration.spec.ts" time="1.607">
</testcase>
<testcase name="Multi-Step Registration Form Tests › Navigation Between Steps › should update progress bar when navigating" classname="registration.spec.ts" time="1.198">
</testcase>
<testcase name="Multi-Step Registration Form Tests › Navigation Between Steps › should allow clicking on completed steps" classname="registration.spec.ts" time="1.548">
</testcase>
<testcase name="Multi-Step Registration Form Tests › Navigation Between Steps › should not allow clicking on future steps" classname="registration.spec.ts" time="0.878">
</testcase>
<testcase name="Multi-Step Registration Form Tests › Form Submission and Success State › should show loading state during submission" classname="registration.spec.ts" time="1.841">
</testcase>
<testcase name="Multi-Step Registration Form Tests › Form Submission and Success State › should display success message after submission" classname="registration.spec.ts" time="4.26">
</testcase>
<testcase name="Multi-Step Registration Form Tests › Form Submission and Success State › should display user information in success message" classname="registration.spec.ts" time="4.262">
</testcase>
<testcase name="Multi-Step Registration Form Tests › Form Submission and Success State › should display next steps information" classname="registration.spec.ts" time="4.45">
</testcase>
<testcase name="Multi-Step Registration Form Tests › Form Submission and Success State › should display dashboard button" classname="registration.spec.ts" time="4.344">
</testcase>
<testcase name="Multi-Step Registration Form Tests › Form Submission and Success State › should display success icon" classname="registration.spec.ts" time="4.439">
</testcase>
<testcase name="Multi-Step Registration Form Tests › Error Messages and Accessibility › should have proper ARIA labels on required fields" classname="registration.spec.ts" time="0.757">
</testcase>
<testcase name="Multi-Step Registration Form Tests › Error Messages and Accessibility › should have proper form labels" classname="registration.spec.ts" time="0.759">
</testcase>
<testcase name="Multi-Step Registration Form Tests › Error Messages and Accessibility › should mark required fields with asterisk" classname="registration.spec.ts" time="0.859">
</testcase>
<testcase name="Multi-Step Registration Form Tests › Error Messages and Accessibility › should set aria-invalid on fields with errors" classname="registration.spec.ts" time="0.779">
</testcase>
<testcase name="Multi-Step Registration Form Tests › Error Messages and Accessibility › should associate error messages with fields using aria-describedby" classname="registration.spec.ts" time="0.786">
</testcase>
<testcase name="Multi-Step Registration Form Tests › Error Messages and Accessibility › should announce errors with role=&quot;alert&quot;" classname="registration.spec.ts" time="0.795">
</testcase>
<testcase name="Multi-Step Registration Form Tests › Error Messages and Accessibility › should have accessible step navigation" classname="registration.spec.ts" time="0.702">
</testcase>
<testcase name="Multi-Step Registration Form Tests › Error Messages and Accessibility › should have aria-current on active step" classname="registration.spec.ts" time="0.801">
</testcase>
<testcase name="Multi-Step Registration Form Tests › Error Messages and Accessibility › should have meaningful button labels" classname="registration.spec.ts" time="0.729">
</testcase>
<testcase name="Multi-Step Registration Form Tests › Error Messages and Accessibility › should announce success state to screen readers" classname="registration.spec.ts" time="4.341">
</testcase>
<testcase name="Multi-Step Registration Form Tests › Accessibility Compliance › Step 1 should not have accessibility violations" classname="registration.spec.ts" time="1.056">
</testcase>
<testcase name="Multi-Step Registration Form Tests › Accessibility Compliance › Step 2 should not have accessibility violations" classname="registration.spec.ts" time="1.358">
</testcase>
<testcase name="Multi-Step Registration Form Tests › Accessibility Compliance › should be keyboard navigable" classname="registration.spec.ts" time="0.884">
<failure message="registration.spec.ts:753:5 should be keyboard navigable" type="FAILURE">
<![CDATA[  [chromium] › registration.spec.ts:753:5 › Multi-Step Registration Form Tests › Accessibility Compliance › should be keyboard navigable 

    Error: expect(received).toBeTruthy()

    Received: false

      763 |       const lastNameFocused = await lastName.evaluate(el => el === document.activeElement)
      764 |       
    > 765 |       expect(firstNameFocused || lastNameFocused).toBeTruthy()
          |                                                   ^
      766 |     })
      767 |
      768 |     test('should support keyboard form submission', async ({ page }) => {
        at /Users/dsahanovici/CURSOR_AI_DEMO/qa-automation/tests/e2e/frontend/registration.spec.ts:765:51

    attachment #1: screenshot (image/png) ──────────────────────────────────────────────────────────
    ../../../../test-results/registration-Multi-Step-Re-0963e-hould-be-keyboard-navigable-chromium/test-failed-1.png
    ────────────────────────────────────────────────────────────────────────────────────────────────

    attachment #2: video (video/webm) ──────────────────────────────────────────────────────────────
    ../../../../test-results/registration-Multi-Step-Re-0963e-hould-be-keyboard-navigable-chromium/video.webm
    ────────────────────────────────────────────────────────────────────────────────────────────────

    Error Context: ../../../../test-results/registration-Multi-Step-Re-0963e-hould-be-keyboard-navigable-chromium/error-context.md
]]>
</failure>
<system-out>
<![CDATA[
[[ATTACHMENT|registration-Multi-Step-Re-0963e-hould-be-keyboard-navigable-chromium/test-failed-1.png]]

[[ATTACHMENT|registration-Multi-Step-Re-0963e-hould-be-keyboard-navigable-chromium/video.webm]]

[[ATTACHMENT|registration-Multi-Step-Re-0963e-hould-be-keyboard-navigable-chromium/error-context.md]]
]]>
</system-out>
</testcase>
<testcase name="Multi-Step Registration Form Tests › Accessibility Compliance › should support keyboard form submission" classname="registration.spec.ts" time="1.23">
</testcase>
</testsuite>
<testsuite name="responsive.spec.ts" timestamp="2026-01-23T13:20:25.002Z" hostname="chromium" tests="32" failures="0" skipped="0" time="27.672" errors="0">
<testcase name="Responsive Design Tests - Mobile › should show mobile hamburger menu" classname="responsive.spec.ts" time="0.332">
</testcase>
<testcase name="Responsive Design Tests - Mobile › should open sidebar on hamburger click" classname="responsive.spec.ts" time="0.85">
</testcase>
<testcase name="Responsive Design Tests - Mobile › should close sidebar on backdrop click" classname="responsive.spec.ts" time="1.204">
</testcase>
<testcase name="Responsive Design Tests - Mobile › should display mobile-friendly statistics" classname="responsive.spec.ts" time="0.354">
</testcase>
<testcase name="Responsive Design Tests - Mobile › should show tasks in single column on mobile" classname="responsive.spec.ts" time="0.553">
</testcase>
<testcase name="Responsive Design Tests - Mobile › should hide user email on small screens" classname="responsive.spec.ts" time="0.413">
</testcase>
<testcase name="Responsive Design Tests - Mobile › should show mobile navigation" classname="responsive.spec.ts" time="0.407">
</testcase>
<testcase name="Responsive Design Tests - Tablet › should display sidebar on tablet" classname="responsive.spec.ts" time="0.408">
</testcase>
<testcase name="Responsive Design Tests - Tablet › should show 2-column task grid" classname="responsive.spec.ts" time="0.481">
</testcase>
<testcase name="Responsive Design Tests - Tablet › should display statistics in 2 columns" classname="responsive.spec.ts" time="0.493">
</testcase>
<testcase name="Responsive Design Tests - Desktop › should show persistent sidebar" classname="responsive.spec.ts" time="0.593">
</testcase>
<testcase name="Responsive Design Tests - Desktop › should not show hamburger menu" classname="responsive.spec.ts" time="0.516">
</testcase>
<testcase name="Responsive Design Tests - Desktop › should display 4-column statistics" classname="responsive.spec.ts" time="0.568">
</testcase>
<testcase name="Responsive Design Tests - Desktop › should show full task details" classname="responsive.spec.ts" time="0.598">
</testcase>
<testcase name="Responsive Design Tests - Desktop › should display search bar in header" classname="responsive.spec.ts" time="0.473">
</testcase>
<testcase name="Responsive Design - Analytics Dashboard › should be responsive on mobile" classname="responsive.spec.ts" time="0.279">
</testcase>
<testcase name="Responsive Design - Analytics Dashboard › should show charts on tablet" classname="responsive.spec.ts" time="0.318">
</testcase>
<testcase name="Responsive Design - Analytics Dashboard › should display full layout on desktop" classname="responsive.spec.ts" time="0.341">
</testcase>
<testcase name="Responsive Design - Navigation › should show compact navigation on mobile" classname="responsive.spec.ts" time="0.261">
</testcase>
<testcase name="Responsive Design - Navigation › should show full navigation on desktop" classname="responsive.spec.ts" time="0.347">
</testcase>
<testcase name="Responsive Design - Orientation Changes › should handle portrait to landscape on mobile" classname="responsive.spec.ts" time="1.446">
</testcase>
<testcase name="Responsive Design - Orientation Changes › should handle landscape to portrait on mobile" classname="responsive.spec.ts" time="1.447">
</testcase>
<testcase name="Responsive Design - Orientation Changes › should handle tablet portrait to landscape" classname="responsive.spec.ts" time="1.483">
</testcase>
<testcase name="Responsive Design - Orientation Changes › should handle tablet landscape to portrait" classname="responsive.spec.ts" time="1.494">
</testcase>
<testcase name="Responsive Design - Orientation Changes › should adjust grid layout on orientation change" classname="responsive.spec.ts" time="1.52">
</testcase>
<testcase name="Responsive Design - Orientation Changes › should maintain sidebar state on orientation change" classname="responsive.spec.ts" time="1.801">
</testcase>
<testcase name="Responsive Design - Orientation Changes › should reflow statistics on orientation change" classname="responsive.spec.ts" time="1.517">
</testcase>
<testcase name="Responsive Design - Orientation Changes › should handle rapid orientation changes" classname="responsive.spec.ts" time="1.639">
</testcase>
<testcase name="Responsive Design - Orientation Changes › should adjust analytics dashboard on orientation change" classname="responsive.spec.ts" time="1.183">
</testcase>
<testcase name="Responsive Design - Orientation Changes › should maintain scroll position on orientation change" classname="responsive.spec.ts" time="1.669">
</testcase>
<testcase name="Responsive Design - Orientation Changes › should handle orientation change with open modals" classname="responsive.spec.ts" time="1.642">
</testcase>
<testcase name="Responsive Design - Orientation Changes › should handle orientation change during loading" classname="responsive.spec.ts" time="1.042">
</testcase>
</testsuite>
<testsuite name="task-management.spec.ts" timestamp="2026-01-23T13:20:25.002Z" hostname="chromium" tests="51" failures="0" skipped="0" time="67.737" errors="0">
<testcase name="Task Management Tests › should display dashboard with tasks" classname="task-management.spec.ts" time="0.953">
</testcase>
<testcase name="Task Management Tests › should display task cards" classname="task-management.spec.ts" time="0.933">
</testcase>
<testcase name="Task Management Tests › should show task details" classname="task-management.spec.ts" time="0.949">
</testcase>
<testcase name="Task Management Tests › should filter tasks by status" classname="task-management.spec.ts" time="1.055">
</testcase>
<testcase name="Task Management Tests › should show task progress bars" classname="task-management.spec.ts" time="1.053">
</testcase>
<testcase name="Task Management Tests › should display task assignees" classname="task-management.spec.ts" time="0.938">
</testcase>
<testcase name="Task Management Tests › should show overdue tasks with warning" classname="task-management.spec.ts" time="0.98">
</testcase>
<testcase name="Task Management Tests › should display quick stats sidebar" classname="task-management.spec.ts" time="0.997">
</testcase>
<testcase name="Task Management Tests › should show completed tasks section" classname="task-management.spec.ts" time="1">
</testcase>
<testcase name="Task Management Tests › should display task tags" classname="task-management.spec.ts" time="0.964">
</testcase>
<testcase name="Task Creation › should show create task button" classname="task-management.spec.ts" time="1.533">
</testcase>
<testcase name="Task Creation › should be able to click create task button" classname="task-management.spec.ts" time="1.076">
</testcase>
<testcase name="Task Creation › should show new task button in sidebar" classname="task-management.spec.ts" time="1.047">
</testcase>
<testcase name="Task Creation › should be able to click sidebar new task button" classname="task-management.spec.ts" time="0.996">
</testcase>
<testcase name="Task Edit Operations › should open edit task dialog" classname="task-management.spec.ts" time="0.967">
</testcase>
<testcase name="Task Edit Operations › should edit task title" classname="task-management.spec.ts" time="1.023">
</testcase>
<testcase name="Task Edit Operations › should edit task description" classname="task-management.spec.ts" time="1.056">
</testcase>
<testcase name="Task Edit Operations › should edit task priority" classname="task-management.spec.ts" time="1.017">
</testcase>
<testcase name="Task Edit Operations › should edit task due date" classname="task-management.spec.ts" time="1.049">
</testcase>
<testcase name="Task Edit Operations › should edit task assignee" classname="task-management.spec.ts" time="0.976">
</testcase>
<testcase name="Task Edit Operations › should cancel task edit" classname="task-management.spec.ts" time="0.944">
</testcase>
<testcase name="Task Edit Operations › should validate required fields when editing" classname="task-management.spec.ts" time="1.128">
</testcase>
<testcase name="Task Completion Operations › should mark task as complete" classname="task-management.spec.ts" time="1.03">
</testcase>
<testcase name="Task Completion Operations › should show completion animation" classname="task-management.spec.ts" time="1.036">
</testcase>
<testcase name="Task Completion Operations › should unmark task as complete" classname="task-management.spec.ts" time="1.937">
</testcase>
<testcase name="Task Completion Operations › should update completion statistics" classname="task-management.spec.ts" time="2.382">
</testcase>
<testcase name="Task Completion Operations › should show completed date" classname="task-management.spec.ts" time="2.304">
</testcase>
<testcase name="Task Completion Operations › should update progress bars on completion" classname="task-management.spec.ts" time="2.725">
</testcase>
<testcase name="Task Deletion Operations › should show delete button on task" classname="task-management.spec.ts" time="1.426">
</testcase>
<testcase name="Task Deletion Operations › should show delete confirmation dialog" classname="task-management.spec.ts" time="1.425">
</testcase>
<testcase name="Task Deletion Operations › should delete task on confirmation" classname="task-management.spec.ts" time="1.802">
</testcase>
<testcase name="Task Deletion Operations › should cancel task deletion" classname="task-management.spec.ts" time="2.655">
</testcase>
<testcase name="Task Deletion Operations › should show delete animation" classname="task-management.spec.ts" time="2.821">
</testcase>
<testcase name="Task Deletion Operations › should update statistics after deletion" classname="task-management.spec.ts" time="2.617">
</testcase>
<testcase name="Task Deletion Operations › should support bulk delete" classname="task-management.spec.ts" time="1.67">
</testcase>
<testcase name="Task Search and Filter Operations › should show search bar" classname="task-management.spec.ts" time="1.657">
</testcase>
<testcase name="Task Search and Filter Operations › should search tasks by title" classname="task-management.spec.ts" time="1.605">
</testcase>
<testcase name="Task Search and Filter Operations › should search tasks by description" classname="task-management.spec.ts" time="1.099">
</testcase>
<testcase name="Task Search and Filter Operations › should show &quot;no results&quot; message" classname="task-management.spec.ts" time="1.018">
</testcase>
<testcase name="Task Search and Filter Operations › should clear search" classname="task-management.spec.ts" time="1.051">
</testcase>
<testcase name="Task Search and Filter Operations › should filter by priority" classname="task-management.spec.ts" time="1.041">
</testcase>
<testcase name="Task Search and Filter Operations › should filter by assignee" classname="task-management.spec.ts" time="1.234">
</testcase>
<testcase name="Task Search and Filter Operations › should filter by due date" classname="task-management.spec.ts" time="1.615">
</testcase>
<testcase name="Task Search and Filter Operations › should combine multiple filters" classname="task-management.spec.ts" time="1.527">
</testcase>
<testcase name="Task Search and Filter Operations › should show filter count" classname="task-management.spec.ts" time="1.166">
</testcase>
<testcase name="Task Search and Filter Operations › should persist filters" classname="task-management.spec.ts" time="1.553">
</testcase>
<testcase name="Task Interactions › should show task menu on hover" classname="task-management.spec.ts" time="1.99">
</testcase>
<testcase name="Task Interactions › should display task statistics" classname="task-management.spec.ts" time="1.053">
</testcase>
<testcase name="Task Interactions › should show productivity metrics" classname="task-management.spec.ts" time="1.012">
</testcase>
<testcase name="Error Handling - Tasks › should handle empty task list gracefully" classname="task-management.spec.ts" time="0.322">
</testcase>
<testcase name="Error Handling - Tasks › should handle missing task data" classname="task-management.spec.ts" time="0.33">
</testcase>
</testsuite>
<testsuite name="accessibility.spec.ts" timestamp="2026-01-23T13:20:25.002Z" hostname="firefox" tests="13" failures="1" skipped="0" time="32.182" errors="0">
<testcase name="Accessibility Tests › Dashboard should not have accessibility violations" classname="accessibility.spec.ts" time="5.911">
</testcase>
<testcase name="Accessibility Tests › should have proper heading hierarchy" classname="accessibility.spec.ts" time="2.455">
</testcase>
<testcase name="Accessibility Tests › should have proper ARIA labels" classname="accessibility.spec.ts" time="3.824">
</testcase>
<testcase name="Accessibility Tests › should have proper role attributes" classname="accessibility.spec.ts" time="1.357">
</testcase>
<testcase name="Accessibility Tests › should be keyboard navigable" classname="accessibility.spec.ts" time="1.888">
</testcase>
<testcase name="Accessibility Tests › should support screen readers with alt text" classname="accessibility.spec.ts" time="2.53">
</testcase>
<testcase name="Accessibility Tests › should have proper form labels" classname="accessibility.spec.ts" time="2.097">
</testcase>
<testcase name="Accessibility Tests › should have proper button labels" classname="accessibility.spec.ts" time="1.932">
</testcase>
<testcase name="Accessibility Tests › should have proper color contrast" classname="accessibility.spec.ts" time="5.416">
</testcase>
<testcase name="Accessibility Tests › should support dark mode" classname="accessibility.spec.ts" time="1.441">
</testcase>
<testcase name="Accessibility Tests › Analytics Dashboard should not have accessibility violations" classname="accessibility.spec.ts" time="1.957">
<failure message="accessibility.spec.ts:179:3 Analytics Dashboard should not have accessibility violations" type="FAILURE">
<![CDATA[  [firefox] › accessibility.spec.ts:179:3 › Accessibility Tests › Analytics Dashboard should not have accessibility violations 

    Error: expect(received).toEqual(expected) // deep equality

    - Expected  -   1
    + Received  + 378

    - Array []
    + Array [
    +   Object {
    +     "description": "Ensure every form element has a label",
    +     "help": "Form elements must have labels",
    +     "helpUrl": "https://dequeuniversity.com/rules/axe/4.11/label?application=playwright",
    +     "id": "label",
    +     "impact": "critical",
    +     "nodes": Array [
    +       Object {
    +         "all": Array [],
    +         "any": Array [
    +           Object {
    +             "data": null,
    +             "id": "implicit-label",
    +             "impact": "critical",
    +             "message": "Element does not have an implicit (wrapped) <label>",
    +             "relatedNodes": Array [],
    +           },
    +           Object {
    +             "data": null,
    +             "id": "explicit-label",
    +             "impact": "critical",
    +             "message": "Element does not have an explicit <label>",
    +             "relatedNodes": Array [],
    +           },
    +           Object {
    +             "data": null,
    +             "id": "aria-label",
    +             "impact": "critical",
    +             "message": "aria-label attribute does not exist or is empty",
    +             "relatedNodes": Array [],
    +           },
    +           Object {
    +             "data": null,
    +             "id": "aria-labelledby",
    +             "impact": "critical",
    +             "message": "aria-labelledby attribute does not exist, references elements that do not exist or references elements that are empty",
    +             "relatedNodes": Array [],
    +           },
    +           Object {
    +             "data": Object {
    +               "messageKey": "noAttr",
    +             },
    +             "id": "non-empty-title",
    +             "impact": "critical",
    +             "message": "Element has no title attribute",
    +             "relatedNodes": Array [],
    +           },
    +           Object {
    +             "data": Object {
    +               "messageKey": "noAttr",
    +             },
    +             "id": "non-empty-placeholder",
    +             "impact": "critical",
    +             "message": "Element has no placeholder attribute",
    +             "relatedNodes": Array [],
    +           },
    +           Object {
    +             "data": null,
    +             "id": "presentational-role",
    +             "impact": "critical",
    +             "message": "Element's default semantics were not overridden with role=\"none\" or role=\"presentation\"",
    +             "relatedNodes": Array [],
    +           },
    +         ],
    +         "failureSummary": "Fix any of the following:
    +   Element does not have an implicit (wrapped) <label>
    +   Element does not have an explicit <label>
    +   aria-label attribute does not exist or is empty
    +   aria-labelledby attribute does not exist, references elements that do not exist or references elements that are empty
    +   Element has no title attribute
    +   Element has no placeholder attribute
    +   Element's default semantics were not overridden with role=\"none\" or role=\"presentation\"",
    +         "html": "<input type=\"date\" class=\"w-full px-3 py-2 text-sm border border-gray-300 dark:border-gray-600 bg-white dark:bg-gray-700 text-gray-900 dark:text-white rounded-lg focus:ring-2 focus:ring-blue-500 focus:border-transparent\" value=\"2025-12-23\">",
    +         "impact": "critical",
    +         "none": Array [],
    +         "target": Array [
    +           "input[value=\"2025-12-23\"]",
    +         ],
    +       },
    +       Object {
    +         "all": Array [],
    +         "any": Array [
    +           Object {
    +             "data": null,
    +             "id": "implicit-label",
    +             "impact": "critical",
    +             "message": "Element does not have an implicit (wrapped) <label>",
    +             "relatedNodes": Array [],
    +           },
    +           Object {
    +             "data": null,
    +             "id": "explicit-label",
    +             "impact": "critical",
    +             "message": "Element does not have an explicit <label>",
    +             "relatedNodes": Array [],
    +           },
    +           Object {
    +             "data": null,
    +             "id": "aria-label",
    +             "impact": "critical",
    +             "message": "aria-label attribute does not exist or is empty",
    +             "relatedNodes": Array [],
    +           },
    +           Object {
    +             "data": null,
    +             "id": "aria-labelledby",
    +             "impact": "critical",
    +             "message": "aria-labelledby attribute does not exist, references elements that do not exist or references elements that are empty",
    +             "relatedNodes": Array [],
    +           },
    +           Object {
    +             "data": Object {
    +               "messageKey": "noAttr",
    +             },
    +             "id": "non-empty-title",
    +             "impact": "critical",
    +             "message": "Element has no title attribute",
    +             "relatedNodes": Array [],
    +           },
    +           Object {
    +             "data": Object {
    +               "messageKey": "noAttr",
    +             },
    +             "id": "non-empty-placeholder",
    +             "impact": "critical",
    +             "message": "Element has no placeholder attribute",
    +             "relatedNodes": Array [],
    +           },
    +           Object {
    +             "data": null,
    +             "id": "presentational-role",
    +             "impact": "critical",
    +             "message": "Element's default semantics were not overridden with role=\"none\" or role=\"presentation\"",
    +             "relatedNodes": Array [],
    +           },
    +         ],
    +         "failureSummary": "Fix any of the following:
    +   Element does not have an implicit (wrapped) <label>
    +   Element does not have an explicit <label>
    +   aria-label attribute does not exist or is empty
    +   aria-labelledby attribute does not exist, references elements that do not exist or references elements that are empty
    +   Element has no title attribute
    +   Element has no placeholder attribute
    +   Element's default semantics were not overridden with role=\"none\" or role=\"presentation\"",
    +         "html": "<input type=\"date\" class=\"w-full px-3 py-2 text-sm border border-gray-300 dark:border-gray-600 bg-white dark:bg-gray-700 text-gray-900 dark:text-white rounded-lg focus:ring-2 focus:ring-blue-500 focus:border-transparent\" value=\"2026-01-23\">",
    +         "impact": "critical",
    +         "none": Array [],
    +         "target": Array [
    +           "input[value=\"2026-01-23\"]",
    +         ],
    +       },
    +     ],
    +     "tags": Array [
    +       "cat.forms",
    +       "wcag2a",
    +       "wcag412",
    +       "section508",
    +       "section508.22.n",
    +       "TTv5",
    +       "TT5.c",
    +       "EN-301-549",
    +       "EN-9.4.1.2",
    +       "ACT",
    +       "RGAAv4",
    +       "RGAA-11.1.1",
    +     ],
    +   },
    +   Object {
    +     "description": "Ensure select element has an accessible name",
    +     "help": "Select element must have an accessible name",
    +     "helpUrl": "https://dequeuniversity.com/rules/axe/4.11/select-name?application=playwright",
    +     "id": "select-name",
    +     "impact": "critical",
    +     "nodes": Array [
    +       Object {
    +         "all": Array [],
    +         "any": Array [
    +           Object {
    +             "data": null,
    +             "id": "implicit-label",
    +             "impact": "critical",
    +             "message": "Element does not have an implicit (wrapped) <label>",
    +             "relatedNodes": Array [],
    +           },
    +           Object {
    +             "data": null,
    +             "id": "explicit-label",
    +             "impact": "critical",
    +             "message": "Element does not have an explicit <label>",
    +             "relatedNodes": Array [],
    +           },
    +           Object {
    +             "data": null,
    +             "id": "aria-label",
    +             "impact": "critical",
    +             "message": "aria-label attribute does not exist or is empty",
    +             "relatedNodes": Array [],
    +           },
    +           Object {
    +             "data": null,
    +             "id": "aria-labelledby",
    +             "impact": "critical",
    +             "message": "aria-labelledby attribute does not exist, references elements that do not exist or references elements that are empty",
    +             "relatedNodes": Array [],
    +           },
    +           Object {
    +             "data": Object {
    +               "messageKey": "noAttr",
    +             },
    +             "id": "non-empty-title",
    +             "impact": "critical",
    +             "message": "Element has no title attribute",
    +             "relatedNodes": Array [],
    +           },
    +           Object {
    +             "data": null,
    +             "id": "presentational-role",
    +             "impact": "critical",
    +             "message": "Element's default semantics were not overridden with role=\"none\" or role=\"presentation\"",
    +             "relatedNodes": Array [],
    +           },
    +         ],
    +         "failureSummary": "Fix any of the following:
    +   Element does not have an implicit (wrapped) <label>
    +   Element does not have an explicit <label>
    +   aria-label attribute does not exist or is empty
    +   aria-labelledby attribute does not exist, references elements that do not exist or references elements that are empty
    +   Element has no title attribute
    +   Element's default semantics were not overridden with role=\"none\" or role=\"presentation\"",
    +         "html": "<select class=\"w-full px-3 py-2 text-sm border border-gray-300 dark:border-gray-600 bg-white dark:bg-gray-700 text-gray-900 dark:text-white rounded-lg focus:ring-2 focus:ring-blue-500 focus:border-transparent\">",
    +         "impact": "critical",
    +         "none": Array [],
    +         "target": Array [
    +           "div:nth-child(2) > select",
    +         ],
    +       },
    +       Object {
    +         "all": Array [],
    +         "any": Array [
    +           Object {
    +             "data": null,
    +             "id": "implicit-label",
    +             "impact": "critical",
    +             "message": "Element does not have an implicit (wrapped) <label>",
    +             "relatedNodes": Array [],
    +           },
    +           Object {
    +             "data": null,
    +             "id": "explicit-label",
    +             "impact": "critical",
    +             "message": "Element does not have an explicit <label>",
    +             "relatedNodes": Array [],
    +           },
    +           Object {
    +             "data": null,
    +             "id": "aria-label",
    +             "impact": "critical",
    +             "message": "aria-label attribute does not exist or is empty",
    +             "relatedNodes": Array [],
    +           },
    +           Object {
    +             "data": null,
    +             "id": "aria-labelledby",
    +             "impact": "critical",
    +             "message": "aria-labelledby attribute does not exist, references elements that do not exist or references elements that are empty",
    +             "relatedNodes": Array [],
    +           },
    +           Object {
    +             "data": Object {
    +               "messageKey": "noAttr",
    +             },
    +             "id": "non-empty-title",
    +             "impact": "critical",
    +             "message": "Element has no title attribute",
    +             "relatedNodes": Array [],
    +           },
    +           Object {
    +             "data": null,
    +             "id": "presentational-role",
    +             "impact": "critical",
    +             "message": "Element's default semantics were not overridden with role=\"none\" or role=\"presentation\"",
    +             "relatedNodes": Array [],
    +           },
    +         ],
    +         "failureSummary": "Fix any of the following:
    +   Element does not have an implicit (wrapped) <label>
    +   Element does not have an explicit <label>
    +   aria-label attribute does not exist or is empty
    +   aria-labelledby attribute does not exist, references elements that do not exist or references elements that are empty
    +   Element has no title attribute
    +   Element's default semantics were not overridden with role=\"none\" or role=\"presentation\"",
    +         "html": "<select class=\"w-full px-3 py-2 text-sm border border-gray-300 dark:border-gray-600 bg-white dark:bg-gray-700 text-gray-900 dark:text-white rounded-lg focus:ring-2 focus:ring-blue-500 focus:border-transparent\">",
    +         "impact": "critical",
    +         "none": Array [],
    +         "target": Array [
    +           "div:nth-child(3) > select",
    +         ],
    +       },
    +       Object {
    +         "all": Array [],
    +         "any": Array [
    +           Object {
    +             "data": null,
    +             "id": "implicit-label",
    +             "impact": "critical",
    +             "message": "Element does not have an implicit (wrapped) <label>",
    +             "relatedNodes": Array [],
    +           },
    +           Object {
    +             "data": null,
    +             "id": "explicit-label",
    +             "impact": "critical",
    +             "message": "Element does not have an explicit <label>",
    +             "relatedNodes": Array [],
    +           },
    +           Object {
    +             "data": null,
    +             "id": "aria-label",
    +             "impact": "critical",
    +             "message": "aria-label attribute does not exist or is empty",
    +             "relatedNodes": Array [],
    +           },
    +           Object {
    +             "data": null,
    +             "id": "aria-labelledby",
    +             "impact": "critical",
    +             "message": "aria-labelledby attribute does not exist, references elements that do not exist or references elements that are empty",
    +             "relatedNodes": Array [],
    +           },
    +           Object {
    +             "data": Object {
    +               "messageKey": "noAttr",
    +             },
    +             "id": "non-empty-title",
    +             "impact": "critical",
    +             "message": "Element has no title attribute",
    +             "relatedNodes": Array [],
    +           },
    +           Object {
    +             "data": null,
    +             "id": "presentational-role",
    +             "impact": "critical",
    +             "message": "Element's default semantics were not overridden with role=\"none\" or role=\"presentation\"",
    +             "relatedNodes": Array [],
    +           },
    +         ],
    +         "failureSummary": "Fix any of the following:
    +   Element does not have an implicit (wrapped) <label>
    +   Element does not have an explicit <label>
    +   aria-label attribute does not exist or is empty
    +   aria-labelledby attribute does not exist, references elements that do not exist or references elements that are empty
    +   Element has no title attribute
    +   Element's default semantics were not overridden with role=\"none\" or role=\"presentation\"",
    +         "html": "<select class=\"w-full px-3 py-2 text-sm border border-gray-300 dark:border-gray-600 bg-white dark:bg-gray-700 text-gray-900 dark:text-white rounded-lg focus:ring-2 focus:ring-blue-500 focus:border-transparent\">",
    +         "impact": "critical",
    +         "none": Array [],
    +         "target": Array [
    +           "div:nth-child(4) > select",
    +         ],
    +       },
    +     ],
    +     "tags": Array [
    +       "cat.forms",
    +       "wcag2a",
    +       "wcag412",
    +       "section508",
    +       "section508.22.n",
    +       "TTv5",
    +       "TT5.c",
    +       "EN-301-549",
    +       "EN-9.4.1.2",
    +       "ACT",
    +       "RGAAv4",
    +       "RGAA-11.1.1",
    +     ],
    +   },
    + ]

      200 |     )
      201 |     
    > 202 |     expect(criticalViolations).toEqual([])
          |                                ^
      203 |   })
      204 | })
      205 |
        at /Users/dsahanovici/CURSOR_AI_DEMO/qa-automation/tests/e2e/frontend/accessibility.spec.ts:202:32

    attachment #1: screenshot (image/png) ──────────────────────────────────────────────────────────
    ../../../../test-results/accessibility-Accessibilit-9f473-ve-accessibility-violations-firefox/test-failed-1.png
    ────────────────────────────────────────────────────────────────────────────────────────────────

    attachment #2: video (video/webm) ──────────────────────────────────────────────────────────────
    ../../../../test-results/accessibility-Accessibilit-9f473-ve-accessibility-violations-firefox/video-1.webm
    ────────────────────────────────────────────────────────────────────────────────────────────────

    attachment #3: video (video/webm) ──────────────────────────────────────────────────────────────
    ../../../../test-results/accessibility-Accessibilit-9f473-ve-accessibility-violations-firefox/video.webm
    ────────────────────────────────────────────────────────────────────────────────────────────────

    Error Context: ../../../../test-results/accessibility-Accessibilit-9f473-ve-accessibility-violations-firefox/error-context.md
]]>
</failure>
<system-out>
<![CDATA[
[[ATTACHMENT|accessibility-Accessibilit-9f473-ve-accessibility-violations-firefox/test-failed-1.png]]

[[ATTACHMENT|accessibility-Accessibilit-9f473-ve-accessibility-violations-firefox/video-1.webm]]

[[ATTACHMENT|accessibility-Accessibilit-9f473-ve-accessibility-violations-firefox/video.webm]]

[[ATTACHMENT|accessibility-Accessibilit-9f473-ve-accessibility-violations-firefox/error-context.md]]
]]>
</system-out>
</testcase>
<testcase name="Accessibility - Navigation › sidebar should be accessible" classname="accessibility.spec.ts" time="0.893">
</testcase>
<testcase name="Accessibility - Navigation › should have skip to main content link" classname="accessibility.spec.ts" time="0.481">
</testcase>
</testsuite>
<testsuite name="auth.spec.ts" timestamp="2026-01-23T13:20:25.002Z" hostname="firefox" tests="28" failures="2" skipped="0" time="41.551" errors="0">
<testcase name="Authentication Tests - User Registration › should display registration form" classname="auth.spec.ts" time="1.207">
</testcase>
<testcase name="Authentication Tests - User Registration › should validate registration form fields" classname="auth.spec.ts" time="0.518">
</testcase>
<testcase name="Authentication Tests - User Registration › should register new user with valid data" classname="auth.spec.ts" time="1.616">
</testcase>
<testcase name="Authentication Tests - User Registration › should show error for duplicate email" classname="auth.spec.ts" time="1.05">
</testcase>
<testcase name="Authentication Tests - User Registration › should require strong password" classname="auth.spec.ts" time="0.847">
</testcase>
<testcase name="Authentication Tests - User Registration › should validate email format" classname="auth.spec.ts" time="0.832">
</testcase>
<testcase name="Authentication Tests - Login › should display login state" classname="auth.spec.ts" time="2.166">
</testcase>
<testcase name="Authentication Tests - Login › should login with valid credentials" classname="auth.spec.ts" time="0.706">
</testcase>
<testcase name="Authentication Tests - Login › should reject login with invalid email" classname="auth.spec.ts" time="0.728">
</testcase>
<testcase name="Authentication Tests - Login › should reject login with incorrect password" classname="auth.spec.ts" time="0.67">
</testcase>
<testcase name="Authentication Tests - Login › should reject login with non-existent user" classname="auth.spec.ts" time="0.596">
</testcase>
<testcase name="Authentication Tests - Login › should show password visibility toggle" classname="auth.spec.ts" time="0.924">
</testcase>
<testcase name="Authentication Tests - Login › should handle case-sensitive passwords" classname="auth.spec.ts" time="1.066">
</testcase>
<testcase name="Authentication Tests - Login › should show loading state during login" classname="auth.spec.ts" time="1.12">
</testcase>
<testcase name="Authentication Tests - Login › should show user information" classname="auth.spec.ts" time="1.204">
</testcase>
<testcase name="Authentication Tests - Login › should navigate to profile settings" classname="auth.spec.ts" time="1.367">
</testcase>
<testcase name="Authentication Tests - Login › should logout successfully" classname="auth.spec.ts" time="1.158">
</testcase>
<testcase name="Authentication Tests - Login › should show logout button in mobile menu" classname="auth.spec.ts" time="2.917">
</testcase>
<testcase name="Authentication Tests - Session Persistence › should persist session after page reload" classname="auth.spec.ts" time="3.929">
<failure message="auth.spec.ts:212:3 should persist session after page reload" type="FAILURE">
<![CDATA[  [firefox] › auth.spec.ts:212:3 › Authentication Tests - Session Persistence › should persist session after page reload 

    Error: expect(received).toBeTruthy()

    Received: false

      229 |     // On mobile, user menu might be in different location
      230 |     const userMenuExists = await page.locator('[aria-label="User menu"]').count() > 0
    > 231 |     expect(userMenuExists).toBeTruthy()
          |                            ^
      232 |   })
      233 |
      234 |   test('should persist session in localStorage', async ({ page }) => {
        at /Users/dsahanovici/CURSOR_AI_DEMO/qa-automation/tests/e2e/frontend/auth.spec.ts:231:28

    attachment #1: screenshot (image/png) ──────────────────────────────────────────────────────────
    ../../../../test-results/auth-Authentication-Tests--e6fb9-t-session-after-page-reload-firefox/test-failed-1.png
    ────────────────────────────────────────────────────────────────────────────────────────────────

    attachment #2: video (video/webm) ──────────────────────────────────────────────────────────────
    ../../../../test-results/auth-Authentication-Tests--e6fb9-t-session-after-page-reload-firefox/video.webm
    ────────────────────────────────────────────────────────────────────────────────────────────────

    Error Context: ../../../../test-results/auth-Authentication-Tests--e6fb9-t-session-after-page-reload-firefox/error-context.md
]]>
</failure>
<system-out>
<![CDATA[
[[ATTACHMENT|auth-Authentication-Tests--e6fb9-t-session-after-page-reload-firefox/test-failed-1.png]]

[[ATTACHMENT|auth-Authentication-Tests--e6fb9-t-session-after-page-reload-firefox/video.webm]]

[[ATTACHMENT|auth-Authentication-Tests--e6fb9-t-session-after-page-reload-firefox/error-context.md]]
]]>
</system-out>
</testcase>
<testcase name="Authentication Tests - Session Persistence › should persist session in localStorage" classname="auth.spec.ts" time="0.702">
</testcase>
<testcase name="Authentication Tests - Session Persistence › should maintain session across tabs" classname="auth.spec.ts" time="2.746">
</testcase>
<testcase name="Authentication Tests - Session Persistence › should clear session on logout" classname="auth.spec.ts" time="2.495">
</testcase>
<testcase name="Authentication Tests - Session Persistence › should handle session expiration" classname="auth.spec.ts" time="0.654">
</testcase>
<testcase name="Authentication Tests - Session Persistence › should refresh session on activity" classname="auth.spec.ts" time="2.768">
<failure message="auth.spec.ts:298:3 should refresh session on activity" type="FAILURE">
<![CDATA[  [firefox] › auth.spec.ts:298:3 › Authentication Tests - Session Persistence › should refresh session on activity 

    Error: expect(received).toBeTruthy()

    Received: false

      315 |     // Session should still be active
      316 |     const profileDropdownExists = await page.locator('[aria-label="User menu"]').count() > 0
    > 317 |     expect(profileDropdownExists).toBeTruthy()
          |                                   ^
      318 |   })
      319 |
      320 |   test('should remember "Remember Me" preference', async ({ page }) => {
        at /Users/dsahanovici/CURSOR_AI_DEMO/qa-automation/tests/e2e/frontend/auth.spec.ts:317:35

    attachment #1: screenshot (image/png) ──────────────────────────────────────────────────────────
    ../../../../test-results/auth-Authentication-Tests--e7c48-refresh-session-on-activity-firefox/test-failed-1.png
    ────────────────────────────────────────────────────────────────────────────────────────────────

    attachment #2: video (video/webm) ──────────────────────────────────────────────────────────────
    ../../../../test-results/auth-Authentication-Tests--e7c48-refresh-session-on-activity-firefox/video.webm
    ────────────────────────────────────────────────────────────────────────────────────────────────

    Error Context: ../../../../test-results/auth-Authentication-Tests--e7c48-refresh-session-on-activity-firefox/error-context.md
]]>
</failure>
<system-out>
<![CDATA[
[[ATTACHMENT|auth-Authentication-Tests--e7c48-refresh-session-on-activity-firefox/test-failed-1.png]]

[[ATTACHMENT|auth-Authentication-Tests--e7c48-refresh-session-on-activity-firefox/video.webm]]

[[ATTACHMENT|auth-Authentication-Tests--e7c48-refresh-session-on-activity-firefox/error-context.md]]
]]>
</system-out>
</testcase>
<testcase name="Authentication Tests - Session Persistence › should remember &quot;Remember Me&quot; preference" classname="auth.spec.ts" time="1.283">
</testcase>
<testcase name="Authentication Tests - Session Persistence › should handle concurrent sessions" classname="auth.spec.ts" time="2.656">
</testcase>
<testcase name="Authentication Tests - Session Persistence › should restore user preferences from session" classname="auth.spec.ts" time="2.872">
</testcase>
<testcase name="Error Handling - Authentication › should handle missing user gracefully" classname="auth.spec.ts" time="0.754">
</testcase>
</testsuite>
<testsuite name="error-handling.spec.ts" timestamp="2026-01-23T13:20:25.002Z" hostname="firefox" tests="22" failures="0" skipped="0" time="33.979" errors="0">
<testcase name="Error Handling Tests › should handle network errors gracefully" classname="error-handling.spec.ts" time="0.648">
</testcase>
<testcase name="Error Handling Tests › should handle missing data gracefully" classname="error-handling.spec.ts" time="1.365">
</testcase>
<testcase name="Error Handling Tests › should handle malformed data" classname="error-handling.spec.ts" time="1.341">
</testcase>
<testcase name="Error Handling Tests › should handle console errors gracefully" classname="error-handling.spec.ts" time="2.053">
</testcase>
<testcase name="Error Handling Tests › should handle page navigation errors" classname="error-handling.spec.ts" time="1.508">
</testcase>
<testcase name="Error Handling Tests › should handle rapid navigation" classname="error-handling.spec.ts" time="1.407">
</testcase>
<testcase name="Error Handling Tests › should handle invalid viewport sizes" classname="error-handling.spec.ts" time="1.179">
</testcase>
<testcase name="Error Handling Tests › should handle missing images gracefully" classname="error-handling.spec.ts" time="2.204">
</testcase>
<testcase name="Error Handling Tests › should handle localStorage errors" classname="error-handling.spec.ts" time="1.246">
</testcase>
<testcase name="Error Handling Tests › should handle dark mode toggle errors" classname="error-handling.spec.ts" time="1.217">
</testcase>
<testcase name="Error Handling Tests › should handle sidebar toggle errors" classname="error-handling.spec.ts" time="4.402">
</testcase>
<testcase name="Error Handling Tests › should handle filter changes gracefully" classname="error-handling.spec.ts" time="1.096">
</testcase>
<testcase name="Error Handling Tests › should handle table sorting errors" classname="error-handling.spec.ts" time="1.917">
</testcase>
<testcase name="Error Handling Tests › should handle pagination errors" classname="error-handling.spec.ts" time="1.872">
</testcase>
<testcase name="Error Handling Tests › should recover from JavaScript errors" classname="error-handling.spec.ts" time="2.936">
</testcase>
<testcase name="Error Handling Tests › should handle search functionality errors" classname="error-handling.spec.ts" time="0.466">
</testcase>
<testcase name="Error Handling Tests › should handle notification errors" classname="error-handling.spec.ts" time="0.467">
</testcase>
<testcase name="Error Handling - Forms › should handle empty form submission" classname="error-handling.spec.ts" time="0.854">
</testcase>
<testcase name="Error Handling - Forms › should handle invalid date ranges" classname="error-handling.spec.ts" time="1.447">
</testcase>
<testcase name="Error Handling - UI Components › should handle dropdown errors" classname="error-handling.spec.ts" time="1.128">
</testcase>
<testcase name="Error Handling - UI Components › should handle tooltip errors" classname="error-handling.spec.ts" time="2.802">
</testcase>
<testcase name="Error Handling - UI Components › should handle modal errors" classname="error-handling.spec.ts" time="0.424">
</testcase>
</testsuite>
<testsuite name="navigation.spec.ts" timestamp="2026-01-23T13:20:25.002Z" hostname="firefox" tests="19" failures="1" skipped="0" time="28.416" errors="0">
<testcase name="Navigation Tests › should navigate between pages" classname="navigation.spec.ts" time="1.008">
</testcase>
<testcase name="Navigation Tests › should maintain state when navigating" classname="navigation.spec.ts" time="3.622">
</testcase>
<testcase name="Navigation Tests › should handle rapid navigation" classname="navigation.spec.ts" time="3.075">
</testcase>
<testcase name="Navigation Tests › should navigate using keyboard" classname="navigation.spec.ts" time="1.509">
</testcase>
<testcase name="Navigation Tests › should show active page indicator" classname="navigation.spec.ts" time="1.163">
</testcase>
<testcase name="Navigation Tests › should navigate from sidebar on desktop" classname="navigation.spec.ts" time="1.12">
</testcase>
<testcase name="Navigation Tests › should navigate from mobile menu" classname="navigation.spec.ts" time="2.305">
</testcase>
<testcase name="Navigation Tests › should handle browser back button" classname="navigation.spec.ts" time="1.932">
</testcase>
<testcase name="Navigation Tests › should handle browser forward button" classname="navigation.spec.ts" time="1.281">
</testcase>
<testcase name="Navigation Tests › should preserve scroll position on back navigation" classname="navigation.spec.ts" time="2.02">
</testcase>
<testcase name="Breadcrumb Navigation › should display breadcrumb trail" classname="navigation.spec.ts" time="1.216">
</testcase>
<testcase name="Breadcrumb Navigation › should show current page in navigation" classname="navigation.spec.ts" time="0.868">
</testcase>
<testcase name="Breadcrumb Navigation › should update page title on navigation" classname="navigation.spec.ts" time="1.139">
</testcase>
<testcase name="Navigation - Error Handling › should handle invalid routes gracefully" classname="navigation.spec.ts" time="0.364">
</testcase>
<testcase name="Navigation - Error Handling › should handle navigation during loading" classname="navigation.spec.ts" time="1.707">
</testcase>
<testcase name="Navigation - Error Handling › should handle navigation with network issues" classname="navigation.spec.ts" time="1.472">
</testcase>
<testcase name="Navigation - Accessibility › should have accessible navigation landmark" classname="navigation.spec.ts" time="0.938">
<failure message="navigation.spec.ts:288:3 should have accessible navigation landmark" type="FAILURE">
<![CDATA[  [firefox] › navigation.spec.ts:288:3 › Navigation - Accessibility › should have accessible navigation landmark 

    Error: expect(received).toBeGreaterThanOrEqual(expected)

    Expected: >= 1
    Received:    0

      296 |     // Check for navigation role
      297 |     const navRole = page.locator('[role="navigation"]')
    > 298 |     expect(await navRole.count()).toBeGreaterThanOrEqual(1)
          |                                   ^
      299 |   })
      300 |
      301 |   test('should have skip navigation link', async ({ page }) => {
        at /Users/dsahanovici/CURSOR_AI_DEMO/qa-automation/tests/e2e/frontend/navigation.spec.ts:298:35

    attachment #1: screenshot (image/png) ──────────────────────────────────────────────────────────
    ../../../../test-results/navigation-Navigation---Ac-c92fc-essible-navigation-landmark-firefox/test-failed-1.png
    ────────────────────────────────────────────────────────────────────────────────────────────────

    attachment #2: video (video/webm) ──────────────────────────────────────────────────────────────
    ../../../../test-results/navigation-Navigation---Ac-c92fc-essible-navigation-landmark-firefox/video.webm
    ────────────────────────────────────────────────────────────────────────────────────────────────

    Error Context: ../../../../test-results/navigation-Navigation---Ac-c92fc-essible-navigation-landmark-firefox/error-context.md
]]>
</failure>
<system-out>
<![CDATA[
[[ATTACHMENT|navigation-Navigation---Ac-c92fc-essible-navigation-landmark-firefox/test-failed-1.png]]

[[ATTACHMENT|navigation-Navigation---Ac-c92fc-essible-navigation-landmark-firefox/video.webm]]

[[ATTACHMENT|navigation-Navigation---Ac-c92fc-essible-navigation-landmark-firefox/error-context.md]]
]]>
</system-out>
</testcase>
<testcase name="Navigation - Accessibility › should have skip navigation link" classname="navigation.spec.ts" time="0.431">
</testcase>
<testcase name="Navigation - Accessibility › should announce page changes to screen readers" classname="navigation.spec.ts" time="1.246">
</testcase>
</testsuite>
<testsuite name="product-search.spec.ts" timestamp="2026-01-23T13:20:25.002Z" hostname="firefox" tests="47" failures="6" skipped="0" time="244.671" errors="0">
<testcase name="Product Search &amp; Filter Tests › Initial Page Load › should display all products on initial load" classname="product-search.spec.ts" time="1.316">
</testcase>
<testcase name="Product Search &amp; Filter Tests › Initial Page Load › should display filter options" classname="product-search.spec.ts" time="1.263">
</testcase>
<testcase name="Product Search &amp; Filter Tests › Initial Page Load › should display sort dropdown" classname="product-search.spec.ts" time="1.645">
</testcase>
<testcase name="Product Search &amp; Filter Tests › Initial Page Load › should display cart counter" classname="product-search.spec.ts" time="1.362">
</testcase>
<testcase name="Product Search &amp; Filter Tests › Category Filtering › should filter products by &quot;On Sale&quot;" classname="product-search.spec.ts" time="1.841">
</testcase>
<testcase name="Product Search &amp; Filter Tests › Category Filtering › should filter products by &quot;Bestsellers&quot;" classname="product-search.spec.ts" time="1.902">
</testcase>
<testcase name="Product Search &amp; Filter Tests › Category Filtering › should filter products by &quot;New Arrivals&quot;" classname="product-search.spec.ts" time="2.468">
</testcase>
<testcase name="Product Search &amp; Filter Tests › Category Filtering › should filter products by &quot;In Stock&quot;" classname="product-search.spec.ts" time="2.351">
</testcase>
<testcase name="Product Search &amp; Filter Tests › Category Filtering › should reset filter when clicking &quot;All Products&quot;" classname="product-search.spec.ts" time="1.856">
</testcase>
<testcase name="Product Search &amp; Filter Tests › Category Filtering › should maintain only one active filter at a time" classname="product-search.spec.ts" time="1.845">
</testcase>
<testcase name="Product Search &amp; Filter Tests › Sort Functionality › should sort products by &quot;Price: Low to High&quot;" classname="product-search.spec.ts" time="2.013">
</testcase>
<testcase name="Product Search &amp; Filter Tests › Sort Functionality › should sort products by &quot;Price: High to Low&quot;" classname="product-search.spec.ts" time="1.43">
</testcase>
<testcase name="Product Search &amp; Filter Tests › Sort Functionality › should sort products by &quot;Highest Rated&quot;" classname="product-search.spec.ts" time="1.673">
</testcase>
<testcase name="Product Search &amp; Filter Tests › Sort Functionality › should maintain sort when changing filters" classname="product-search.spec.ts" time="1.86">
</testcase>
<testcase name="Product Search &amp; Filter Tests › Sort Functionality › should reset to featured sort" classname="product-search.spec.ts" time="1.797">
</testcase>
<testcase name="Product Search &amp; Filter Tests › Combined Filters and Sort › should apply filter and sort together" classname="product-search.spec.ts" time="1.762">
</testcase>
<testcase name="Product Search &amp; Filter Tests › Combined Filters and Sort › should update count when combining filters" classname="product-search.spec.ts" time="2.693">
</testcase>
<testcase name="Product Search &amp; Filter Tests › Empty Results State › should show empty state when no products match filter" classname="product-search.spec.ts" time="4.212">
</testcase>
<testcase name="Product Search &amp; Filter Tests › Empty Results State › should reset filters from empty state" classname="product-search.spec.ts" time="3.252">
</testcase>
<testcase name="Product Search &amp; Filter Tests › Empty Results State › should show appropriate empty state icon" classname="product-search.spec.ts" time="3.6">
</testcase>
<testcase name="Product Search &amp; Filter Tests › Product Card Interactions › should add product to cart" classname="product-search.spec.ts" time="30.097">
<failure message="product-search.spec.ts:336:5 should add product to cart" type="FAILURE">
<![CDATA[  [firefox] › product-search.spec.ts:336:5 › Product Search & Filter Tests › Product Card Interactions › should add product to cart 

    Test timeout of 30000ms exceeded.

    Error: locator.click: Test timeout of 30000ms exceeded.
    Call log:
      - waiting for locator('[aria-label*="Add"][aria-label*="cart"]').first()
        - locator resolved to <button disabled aria-label="Add Premium Coffee Maker to cart" class="px-4 py-2 rounded-lg font-medium transition-all duration-200 disabled:opacity-50 disabled:cursor-not-allowed bg-blue-600 hover:bg-blue-700 text-white shadow-md hover:shadow-lg px-4 py-2 flex items-center gap-2 ">…</button>
      - attempting click action
        2 × waiting for element to be visible, enabled and stable
          - element is not enabled
        - retrying click action
        - waiting 20ms
        2 × waiting for element to be visible, enabled and stable
          - element is not enabled
        - retrying click action
          - waiting 100ms
        54 × waiting for element to be visible, enabled and stable
           - element is not enabled
         - retrying click action
           - waiting 500ms


      340 |       // Click first "Add" button (uses aria-label for accessibility)
      341 |       const addToCartButton = page.locator('[aria-label*="Add"][aria-label*="cart"]').first()
    > 342 |       await addToCartButton.click()
          |                             ^
      343 |       
      344 |       // Wait for cart animation
      345 |       await page.waitForTimeout(700)
        at /Users/dsahanovici/CURSOR_AI_DEMO/qa-automation/tests/e2e/frontend/product-search.spec.ts:342:29

    attachment #1: screenshot (image/png) ──────────────────────────────────────────────────────────
    ../../../../test-results/product-search-Product-Sea-45b94--should-add-product-to-cart-firefox/test-failed-1.png
    ────────────────────────────────────────────────────────────────────────────────────────────────

    attachment #2: video (video/webm) ──────────────────────────────────────────────────────────────
    ../../../../test-results/product-search-Product-Sea-45b94--should-add-product-to-cart-firefox/video.webm
    ────────────────────────────────────────────────────────────────────────────────────────────────

    Error Context: ../../../../test-results/product-search-Product-Sea-45b94--should-add-product-to-cart-firefox/error-context.md
]]>
</failure>
<system-out>
<![CDATA[
[[ATTACHMENT|product-search-Product-Sea-45b94--should-add-product-to-cart-firefox/test-failed-1.png]]

[[ATTACHMENT|product-search-Product-Sea-45b94--should-add-product-to-cart-firefox/video.webm]]

[[ATTACHMENT|product-search-Product-Sea-45b94--should-add-product-to-cart-firefox/error-context.md]]
]]>
</system-out>
</testcase>
<testcase name="Product Search &amp; Filter Tests › Product Card Interactions › should add multiple products to cart" classname="product-search.spec.ts" time="30.109">
<failure message="product-search.spec.ts:353:5 should add multiple products to cart" type="FAILURE">
<![CDATA[  [firefox] › product-search.spec.ts:353:5 › Product Search & Filter Tests › Product Card Interactions › should add multiple products to cart 

    Test timeout of 30000ms exceeded.

    Error: locator.click: Test timeout of 30000ms exceeded.
    Call log:
      - waiting for locator('[aria-label*="Add"][aria-label*="cart"]').first()
        - locator resolved to <button disabled aria-label="Add Premium Coffee Maker to cart" class="px-4 py-2 rounded-lg font-medium transition-all duration-200 disabled:opacity-50 disabled:cursor-not-allowed bg-blue-600 hover:bg-blue-700 text-white shadow-md hover:shadow-lg px-4 py-2 flex items-center gap-2 ">…</button>
      - attempting click action
        2 × waiting for element to be visible, enabled and stable
          - element is not enabled
        - retrying click action
        - waiting 20ms
        2 × waiting for element to be visible, enabled and stable
          - element is not enabled
        - retrying click action
          - waiting 100ms
        54 × waiting for element to be visible, enabled and stable
           - element is not enabled
         - retrying click action
           - waiting 500ms


      356 |       
      357 |       // Add first product
    > 358 |       await page.locator('[aria-label*="Add"][aria-label*="cart"]').first().click()
          |                                                                             ^
      359 |       await page.waitForTimeout(700)
      360 |       
      361 |       // Add second product
        at /Users/dsahanovici/CURSOR_AI_DEMO/qa-automation/tests/e2e/frontend/product-search.spec.ts:358:77

    attachment #1: screenshot (image/png) ──────────────────────────────────────────────────────────
    ../../../../test-results/product-search-Product-Sea-47eef-d-multiple-products-to-cart-firefox/test-failed-1.png
    ────────────────────────────────────────────────────────────────────────────────────────────────

    attachment #2: video (video/webm) ──────────────────────────────────────────────────────────────
    ../../../../test-results/product-search-Product-Sea-47eef-d-multiple-products-to-cart-firefox/video.webm
    ────────────────────────────────────────────────────────────────────────────────────────────────

    Error Context: ../../../../test-results/product-search-Product-Sea-47eef-d-multiple-products-to-cart-firefox/error-context.md
]]>
</failure>
<system-out>
<![CDATA[
[[ATTACHMENT|product-search-Product-Sea-47eef-d-multiple-products-to-cart-firefox/test-failed-1.png]]

[[ATTACHMENT|product-search-Product-Sea-47eef-d-multiple-products-to-cart-firefox/video.webm]]

[[ATTACHMENT|product-search-Product-Sea-47eef-d-multiple-products-to-cart-firefox/error-context.md]]
]]>
</system-out>
</testcase>
<testcase name="Product Search &amp; Filter Tests › Product Card Interactions › should show loading state when adding to cart" classname="product-search.spec.ts" time="30.12">
<failure message="product-search.spec.ts:370:5 should show loading state when adding to cart" type="FAILURE">
<![CDATA[  [firefox] › product-search.spec.ts:370:5 › Product Search & Filter Tests › Product Card Interactions › should show loading state when adding to cart 

    Test timeout of 30000ms exceeded.

    Error: locator.click: Test timeout of 30000ms exceeded.
    Call log:
      - waiting for locator('[aria-label*="Add"][aria-label*="cart"]').first()
        - locator resolved to <button disabled aria-label="Add Premium Coffee Maker to cart" class="px-4 py-2 rounded-lg font-medium transition-all duration-200 disabled:opacity-50 disabled:cursor-not-allowed bg-blue-600 hover:bg-blue-700 text-white shadow-md hover:shadow-lg px-4 py-2 flex items-center gap-2 ">…</button>
      - attempting click action
        2 × waiting for element to be visible, enabled and stable
          - element is not enabled
        - retrying click action
        - waiting 20ms
        2 × waiting for element to be visible, enabled and stable
          - element is not enabled
        - retrying click action
          - waiting 100ms
        54 × waiting for element to be visible, enabled and stable
           - element is not enabled
         - retrying click action
           - waiting 500ms


      375 |       
      376 |       // Click and immediately check for loading state
    > 377 |       await addToCartButton.click()
          |                             ^
      378 |       
      379 |       // Wait a bit for animation
      380 |       await page.waitForTimeout(200)
        at /Users/dsahanovici/CURSOR_AI_DEMO/qa-automation/tests/e2e/frontend/product-search.spec.ts:377:29

    attachment #1: screenshot (image/png) ──────────────────────────────────────────────────────────
    ../../../../test-results/product-search-Product-Sea-a9fcc-g-state-when-adding-to-cart-firefox/test-failed-1.png
    ────────────────────────────────────────────────────────────────────────────────────────────────

    attachment #2: video (video/webm) ──────────────────────────────────────────────────────────────
    ../../../../test-results/product-search-Product-Sea-a9fcc-g-state-when-adding-to-cart-firefox/video.webm
    ────────────────────────────────────────────────────────────────────────────────────────────────

    Error Context: ../../../../test-results/product-search-Product-Sea-a9fcc-g-state-when-adding-to-cart-firefox/error-context.md
]]>
</failure>
<system-out>
<![CDATA[
[[ATTACHMENT|product-search-Product-Sea-a9fcc-g-state-when-adding-to-cart-firefox/test-failed-1.png]]

[[ATTACHMENT|product-search-Product-Sea-a9fcc-g-state-when-adding-to-cart-firefox/video.webm]]

[[ATTACHMENT|product-search-Product-Sea-a9fcc-g-state-when-adding-to-cart-firefox/error-context.md]]
]]>
</system-out>
</testcase>
<testcase name="Product Search &amp; Filter Tests › Product Card Interactions › should toggle favorite on product" classname="product-search.spec.ts" time="30.12">
<failure message="product-search.spec.ts:388:5 should toggle favorite on product" type="FAILURE">
<![CDATA[  [firefox] › product-search.spec.ts:388:5 › Product Search & Filter Tests › Product Card Interactions › should toggle favorite on product 

    Test timeout of 30000ms exceeded.

    Error: locator.click: Test timeout of 30000ms exceeded.
    Call log:
      - waiting for locator('[aria-label*="favorite"], [aria-label*="wishlist"]').first()
        - locator resolved to <button aria-pressed="false" aria-label="Add to favorites" class="absolute top-3 right-3 p-2 bg-white rounded-full shadow-md hover:scale-110 transition-transform duration-200 focus:outline-none focus:ring-2 focus:ring-blue-500">…</button>
      - attempting click action
        2 × waiting for element to be visible, enabled and stable
          - element is visible, enabled and stable
          - scrolling into view if needed
          - done scrolling
          - <div class="absolute inset-0 bg-black bg-opacity-50 flex items-center justify-center">…</div> intercepts pointer events
        - retrying click action
        - waiting 20ms
        - waiting for element to be visible, enabled and stable
        - element is visible, enabled and stable
        - scrolling into view if needed
        - done scrolling
        - <div class="absolute inset-0 bg-black bg-opacity-50 flex items-center justify-center">…</div> intercepts pointer events
      2 × retrying click action
          - waiting 100ms
          - waiting for element to be visible, enabled and stable
          - element is visible, enabled and stable
          - scrolling into view if needed
          - done scrolling
          - <div class="flex items-center justify-between">…</div> from <header class="bg-white shadow-md border-b border-gray-200 sticky top-0 z-50">…</header> subtree intercepts pointer events
      13 × retrying click action
           - waiting 500ms
           - waiting for element to be visible, enabled and stable
           - element is visible, enabled and stable
           - scrolling into view if needed
           - done scrolling
           - <div class="absolute inset-0 bg-black bg-opacity-50 flex items-center justify-center">…</div> intercepts pointer events
         - retrying click action
           - waiting 500ms
           - waiting for element to be visible, enabled and stable
           - element is visible, enabled and stable
           - scrolling into view if needed
           - done scrolling
           - <div class="absolute inset-0 bg-black bg-opacity-50 flex items-center justify-center">…</div> intercepts pointer events
         - retrying click action
           - waiting 500ms
           - waiting for element to be visible, enabled and stable
           - element is visible, enabled and stable
           - scrolling into view if needed
           - done scrolling
           - <div class="flex items-center justify-between">…</div> from <header class="bg-white shadow-md border-b border-gray-200 sticky top-0 z-50">…</header> subtree intercepts pointer events
         - retrying click action
           - waiting 500ms
           - waiting for element to be visible, enabled and stable
           - element is visible, enabled and stable
           - scrolling into view if needed
           - done scrolling
           - <div class="flex items-center justify-between">…</div> from <header class="bg-white shadow-md border-b border-gray-200 sticky top-0 z-50">…</header> subtree intercepts pointer events
      2 × retrying click action
          - waiting 500ms
          - waiting for element to be visible, enabled and stable
          - element is visible, enabled and stable
          - scrolling into view if needed
          - done scrolling
          - <div class="absolute inset-0 bg-black bg-opacity-50 flex items-center justify-center">…</div> intercepts pointer events
      - retrying click action
        - waiting 500ms
        - waiting for element to be visible, enabled and stable
        - element is visible, enabled and stable
        - scrolling into view if needed
        - done scrolling
        - <div class="flex items-center justify-between">…</div> from <header class="bg-white shadow-md border-b border-gray-200 sticky top-0 z-50">…</header> subtree intercepts pointer events
      - retrying click action
        - waiting 500ms


      392 |       if (await favoriteButton.isVisible()) {
      393 |         // Click to favorite
    > 394 |         await favoriteButton.click()
          |                              ^
      395 |         await page.waitForTimeout(200)
      396 |         
      397 |         // Click to unfavorite
        at /Users/dsahanovici/CURSOR_AI_DEMO/qa-automation/tests/e2e/frontend/product-search.spec.ts:394:30

    attachment #1: screenshot (image/png) ──────────────────────────────────────────────────────────
    ../../../../test-results/product-search-Product-Sea-788f0--toggle-favorite-on-product-firefox/test-failed-1.png
    ────────────────────────────────────────────────────────────────────────────────────────────────

    attachment #2: video (video/webm) ──────────────────────────────────────────────────────────────
    ../../../../test-results/product-search-Product-Sea-788f0--toggle-favorite-on-product-firefox/video.webm
    ────────────────────────────────────────────────────────────────────────────────────────────────

    Error Context: ../../../../test-results/product-search-Product-Sea-788f0--toggle-favorite-on-product-firefox/error-context.md
]]>
</failure>
<system-out>
<![CDATA[
[[ATTACHMENT|product-search-Product-Sea-788f0--toggle-favorite-on-product-firefox/test-failed-1.png]]

[[ATTACHMENT|product-search-Product-Sea-788f0--toggle-favorite-on-product-firefox/video.webm]]

[[ATTACHMENT|product-search-Product-Sea-788f0--toggle-favorite-on-product-firefox/error-context.md]]
]]>
</system-out>
</testcase>
<testcase name="Product Search &amp; Filter Tests › Product Card Interactions › should show quick view on hover" classname="product-search.spec.ts" time="30.153">
<failure message="product-search.spec.ts:403:5 should show quick view on hover" type="FAILURE">
<![CDATA[  [firefox] › product-search.spec.ts:403:5 › Product Search & Filter Tests › Product Card Interactions › should show quick view on hover 

    Test timeout of 30000ms exceeded.

    Error: locator.click: Test timeout of 30000ms exceeded.
    Call log:
      - waiting for locator('[role="article"]').first().locator('button:has-text("Quick View")')
        - locator resolved to <button aria-label="Quick view Premium Coffee Maker" class="absolute bottom-3 left-1/2 -translate-x-1/2 px-4 py-2 bg-white text-gray-800 rounded-lg shadow-md font-medium transition-all duration-300 focus:outline-none focus:ring-2 focus:ring-blue-500 opacity-100 translate-y-0">Quick View</button>
      - attempting click action
        2 × waiting for element to be visible, enabled and stable
          - element is visible, enabled and stable
          - scrolling into view if needed
          - done scrolling
          - <div class="absolute inset-0 bg-black bg-opacity-50 flex items-center justify-center">…</div> intercepts pointer events
        - retrying click action
        - waiting 20ms
        - waiting for element to be visible, enabled and stable
        - element is visible, enabled and stable
        - scrolling into view if needed
        - done scrolling
        - <div class="absolute inset-0 bg-black bg-opacity-50 flex items-center justify-center">…</div> intercepts pointer events
      2 × retrying click action
          - waiting 100ms
          - waiting for element to be visible, enabled and stable
          - element is visible, enabled and stable
          - scrolling into view if needed
          - done scrolling
          - <h1 class="text-2xl font-bold text-gray-800">Product Showcase</h1> from <header class="bg-white shadow-md border-b border-gray-200 sticky top-0 z-50">…</header> subtree intercepts pointer events
      13 × retrying click action
           - waiting 500ms
           - waiting for element to be visible, enabled and stable
           - element is visible, enabled and stable
           - scrolling into view if needed
           - done scrolling
           - <div class="absolute inset-0 bg-black bg-opacity-50 flex items-center justify-center">…</div> intercepts pointer events
         - retrying click action
           - waiting 500ms
           - waiting for element to be visible, enabled and stable
           - element is visible, enabled and stable
           - scrolling into view if needed
           - done scrolling
           - <div class="absolute inset-0 bg-black bg-opacity-50 flex items-center justify-center">…</div> intercepts pointer events
         - retrying click action
           - waiting 500ms
           - waiting for element to be visible, enabled and stable
           - element is visible, enabled and stable
           - scrolling into view if needed
           - done scrolling
           - <h1 class="text-2xl font-bold text-gray-800">Product Showcase</h1> from <header class="bg-white shadow-md border-b border-gray-200 sticky top-0 z-50">…</header> subtree intercepts pointer events
         - retrying click action
           - waiting 500ms
           - waiting for element to be visible, enabled and stable
           - element is visible, enabled and stable
           - scrolling into view if needed
           - done scrolling
           - <h1 class="text-2xl font-bold text-gray-800">Product Showcase</h1> from <header class="bg-white shadow-md border-b border-gray-200 sticky top-0 z-50">…</header> subtree intercepts pointer events
      2 × retrying click action
          - waiting 500ms
          - waiting for element to be visible, enabled and stable
          - element is visible, enabled and stable
          - scrolling into view if needed
          - done scrolling
          - <div class="absolute inset-0 bg-black bg-opacity-50 flex items-center justify-center">…</div> intercepts pointer events
      - retrying click action
        - waiting 500ms


      414 |       // If quick view exists, click it
      415 |       if (await quickViewButton.isVisible()) {
    > 416 |         await quickViewButton.click()
          |                               ^
      417 |         await page.waitForTimeout(300)
      418 |       }
      419 |     })
        at /Users/dsahanovici/CURSOR_AI_DEMO/qa-automation/tests/e2e/frontend/product-search.spec.ts:416:31

    attachment #1: screenshot (image/png) ──────────────────────────────────────────────────────────
    ../../../../test-results/product-search-Product-Sea-a28aa-ld-show-quick-view-on-hover-firefox/test-failed-1.png
    ────────────────────────────────────────────────────────────────────────────────────────────────

    attachment #2: video (video/webm) ──────────────────────────────────────────────────────────────
    ../../../../test-results/product-search-Product-Sea-a28aa-ld-show-quick-view-on-hover-firefox/video.webm
    ────────────────────────────────────────────────────────────────────────────────────────────────

    Error Context: ../../../../test-results/product-search-Product-Sea-a28aa-ld-show-quick-view-on-hover-firefox/error-context.md
]]>
</failure>
<system-out>
<![CDATA[
[[ATTACHMENT|product-search-Product-Sea-a28aa-ld-show-quick-view-on-hover-firefox/test-failed-1.png]]

[[ATTACHMENT|product-search-Product-Sea-a28aa-ld-show-quick-view-on-hover-firefox/video.webm]]

[[ATTACHMENT|product-search-Product-Sea-a28aa-ld-show-quick-view-on-hover-firefox/error-context.md]]
]]>
</system-out>
</testcase>
<testcase name="Product Search &amp; Filter Tests › Product Information Display › should display product title and description" classname="product-search.spec.ts" time="1.868">
</testcase>
<testcase name="Product Search &amp; Filter Tests › Product Information Display › should display product price" classname="product-search.spec.ts" time="6.739">
<failure message="product-search.spec.ts:436:5 should display product price" type="FAILURE">
<![CDATA[  [firefox] › product-search.spec.ts:436:5 › Product Search & Filter Tests › Product Information Display › should display product price 

    Error: expect(locator).toBeVisible() failed

    Locator: locator('[role="article"]').first().locator('text=/\\$[0-9]+\\.?[0-9]*/').first()
    Expected: visible
    Timeout: 5000ms
    Error: element(s) not found

    Call log:
      - Expect "toBeVisible" with timeout 5000ms
      - waiting for locator('[role="article"]').first().locator('text=/\\$[0-9]+\\.?[0-9]*/').first()


      439 |       // Look for price pattern ($XX.XX)
      440 |       const price = firstProduct.locator('text=/\\$[0-9]+\\.?[0-9]*/')
    > 441 |       await expect(price.first()).toBeVisible()
          |                                   ^
      442 |     })
      443 |
      444 |     test('should display product rating', async ({ page }) => {
        at /Users/dsahanovici/CURSOR_AI_DEMO/qa-automation/tests/e2e/frontend/product-search.spec.ts:441:35

    attachment #1: screenshot (image/png) ──────────────────────────────────────────────────────────
    ../../../../test-results/product-search-Product-Sea-8b087-hould-display-product-price-firefox/test-failed-1.png
    ────────────────────────────────────────────────────────────────────────────────────────────────

    attachment #2: video (video/webm) ──────────────────────────────────────────────────────────────
    ../../../../test-results/product-search-Product-Sea-8b087-hould-display-product-price-firefox/video.webm
    ────────────────────────────────────────────────────────────────────────────────────────────────

    Error Context: ../../../../test-results/product-search-Product-Sea-8b087-hould-display-product-price-firefox/error-context.md
]]>
</failure>
<system-out>
<![CDATA[
[[ATTACHMENT|product-search-Product-Sea-8b087-hould-display-product-price-firefox/test-failed-1.png]]

[[ATTACHMENT|product-search-Product-Sea-8b087-hould-display-product-price-firefox/video.webm]]

[[ATTACHMENT|product-search-Product-Sea-8b087-hould-display-product-price-firefox/error-context.md]]
]]>
</system-out>
</testcase>
<testcase name="Product Search &amp; Filter Tests › Product Information Display › should display product rating" classname="product-search.spec.ts" time="1.347">
</testcase>
<testcase name="Product Search &amp; Filter Tests › Product Information Display › should display sale badge on sale items" classname="product-search.spec.ts" time="1.568">
</testcase>
<testcase name="Product Search &amp; Filter Tests › Product Information Display › should display product images" classname="product-search.spec.ts" time="1.313">
</testcase>
<testcase name="Product Search &amp; Filter Tests › Responsive Behavior › should display products in grid on desktop" classname="product-search.spec.ts" time="1.772">
</testcase>
<testcase name="Product Search &amp; Filter Tests › Responsive Behavior › should display products in grid on tablet" classname="product-search.spec.ts" time="3.226">
</testcase>
<testcase name="Product Search &amp; Filter Tests › Responsive Behavior › should display products in single column on mobile" classname="product-search.spec.ts" time="2.701">
</testcase>
<testcase name="Product Search &amp; Filter Tests › Responsive Behavior › should show filter buttons on mobile" classname="product-search.spec.ts" time="3.722">
</testcase>
<testcase name="Product Search &amp; Filter Tests › Performance and Loading › should load products quickly" classname="product-search.spec.ts" time="2.432">
</testcase>
<testcase name="Product Search &amp; Filter Tests › Performance and Loading › should filter products without page reload" classname="product-search.spec.ts" time="1.615">
</testcase>
<testcase name="Product Search &amp; Filter Tests › Performance and Loading › should sort products without page reload" classname="product-search.spec.ts" time="1.576">
</testcase>
<testcase name="Product Search &amp; Filter Tests › Error Handling › should handle missing product images gracefully" classname="product-search.spec.ts" time="1.508">
</testcase>
<testcase name="Product Search &amp; Filter Tests › Error Handling › should handle rapid filter changes" classname="product-search.spec.ts" time="2.726">
</testcase>
<testcase name="Product Search &amp; Filter Tests › Error Handling › should handle rapid sort changes" classname="product-search.spec.ts" time="2.268">
</testcase>
<testcase name="Product Search &amp; Filter Tests › Error Handling › should handle simultaneous filter and sort changes" classname="product-search.spec.ts" time="1.685">
</testcase>
<testcase name="Product Search &amp; Filter Tests › Accessibility › should have accessible filter buttons" classname="product-search.spec.ts" time="3.217">
</testcase>
<testcase name="Product Search &amp; Filter Tests › Accessibility › should have accessible sort dropdown" classname="product-search.spec.ts" time="2.517">
</testcase>
<testcase name="Product Search &amp; Filter Tests › Accessibility › should have accessible product cards" classname="product-search.spec.ts" time="2.455">
</testcase>
<testcase name="Product Search &amp; Filter Tests › Accessibility › should announce filter changes to screen readers" classname="product-search.spec.ts" time="2.903">
</testcase>
<testcase name="Product Search &amp; Filter Tests › Product Count and Display › should show correct product count" classname="product-search.spec.ts" time="1.202">
</testcase>
<testcase name="Product Search &amp; Filter Tests › Product Count and Display › should update count when filtering" classname="product-search.spec.ts" time="1.571">
</testcase>
</testsuite>
<testsuite name="registration.spec.ts" timestamp="2026-01-23T13:20:25.002Z" hostname="firefox" tests="64" failures="1" skipped="0" time="120.012" errors="0">
<testcase name="Multi-Step Registration Form Tests › Initial State and Page Load › should display registration form with Step 1" classname="registration.spec.ts" time="0.781">
</testcase>
<testcase name="Multi-Step Registration Form Tests › Initial State and Page Load › should display progress bar" classname="registration.spec.ts" time="1.701">
</testcase>
<testcase name="Multi-Step Registration Form Tests › Initial State and Page Load › should display all step indicators" classname="registration.spec.ts" time="1.054">
</testcase>
<testcase name="Multi-Step Registration Form Tests › Initial State and Page Load › should highlight current step" classname="registration.spec.ts" time="1.054">
</testcase>
<testcase name="Multi-Step Registration Form Tests › Step 1: Personal Information - Field Validation › should show error for empty first name" classname="registration.spec.ts" time="1.933">
</testcase>
<testcase name="Multi-Step Registration Form Tests › Step 1: Personal Information - Field Validation › should show error for short first name" classname="registration.spec.ts" time="2.107">
</testcase>
<testcase name="Multi-Step Registration Form Tests › Step 1: Personal Information - Field Validation › should show error for empty last name" classname="registration.spec.ts" time="0.852">
</testcase>
<testcase name="Multi-Step Registration Form Tests › Step 1: Personal Information - Field Validation › should show error for missing date of birth" classname="registration.spec.ts" time="1.236">
</testcase>
<testcase name="Multi-Step Registration Form Tests › Step 1: Personal Information - Field Validation › should show error for underage user" classname="registration.spec.ts" time="1.676">
</testcase>
<testcase name="Multi-Step Registration Form Tests › Step 1: Personal Information - Field Validation › should clear error when field is corrected" classname="registration.spec.ts" time="1.172">
</testcase>
<testcase name="Multi-Step Registration Form Tests › Step 1: Personal Information - Field Validation › should not proceed to Step 2 with invalid data" classname="registration.spec.ts" time="0.891">
</testcase>
<testcase name="Multi-Step Registration Form Tests › Step 1: Personal Information - Field Validation › should proceed to Step 2 with valid data" classname="registration.spec.ts" time="1.41">
</testcase>
<testcase name="Multi-Step Registration Form Tests › Step 2: Account Details - Field Validation › should display Step 2 fields" classname="registration.spec.ts" time="2.235">
</testcase>
<testcase name="Multi-Step Registration Form Tests › Step 2: Account Details - Field Validation › should show error for invalid email format" classname="registration.spec.ts" time="1.443">
</testcase>
<testcase name="Multi-Step Registration Form Tests › Step 2: Account Details - Field Validation › should show error for short username" classname="registration.spec.ts" time="1.387">
</testcase>
<testcase name="Multi-Step Registration Form Tests › Step 2: Account Details - Field Validation › should show error for invalid username characters" classname="registration.spec.ts" time="1.463">
</testcase>
<testcase name="Multi-Step Registration Form Tests › Step 2: Account Details - Field Validation › should show error for weak password" classname="registration.spec.ts" time="1.348">
</testcase>
<testcase name="Multi-Step Registration Form Tests › Step 2: Account Details - Field Validation › should show error for password without requirements" classname="registration.spec.ts" time="1.438">
</testcase>
<testcase name="Multi-Step Registration Form Tests › Step 2: Account Details - Field Validation › should show error when passwords do not match" classname="registration.spec.ts" time="1.332">
</testcase>
<testcase name="Multi-Step Registration Form Tests › Step 2: Account Details - Field Validation › should display password requirements help text" classname="registration.spec.ts" time="1.226">
</testcase>
<testcase name="Multi-Step Registration Form Tests › Step 2: Account Details - Field Validation › should display username requirements help text" classname="registration.spec.ts" time="1.265">
</testcase>
<testcase name="Multi-Step Registration Form Tests › Step 2: Account Details - Field Validation › should proceed to Step 3 with valid account details" classname="registration.spec.ts" time="1.614">
</testcase>
<testcase name="Multi-Step Registration Form Tests › Step 3: Preferences - Optional Fields › should display Step 3 fields" classname="registration.spec.ts" time="1.532">
</testcase>
<testcase name="Multi-Step Registration Form Tests › Step 3: Preferences - Optional Fields › should show optional preferences label" classname="registration.spec.ts" time="1.56">
</testcase>
<testcase name="Multi-Step Registration Form Tests › Step 3: Preferences - Optional Fields › should toggle newsletter checkbox" classname="registration.spec.ts" time="1.66">
</testcase>
<testcase name="Multi-Step Registration Form Tests › Step 3: Preferences - Optional Fields › should have notifications enabled by default" classname="registration.spec.ts" time="1.53">
</testcase>
<testcase name="Multi-Step Registration Form Tests › Step 3: Preferences - Optional Fields › should change theme preference" classname="registration.spec.ts" time="1.596">
</testcase>
<testcase name="Multi-Step Registration Form Tests › Step 3: Preferences - Optional Fields › should change language preference" classname="registration.spec.ts" time="1.537">
</testcase>
<testcase name="Multi-Step Registration Form Tests › Step 3: Preferences - Optional Fields › should proceed to Step 4 without filling preferences" classname="registration.spec.ts" time="1.947">
</testcase>
<testcase name="Multi-Step Registration Form Tests › Step 4: Review &amp; Terms › should display registration summary" classname="registration.spec.ts" time="2.087">
</testcase>
<testcase name="Multi-Step Registration Form Tests › Step 4: Review &amp; Terms › should display terms and conditions checkbox" classname="registration.spec.ts" time="2.101">
</testcase>
<testcase name="Multi-Step Registration Form Tests › Step 4: Review &amp; Terms › should display privacy policy checkbox" classname="registration.spec.ts" time="2.201">
</testcase>
<testcase name="Multi-Step Registration Form Tests › Step 4: Review &amp; Terms › should show error when submitting without accepting terms" classname="registration.spec.ts" time="2.152">
</testcase>
<testcase name="Multi-Step Registration Form Tests › Step 4: Review &amp; Terms › should show error when submitting without accepting privacy" classname="registration.spec.ts" time="2.272">
</testcase>
<testcase name="Multi-Step Registration Form Tests › Step 4: Review &amp; Terms › should show both errors when neither is accepted" classname="registration.spec.ts" time="2.259">
</testcase>
<testcase name="Multi-Step Registration Form Tests › Step 4: Review &amp; Terms › should submit form when both checkboxes are checked" classname="registration.spec.ts" time="5.305">
</testcase>
<testcase name="Multi-Step Registration Form Tests › Navigation Between Steps › should navigate forward through all steps" classname="registration.spec.ts" time="2.235">
</testcase>
<testcase name="Multi-Step Registration Form Tests › Navigation Between Steps › should navigate backward using Back button" classname="registration.spec.ts" time="1.998">
</testcase>
<testcase name="Multi-Step Registration Form Tests › Navigation Between Steps › should not show Back button on Step 1" classname="registration.spec.ts" time="0.914">
</testcase>
<testcase name="Multi-Step Registration Form Tests › Navigation Between Steps › should show Back button on Step 2 and beyond" classname="registration.spec.ts" time="1.254">
</testcase>
<testcase name="Multi-Step Registration Form Tests › Navigation Between Steps › should preserve form data when navigating back and forward" classname="registration.spec.ts" time="1.749">
</testcase>
<testcase name="Multi-Step Registration Form Tests › Navigation Between Steps › should update progress bar when navigating" classname="registration.spec.ts" time="1.425">
</testcase>
<testcase name="Multi-Step Registration Form Tests › Navigation Between Steps › should allow clicking on completed steps" classname="registration.spec.ts" time="1.569">
</testcase>
<testcase name="Multi-Step Registration Form Tests › Navigation Between Steps › should not allow clicking on future steps" classname="registration.spec.ts" time="0.806">
</testcase>
<testcase name="Multi-Step Registration Form Tests › Form Submission and Success State › should show loading state during submission" classname="registration.spec.ts" time="2.269">
</testcase>
<testcase name="Multi-Step Registration Form Tests › Form Submission and Success State › should display success message after submission" classname="registration.spec.ts" time="4.808">
</testcase>
<testcase name="Multi-Step Registration Form Tests › Form Submission and Success State › should display user information in success message" classname="registration.spec.ts" time="4.674">
</testcase>
<testcase name="Multi-Step Registration Form Tests › Form Submission and Success State › should display next steps information" classname="registration.spec.ts" time="4.924">
</testcase>
<testcase name="Multi-Step Registration Form Tests › Form Submission and Success State › should display dashboard button" classname="registration.spec.ts" time="4.855">
</testcase>
<testcase name="Multi-Step Registration Form Tests › Form Submission and Success State › should display success icon" classname="registration.spec.ts" time="5.148">
</testcase>
<testcase name="Multi-Step Registration Form Tests › Error Messages and Accessibility › should have proper ARIA labels on required fields" classname="registration.spec.ts" time="1.082">
</testcase>
<testcase name="Multi-Step Registration Form Tests › Error Messages and Accessibility › should have proper form labels" classname="registration.spec.ts" time="0.998">
</testcase>
<testcase name="Multi-Step Registration Form Tests › Error Messages and Accessibility › should mark required fields with asterisk" classname="registration.spec.ts" time="0.839">
</testcase>
<testcase name="Multi-Step Registration Form Tests › Error Messages and Accessibility › should set aria-invalid on fields with errors" classname="registration.spec.ts" time="0.966">
</testcase>
<testcase name="Multi-Step Registration Form Tests › Error Messages and Accessibility › should associate error messages with fields using aria-describedby" classname="registration.spec.ts" time="1.217">
</testcase>
<testcase name="Multi-Step Registration Form Tests › Error Messages and Accessibility › should announce errors with role=&quot;alert&quot;" classname="registration.spec.ts" time="1.143">
</testcase>
<testcase name="Multi-Step Registration Form Tests › Error Messages and Accessibility › should have accessible step navigation" classname="registration.spec.ts" time="1.091">
</testcase>
<testcase name="Multi-Step Registration Form Tests › Error Messages and Accessibility › should have aria-current on active step" classname="registration.spec.ts" time="1.179">
</testcase>
<testcase name="Multi-Step Registration Form Tests › Error Messages and Accessibility › should have meaningful button labels" classname="registration.spec.ts" time="1.142">
</testcase>
<testcase name="Multi-Step Registration Form Tests › Error Messages and Accessibility › should announce success state to screen readers" classname="registration.spec.ts" time="5.134">
</testcase>
<testcase name="Multi-Step Registration Form Tests › Accessibility Compliance › Step 1 should not have accessibility violations" classname="registration.spec.ts" time="1.375">
</testcase>
<testcase name="Multi-Step Registration Form Tests › Accessibility Compliance › Step 2 should not have accessibility violations" classname="registration.spec.ts" time="2.201">
</testcase>
<testcase name="Multi-Step Registration Form Tests › Accessibility Compliance › should be keyboard navigable" classname="registration.spec.ts" time="1.033">
<failure message="registration.spec.ts:753:5 should be keyboard navigable" type="FAILURE">
<![CDATA[  [firefox] › registration.spec.ts:753:5 › Multi-Step Registration Form Tests › Accessibility Compliance › should be keyboard navigable 

    Error: expect(received).toBeTruthy()

    Received: false

      763 |       const lastNameFocused = await lastName.evaluate(el => el === document.activeElement)
      764 |       
    > 765 |       expect(firstNameFocused || lastNameFocused).toBeTruthy()
          |                                                   ^
      766 |     })
      767 |
      768 |     test('should support keyboard form submission', async ({ page }) => {
        at /Users/dsahanovici/CURSOR_AI_DEMO/qa-automation/tests/e2e/frontend/registration.spec.ts:765:51

    attachment #1: screenshot (image/png) ──────────────────────────────────────────────────────────
    ../../../../test-results/registration-Multi-Step-Re-0963e-hould-be-keyboard-navigable-firefox/test-failed-1.png
    ────────────────────────────────────────────────────────────────────────────────────────────────

    attachment #2: video (video/webm) ──────────────────────────────────────────────────────────────
    ../../../../test-results/registration-Multi-Step-Re-0963e-hould-be-keyboard-navigable-firefox/video.webm
    ────────────────────────────────────────────────────────────────────────────────────────────────

    Error Context: ../../../../test-results/registration-Multi-Step-Re-0963e-hould-be-keyboard-navigable-firefox/error-context.md
]]>
</failure>
<system-out>
<![CDATA[
[[ATTACHMENT|registration-Multi-Step-Re-0963e-hould-be-keyboard-navigable-firefox/test-failed-1.png]]

[[ATTACHMENT|registration-Multi-Step-Re-0963e-hould-be-keyboard-navigable-firefox/video.webm]]

[[ATTACHMENT|registration-Multi-Step-Re-0963e-hould-be-keyboard-navigable-firefox/error-context.md]]
]]>
</system-out>
</testcase>
<testcase name="Multi-Step Registration Form Tests › Accessibility Compliance › should support keyboard form submission" classname="registration.spec.ts" time="1.627">
</testcase>
</testsuite>
<testsuite name="responsive.spec.ts" timestamp="2026-01-23T13:20:25.002Z" hostname="firefox" tests="32" failures="0" skipped="0" time="35.716" errors="0">
<testcase name="Responsive Design Tests - Mobile › should show mobile hamburger menu" classname="responsive.spec.ts" time="0.454">
</testcase>
<testcase name="Responsive Design Tests - Mobile › should open sidebar on hamburger click" classname="responsive.spec.ts" time="1.147">
</testcase>
<testcase name="Responsive Design Tests - Mobile › should close sidebar on backdrop click" classname="responsive.spec.ts" time="1.447">
</testcase>
<testcase name="Responsive Design Tests - Mobile › should display mobile-friendly statistics" classname="responsive.spec.ts" time="0.367">
</testcase>
<testcase name="Responsive Design Tests - Mobile › should show tasks in single column on mobile" classname="responsive.spec.ts" time="0.917">
</testcase>
<testcase name="Responsive Design Tests - Mobile › should hide user email on small screens" classname="responsive.spec.ts" time="0.62">
</testcase>
<testcase name="Responsive Design Tests - Mobile › should show mobile navigation" classname="responsive.spec.ts" time="0.58">
</testcase>
<testcase name="Responsive Design Tests - Tablet › should display sidebar on tablet" classname="responsive.spec.ts" time="1.349">
</testcase>
<testcase name="Responsive Design Tests - Tablet › should show 2-column task grid" classname="responsive.spec.ts" time="0.721">
</testcase>
<testcase name="Responsive Design Tests - Tablet › should display statistics in 2 columns" classname="responsive.spec.ts" time="0.613">
</testcase>
<testcase name="Responsive Design Tests - Desktop › should show persistent sidebar" classname="responsive.spec.ts" time="0.777">
</testcase>
<testcase name="Responsive Design Tests - Desktop › should not show hamburger menu" classname="responsive.spec.ts" time="0.76">
</testcase>
<testcase name="Responsive Design Tests - Desktop › should display 4-column statistics" classname="responsive.spec.ts" time="0.904">
</testcase>
<testcase name="Responsive Design Tests - Desktop › should show full task details" classname="responsive.spec.ts" time="0.771">
</testcase>
<testcase name="Responsive Design Tests - Desktop › should display search bar in header" classname="responsive.spec.ts" time="0.683">
</testcase>
<testcase name="Responsive Design - Analytics Dashboard › should be responsive on mobile" classname="responsive.spec.ts" time="0.614">
</testcase>
<testcase name="Responsive Design - Analytics Dashboard › should show charts on tablet" classname="responsive.spec.ts" time="0.56">
</testcase>
<testcase name="Responsive Design - Analytics Dashboard › should display full layout on desktop" classname="responsive.spec.ts" time="0.717">
</testcase>
<testcase name="Responsive Design - Navigation › should show compact navigation on mobile" classname="responsive.spec.ts" time="0.468">
</testcase>
<testcase name="Responsive Design - Navigation › should show full navigation on desktop" classname="responsive.spec.ts" time="0.533">
</testcase>
<testcase name="Responsive Design - Orientation Changes › should handle portrait to landscape on mobile" classname="responsive.spec.ts" time="1.812">
</testcase>
<testcase name="Responsive Design - Orientation Changes › should handle landscape to portrait on mobile" classname="responsive.spec.ts" time="1.772">
</testcase>
<testcase name="Responsive Design - Orientation Changes › should handle tablet portrait to landscape" classname="responsive.spec.ts" time="1.86">
</testcase>
<testcase name="Responsive Design - Orientation Changes › should handle tablet landscape to portrait" classname="responsive.spec.ts" time="1.85">
</testcase>
<testcase name="Responsive Design - Orientation Changes › should adjust grid layout on orientation change" classname="responsive.spec.ts" time="1.719">
</testcase>
<testcase name="Responsive Design - Orientation Changes › should maintain sidebar state on orientation change" classname="responsive.spec.ts" time="2.065">
</testcase>
<testcase name="Responsive Design - Orientation Changes › should reflow statistics on orientation change" classname="responsive.spec.ts" time="1.704">
</testcase>
<testcase name="Responsive Design - Orientation Changes › should handle rapid orientation changes" classname="responsive.spec.ts" time="1.672">
</testcase>
<testcase name="Responsive Design - Orientation Changes › should adjust analytics dashboard on orientation change" classname="responsive.spec.ts" time="1.323">
</testcase>
<testcase name="Responsive Design - Orientation Changes › should maintain scroll position on orientation change" classname="responsive.spec.ts" time="1.875">
</testcase>
<testcase name="Responsive Design - Orientation Changes › should handle orientation change with open modals" classname="responsive.spec.ts" time="1.851">
</testcase>
<testcase name="Responsive Design - Orientation Changes › should handle orientation change during loading" classname="responsive.spec.ts" time="1.211">
</testcase>
</testsuite>
<testsuite name="task-management.spec.ts" timestamp="2026-01-23T13:20:25.002Z" hostname="firefox" tests="51" failures="0" skipped="0" time="79.723" errors="0">
<testcase name="Task Management Tests › should display dashboard with tasks" classname="task-management.spec.ts" time="1.064">
</testcase>
<testcase name="Task Management Tests › should display task cards" classname="task-management.spec.ts" time="1.482">
</testcase>
<testcase name="Task Management Tests › should show task details" classname="task-management.spec.ts" time="1.36">
</testcase>
<testcase name="Task Management Tests › should filter tasks by status" classname="task-management.spec.ts" time="1.141">
</testcase>
<testcase name="Task Management Tests › should show task progress bars" classname="task-management.spec.ts" time="1.103">
</testcase>
<testcase name="Task Management Tests › should display task assignees" classname="task-management.spec.ts" time="1.118">
</testcase>
<testcase name="Task Management Tests › should show overdue tasks with warning" classname="task-management.spec.ts" time="1.282">
</testcase>
<testcase name="Task Management Tests › should display quick stats sidebar" classname="task-management.spec.ts" time="1.286">
</testcase>
<testcase name="Task Management Tests › should show completed tasks section" classname="task-management.spec.ts" time="1.612">
</testcase>
<testcase name="Task Management Tests › should display task tags" classname="task-management.spec.ts" time="1.691">
</testcase>
<testcase name="Task Creation › should show create task button" classname="task-management.spec.ts" time="1.266">
</testcase>
<testcase name="Task Creation › should be able to click create task button" classname="task-management.spec.ts" time="1.251">
</testcase>
<testcase name="Task Creation › should show new task button in sidebar" classname="task-management.spec.ts" time="1.044">
</testcase>
<testcase name="Task Creation › should be able to click sidebar new task button" classname="task-management.spec.ts" time="1.06">
</testcase>
<testcase name="Task Edit Operations › should open edit task dialog" classname="task-management.spec.ts" time="1.084">
</testcase>
<testcase name="Task Edit Operations › should edit task title" classname="task-management.spec.ts" time="1.083">
</testcase>
<testcase name="Task Edit Operations › should edit task description" classname="task-management.spec.ts" time="1.055">
</testcase>
<testcase name="Task Edit Operations › should edit task priority" classname="task-management.spec.ts" time="1.094">
</testcase>
<testcase name="Task Edit Operations › should edit task due date" classname="task-management.spec.ts" time="2.767">
</testcase>
<testcase name="Task Edit Operations › should edit task assignee" classname="task-management.spec.ts" time="2.609">
</testcase>
<testcase name="Task Edit Operations › should cancel task edit" classname="task-management.spec.ts" time="2.134">
</testcase>
<testcase name="Task Edit Operations › should validate required fields when editing" classname="task-management.spec.ts" time="2.096">
</testcase>
<testcase name="Task Completion Operations › should mark task as complete" classname="task-management.spec.ts" time="2.12">
</testcase>
<testcase name="Task Completion Operations › should show completion animation" classname="task-management.spec.ts" time="1.366">
</testcase>
<testcase name="Task Completion Operations › should unmark task as complete" classname="task-management.spec.ts" time="1.217">
</testcase>
<testcase name="Task Completion Operations › should update completion statistics" classname="task-management.spec.ts" time="2.501">
</testcase>
<testcase name="Task Completion Operations › should show completed date" classname="task-management.spec.ts" time="1.997">
</testcase>
<testcase name="Task Completion Operations › should update progress bars on completion" classname="task-management.spec.ts" time="2.634">
</testcase>
<testcase name="Task Deletion Operations › should show delete button on task" classname="task-management.spec.ts" time="2.713">
</testcase>
<testcase name="Task Deletion Operations › should show delete confirmation dialog" classname="task-management.spec.ts" time="1.382">
</testcase>
<testcase name="Task Deletion Operations › should delete task on confirmation" classname="task-management.spec.ts" time="1.355">
</testcase>
<testcase name="Task Deletion Operations › should cancel task deletion" classname="task-management.spec.ts" time="1.197">
</testcase>
<testcase name="Task Deletion Operations › should show delete animation" classname="task-management.spec.ts" time="1.141">
</testcase>
<testcase name="Task Deletion Operations › should update statistics after deletion" classname="task-management.spec.ts" time="1.097">
</testcase>
<testcase name="Task Deletion Operations › should support bulk delete" classname="task-management.spec.ts" time="3.548">
</testcase>
<testcase name="Task Search and Filter Operations › should show search bar" classname="task-management.spec.ts" time="1.556">
</testcase>
<testcase name="Task Search and Filter Operations › should search tasks by title" classname="task-management.spec.ts" time="1.946">
</testcase>
<testcase name="Task Search and Filter Operations › should search tasks by description" classname="task-management.spec.ts" time="1.134">
</testcase>
<testcase name="Task Search and Filter Operations › should show &quot;no results&quot; message" classname="task-management.spec.ts" time="1.389">
</testcase>
<testcase name="Task Search and Filter Operations › should clear search" classname="task-management.spec.ts" time="1.839">
</testcase>
<testcase name="Task Search and Filter Operations › should filter by priority" classname="task-management.spec.ts" time="1.205">
</testcase>
<testcase name="Task Search and Filter Operations › should filter by assignee" classname="task-management.spec.ts" time="1.053">
</testcase>
<testcase name="Task Search and Filter Operations › should filter by due date" classname="task-management.spec.ts" time="1.08">
</testcase>
<testcase name="Task Search and Filter Operations › should combine multiple filters" classname="task-management.spec.ts" time="1.214">
</testcase>
<testcase name="Task Search and Filter Operations › should show filter count" classname="task-management.spec.ts" time="1.13">
</testcase>
<testcase name="Task Search and Filter Operations › should persist filters" classname="task-management.spec.ts" time="2.419">
</testcase>
<testcase name="Task Interactions › should show task menu on hover" classname="task-management.spec.ts" time="2.729">
</testcase>
<testcase name="Task Interactions › should display task statistics" classname="task-management.spec.ts" time="1.571">
</testcase>
<testcase name="Task Interactions › should show productivity metrics" classname="task-management.spec.ts" time="1.363">
</testcase>
<testcase name="Error Handling - Tasks › should handle empty task list gracefully" classname="task-management.spec.ts" time="1.107">
</testcase>
<testcase name="Error Handling - Tasks › should handle missing task data" classname="task-management.spec.ts" time="1.038">
</testcase>
</testsuite>
<testsuite name="accessibility.spec.ts" timestamp="2026-01-23T13:20:25.002Z" hostname="webkit" tests="13" failures="1" skipped="0" time="32.338" errors="0">
<testcase name="Accessibility Tests › Dashboard should not have accessibility violations" classname="accessibility.spec.ts" time="6.392">
</testcase>
<testcase name="Accessibility Tests › should have proper heading hierarchy" classname="accessibility.spec.ts" time="3.606">
</testcase>
<testcase name="Accessibility Tests › should have proper ARIA labels" classname="accessibility.spec.ts" time="4.59">
</testcase>
<testcase name="Accessibility Tests › should have proper role attributes" classname="accessibility.spec.ts" time="2.071">
</testcase>
<testcase name="Accessibility Tests › should be keyboard navigable" classname="accessibility.spec.ts" time="2.025">
</testcase>
<testcase name="Accessibility Tests › should support screen readers with alt text" classname="accessibility.spec.ts" time="5.032">
</testcase>
<testcase name="Accessibility Tests › should have proper form labels" classname="accessibility.spec.ts" time="0.849">
</testcase>
<testcase name="Accessibility Tests › should have proper button labels" classname="accessibility.spec.ts" time="1.978">
</testcase>
<testcase name="Accessibility Tests › should have proper color contrast" classname="accessibility.spec.ts" time="2.108">
</testcase>
<testcase name="Accessibility Tests › should support dark mode" classname="accessibility.spec.ts" time="1.081">
</testcase>
<testcase name="Accessibility Tests › Analytics Dashboard should not have accessibility violations" classname="accessibility.spec.ts" time="1.618">
<failure message="accessibility.spec.ts:179:3 Analytics Dashboard should not have accessibility violations" type="FAILURE">
<![CDATA[  [webkit] › accessibility.spec.ts:179:3 › Accessibility Tests › Analytics Dashboard should not have accessibility violations 

    Error: expect(received).toEqual(expected) // deep equality

    - Expected  -   1
    + Received  + 378

    - Array []
    + Array [
    +   Object {
    +     "description": "Ensure every form element has a label",
    +     "help": "Form elements must have labels",
    +     "helpUrl": "https://dequeuniversity.com/rules/axe/4.11/label?application=playwright",
    +     "id": "label",
    +     "impact": "critical",
    +     "nodes": Array [
    +       Object {
    +         "all": Array [],
    +         "any": Array [
    +           Object {
    +             "data": null,
    +             "id": "implicit-label",
    +             "impact": "critical",
    +             "message": "Element does not have an implicit (wrapped) <label>",
    +             "relatedNodes": Array [],
    +           },
    +           Object {
    +             "data": null,
    +             "id": "explicit-label",
    +             "impact": "critical",
    +             "message": "Element does not have an explicit <label>",
    +             "relatedNodes": Array [],
    +           },
    +           Object {
    +             "data": null,
    +             "id": "aria-label",
    +             "impact": "critical",
    +             "message": "aria-label attribute does not exist or is empty",
    +             "relatedNodes": Array [],
    +           },
    +           Object {
    +             "data": null,
    +             "id": "aria-labelledby",
    +             "impact": "critical",
    +             "message": "aria-labelledby attribute does not exist, references elements that do not exist or references elements that are empty",
    +             "relatedNodes": Array [],
    +           },
    +           Object {
    +             "data": Object {
    +               "messageKey": "noAttr",
    +             },
    +             "id": "non-empty-title",
    +             "impact": "critical",
    +             "message": "Element has no title attribute",
    +             "relatedNodes": Array [],
    +           },
    +           Object {
    +             "data": Object {
    +               "messageKey": "noAttr",
    +             },
    +             "id": "non-empty-placeholder",
    +             "impact": "critical",
    +             "message": "Element has no placeholder attribute",
    +             "relatedNodes": Array [],
    +           },
    +           Object {
    +             "data": null,
    +             "id": "presentational-role",
    +             "impact": "critical",
    +             "message": "Element's default semantics were not overridden with role=\"none\" or role=\"presentation\"",
    +             "relatedNodes": Array [],
    +           },
    +         ],
    +         "failureSummary": "Fix any of the following:
    +   Element does not have an implicit (wrapped) <label>
    +   Element does not have an explicit <label>
    +   aria-label attribute does not exist or is empty
    +   aria-labelledby attribute does not exist, references elements that do not exist or references elements that are empty
    +   Element has no title attribute
    +   Element has no placeholder attribute
    +   Element's default semantics were not overridden with role=\"none\" or role=\"presentation\"",
    +         "html": "<input type=\"date\" class=\"w-full px-3 py-2 text-sm border border-gray-300 dark:border-gray-600 bg-white dark:bg-gray-700 text-gray-900 dark:text-white rounded-lg focus:ring-2 focus:ring-blue-500 focus:border-transparent\" value=\"2025-12-23\">",
    +         "impact": "critical",
    +         "none": Array [],
    +         "target": Array [
    +           "input[value=\"2025-12-23\"]",
    +         ],
    +       },
    +       Object {
    +         "all": Array [],
    +         "any": Array [
    +           Object {
    +             "data": null,
    +             "id": "implicit-label",
    +             "impact": "critical",
    +             "message": "Element does not have an implicit (wrapped) <label>",
    +             "relatedNodes": Array [],
    +           },
    +           Object {
    +             "data": null,
    +             "id": "explicit-label",
    +             "impact": "critical",
    +             "message": "Element does not have an explicit <label>",
    +             "relatedNodes": Array [],
    +           },
    +           Object {
    +             "data": null,
    +             "id": "aria-label",
    +             "impact": "critical",
    +             "message": "aria-label attribute does not exist or is empty",
    +             "relatedNodes": Array [],
    +           },
    +           Object {
    +             "data": null,
    +             "id": "aria-labelledby",
    +             "impact": "critical",
    +             "message": "aria-labelledby attribute does not exist, references elements that do not exist or references elements that are empty",
    +             "relatedNodes": Array [],
    +           },
    +           Object {
    +             "data": Object {
    +               "messageKey": "noAttr",
    +             },
    +             "id": "non-empty-title",
    +             "impact": "critical",
    +             "message": "Element has no title attribute",
    +             "relatedNodes": Array [],
    +           },
    +           Object {
    +             "data": Object {
    +               "messageKey": "noAttr",
    +             },
    +             "id": "non-empty-placeholder",
    +             "impact": "critical",
    +             "message": "Element has no placeholder attribute",
    +             "relatedNodes": Array [],
    +           },
    +           Object {
    +             "data": null,
    +             "id": "presentational-role",
    +             "impact": "critical",
    +             "message": "Element's default semantics were not overridden with role=\"none\" or role=\"presentation\"",
    +             "relatedNodes": Array [],
    +           },
    +         ],
    +         "failureSummary": "Fix any of the following:
    +   Element does not have an implicit (wrapped) <label>
    +   Element does not have an explicit <label>
    +   aria-label attribute does not exist or is empty
    +   aria-labelledby attribute does not exist, references elements that do not exist or references elements that are empty
    +   Element has no title attribute
    +   Element has no placeholder attribute
    +   Element's default semantics were not overridden with role=\"none\" or role=\"presentation\"",
    +         "html": "<input type=\"date\" class=\"w-full px-3 py-2 text-sm border border-gray-300 dark:border-gray-600 bg-white dark:bg-gray-700 text-gray-900 dark:text-white rounded-lg focus:ring-2 focus:ring-blue-500 focus:border-transparent\" value=\"2026-01-23\">",
    +         "impact": "critical",
    +         "none": Array [],
    +         "target": Array [
    +           "input[value=\"2026-01-23\"]",
    +         ],
    +       },
    +     ],
    +     "tags": Array [
    +       "cat.forms",
    +       "wcag2a",
    +       "wcag412",
    +       "section508",
    +       "section508.22.n",
    +       "TTv5",
    +       "TT5.c",
    +       "EN-301-549",
    +       "EN-9.4.1.2",
    +       "ACT",
    +       "RGAAv4",
    +       "RGAA-11.1.1",
    +     ],
    +   },
    +   Object {
    +     "description": "Ensure select element has an accessible name",
    +     "help": "Select element must have an accessible name",
    +     "helpUrl": "https://dequeuniversity.com/rules/axe/4.11/select-name?application=playwright",
    +     "id": "select-name",
    +     "impact": "critical",
    +     "nodes": Array [
    +       Object {
    +         "all": Array [],
    +         "any": Array [
    +           Object {
    +             "data": null,
    +             "id": "implicit-label",
    +             "impact": "critical",
    +             "message": "Element does not have an implicit (wrapped) <label>",
    +             "relatedNodes": Array [],
    +           },
    +           Object {
    +             "data": null,
    +             "id": "explicit-label",
    +             "impact": "critical",
    +             "message": "Element does not have an explicit <label>",
    +             "relatedNodes": Array [],
    +           },
    +           Object {
    +             "data": null,
    +             "id": "aria-label",
    +             "impact": "critical",
    +             "message": "aria-label attribute does not exist or is empty",
    +             "relatedNodes": Array [],
    +           },
    +           Object {
    +             "data": null,
    +             "id": "aria-labelledby",
    +             "impact": "critical",
    +             "message": "aria-labelledby attribute does not exist, references elements that do not exist or references elements that are empty",
    +             "relatedNodes": Array [],
    +           },
    +           Object {
    +             "data": Object {
    +               "messageKey": "noAttr",
    +             },
    +             "id": "non-empty-title",
    +             "impact": "critical",
    +             "message": "Element has no title attribute",
    +             "relatedNodes": Array [],
    +           },
    +           Object {
    +             "data": null,
    +             "id": "presentational-role",
    +             "impact": "critical",
    +             "message": "Element's default semantics were not overridden with role=\"none\" or role=\"presentation\"",
    +             "relatedNodes": Array [],
    +           },
    +         ],
    +         "failureSummary": "Fix any of the following:
    +   Element does not have an implicit (wrapped) <label>
    +   Element does not have an explicit <label>
    +   aria-label attribute does not exist or is empty
    +   aria-labelledby attribute does not exist, references elements that do not exist or references elements that are empty
    +   Element has no title attribute
    +   Element's default semantics were not overridden with role=\"none\" or role=\"presentation\"",
    +         "html": "<select class=\"w-full px-3 py-2 text-sm border border-gray-300 dark:border-gray-600 bg-white dark:bg-gray-700 text-gray-900 dark:text-white rounded-lg focus:ring-2 focus:ring-blue-500 focus:border-transparent\">",
    +         "impact": "critical",
    +         "none": Array [],
    +         "target": Array [
    +           "div:nth-child(2) > select",
    +         ],
    +       },
    +       Object {
    +         "all": Array [],
    +         "any": Array [
    +           Object {
    +             "data": null,
    +             "id": "implicit-label",
    +             "impact": "critical",
    +             "message": "Element does not have an implicit (wrapped) <label>",
    +             "relatedNodes": Array [],
    +           },
    +           Object {
    +             "data": null,
    +             "id": "explicit-label",
    +             "impact": "critical",
    +             "message": "Element does not have an explicit <label>",
    +             "relatedNodes": Array [],
    +           },
    +           Object {
    +             "data": null,
    +             "id": "aria-label",
    +             "impact": "critical",
    +             "message": "aria-label attribute does not exist or is empty",
    +             "relatedNodes": Array [],
    +           },
    +           Object {
    +             "data": null,
    +             "id": "aria-labelledby",
    +             "impact": "critical",
    +             "message": "aria-labelledby attribute does not exist, references elements that do not exist or references elements that are empty",
    +             "relatedNodes": Array [],
    +           },
    +           Object {
    +             "data": Object {
    +               "messageKey": "noAttr",
    +             },
    +             "id": "non-empty-title",
    +             "impact": "critical",
    +             "message": "Element has no title attribute",
    +             "relatedNodes": Array [],
    +           },
    +           Object {
    +             "data": null,
    +             "id": "presentational-role",
    +             "impact": "critical",
    +             "message": "Element's default semantics were not overridden with role=\"none\" or role=\"presentation\"",
    +             "relatedNodes": Array [],
    +           },
    +         ],
    +         "failureSummary": "Fix any of the following:
    +   Element does not have an implicit (wrapped) <label>
    +   Element does not have an explicit <label>
    +   aria-label attribute does not exist or is empty
    +   aria-labelledby attribute does not exist, references elements that do not exist or references elements that are empty
    +   Element has no title attribute
    +   Element's default semantics were not overridden with role=\"none\" or role=\"presentation\"",
    +         "html": "<select class=\"w-full px-3 py-2 text-sm border border-gray-300 dark:border-gray-600 bg-white dark:bg-gray-700 text-gray-900 dark:text-white rounded-lg focus:ring-2 focus:ring-blue-500 focus:border-transparent\">",
    +         "impact": "critical",
    +         "none": Array [],
    +         "target": Array [
    +           "div:nth-child(3) > select",
    +         ],
    +       },
    +       Object {
    +         "all": Array [],
    +         "any": Array [
    +           Object {
    +             "data": null,
    +             "id": "implicit-label",
    +             "impact": "critical",
    +             "message": "Element does not have an implicit (wrapped) <label>",
    +             "relatedNodes": Array [],
    +           },
    +           Object {
    +             "data": null,
    +             "id": "explicit-label",
    +             "impact": "critical",
    +             "message": "Element does not have an explicit <label>",
    +             "relatedNodes": Array [],
    +           },
    +           Object {
    +             "data": null,
    +             "id": "aria-label",
    +             "impact": "critical",
    +             "message": "aria-label attribute does not exist or is empty",
    +             "relatedNodes": Array [],
    +           },
    +           Object {
    +             "data": null,
    +             "id": "aria-labelledby",
    +             "impact": "critical",
    +             "message": "aria-labelledby attribute does not exist, references elements that do not exist or references elements that are empty",
    +             "relatedNodes": Array [],
    +           },
    +           Object {
    +             "data": Object {
    +               "messageKey": "noAttr",
    +             },
    +             "id": "non-empty-title",
    +             "impact": "critical",
    +             "message": "Element has no title attribute",
    +             "relatedNodes": Array [],
    +           },
    +           Object {
    +             "data": null,
    +             "id": "presentational-role",
    +             "impact": "critical",
    +             "message": "Element's default semantics were not overridden with role=\"none\" or role=\"presentation\"",
    +             "relatedNodes": Array [],
    +           },
    +         ],
    +         "failureSummary": "Fix any of the following:
    +   Element does not have an implicit (wrapped) <label>
    +   Element does not have an explicit <label>
    +   aria-label attribute does not exist or is empty
    +   aria-labelledby attribute does not exist, references elements that do not exist or references elements that are empty
    +   Element has no title attribute
    +   Element's default semantics were not overridden with role=\"none\" or role=\"presentation\"",
    +         "html": "<select class=\"w-full px-3 py-2 text-sm border border-gray-300 dark:border-gray-600 bg-white dark:bg-gray-700 text-gray-900 dark:text-white rounded-lg focus:ring-2 focus:ring-blue-500 focus:border-transparent\">",
    +         "impact": "critical",
    +         "none": Array [],
    +         "target": Array [
    +           "div:nth-child(4) > select",
    +         ],
    +       },
    +     ],
    +     "tags": Array [
    +       "cat.forms",
    +       "wcag2a",
    +       "wcag412",
    +       "section508",
    +       "section508.22.n",
    +       "TTv5",
    +       "TT5.c",
    +       "EN-301-549",
    +       "EN-9.4.1.2",
    +       "ACT",
    +       "RGAAv4",
    +       "RGAA-11.1.1",
    +     ],
    +   },
    + ]

      200 |     )
      201 |     
    > 202 |     expect(criticalViolations).toEqual([])
          |                                ^
      203 |   })
      204 | })
      205 |
        at /Users/dsahanovici/CURSOR_AI_DEMO/qa-automation/tests/e2e/frontend/accessibility.spec.ts:202:32

    attachment #1: screenshot (image/png) ──────────────────────────────────────────────────────────
    ../../../../test-results/accessibility-Accessibilit-9f473-ve-accessibility-violations-webkit/test-failed-1.png
    ────────────────────────────────────────────────────────────────────────────────────────────────

    attachment #2: video (video/webm) ──────────────────────────────────────────────────────────────
    ../../../../test-results/accessibility-Accessibilit-9f473-ve-accessibility-violations-webkit/video-1.webm
    ────────────────────────────────────────────────────────────────────────────────────────────────

    attachment #3: video (video/webm) ──────────────────────────────────────────────────────────────
    ../../../../test-results/accessibility-Accessibilit-9f473-ve-accessibility-violations-webkit/video.webm
    ────────────────────────────────────────────────────────────────────────────────────────────────

    Error Context: ../../../../test-results/accessibility-Accessibilit-9f473-ve-accessibility-violations-webkit/error-context.md
]]>
</failure>
<system-out>
<![CDATA[
[[ATTACHMENT|accessibility-Accessibilit-9f473-ve-accessibility-violations-webkit/test-failed-1.png]]

[[ATTACHMENT|accessibility-Accessibilit-9f473-ve-accessibility-violations-webkit/video-1.webm]]

[[ATTACHMENT|accessibility-Accessibilit-9f473-ve-accessibility-violations-webkit/video.webm]]

[[ATTACHMENT|accessibility-Accessibilit-9f473-ve-accessibility-violations-webkit/error-context.md]]
]]>
</system-out>
</testcase>
<testcase name="Accessibility - Navigation › sidebar should be accessible" classname="accessibility.spec.ts" time="0.488">
</testcase>
<testcase name="Accessibility - Navigation › should have skip to main content link" classname="accessibility.spec.ts" time="0.5">
</testcase>
</testsuite>
<testsuite name="auth.spec.ts" timestamp="2026-01-23T13:20:25.002Z" hostname="webkit" tests="28" failures="2" skipped="0" time="39.43" errors="0">
<testcase name="Authentication Tests - User Registration › should display registration form" classname="auth.spec.ts" time="1.537">
</testcase>
<testcase name="Authentication Tests - User Registration › should validate registration form fields" classname="auth.spec.ts" time="0.681">
</testcase>
<testcase name="Authentication Tests - User Registration › should register new user with valid data" classname="auth.spec.ts" time="1.69">
</testcase>
<testcase name="Authentication Tests - User Registration › should show error for duplicate email" classname="auth.spec.ts" time="1.162">
</testcase>
<testcase name="Authentication Tests - User Registration › should require strong password" classname="auth.spec.ts" time="1.306">
</testcase>
<testcase name="Authentication Tests - User Registration › should validate email format" classname="auth.spec.ts" time="1.118">
</testcase>
<testcase name="Authentication Tests - Login › should display login state" classname="auth.spec.ts" time="1.134">
</testcase>
<testcase name="Authentication Tests - Login › should login with valid credentials" classname="auth.spec.ts" time="1.472">
</testcase>
<testcase name="Authentication Tests - Login › should reject login with invalid email" classname="auth.spec.ts" time="1.496">
</testcase>
<testcase name="Authentication Tests - Login › should reject login with incorrect password" classname="auth.spec.ts" time="1.173">
</testcase>
<testcase name="Authentication Tests - Login › should reject login with non-existent user" classname="auth.spec.ts" time="0.918">
</testcase>
<testcase name="Authentication Tests - Login › should show password visibility toggle" classname="auth.spec.ts" time="1.143">
</testcase>
<testcase name="Authentication Tests - Login › should handle case-sensitive passwords" classname="auth.spec.ts" time="1.893">
</testcase>
<testcase name="Authentication Tests - Login › should show loading state during login" classname="auth.spec.ts" time="1.504">
</testcase>
<testcase name="Authentication Tests - Login › should show user information" classname="auth.spec.ts" time="1.507">
</testcase>
<testcase name="Authentication Tests - Login › should navigate to profile settings" classname="auth.spec.ts" time="1.973">
</testcase>
<testcase name="Authentication Tests - Login › should logout successfully" classname="auth.spec.ts" time="2.142">
</testcase>
<testcase name="Authentication Tests - Login › should show logout button in mobile menu" classname="auth.spec.ts" time="2.266">
</testcase>
<testcase name="Authentication Tests - Session Persistence › should persist session after page reload" classname="auth.spec.ts" time="2.927">
<failure message="auth.spec.ts:212:3 should persist session after page reload" type="FAILURE">
<![CDATA[  [webkit] › auth.spec.ts:212:3 › Authentication Tests - Session Persistence › should persist session after page reload 

    Error: expect(received).toBeTruthy()

    Received: false

      229 |     // On mobile, user menu might be in different location
      230 |     const userMenuExists = await page.locator('[aria-label="User menu"]').count() > 0
    > 231 |     expect(userMenuExists).toBeTruthy()
          |                            ^
      232 |   })
      233 |
      234 |   test('should persist session in localStorage', async ({ page }) => {
        at /Users/dsahanovici/CURSOR_AI_DEMO/qa-automation/tests/e2e/frontend/auth.spec.ts:231:28

    attachment #1: screenshot (image/png) ──────────────────────────────────────────────────────────
    ../../../../test-results/auth-Authentication-Tests--e6fb9-t-session-after-page-reload-webkit/test-failed-1.png
    ────────────────────────────────────────────────────────────────────────────────────────────────

    attachment #2: video (video/webm) ──────────────────────────────────────────────────────────────
    ../../../../test-results/auth-Authentication-Tests--e6fb9-t-session-after-page-reload-webkit/video.webm
    ────────────────────────────────────────────────────────────────────────────────────────────────

    Error Context: ../../../../test-results/auth-Authentication-Tests--e6fb9-t-session-after-page-reload-webkit/error-context.md
]]>
</failure>
<system-out>
<![CDATA[
[[ATTACHMENT|auth-Authentication-Tests--e6fb9-t-session-after-page-reload-webkit/test-failed-1.png]]

[[ATTACHMENT|auth-Authentication-Tests--e6fb9-t-session-after-page-reload-webkit/video.webm]]

[[ATTACHMENT|auth-Authentication-Tests--e6fb9-t-session-after-page-reload-webkit/error-context.md]]
]]>
</system-out>
</testcase>
<testcase name="Authentication Tests - Session Persistence › should persist session in localStorage" classname="auth.spec.ts" time="1.013">
</testcase>
<testcase name="Authentication Tests - Session Persistence › should maintain session across tabs" classname="auth.spec.ts" time="1.486">
</testcase>
<testcase name="Authentication Tests - Session Persistence › should clear session on logout" classname="auth.spec.ts" time="1.616">
</testcase>
<testcase name="Authentication Tests - Session Persistence › should handle session expiration" classname="auth.spec.ts" time="0.779">
</testcase>
<testcase name="Authentication Tests - Session Persistence › should refresh session on activity" classname="auth.spec.ts" time="1.757">
<failure message="auth.spec.ts:298:3 should refresh session on activity" type="FAILURE">
<![CDATA[  [webkit] › auth.spec.ts:298:3 › Authentication Tests - Session Persistence › should refresh session on activity 

    Error: expect(received).toBeTruthy()

    Received: false

      315 |     // Session should still be active
      316 |     const profileDropdownExists = await page.locator('[aria-label="User menu"]').count() > 0
    > 317 |     expect(profileDropdownExists).toBeTruthy()
          |                                   ^
      318 |   })
      319 |
      320 |   test('should remember "Remember Me" preference', async ({ page }) => {
        at /Users/dsahanovici/CURSOR_AI_DEMO/qa-automation/tests/e2e/frontend/auth.spec.ts:317:35

    attachment #1: screenshot (image/png) ──────────────────────────────────────────────────────────
    ../../../../test-results/auth-Authentication-Tests--e7c48-refresh-session-on-activity-webkit/test-failed-1.png
    ────────────────────────────────────────────────────────────────────────────────────────────────

    attachment #2: video (video/webm) ──────────────────────────────────────────────────────────────
    ../../../../test-results/auth-Authentication-Tests--e7c48-refresh-session-on-activity-webkit/video.webm
    ────────────────────────────────────────────────────────────────────────────────────────────────

    Error Context: ../../../../test-results/auth-Authentication-Tests--e7c48-refresh-session-on-activity-webkit/error-context.md
]]>
</failure>
<system-out>
<![CDATA[
[[ATTACHMENT|auth-Authentication-Tests--e7c48-refresh-session-on-activity-webkit/test-failed-1.png]]

[[ATTACHMENT|auth-Authentication-Tests--e7c48-refresh-session-on-activity-webkit/video.webm]]

[[ATTACHMENT|auth-Authentication-Tests--e7c48-refresh-session-on-activity-webkit/error-context.md]]
]]>
</system-out>
</testcase>
<testcase name="Authentication Tests - Session Persistence › should remember &quot;Remember Me&quot; preference" classname="auth.spec.ts" time="0.702">
</testcase>
<testcase name="Authentication Tests - Session Persistence › should handle concurrent sessions" classname="auth.spec.ts" time="1.02">
</testcase>
<testcase name="Authentication Tests - Session Persistence › should restore user preferences from session" classname="auth.spec.ts" time="1.457">
</testcase>
<testcase name="Error Handling - Authentication › should handle missing user gracefully" classname="auth.spec.ts" time="0.558">
</testcase>
</testsuite>
<testsuite name="error-handling.spec.ts" timestamp="2026-01-23T13:20:25.002Z" hostname="webkit" tests="22" failures="0" skipped="0" time="24.241" errors="0">
<testcase name="Error Handling Tests › should handle network errors gracefully" classname="error-handling.spec.ts" time="0.42">
</testcase>
<testcase name="Error Handling Tests › should handle missing data gracefully" classname="error-handling.spec.ts" time="0.548">
</testcase>
<testcase name="Error Handling Tests › should handle malformed data" classname="error-handling.spec.ts" time="0.451">
</testcase>
<testcase name="Error Handling Tests › should handle console errors gracefully" classname="error-handling.spec.ts" time="1.192">
</testcase>
<testcase name="Error Handling Tests › should handle page navigation errors" classname="error-handling.spec.ts" time="0.795">
</testcase>
<testcase name="Error Handling Tests › should handle rapid navigation" classname="error-handling.spec.ts" time="0.701">
</testcase>
<testcase name="Error Handling Tests › should handle invalid viewport sizes" classname="error-handling.spec.ts" time="0.978">
</testcase>
<testcase name="Error Handling Tests › should handle missing images gracefully" classname="error-handling.spec.ts" time="1.599">
</testcase>
<testcase name="Error Handling Tests › should handle localStorage errors" classname="error-handling.spec.ts" time="0.837">
</testcase>
<testcase name="Error Handling Tests › should handle dark mode toggle errors" classname="error-handling.spec.ts" time="0.937">
</testcase>
<testcase name="Error Handling Tests › should handle sidebar toggle errors" classname="error-handling.spec.ts" time="2.482">
</testcase>
<testcase name="Error Handling Tests › should handle filter changes gracefully" classname="error-handling.spec.ts" time="0.955">
</testcase>
<testcase name="Error Handling Tests › should handle table sorting errors" classname="error-handling.spec.ts" time="1.816">
</testcase>
<testcase name="Error Handling Tests › should handle pagination errors" classname="error-handling.spec.ts" time="1.652">
</testcase>
<testcase name="Error Handling Tests › should recover from JavaScript errors" classname="error-handling.spec.ts" time="2.418">
</testcase>
<testcase name="Error Handling Tests › should handle search functionality errors" classname="error-handling.spec.ts" time="0.524">
</testcase>
<testcase name="Error Handling Tests › should handle notification errors" classname="error-handling.spec.ts" time="0.519">
</testcase>
<testcase name="Error Handling - Forms › should handle empty form submission" classname="error-handling.spec.ts" time="0.8">
</testcase>
<testcase name="Error Handling - Forms › should handle invalid date ranges" classname="error-handling.spec.ts" time="1.425">
</testcase>
<testcase name="Error Handling - UI Components › should handle dropdown errors" classname="error-handling.spec.ts" time="1.113">
</testcase>
<testcase name="Error Handling - UI Components › should handle tooltip errors" classname="error-handling.spec.ts" time="1.602">
</testcase>
<testcase name="Error Handling - UI Components › should handle modal errors" classname="error-handling.spec.ts" time="0.477">
</testcase>
</testsuite>
<testsuite name="navigation.spec.ts" timestamp="2026-01-23T13:20:25.002Z" hostname="webkit" tests="19" failures="1" skipped="0" time="25.502" errors="0">
<testcase name="Navigation Tests › should navigate between pages" classname="navigation.spec.ts" time="1.021">
</testcase>
<testcase name="Navigation Tests › should maintain state when navigating" classname="navigation.spec.ts" time="1.544">
</testcase>
<testcase name="Navigation Tests › should handle rapid navigation" classname="navigation.spec.ts" time="1.96">
</testcase>
<testcase name="Navigation Tests › should navigate using keyboard" classname="navigation.spec.ts" time="0.771">
</testcase>
<testcase name="Navigation Tests › should show active page indicator" classname="navigation.spec.ts" time="1.346">
</testcase>
<testcase name="Navigation Tests › should navigate from sidebar on desktop" classname="navigation.spec.ts" time="1.295">
</testcase>
<testcase name="Navigation Tests › should navigate from mobile menu" classname="navigation.spec.ts" time="2.141">
</testcase>
<testcase name="Navigation Tests › should handle browser back button" classname="navigation.spec.ts" time="1.963">
</testcase>
<testcase name="Navigation Tests › should handle browser forward button" classname="navigation.spec.ts" time="2.582">
</testcase>
<testcase name="Navigation Tests › should preserve scroll position on back navigation" classname="navigation.spec.ts" time="2.642">
</testcase>
<testcase name="Breadcrumb Navigation › should display breadcrumb trail" classname="navigation.spec.ts" time="1.169">
</testcase>
<testcase name="Breadcrumb Navigation › should show current page in navigation" classname="navigation.spec.ts" time="0.766">
</testcase>
<testcase name="Breadcrumb Navigation › should update page title on navigation" classname="navigation.spec.ts" time="1.255">
</testcase>
<testcase name="Navigation - Error Handling › should handle invalid routes gracefully" classname="navigation.spec.ts" time="0.316">
</testcase>
<testcase name="Navigation - Error Handling › should handle navigation during loading" classname="navigation.spec.ts" time="1.126">
</testcase>
<testcase name="Navigation - Error Handling › should handle navigation with network issues" classname="navigation.spec.ts" time="1.268">
</testcase>
<testcase name="Navigation - Accessibility › should have accessible navigation landmark" classname="navigation.spec.ts" time="0.777">
<failure message="navigation.spec.ts:288:3 should have accessible navigation landmark" type="FAILURE">
<![CDATA[  [webkit] › navigation.spec.ts:288:3 › Navigation - Accessibility › should have accessible navigation landmark 

    Error: expect(received).toBeGreaterThanOrEqual(expected)

    Expected: >= 1
    Received:    0

      296 |     // Check for navigation role
      297 |     const navRole = page.locator('[role="navigation"]')
    > 298 |     expect(await navRole.count()).toBeGreaterThanOrEqual(1)
          |                                   ^
      299 |   })
      300 |
      301 |   test('should have skip navigation link', async ({ page }) => {
        at /Users/dsahanovici/CURSOR_AI_DEMO/qa-automation/tests/e2e/frontend/navigation.spec.ts:298:35

    attachment #1: screenshot (image/png) ──────────────────────────────────────────────────────────
    ../../../../test-results/navigation-Navigation---Ac-c92fc-essible-navigation-landmark-webkit/test-failed-1.png
    ────────────────────────────────────────────────────────────────────────────────────────────────

    attachment #2: video (video/webm) ──────────────────────────────────────────────────────────────
    ../../../../test-results/navigation-Navigation---Ac-c92fc-essible-navigation-landmark-webkit/video.webm
    ────────────────────────────────────────────────────────────────────────────────────────────────

    Error Context: ../../../../test-results/navigation-Navigation---Ac-c92fc-essible-navigation-landmark-webkit/error-context.md
]]>
</failure>
<system-out>
<![CDATA[
[[ATTACHMENT|navigation-Navigation---Ac-c92fc-essible-navigation-landmark-webkit/test-failed-1.png]]

[[ATTACHMENT|navigation-Navigation---Ac-c92fc-essible-navigation-landmark-webkit/video.webm]]

[[ATTACHMENT|navigation-Navigation---Ac-c92fc-essible-navigation-landmark-webkit/error-context.md]]
]]>
</system-out>
</testcase>
<testcase name="Navigation - Accessibility › should have skip navigation link" classname="navigation.spec.ts" time="0.458">
</testcase>
<testcase name="Navigation - Accessibility › should announce page changes to screen readers" classname="navigation.spec.ts" time="1.102">
</testcase>
</testsuite>
<testsuite name="product-search.spec.ts" timestamp="2026-01-23T13:20:25.002Z" hostname="webkit" tests="47" failures="2" skipped="0" time="168.286" errors="0">
<testcase name="Product Search &amp; Filter Tests › Initial Page Load › should display all products on initial load" classname="product-search.spec.ts" time="1.649">
</testcase>
<testcase name="Product Search &amp; Filter Tests › Initial Page Load › should display filter options" classname="product-search.spec.ts" time="1.821">
</testcase>
<testcase name="Product Search &amp; Filter Tests › Initial Page Load › should display sort dropdown" classname="product-search.spec.ts" time="1.431">
</testcase>
<testcase name="Product Search &amp; Filter Tests › Initial Page Load › should display cart counter" classname="product-search.spec.ts" time="1.357">
</testcase>
<testcase name="Product Search &amp; Filter Tests › Category Filtering › should filter products by &quot;On Sale&quot;" classname="product-search.spec.ts" time="2.181">
</testcase>
<testcase name="Product Search &amp; Filter Tests › Category Filtering › should filter products by &quot;Bestsellers&quot;" classname="product-search.spec.ts" time="1.655">
</testcase>
<testcase name="Product Search &amp; Filter Tests › Category Filtering › should filter products by &quot;New Arrivals&quot;" classname="product-search.spec.ts" time="1.57">
</testcase>
<testcase name="Product Search &amp; Filter Tests › Category Filtering › should filter products by &quot;In Stock&quot;" classname="product-search.spec.ts" time="1.608">
</testcase>
<testcase name="Product Search &amp; Filter Tests › Category Filtering › should reset filter when clicking &quot;All Products&quot;" classname="product-search.spec.ts" time="1.867">
</testcase>
<testcase name="Product Search &amp; Filter Tests › Category Filtering › should maintain only one active filter at a time" classname="product-search.spec.ts" time="1.652">
</testcase>
<testcase name="Product Search &amp; Filter Tests › Sort Functionality › should sort products by &quot;Price: Low to High&quot;" classname="product-search.spec.ts" time="1.629">
</testcase>
<testcase name="Product Search &amp; Filter Tests › Sort Functionality › should sort products by &quot;Price: High to Low&quot;" classname="product-search.spec.ts" time="1.52">
</testcase>
<testcase name="Product Search &amp; Filter Tests › Sort Functionality › should sort products by &quot;Highest Rated&quot;" classname="product-search.spec.ts" time="1.541">
</testcase>
<testcase name="Product Search &amp; Filter Tests › Sort Functionality › should maintain sort when changing filters" classname="product-search.spec.ts" time="1.888">
</testcase>
<testcase name="Product Search &amp; Filter Tests › Sort Functionality › should reset to featured sort" classname="product-search.spec.ts" time="1.885">
</testcase>
<testcase name="Product Search &amp; Filter Tests › Combined Filters and Sort › should apply filter and sort together" classname="product-search.spec.ts" time="2.281">
</testcase>
<testcase name="Product Search &amp; Filter Tests › Combined Filters and Sort › should update count when combining filters" classname="product-search.spec.ts" time="2.198">
</testcase>
<testcase name="Product Search &amp; Filter Tests › Empty Results State › should show empty state when no products match filter" classname="product-search.spec.ts" time="1.593">
</testcase>
<testcase name="Product Search &amp; Filter Tests › Empty Results State › should reset filters from empty state" classname="product-search.spec.ts" time="1.519">
</testcase>
<testcase name="Product Search &amp; Filter Tests › Empty Results State › should show appropriate empty state icon" classname="product-search.spec.ts" time="1.548">
</testcase>
<testcase name="Product Search &amp; Filter Tests › Product Card Interactions › should add product to cart" classname="product-search.spec.ts" time="12.25">
<failure message="product-search.spec.ts:336:5 should add product to cart" type="FAILURE">
<![CDATA[  [webkit] › product-search.spec.ts:336:5 › Product Search & Filter Tests › Product Card Interactions › should add product to cart 

    Error: expect(locator).toHaveText(expected) failed

    Locator:  locator('span.bg-red-500').first()
    Expected: "1"
    Received: "-29%"
    Timeout:  5000ms

    Call log:
      - Expect "toHaveText" with timeout 5000ms
      - waiting for locator('span.bg-red-500').first()
        9 × locator resolved to <span class="bg-red-500 text-white text-xs font-bold px-3 py-1 rounded-full shadow-md">-29%</span>
          - unexpected value "-29%"


      348 |       const cartBadge = page.locator('span.bg-red-500').first()
      349 |       await expect(cartBadge).toBeVisible()
    > 350 |       await expect(cartBadge).toHaveText('1')
          |                               ^
      351 |     })
      352 |
      353 |     test('should add multiple products to cart', async ({ page }) => {
        at /Users/dsahanovici/CURSOR_AI_DEMO/qa-automation/tests/e2e/frontend/product-search.spec.ts:350:31

    attachment #1: screenshot (image/png) ──────────────────────────────────────────────────────────
    ../../../../test-results/product-search-Product-Sea-45b94--should-add-product-to-cart-webkit/test-failed-1.png
    ────────────────────────────────────────────────────────────────────────────────────────────────

    attachment #2: video (video/webm) ──────────────────────────────────────────────────────────────
    ../../../../test-results/product-search-Product-Sea-45b94--should-add-product-to-cart-webkit/video.webm
    ────────────────────────────────────────────────────────────────────────────────────────────────

    Error Context: ../../../../test-results/product-search-Product-Sea-45b94--should-add-product-to-cart-webkit/error-context.md
]]>
</failure>
<system-out>
<![CDATA[
[[ATTACHMENT|product-search-Product-Sea-45b94--should-add-product-to-cart-webkit/test-failed-1.png]]

[[ATTACHMENT|product-search-Product-Sea-45b94--should-add-product-to-cart-webkit/video.webm]]

[[ATTACHMENT|product-search-Product-Sea-45b94--should-add-product-to-cart-webkit/error-context.md]]
]]>
</system-out>
</testcase>
<testcase name="Product Search &amp; Filter Tests › Product Card Interactions › should add multiple products to cart" classname="product-search.spec.ts" time="11.533">
<failure message="product-search.spec.ts:353:5 should add multiple products to cart" type="FAILURE">
<![CDATA[  [webkit] › product-search.spec.ts:353:5 › Product Search & Filter Tests › Product Card Interactions › should add multiple products to cart 

    Error: expect(locator).toHaveText(expected) failed

    Locator:  locator('span.bg-red-500').first()
    Expected: "2"
    Received: "-29%"
    Timeout:  5000ms

    Call log:
      - Expect "toHaveText" with timeout 5000ms
      - waiting for locator('span.bg-red-500').first()
        8 × locator resolved to <span class="bg-red-500 text-white text-xs font-bold px-3 py-1 rounded-full shadow-md">-29%</span>
          - unexpected value "-29%"


      365 |       // Verify cart count
      366 |       const cartBadge = page.locator('span.bg-red-500').first()
    > 367 |       await expect(cartBadge).toHaveText('2')
          |                               ^
      368 |     })
      369 |
      370 |     test('should show loading state when adding to cart', async ({ page }) => {
        at /Users/dsahanovici/CURSOR_AI_DEMO/qa-automation/tests/e2e/frontend/product-search.spec.ts:367:31

    attachment #1: screenshot (image/png) ──────────────────────────────────────────────────────────
    ../../../../test-results/product-search-Product-Sea-47eef-d-multiple-products-to-cart-webkit/test-failed-1.png
    ────────────────────────────────────────────────────────────────────────────────────────────────

    attachment #2: video (video/webm) ──────────────────────────────────────────────────────────────
    ../../../../test-results/product-search-Product-Sea-47eef-d-multiple-products-to-cart-webkit/video.webm
    ────────────────────────────────────────────────────────────────────────────────────────────────

    Error Context: ../../../../test-results/product-search-Product-Sea-47eef-d-multiple-products-to-cart-webkit/error-context.md
]]>
</failure>
<system-out>
<![CDATA[
[[ATTACHMENT|product-search-Product-Sea-47eef-d-multiple-products-to-cart-webkit/test-failed-1.png]]

[[ATTACHMENT|product-search-Product-Sea-47eef-d-multiple-products-to-cart-webkit/video.webm]]

[[ATTACHMENT|product-search-Product-Sea-47eef-d-multiple-products-to-cart-webkit/error-context.md]]
]]>
</system-out>
</testcase>
<testcase name="Product Search &amp; Filter Tests › Product Card Interactions › should show loading state when adding to cart" classname="product-search.spec.ts" time="5.469">
</testcase>
<testcase name="Product Search &amp; Filter Tests › Product Card Interactions › should toggle favorite on product" classname="product-search.spec.ts" time="5.328">
</testcase>
<testcase name="Product Search &amp; Filter Tests › Product Card Interactions › should show quick view on hover" classname="product-search.spec.ts" time="8.009">
</testcase>
<testcase name="Product Search &amp; Filter Tests › Product Information Display › should display product title and description" classname="product-search.spec.ts" time="7.931">
</testcase>
<testcase name="Product Search &amp; Filter Tests › Product Information Display › should display product price" classname="product-search.spec.ts" time="4.55">
</testcase>
<testcase name="Product Search &amp; Filter Tests › Product Information Display › should display product rating" classname="product-search.spec.ts" time="1.504">
</testcase>
<testcase name="Product Search &amp; Filter Tests › Product Information Display › should display sale badge on sale items" classname="product-search.spec.ts" time="1.936">
</testcase>
<testcase name="Product Search &amp; Filter Tests › Product Information Display › should display product images" classname="product-search.spec.ts" time="2.156">
</testcase>
<testcase name="Product Search &amp; Filter Tests › Responsive Behavior › should display products in grid on desktop" classname="product-search.spec.ts" time="2.163">
</testcase>
<testcase name="Product Search &amp; Filter Tests › Responsive Behavior › should display products in grid on tablet" classname="product-search.spec.ts" time="2.313">
</testcase>
<testcase name="Product Search &amp; Filter Tests › Responsive Behavior › should display products in single column on mobile" classname="product-search.spec.ts" time="2.237">
</testcase>
<testcase name="Product Search &amp; Filter Tests › Responsive Behavior › should show filter buttons on mobile" classname="product-search.spec.ts" time="3.21">
</testcase>
<testcase name="Product Search &amp; Filter Tests › Performance and Loading › should load products quickly" classname="product-search.spec.ts" time="1.585">
</testcase>
<testcase name="Product Search &amp; Filter Tests › Performance and Loading › should filter products without page reload" classname="product-search.spec.ts" time="2.906">
</testcase>
<testcase name="Product Search &amp; Filter Tests › Performance and Loading › should sort products without page reload" classname="product-search.spec.ts" time="1.818">
</testcase>
<testcase name="Product Search &amp; Filter Tests › Error Handling › should handle missing product images gracefully" classname="product-search.spec.ts" time="1.515">
</testcase>
<testcase name="Product Search &amp; Filter Tests › Error Handling › should handle rapid filter changes" classname="product-search.spec.ts" time="2.292">
</testcase>
<testcase name="Product Search &amp; Filter Tests › Error Handling › should handle rapid sort changes" classname="product-search.spec.ts" time="6.955">
</testcase>
<testcase name="Product Search &amp; Filter Tests › Error Handling › should handle simultaneous filter and sort changes" classname="product-search.spec.ts" time="8.358">
</testcase>
<testcase name="Product Search &amp; Filter Tests › Accessibility › should have accessible filter buttons" classname="product-search.spec.ts" time="7.694">
</testcase>
<testcase name="Product Search &amp; Filter Tests › Accessibility › should have accessible sort dropdown" classname="product-search.spec.ts" time="6.256">
</testcase>
<testcase name="Product Search &amp; Filter Tests › Accessibility › should have accessible product cards" classname="product-search.spec.ts" time="6.992">
</testcase>
<testcase name="Product Search &amp; Filter Tests › Accessibility › should announce filter changes to screen readers" classname="product-search.spec.ts" time="8.407">
</testcase>
<testcase name="Product Search &amp; Filter Tests › Product Count and Display › should show correct product count" classname="product-search.spec.ts" time="2.387">
</testcase>
<testcase name="Product Search &amp; Filter Tests › Product Count and Display › should update count when filtering" classname="product-search.spec.ts" time="6.139">
</testcase>
</testsuite>
<testsuite name="registration.spec.ts" timestamp="2026-01-23T13:20:25.002Z" hostname="webkit" tests="64" failures="0" skipped="0" time="100.454" errors="0">
<testcase name="Multi-Step Registration Form Tests › Initial State and Page Load › should display registration form with Step 1" classname="registration.spec.ts" time="0.775">
</testcase>
<testcase name="Multi-Step Registration Form Tests › Initial State and Page Load › should display progress bar" classname="registration.spec.ts" time="0.792">
</testcase>
<testcase name="Multi-Step Registration Form Tests › Initial State and Page Load › should display all step indicators" classname="registration.spec.ts" time="0.792">
</testcase>
<testcase name="Multi-Step Registration Form Tests › Initial State and Page Load › should highlight current step" classname="registration.spec.ts" time="0.777">
</testcase>
<testcase name="Multi-Step Registration Form Tests › Step 1: Personal Information - Field Validation › should show error for empty first name" classname="registration.spec.ts" time="0.928">
</testcase>
<testcase name="Multi-Step Registration Form Tests › Step 1: Personal Information - Field Validation › should show error for short first name" classname="registration.spec.ts" time="0.913">
</testcase>
<testcase name="Multi-Step Registration Form Tests › Step 1: Personal Information - Field Validation › should show error for empty last name" classname="registration.spec.ts" time="0.875">
</testcase>
<testcase name="Multi-Step Registration Form Tests › Step 1: Personal Information - Field Validation › should show error for missing date of birth" classname="registration.spec.ts" time="1.122">
</testcase>
<testcase name="Multi-Step Registration Form Tests › Step 1: Personal Information - Field Validation › should show error for underage user" classname="registration.spec.ts" time="0.877">
</testcase>
<testcase name="Multi-Step Registration Form Tests › Step 1: Personal Information - Field Validation › should clear error when field is corrected" classname="registration.spec.ts" time="0.89">
</testcase>
<testcase name="Multi-Step Registration Form Tests › Step 1: Personal Information - Field Validation › should not proceed to Step 2 with invalid data" classname="registration.spec.ts" time="0.81">
</testcase>
<testcase name="Multi-Step Registration Form Tests › Step 1: Personal Information - Field Validation › should proceed to Step 2 with valid data" classname="registration.spec.ts" time="1.14">
</testcase>
<testcase name="Multi-Step Registration Form Tests › Step 2: Account Details - Field Validation › should display Step 2 fields" classname="registration.spec.ts" time="1.152">
</testcase>
<testcase name="Multi-Step Registration Form Tests › Step 2: Account Details - Field Validation › should show error for invalid email format" classname="registration.spec.ts" time="1.226">
</testcase>
<testcase name="Multi-Step Registration Form Tests › Step 2: Account Details - Field Validation › should show error for short username" classname="registration.spec.ts" time="1.177">
</testcase>
<testcase name="Multi-Step Registration Form Tests › Step 2: Account Details - Field Validation › should show error for invalid username characters" classname="registration.spec.ts" time="1.169">
</testcase>
<testcase name="Multi-Step Registration Form Tests › Step 2: Account Details - Field Validation › should show error for weak password" classname="registration.spec.ts" time="1.182">
</testcase>
<testcase name="Multi-Step Registration Form Tests › Step 2: Account Details - Field Validation › should show error for password without requirements" classname="registration.spec.ts" time="1.172">
</testcase>
<testcase name="Multi-Step Registration Form Tests › Step 2: Account Details - Field Validation › should show error when passwords do not match" classname="registration.spec.ts" time="1.158">
</testcase>
<testcase name="Multi-Step Registration Form Tests › Step 2: Account Details - Field Validation › should display password requirements help text" classname="registration.spec.ts" time="1.112">
</testcase>
<testcase name="Multi-Step Registration Form Tests › Step 2: Account Details - Field Validation › should display username requirements help text" classname="registration.spec.ts" time="1.151">
</testcase>
<testcase name="Multi-Step Registration Form Tests › Step 2: Account Details - Field Validation › should proceed to Step 3 with valid account details" classname="registration.spec.ts" time="1.492">
</testcase>
<testcase name="Multi-Step Registration Form Tests › Step 3: Preferences - Optional Fields › should display Step 3 fields" classname="registration.spec.ts" time="1.475">
</testcase>
<testcase name="Multi-Step Registration Form Tests › Step 3: Preferences - Optional Fields › should show optional preferences label" classname="registration.spec.ts" time="1.487">
</testcase>
<testcase name="Multi-Step Registration Form Tests › Step 3: Preferences - Optional Fields › should toggle newsletter checkbox" classname="registration.spec.ts" time="1.551">
</testcase>
<testcase name="Multi-Step Registration Form Tests › Step 3: Preferences - Optional Fields › should have notifications enabled by default" classname="registration.spec.ts" time="1.472">
</testcase>
<testcase name="Multi-Step Registration Form Tests › Step 3: Preferences - Optional Fields › should change theme preference" classname="registration.spec.ts" time="1.511">
</testcase>
<testcase name="Multi-Step Registration Form Tests › Step 3: Preferences - Optional Fields › should change language preference" classname="registration.spec.ts" time="1.531">
</testcase>
<testcase name="Multi-Step Registration Form Tests › Step 3: Preferences - Optional Fields › should proceed to Step 4 without filling preferences" classname="registration.spec.ts" time="1.836">
</testcase>
<testcase name="Multi-Step Registration Form Tests › Step 4: Review &amp; Terms › should display registration summary" classname="registration.spec.ts" time="1.84">
</testcase>
<testcase name="Multi-Step Registration Form Tests › Step 4: Review &amp; Terms › should display terms and conditions checkbox" classname="registration.spec.ts" time="1.849">
</testcase>
<testcase name="Multi-Step Registration Form Tests › Step 4: Review &amp; Terms › should display privacy policy checkbox" classname="registration.spec.ts" time="1.852">
</testcase>
<testcase name="Multi-Step Registration Form Tests › Step 4: Review &amp; Terms › should show error when submitting without accepting terms" classname="registration.spec.ts" time="1.894">
</testcase>
<testcase name="Multi-Step Registration Form Tests › Step 4: Review &amp; Terms › should show error when submitting without accepting privacy" classname="registration.spec.ts" time="1.926">
</testcase>
<testcase name="Multi-Step Registration Form Tests › Step 4: Review &amp; Terms › should show both errors when neither is accepted" classname="registration.spec.ts" time="1.887">
</testcase>
<testcase name="Multi-Step Registration Form Tests › Step 4: Review &amp; Terms › should submit form when both checkboxes are checked" classname="registration.spec.ts" time="4.462">
</testcase>
<testcase name="Multi-Step Registration Form Tests › Navigation Between Steps › should navigate forward through all steps" classname="registration.spec.ts" time="1.815">
</testcase>
<testcase name="Multi-Step Registration Form Tests › Navigation Between Steps › should navigate backward using Back button" classname="registration.spec.ts" time="1.459">
</testcase>
<testcase name="Multi-Step Registration Form Tests › Navigation Between Steps › should not show Back button on Step 1" classname="registration.spec.ts" time="0.75">
</testcase>
<testcase name="Multi-Step Registration Form Tests › Navigation Between Steps › should show Back button on Step 2 and beyond" classname="registration.spec.ts" time="1.109">
</testcase>
<testcase name="Multi-Step Registration Form Tests › Navigation Between Steps › should preserve form data when navigating back and forward" classname="registration.spec.ts" time="1.469">
</testcase>
<testcase name="Multi-Step Registration Form Tests › Navigation Between Steps › should update progress bar when navigating" classname="registration.spec.ts" time="1.113">
</testcase>
<testcase name="Multi-Step Registration Form Tests › Navigation Between Steps › should allow clicking on completed steps" classname="registration.spec.ts" time="1.491">
</testcase>
<testcase name="Multi-Step Registration Form Tests › Navigation Between Steps › should not allow clicking on future steps" classname="registration.spec.ts" time="0.745">
</testcase>
<testcase name="Multi-Step Registration Form Tests › Form Submission and Success State › should show loading state during submission" classname="registration.spec.ts" time="1.946">
</testcase>
<testcase name="Multi-Step Registration Form Tests › Form Submission and Success State › should display success message after submission" classname="registration.spec.ts" time="4.436">
</testcase>
<testcase name="Multi-Step Registration Form Tests › Form Submission and Success State › should display user information in success message" classname="registration.spec.ts" time="4.431">
</testcase>
<testcase name="Multi-Step Registration Form Tests › Form Submission and Success State › should display next steps information" classname="registration.spec.ts" time="4.443">
</testcase>
<testcase name="Multi-Step Registration Form Tests › Form Submission and Success State › should display dashboard button" classname="registration.spec.ts" time="4.43">
</testcase>
<testcase name="Multi-Step Registration Form Tests › Form Submission and Success State › should display success icon" classname="registration.spec.ts" time="4.489">
</testcase>
<testcase name="Multi-Step Registration Form Tests › Error Messages and Accessibility › should have proper ARIA labels on required fields" classname="registration.spec.ts" time="0.752">
</testcase>
<testcase name="Multi-Step Registration Form Tests › Error Messages and Accessibility › should have proper form labels" classname="registration.spec.ts" time="0.743">
</testcase>
<testcase name="Multi-Step Registration Form Tests › Error Messages and Accessibility › should mark required fields with asterisk" classname="registration.spec.ts" time="0.74">
</testcase>
<testcase name="Multi-Step Registration Form Tests › Error Messages and Accessibility › should set aria-invalid on fields with errors" classname="registration.spec.ts" time="0.813">
</testcase>
<testcase name="Multi-Step Registration Form Tests › Error Messages and Accessibility › should associate error messages with fields using aria-describedby" classname="registration.spec.ts" time="0.819">
</testcase>
<testcase name="Multi-Step Registration Form Tests › Error Messages and Accessibility › should announce errors with role=&quot;alert&quot;" classname="registration.spec.ts" time="0.84">
</testcase>
<testcase name="Multi-Step Registration Form Tests › Error Messages and Accessibility › should have accessible step navigation" classname="registration.spec.ts" time="0.749">
</testcase>
<testcase name="Multi-Step Registration Form Tests › Error Messages and Accessibility › should have aria-current on active step" classname="registration.spec.ts" time="0.804">
</testcase>
<testcase name="Multi-Step Registration Form Tests › Error Messages and Accessibility › should have meaningful button labels" classname="registration.spec.ts" time="0.784">
</testcase>
<testcase name="Multi-Step Registration Form Tests › Error Messages and Accessibility › should announce success state to screen readers" classname="registration.spec.ts" time="4.564">
</testcase>
<testcase name="Multi-Step Registration Form Tests › Accessibility Compliance › Step 1 should not have accessibility violations" classname="registration.spec.ts" time="1.175">
</testcase>
<testcase name="Multi-Step Registration Form Tests › Accessibility Compliance › Step 2 should not have accessibility violations" classname="registration.spec.ts" time="1.861">
</testcase>
<testcase name="Multi-Step Registration Form Tests › Accessibility Compliance › should be keyboard navigable" classname="registration.spec.ts" time="1.028">
</testcase>
<testcase name="Multi-Step Registration Form Tests › Accessibility Compliance › should support keyboard form submission" classname="registration.spec.ts" time="1.401">
</testcase>
</testsuite>
<testsuite name="responsive.spec.ts" timestamp="2026-01-23T13:20:25.002Z" hostname="webkit" tests="32" failures="0" skipped="0" time="34.948" errors="0">
<testcase name="Responsive Design Tests - Mobile › should show mobile hamburger menu" classname="responsive.spec.ts" time="0.587">
</testcase>
<testcase name="Responsive Design Tests - Mobile › should open sidebar on hamburger click" classname="responsive.spec.ts" time="1.122">
</testcase>
<testcase name="Responsive Design Tests - Mobile › should close sidebar on backdrop click" classname="responsive.spec.ts" time="1.323">
</testcase>
<testcase name="Responsive Design Tests - Mobile › should display mobile-friendly statistics" classname="responsive.spec.ts" time="0.526">
</testcase>
<testcase name="Responsive Design Tests - Mobile › should show tasks in single column on mobile" classname="responsive.spec.ts" time="0.571">
</testcase>
<testcase name="Responsive Design Tests - Mobile › should hide user email on small screens" classname="responsive.spec.ts" time="0.506">
</testcase>
<testcase name="Responsive Design Tests - Mobile › should show mobile navigation" classname="responsive.spec.ts" time="0.468">
</testcase>
<testcase name="Responsive Design Tests - Tablet › should display sidebar on tablet" classname="responsive.spec.ts" time="0.545">
</testcase>
<testcase name="Responsive Design Tests - Tablet › should show 2-column task grid" classname="responsive.spec.ts" time="0.59">
</testcase>
<testcase name="Responsive Design Tests - Tablet › should display statistics in 2 columns" classname="responsive.spec.ts" time="0.562">
</testcase>
<testcase name="Responsive Design Tests - Desktop › should show persistent sidebar" classname="responsive.spec.ts" time="0.712">
</testcase>
<testcase name="Responsive Design Tests - Desktop › should not show hamburger menu" classname="responsive.spec.ts" time="0.71">
</testcase>
<testcase name="Responsive Design Tests - Desktop › should display 4-column statistics" classname="responsive.spec.ts" time="0.705">
</testcase>
<testcase name="Responsive Design Tests - Desktop › should show full task details" classname="responsive.spec.ts" time="0.769">
</testcase>
<testcase name="Responsive Design Tests - Desktop › should display search bar in header" classname="responsive.spec.ts" time="0.73">
</testcase>
<testcase name="Responsive Design - Analytics Dashboard › should be responsive on mobile" classname="responsive.spec.ts" time="0.507">
</testcase>
<testcase name="Responsive Design - Analytics Dashboard › should show charts on tablet" classname="responsive.spec.ts" time="0.488">
</testcase>
<testcase name="Responsive Design - Analytics Dashboard › should display full layout on desktop" classname="responsive.spec.ts" time="0.539">
</testcase>
<testcase name="Responsive Design - Navigation › should show compact navigation on mobile" classname="responsive.spec.ts" time="0.349">
</testcase>
<testcase name="Responsive Design - Navigation › should show full navigation on desktop" classname="responsive.spec.ts" time="0.474">
</testcase>
<testcase name="Responsive Design - Orientation Changes › should handle portrait to landscape on mobile" classname="responsive.spec.ts" time="1.847">
</testcase>
<testcase name="Responsive Design - Orientation Changes › should handle landscape to portrait on mobile" classname="responsive.spec.ts" time="1.85">
</testcase>
<testcase name="Responsive Design - Orientation Changes › should handle tablet portrait to landscape" classname="responsive.spec.ts" time="1.844">
</testcase>
<testcase name="Responsive Design - Orientation Changes › should handle tablet landscape to portrait" classname="responsive.spec.ts" time="1.787">
</testcase>
<testcase name="Responsive Design - Orientation Changes › should adjust grid layout on orientation change" classname="responsive.spec.ts" time="1.798">
</testcase>
<testcase name="Responsive Design - Orientation Changes › should maintain sidebar state on orientation change" classname="responsive.spec.ts" time="2.013">
</testcase>
<testcase name="Responsive Design - Orientation Changes › should reflow statistics on orientation change" classname="responsive.spec.ts" time="1.638">
</testcase>
<testcase name="Responsive Design - Orientation Changes › should handle rapid orientation changes" classname="responsive.spec.ts" time="2.467">
</testcase>
<testcase name="Responsive Design - Orientation Changes › should adjust analytics dashboard on orientation change" classname="responsive.spec.ts" time="1.331">
</testcase>
<testcase name="Responsive Design - Orientation Changes › should maintain scroll position on orientation change" classname="responsive.spec.ts" time="2.219">
</testcase>
<testcase name="Responsive Design - Orientation Changes › should handle orientation change with open modals" classname="responsive.spec.ts" time="2.21">
</testcase>
<testcase name="Responsive Design - Orientation Changes › should handle orientation change during loading" classname="responsive.spec.ts" time="1.161">
</testcase>
</testsuite>
<testsuite name="task-management.spec.ts" timestamp="2026-01-23T13:20:25.002Z" hostname="webkit" tests="51" failures="0" skipped="0" time="72.964" errors="0">
<testcase name="Task Management Tests › should display dashboard with tasks" classname="task-management.spec.ts" time="1.198">
</testcase>
<testcase name="Task Management Tests › should display task cards" classname="task-management.spec.ts" time="1.541">
</testcase>
<testcase name="Task Management Tests › should show task details" classname="task-management.spec.ts" time="2.458">
</testcase>
<testcase name="Task Management Tests › should filter tasks by status" classname="task-management.spec.ts" time="1.336">
</testcase>
<testcase name="Task Management Tests › should show task progress bars" classname="task-management.spec.ts" time="1.214">
</testcase>
<testcase name="Task Management Tests › should display task assignees" classname="task-management.spec.ts" time="1.431">
</testcase>
<testcase name="Task Management Tests › should show overdue tasks with warning" classname="task-management.spec.ts" time="1.393">
</testcase>
<testcase name="Task Management Tests › should display quick stats sidebar" classname="task-management.spec.ts" time="1.371">
</testcase>
<testcase name="Task Management Tests › should show completed tasks section" classname="task-management.spec.ts" time="1.508">
</testcase>
<testcase name="Task Management Tests › should display task tags" classname="task-management.spec.ts" time="1.418">
</testcase>
<testcase name="Task Creation › should show create task button" classname="task-management.spec.ts" time="1.268">
</testcase>
<testcase name="Task Creation › should be able to click create task button" classname="task-management.spec.ts" time="1.573">
</testcase>
<testcase name="Task Creation › should show new task button in sidebar" classname="task-management.spec.ts" time="1.483">
</testcase>
<testcase name="Task Creation › should be able to click sidebar new task button" classname="task-management.spec.ts" time="1.485">
</testcase>
<testcase name="Task Edit Operations › should open edit task dialog" classname="task-management.spec.ts" time="1.535">
</testcase>
<testcase name="Task Edit Operations › should edit task title" classname="task-management.spec.ts" time="1.544">
</testcase>
<testcase name="Task Edit Operations › should edit task description" classname="task-management.spec.ts" time="1.521">
</testcase>
<testcase name="Task Edit Operations › should edit task priority" classname="task-management.spec.ts" time="1.499">
</testcase>
<testcase name="Task Edit Operations › should edit task due date" classname="task-management.spec.ts" time="1.405">
</testcase>
<testcase name="Task Edit Operations › should edit task assignee" classname="task-management.spec.ts" time="1.42">
</testcase>
<testcase name="Task Edit Operations › should cancel task edit" classname="task-management.spec.ts" time="1.389">
</testcase>
<testcase name="Task Edit Operations › should validate required fields when editing" classname="task-management.spec.ts" time="1.548">
</testcase>
<testcase name="Task Completion Operations › should mark task as complete" classname="task-management.spec.ts" time="1.694">
</testcase>
<testcase name="Task Completion Operations › should show completion animation" classname="task-management.spec.ts" time="1.53">
</testcase>
<testcase name="Task Completion Operations › should unmark task as complete" classname="task-management.spec.ts" time="1.518">
</testcase>
<testcase name="Task Completion Operations › should update completion statistics" classname="task-management.spec.ts" time="1.307">
</testcase>
<testcase name="Task Completion Operations › should show completed date" classname="task-management.spec.ts" time="1.542">
</testcase>
<testcase name="Task Completion Operations › should update progress bars on completion" classname="task-management.spec.ts" time="1.548">
</testcase>
<testcase name="Task Deletion Operations › should show delete button on task" classname="task-management.spec.ts" time="1.429">
</testcase>
<testcase name="Task Deletion Operations › should show delete confirmation dialog" classname="task-management.spec.ts" time="1.449">
</testcase>
<testcase name="Task Deletion Operations › should delete task on confirmation" classname="task-management.spec.ts" time="1.5">
</testcase>
<testcase name="Task Deletion Operations › should cancel task deletion" classname="task-management.spec.ts" time="1.825">
</testcase>
<testcase name="Task Deletion Operations › should show delete animation" classname="task-management.spec.ts" time="1.256">
</testcase>
<testcase name="Task Deletion Operations › should update statistics after deletion" classname="task-management.spec.ts" time="1.12">
</testcase>
<testcase name="Task Deletion Operations › should support bulk delete" classname="task-management.spec.ts" time="1.12">
</testcase>
<testcase name="Task Search and Filter Operations › should show search bar" classname="task-management.spec.ts" time="1.137">
</testcase>
<testcase name="Task Search and Filter Operations › should search tasks by title" classname="task-management.spec.ts" time="1.141">
</testcase>
<testcase name="Task Search and Filter Operations › should search tasks by description" classname="task-management.spec.ts" time="1.127">
</testcase>
<testcase name="Task Search and Filter Operations › should show &quot;no results&quot; message" classname="task-management.spec.ts" time="1.16">
</testcase>
<testcase name="Task Search and Filter Operations › should clear search" classname="task-management.spec.ts" time="1.139">
</testcase>
<testcase name="Task Search and Filter Operations › should filter by priority" classname="task-management.spec.ts" time="1.297">
</testcase>
<testcase name="Task Search and Filter Operations › should filter by assignee" classname="task-management.spec.ts" time="1.617">
</testcase>
<testcase name="Task Search and Filter Operations › should filter by due date" classname="task-management.spec.ts" time="1.39">
</testcase>
<testcase name="Task Search and Filter Operations › should combine multiple filters" classname="task-management.spec.ts" time="1.383">
</testcase>
<testcase name="Task Search and Filter Operations › should show filter count" classname="task-management.spec.ts" time="1.348">
</testcase>
<testcase name="Task Search and Filter Operations › should persist filters" classname="task-management.spec.ts" time="2.398">
</testcase>
<testcase name="Task Interactions › should show task menu on hover" classname="task-management.spec.ts" time="2.751">
</testcase>
<testcase name="Task Interactions › should display task statistics" classname="task-management.spec.ts" time="1.493">
</testcase>
<testcase name="Task Interactions › should show productivity metrics" classname="task-management.spec.ts" time="1.323">
</testcase>
<testcase name="Error Handling - Tasks › should handle empty task list gracefully" classname="task-management.spec.ts" time="0.444">
</testcase>
<testcase name="Error Handling - Tasks › should handle missing task data" classname="task-management.spec.ts" time="0.44">
</testcase>
</testsuite>
<testsuite name="accessibility.spec.ts" timestamp="2026-01-23T13:20:25.002Z" hostname="Mobile Chrome" tests="13" failures="1" skipped="0" time="17.289" errors="0">
<testcase name="Accessibility Tests › Dashboard should not have accessibility violations" classname="accessibility.spec.ts" time="1.733">
</testcase>
<testcase name="Accessibility Tests › should have proper heading hierarchy" classname="accessibility.spec.ts" time="6.268">
<failure message="accessibility.spec.ts:29:3 should have proper heading hierarchy" type="FAILURE">
<![CDATA[  [Mobile Chrome] › accessibility.spec.ts:29:3 › Accessibility Tests › should have proper heading hierarchy 

    Error: expect(locator).toBeVisible() failed

    Locator:  locator('h1').first()
    Expected: visible
    Received: hidden
    Timeout:  5000ms

    Call log:
      - Expect "toBeVisible" with timeout 5000ms
      - waiting for locator('h1').first()
        9 × locator resolved to <h1 class="text-lg md:text-2xl font-bold hidden sm:block">Component Showcase</h1>
          - unexpected value "hidden"


      34 |     // Check for h1
      35 |     const h1 = page.locator('h1')
    > 36 |     await expect(h1.first()).toBeVisible()
         |                              ^
      37 |     
      38 |     // Check for h2 or h3 after h1
      39 |     const h2 = page.locator('h2')
        at /Users/dsahanovici/CURSOR_AI_DEMO/qa-automation/tests/e2e/frontend/accessibility.spec.ts:36:30

    attachment #1: screenshot (image/png) ──────────────────────────────────────────────────────────
    ../../../../test-results/accessibility-Accessibilit-30286-ve-proper-heading-hierarchy-Mobile-Chrome/test-failed-1.png
    ────────────────────────────────────────────────────────────────────────────────────────────────

    attachment #2: video (video/webm) ──────────────────────────────────────────────────────────────
    ../../../../test-results/accessibility-Accessibilit-30286-ve-proper-heading-hierarchy-Mobile-Chrome/video.webm
    ────────────────────────────────────────────────────────────────────────────────────────────────

    Error Context: ../../../../test-results/accessibility-Accessibilit-30286-ve-proper-heading-hierarchy-Mobile-Chrome/error-context.md
]]>
</failure>
<system-out>
<![CDATA[
[[ATTACHMENT|accessibility-Accessibilit-30286-ve-proper-heading-hierarchy-Mobile-Chrome/test-failed-1.png]]

[[ATTACHMENT|accessibility-Accessibilit-30286-ve-proper-heading-hierarchy-Mobile-Chrome/video.webm]]

[[ATTACHMENT|accessibility-Accessibilit-30286-ve-proper-heading-hierarchy-Mobile-Chrome/error-context.md]]
]]>
</system-out>
</testcase>
<testcase name="Accessibility Tests › should have proper ARIA labels" classname="accessibility.spec.ts" time="1.766">
</testcase>
<testcase name="Accessibility Tests › should have proper role attributes" classname="accessibility.spec.ts" time="0.436">
</testcase>
<testcase name="Accessibility Tests › should be keyboard navigable" classname="accessibility.spec.ts" time="0.443">
</testcase>
<testcase name="Accessibility Tests › should support screen readers with alt text" classname="accessibility.spec.ts" time="1.129">
</testcase>
<testcase name="Accessibility Tests › should have proper form labels" classname="accessibility.spec.ts" time="0.399">
</testcase>
<testcase name="Accessibility Tests › should have proper button labels" classname="accessibility.spec.ts" time="1.108">
</testcase>
<testcase name="Accessibility Tests › should have proper color contrast" classname="accessibility.spec.ts" time="1.251">
</testcase>
<testcase name="Accessibility Tests › should support dark mode" classname="accessibility.spec.ts" time="0.894">
</testcase>
<testcase name="Accessibility Tests › Analytics Dashboard should not have accessibility violations" classname="accessibility.spec.ts" time="1.086">
</testcase>
<testcase name="Accessibility - Navigation › sidebar should be accessible" classname="accessibility.spec.ts" time="0.405">
</testcase>
<testcase name="Accessibility - Navigation › should have skip to main content link" classname="accessibility.spec.ts" time="0.371">
</testcase>
</testsuite>
<testsuite name="auth.spec.ts" timestamp="2026-01-23T13:20:25.002Z" hostname="Mobile Chrome" tests="28" failures="2" skipped="0" time="18.057" errors="0">
<testcase name="Authentication Tests - User Registration › should display registration form" classname="auth.spec.ts" time="1.42">
</testcase>
<testcase name="Authentication Tests - User Registration › should validate registration form fields" classname="auth.spec.ts" time="0.453">
</testcase>
<testcase name="Authentication Tests - User Registration › should register new user with valid data" classname="auth.spec.ts" time="1.107">
</testcase>
<testcase name="Authentication Tests - User Registration › should show error for duplicate email" classname="auth.spec.ts" time="0.316">
</testcase>
<testcase name="Authentication Tests - User Registration › should require strong password" classname="auth.spec.ts" time="0.323">
</testcase>
<testcase name="Authentication Tests - User Registration › should validate email format" classname="auth.spec.ts" time="0.29">
</testcase>
<testcase name="Authentication Tests - Login › should display login state" classname="auth.spec.ts" time="0.4">
</testcase>
<testcase name="Authentication Tests - Login › should login with valid credentials" classname="auth.spec.ts" time="0.433">
</testcase>
<testcase name="Authentication Tests - Login › should reject login with invalid email" classname="auth.spec.ts" time="0.412">
</testcase>
<testcase name="Authentication Tests - Login › should reject login with incorrect password" classname="auth.spec.ts" time="0.425">
</testcase>
<testcase name="Authentication Tests - Login › should reject login with non-existent user" classname="auth.spec.ts" time="0.426">
</testcase>
<testcase name="Authentication Tests - Login › should show password visibility toggle" classname="auth.spec.ts" time="0.45">
</testcase>
<testcase name="Authentication Tests - Login › should handle case-sensitive passwords" classname="auth.spec.ts" time="0.429">
</testcase>
<testcase name="Authentication Tests - Login › should show loading state during login" classname="auth.spec.ts" time="0.42">
</testcase>
<testcase name="Authentication Tests - Login › should show user information" classname="auth.spec.ts" time="0.481">
</testcase>
<testcase name="Authentication Tests - Login › should navigate to profile settings" classname="auth.spec.ts" time="0.488">
</testcase>
<testcase name="Authentication Tests - Login › should logout successfully" classname="auth.spec.ts" time="0.481">
</testcase>
<testcase name="Authentication Tests - Login › should show logout button in mobile menu" classname="auth.spec.ts" time="1.164">
</testcase>
<testcase name="Authentication Tests - Session Persistence › should persist session after page reload" classname="auth.spec.ts" time="2.06">
<failure message="auth.spec.ts:212:3 should persist session after page reload" type="FAILURE">
<![CDATA[  [Mobile Chrome] › auth.spec.ts:212:3 › Authentication Tests - Session Persistence › should persist session after page reload 

    Error: expect(received).toBeTruthy()

    Received: false

      229 |     // On mobile, user menu might be in different location
      230 |     const userMenuExists = await page.locator('[aria-label="User menu"]').count() > 0
    > 231 |     expect(userMenuExists).toBeTruthy()
          |                            ^
      232 |   })
      233 |
      234 |   test('should persist session in localStorage', async ({ page }) => {
        at /Users/dsahanovici/CURSOR_AI_DEMO/qa-automation/tests/e2e/frontend/auth.spec.ts:231:28

    attachment #1: screenshot (image/png) ──────────────────────────────────────────────────────────
    ../../../../test-results/auth-Authentication-Tests--e6fb9-t-session-after-page-reload-Mobile-Chrome/test-failed-1.png
    ────────────────────────────────────────────────────────────────────────────────────────────────

    attachment #2: video (video/webm) ──────────────────────────────────────────────────────────────
    ../../../../test-results/auth-Authentication-Tests--e6fb9-t-session-after-page-reload-Mobile-Chrome/video.webm
    ────────────────────────────────────────────────────────────────────────────────────────────────

    Error Context: ../../../../test-results/auth-Authentication-Tests--e6fb9-t-session-after-page-reload-Mobile-Chrome/error-context.md
]]>
</failure>
<system-out>
<![CDATA[
[[ATTACHMENT|auth-Authentication-Tests--e6fb9-t-session-after-page-reload-Mobile-Chrome/test-failed-1.png]]

[[ATTACHMENT|auth-Authentication-Tests--e6fb9-t-session-after-page-reload-Mobile-Chrome/video.webm]]

[[ATTACHMENT|auth-Authentication-Tests--e6fb9-t-session-after-page-reload-Mobile-Chrome/error-context.md]]
]]>
</system-out>
</testcase>
<testcase name="Authentication Tests - Session Persistence › should persist session in localStorage" classname="auth.spec.ts" time="0.43">
</testcase>
<testcase name="Authentication Tests - Session Persistence › should maintain session across tabs" classname="auth.spec.ts" time="0.56">
</testcase>
<testcase name="Authentication Tests - Session Persistence › should clear session on logout" classname="auth.spec.ts" time="0.936">
</testcase>
<testcase name="Authentication Tests - Session Persistence › should handle session expiration" classname="auth.spec.ts" time="0.384">
</testcase>
<testcase name="Authentication Tests - Session Persistence › should refresh session on activity" classname="auth.spec.ts" time="1.302">
<failure message="auth.spec.ts:298:3 should refresh session on activity" type="FAILURE">
<![CDATA[  [Mobile Chrome] › auth.spec.ts:298:3 › Authentication Tests - Session Persistence › should refresh session on activity 

    Error: expect(received).toBeTruthy()

    Received: false

      315 |     // Session should still be active
      316 |     const profileDropdownExists = await page.locator('[aria-label="User menu"]').count() > 0
    > 317 |     expect(profileDropdownExists).toBeTruthy()
          |                                   ^
      318 |   })
      319 |
      320 |   test('should remember "Remember Me" preference', async ({ page }) => {
        at /Users/dsahanovici/CURSOR_AI_DEMO/qa-automation/tests/e2e/frontend/auth.spec.ts:317:35

    attachment #1: screenshot (image/png) ──────────────────────────────────────────────────────────
    ../../../../test-results/auth-Authentication-Tests--e7c48-refresh-session-on-activity-Mobile-Chrome/test-failed-1.png
    ────────────────────────────────────────────────────────────────────────────────────────────────

    attachment #2: video (video/webm) ──────────────────────────────────────────────────────────────
    ../../../../test-results/auth-Authentication-Tests--e7c48-refresh-session-on-activity-Mobile-Chrome/video.webm
    ────────────────────────────────────────────────────────────────────────────────────────────────

    Error Context: ../../../../test-results/auth-Authentication-Tests--e7c48-refresh-session-on-activity-Mobile-Chrome/error-context.md
]]>
</failure>
<system-out>
<![CDATA[
[[ATTACHMENT|auth-Authentication-Tests--e7c48-refresh-session-on-activity-Mobile-Chrome/test-failed-1.png]]

[[ATTACHMENT|auth-Authentication-Tests--e7c48-refresh-session-on-activity-Mobile-Chrome/video.webm]]

[[ATTACHMENT|auth-Authentication-Tests--e7c48-refresh-session-on-activity-Mobile-Chrome/error-context.md]]
]]>
</system-out>
</testcase>
<testcase name="Authentication Tests - Session Persistence › should remember &quot;Remember Me&quot; preference" classname="auth.spec.ts" time="0.382">
</testcase>
<testcase name="Authentication Tests - Session Persistence › should handle concurrent sessions" classname="auth.spec.ts" time="0.544">
</testcase>
<testcase name="Authentication Tests - Session Persistence › should restore user preferences from session" classname="auth.spec.ts" time="1.136">
</testcase>
<testcase name="Error Handling - Authentication › should handle missing user gracefully" classname="auth.spec.ts" time="0.405">
</testcase>
</testsuite>
<testsuite name="error-handling.spec.ts" timestamp="2026-01-23T13:20:25.002Z" hostname="Mobile Chrome" tests="22" failures="1" skipped="0" time="49.026" errors="0">
<testcase name="Error Handling Tests › should handle network errors gracefully" classname="error-handling.spec.ts" time="0.255">
</testcase>
<testcase name="Error Handling Tests › should handle missing data gracefully" classname="error-handling.spec.ts" time="0.363">
</testcase>
<testcase name="Error Handling Tests › should handle malformed data" classname="error-handling.spec.ts" time="0.269">
</testcase>
<testcase name="Error Handling Tests › should handle console errors gracefully" classname="error-handling.spec.ts" time="1.095">
</testcase>
<testcase name="Error Handling Tests › should handle page navigation errors" classname="error-handling.spec.ts" time="0.467">
</testcase>
<testcase name="Error Handling Tests › should handle rapid navigation" classname="error-handling.spec.ts" time="0.547">
</testcase>
<testcase name="Error Handling Tests › should handle invalid viewport sizes" classname="error-handling.spec.ts" time="0.871">
</testcase>
<testcase name="Error Handling Tests › should handle missing images gracefully" classname="error-handling.spec.ts" time="1.138">
</testcase>
<testcase name="Error Handling Tests › should handle localStorage errors" classname="error-handling.spec.ts" time="0.414">
</testcase>
<testcase name="Error Handling Tests › should handle dark mode toggle errors" classname="error-handling.spec.ts" time="0.724">
</testcase>
<testcase name="Error Handling Tests › should handle sidebar toggle errors" classname="error-handling.spec.ts" time="1.894">
</testcase>
<testcase name="Error Handling Tests › should handle filter changes gracefully" classname="error-handling.spec.ts" time="30.559">
<failure message="error-handling.spec.ts:157:3 should handle filter changes gracefully" type="FAILURE">
<![CDATA[  [Mobile Chrome] › error-handling.spec.ts:157:3 › Error Handling Tests › should handle filter changes gracefully 

    Test timeout of 30000ms exceeded.

    Error: locator.selectOption: Test timeout of 30000ms exceeded.
    Call log:
      - waiting for locator('select').first()
        - locator resolved to <select class="w-full px-3 py-2 text-sm border border-gray-300 dark:border-gray-600 bg-white dark:bg-gray-700 text-gray-900 dark:text-white rounded-lg focus:ring-2 focus:ring-blue-500 focus:border-transparent">…</select>
      - attempting select option action
        2 × waiting for element to be visible and enabled
          - element is not visible
        - retrying select option action
        - waiting 20ms
        2 × waiting for element to be visible and enabled
          - element is not visible
        - retrying select option action
          - waiting 100ms
        59 × waiting for element to be visible and enabled
           - element is not visible
         - retrying select option action
           - waiting 500ms


      162 |     // Try changing filters
      163 |     const categoryFilter = page.locator('select').first()
    > 164 |     await categoryFilter.selectOption({ index: 1 })
          |                          ^
      165 |     
      166 |     // Page should still render
      167 |     await expect(page.locator('text=Analytics Dashboard')).toBeVisible()
        at /Users/dsahanovici/CURSOR_AI_DEMO/qa-automation/tests/e2e/frontend/error-handling.spec.ts:164:26

    attachment #1: screenshot (image/png) ──────────────────────────────────────────────────────────
    ../../../../test-results/error-handling-Error-Handl-e52f3-e-filter-changes-gracefully-Mobile-Chrome/test-failed-1.png
    ────────────────────────────────────────────────────────────────────────────────────────────────

    attachment #2: video (video/webm) ──────────────────────────────────────────────────────────────
    ../../../../test-results/error-handling-Error-Handl-e52f3-e-filter-changes-gracefully-Mobile-Chrome/video.webm
    ────────────────────────────────────────────────────────────────────────────────────────────────

    Error Context: ../../../../test-results/error-handling-Error-Handl-e52f3-e-filter-changes-gracefully-Mobile-Chrome/error-context.md
]]>
</failure>
<system-out>
<![CDATA[
[[ATTACHMENT|error-handling-Error-Handl-e52f3-e-filter-changes-gracefully-Mobile-Chrome/test-failed-1.png]]

[[ATTACHMENT|error-handling-Error-Handl-e52f3-e-filter-changes-gracefully-Mobile-Chrome/video.webm]]

[[ATTACHMENT|error-handling-Error-Handl-e52f3-e-filter-changes-gracefully-Mobile-Chrome/error-context.md]]
]]>
</system-out>
</testcase>
<testcase name="Error Handling Tests › should handle table sorting errors" classname="error-handling.spec.ts" time="1.564">
</testcase>
<testcase name="Error Handling Tests › should handle pagination errors" classname="error-handling.spec.ts" time="1.424">
</testcase>
<testcase name="Error Handling Tests › should recover from JavaScript errors" classname="error-handling.spec.ts" time="2.075">
</testcase>
<testcase name="Error Handling Tests › should handle search functionality errors" classname="error-handling.spec.ts" time="0.342">
</testcase>
<testcase name="Error Handling Tests › should handle notification errors" classname="error-handling.spec.ts" time="0.386">
</testcase>
<testcase name="Error Handling - Forms › should handle empty form submission" classname="error-handling.spec.ts" time="0.691">
</testcase>
<testcase name="Error Handling - Forms › should handle invalid date ranges" classname="error-handling.spec.ts" time="1.284">
</testcase>
<testcase name="Error Handling - UI Components › should handle dropdown errors" classname="error-handling.spec.ts" time="1.011">
</testcase>
<testcase name="Error Handling - UI Components › should handle tooltip errors" classname="error-handling.spec.ts" time="1.284">
</testcase>
<testcase name="Error Handling - UI Components › should handle modal errors" classname="error-handling.spec.ts" time="0.369">
</testcase>
</testsuite>
<testsuite name="navigation.spec.ts" timestamp="2026-01-23T13:20:25.002Z" hostname="Mobile Chrome" tests="19" failures="2" skipped="0" time="33.939" errors="0">
<testcase name="Navigation Tests › should navigate between pages" classname="navigation.spec.ts" time="0.976">
</testcase>
<testcase name="Navigation Tests › should maintain state when navigating" classname="navigation.spec.ts" time="1.262">
</testcase>
<testcase name="Navigation Tests › should handle rapid navigation" classname="navigation.spec.ts" time="2.033">
</testcase>
<testcase name="Navigation Tests › should navigate using keyboard" classname="navigation.spec.ts" time="1.009">
</testcase>
<testcase name="Navigation Tests › should show active page indicator" classname="navigation.spec.ts" time="1.416">
</testcase>
<testcase name="Navigation Tests › should navigate from sidebar on desktop" classname="navigation.spec.ts" time="2.82">
</testcase>
<testcase name="Navigation Tests › should navigate from mobile menu" classname="navigation.spec.ts" time="3.313">
</testcase>
<testcase name="Navigation Tests › should handle browser back button" classname="navigation.spec.ts" time="2.463">
</testcase>
<testcase name="Navigation Tests › should handle browser forward button" classname="navigation.spec.ts" time="2.509">
</testcase>
<testcase name="Navigation Tests › should preserve scroll position on back navigation" classname="navigation.spec.ts" time="2.151">
</testcase>
<testcase name="Breadcrumb Navigation › should display breadcrumb trail" classname="navigation.spec.ts" time="1.293">
</testcase>
<testcase name="Breadcrumb Navigation › should show current page in navigation" classname="navigation.spec.ts" time="0.693">
</testcase>
<testcase name="Breadcrumb Navigation › should update page title on navigation" classname="navigation.spec.ts" time="1.396">
</testcase>
<testcase name="Navigation - Error Handling › should handle invalid routes gracefully" classname="navigation.spec.ts" time="0.237">
</testcase>
<testcase name="Navigation - Error Handling › should handle navigation during loading" classname="navigation.spec.ts" time="1.173">
</testcase>
<testcase name="Navigation - Error Handling › should handle navigation with network issues" classname="navigation.spec.ts" time="1.147">
</testcase>
<testcase name="Navigation - Accessibility › should have accessible navigation landmark" classname="navigation.spec.ts" time="0.71">
<failure message="navigation.spec.ts:288:3 should have accessible navigation landmark" type="FAILURE">
<![CDATA[  [Mobile Chrome] › navigation.spec.ts:288:3 › Navigation - Accessibility › should have accessible navigation landmark 

    Error: expect(received).toBeGreaterThanOrEqual(expected)

    Expected: >= 1
    Received:    0

      296 |     // Check for navigation role
      297 |     const navRole = page.locator('[role="navigation"]')
    > 298 |     expect(await navRole.count()).toBeGreaterThanOrEqual(1)
          |                                   ^
      299 |   })
      300 |
      301 |   test('should have skip navigation link', async ({ page }) => {
        at /Users/dsahanovici/CURSOR_AI_DEMO/qa-automation/tests/e2e/frontend/navigation.spec.ts:298:35

    attachment #1: screenshot (image/png) ──────────────────────────────────────────────────────────
    ../../../../test-results/navigation-Navigation---Ac-c92fc-essible-navigation-landmark-Mobile-Chrome/test-failed-1.png
    ────────────────────────────────────────────────────────────────────────────────────────────────

    attachment #2: video (video/webm) ──────────────────────────────────────────────────────────────
    ../../../../test-results/navigation-Navigation---Ac-c92fc-essible-navigation-landmark-Mobile-Chrome/video.webm
    ────────────────────────────────────────────────────────────────────────────────────────────────

    Error Context: ../../../../test-results/navigation-Navigation---Ac-c92fc-essible-navigation-landmark-Mobile-Chrome/error-context.md
]]>
</failure>
<system-out>
<![CDATA[
[[ATTACHMENT|navigation-Navigation---Ac-c92fc-essible-navigation-landmark-Mobile-Chrome/test-failed-1.png]]

[[ATTACHMENT|navigation-Navigation---Ac-c92fc-essible-navigation-landmark-Mobile-Chrome/video.webm]]

[[ATTACHMENT|navigation-Navigation---Ac-c92fc-essible-navigation-landmark-Mobile-Chrome/error-context.md]]
]]>
</system-out>
</testcase>
<testcase name="Navigation - Accessibility › should have skip navigation link" classname="navigation.spec.ts" time="0.381">
</testcase>
<testcase name="Navigation - Accessibility › should announce page changes to screen readers" classname="navigation.spec.ts" time="6.957">
<failure message="navigation.spec.ts:313:3 should announce page changes to screen readers" type="FAILURE">
<![CDATA[  [Mobile Chrome] › navigation.spec.ts:313:3 › Navigation - Accessibility › should announce page changes to screen readers 

    Error: expect(locator).toBeVisible() failed

    Locator:  locator('h1').first()
    Expected: visible
    Received: hidden
    Timeout:  5000ms

    Call log:
      - Expect "toBeVisible" with timeout 5000ms
      - waiting for locator('h1').first()
        9 × locator resolved to <h1 class="text-lg md:text-2xl font-bold hidden sm:block">Component Showcase</h1>
          - unexpected value "hidden"


      318 |     // Check if main content has proper heading
      319 |     const h1 = page.locator('h1')
    > 320 |     await expect(h1.first()).toBeVisible()
          |                              ^
      321 |     
      322 |     // H1 should announce the current page
      323 |     const heading = await h1.first().textContent()
        at /Users/dsahanovici/CURSOR_AI_DEMO/qa-automation/tests/e2e/frontend/navigation.spec.ts:320:30

    attachment #1: screenshot (image/png) ──────────────────────────────────────────────────────────
    ../../../../test-results/navigation-Navigation---Ac-4468f-e-changes-to-screen-readers-Mobile-Chrome/test-failed-1.png
    ────────────────────────────────────────────────────────────────────────────────────────────────

    attachment #2: video (video/webm) ──────────────────────────────────────────────────────────────
    ../../../../test-results/navigation-Navigation---Ac-4468f-e-changes-to-screen-readers-Mobile-Chrome/video.webm
    ────────────────────────────────────────────────────────────────────────────────────────────────

    Error Context: ../../../../test-results/navigation-Navigation---Ac-4468f-e-changes-to-screen-readers-Mobile-Chrome/error-context.md
]]>
</failure>
<system-out>
<![CDATA[
[[ATTACHMENT|navigation-Navigation---Ac-4468f-e-changes-to-screen-readers-Mobile-Chrome/test-failed-1.png]]

[[ATTACHMENT|navigation-Navigation---Ac-4468f-e-changes-to-screen-readers-Mobile-Chrome/video.webm]]

[[ATTACHMENT|navigation-Navigation---Ac-4468f-e-changes-to-screen-readers-Mobile-Chrome/error-context.md]]
]]>
</system-out>
</testcase>
</testsuite>
<testsuite name="product-search.spec.ts" timestamp="2026-01-23T13:20:25.002Z" hostname="Mobile Chrome" tests="47" failures="2" skipped="0" time="102.061" errors="0">
<testcase name="Product Search &amp; Filter Tests › Initial Page Load › should display all products on initial load" classname="product-search.spec.ts" time="2.045">
</testcase>
<testcase name="Product Search &amp; Filter Tests › Initial Page Load › should display filter options" classname="product-search.spec.ts" time="1.336">
</testcase>
<testcase name="Product Search &amp; Filter Tests › Initial Page Load › should display sort dropdown" classname="product-search.spec.ts" time="1.537">
</testcase>
<testcase name="Product Search &amp; Filter Tests › Initial Page Load › should display cart counter" classname="product-search.spec.ts" time="2.001">
</testcase>
<testcase name="Product Search &amp; Filter Tests › Category Filtering › should filter products by &quot;On Sale&quot;" classname="product-search.spec.ts" time="2.292">
</testcase>
<testcase name="Product Search &amp; Filter Tests › Category Filtering › should filter products by &quot;Bestsellers&quot;" classname="product-search.spec.ts" time="1.406">
</testcase>
<testcase name="Product Search &amp; Filter Tests › Category Filtering › should filter products by &quot;New Arrivals&quot;" classname="product-search.spec.ts" time="1.429">
</testcase>
<testcase name="Product Search &amp; Filter Tests › Category Filtering › should filter products by &quot;In Stock&quot;" classname="product-search.spec.ts" time="1.431">
</testcase>
<testcase name="Product Search &amp; Filter Tests › Category Filtering › should reset filter when clicking &quot;All Products&quot;" classname="product-search.spec.ts" time="1.718">
</testcase>
<testcase name="Product Search &amp; Filter Tests › Category Filtering › should maintain only one active filter at a time" classname="product-search.spec.ts" time="1.653">
</testcase>
<testcase name="Product Search &amp; Filter Tests › Sort Functionality › should sort products by &quot;Price: Low to High&quot;" classname="product-search.spec.ts" time="1.532">
</testcase>
<testcase name="Product Search &amp; Filter Tests › Sort Functionality › should sort products by &quot;Price: High to Low&quot;" classname="product-search.spec.ts" time="1.465">
</testcase>
<testcase name="Product Search &amp; Filter Tests › Sort Functionality › should sort products by &quot;Highest Rated&quot;" classname="product-search.spec.ts" time="1.463">
</testcase>
<testcase name="Product Search &amp; Filter Tests › Sort Functionality › should maintain sort when changing filters" classname="product-search.spec.ts" time="1.947">
</testcase>
<testcase name="Product Search &amp; Filter Tests › Sort Functionality › should reset to featured sort" classname="product-search.spec.ts" time="1.779">
</testcase>
<testcase name="Product Search &amp; Filter Tests › Combined Filters and Sort › should apply filter and sort together" classname="product-search.spec.ts" time="1.83">
</testcase>
<testcase name="Product Search &amp; Filter Tests › Combined Filters and Sort › should update count when combining filters" classname="product-search.spec.ts" time="1.544">
</testcase>
<testcase name="Product Search &amp; Filter Tests › Empty Results State › should show empty state when no products match filter" classname="product-search.spec.ts" time="2.166">
</testcase>
<testcase name="Product Search &amp; Filter Tests › Empty Results State › should reset filters from empty state" classname="product-search.spec.ts" time="1.456">
</testcase>
<testcase name="Product Search &amp; Filter Tests › Empty Results State › should show appropriate empty state icon" classname="product-search.spec.ts" time="1.488">
</testcase>
<testcase name="Product Search &amp; Filter Tests › Product Card Interactions › should add product to cart" classname="product-search.spec.ts" time="7.039">
<failure message="product-search.spec.ts:336:5 should add product to cart" type="FAILURE">
<![CDATA[  [Mobile Chrome] › product-search.spec.ts:336:5 › Product Search & Filter Tests › Product Card Interactions › should add product to cart 

    Error: expect(locator).toHaveText(expected) failed

    Locator:  locator('span.bg-red-500').first()
    Expected: "1"
    Received: "-29%"
    Timeout:  5000ms

    Call log:
      - Expect "toHaveText" with timeout 5000ms
      - waiting for locator('span.bg-red-500').first()
        9 × locator resolved to <span class="bg-red-500 text-white text-xs font-bold px-3 py-1 rounded-full shadow-md">-29%</span>
          - unexpected value "-29%"


      348 |       const cartBadge = page.locator('span.bg-red-500').first()
      349 |       await expect(cartBadge).toBeVisible()
    > 350 |       await expect(cartBadge).toHaveText('1')
          |                               ^
      351 |     })
      352 |
      353 |     test('should add multiple products to cart', async ({ page }) => {
        at /Users/dsahanovici/CURSOR_AI_DEMO/qa-automation/tests/e2e/frontend/product-search.spec.ts:350:31

    attachment #1: screenshot (image/png) ──────────────────────────────────────────────────────────
    ../../../../test-results/product-search-Product-Sea-45b94--should-add-product-to-cart-Mobile-Chrome/test-failed-1.png
    ────────────────────────────────────────────────────────────────────────────────────────────────

    attachment #2: video (video/webm) ──────────────────────────────────────────────────────────────
    ../../../../test-results/product-search-Product-Sea-45b94--should-add-product-to-cart-Mobile-Chrome/video.webm
    ────────────────────────────────────────────────────────────────────────────────────────────────

    Error Context: ../../../../test-results/product-search-Product-Sea-45b94--should-add-product-to-cart-Mobile-Chrome/error-context.md
]]>
</failure>
<system-out>
<![CDATA[
[[ATTACHMENT|product-search-Product-Sea-45b94--should-add-product-to-cart-Mobile-Chrome/test-failed-1.png]]

[[ATTACHMENT|product-search-Product-Sea-45b94--should-add-product-to-cart-Mobile-Chrome/video.webm]]

[[ATTACHMENT|product-search-Product-Sea-45b94--should-add-product-to-cart-Mobile-Chrome/error-context.md]]
]]>
</system-out>
</testcase>
<testcase name="Product Search &amp; Filter Tests › Product Card Interactions › should add multiple products to cart" classname="product-search.spec.ts" time="7.647">
<failure message="product-search.spec.ts:353:5 should add multiple products to cart" type="FAILURE">
<![CDATA[  [Mobile Chrome] › product-search.spec.ts:353:5 › Product Search & Filter Tests › Product Card Interactions › should add multiple products to cart 

    Error: expect(locator).toHaveText(expected) failed

    Locator:  locator('span.bg-red-500').first()
    Expected: "2"
    Received: "-29%"
    Timeout:  5000ms

    Call log:
      - Expect "toHaveText" with timeout 5000ms
      - waiting for locator('span.bg-red-500').first()
        9 × locator resolved to <span class="bg-red-500 text-white text-xs font-bold px-3 py-1 rounded-full shadow-md">-29%</span>
          - unexpected value "-29%"


      365 |       // Verify cart count
      366 |       const cartBadge = page.locator('span.bg-red-500').first()
    > 367 |       await expect(cartBadge).toHaveText('2')
          |                               ^
      368 |     })
      369 |
      370 |     test('should show loading state when adding to cart', async ({ page }) => {
        at /Users/dsahanovici/CURSOR_AI_DEMO/qa-automation/tests/e2e/frontend/product-search.spec.ts:367:31

    attachment #1: screenshot (image/png) ──────────────────────────────────────────────────────────
    ../../../../test-results/product-search-Product-Sea-47eef-d-multiple-products-to-cart-Mobile-Chrome/test-failed-1.png
    ────────────────────────────────────────────────────────────────────────────────────────────────

    attachment #2: video (video/webm) ──────────────────────────────────────────────────────────────
    ../../../../test-results/product-search-Product-Sea-47eef-d-multiple-products-to-cart-Mobile-Chrome/video.webm
    ────────────────────────────────────────────────────────────────────────────────────────────────

    Error Context: ../../../../test-results/product-search-Product-Sea-47eef-d-multiple-products-to-cart-Mobile-Chrome/error-context.md
]]>
</failure>
<system-out>
<![CDATA[
[[ATTACHMENT|product-search-Product-Sea-47eef-d-multiple-products-to-cart-Mobile-Chrome/test-failed-1.png]]

[[ATTACHMENT|product-search-Product-Sea-47eef-d-multiple-products-to-cart-Mobile-Chrome/video.webm]]

[[ATTACHMENT|product-search-Product-Sea-47eef-d-multiple-products-to-cart-Mobile-Chrome/error-context.md]]
]]>
</system-out>
</testcase>
<testcase name="Product Search &amp; Filter Tests › Product Card Interactions › should show loading state when adding to cart" classname="product-search.spec.ts" time="1.92">
</testcase>
<testcase name="Product Search &amp; Filter Tests › Product Card Interactions › should toggle favorite on product" classname="product-search.spec.ts" time="2.401">
</testcase>
<testcase name="Product Search &amp; Filter Tests › Product Card Interactions › should show quick view on hover" classname="product-search.spec.ts" time="2.986">
</testcase>
<testcase name="Product Search &amp; Filter Tests › Product Information Display › should display product title and description" classname="product-search.spec.ts" time="6.129">
</testcase>
<testcase name="Product Search &amp; Filter Tests › Product Information Display › should display product price" classname="product-search.spec.ts" time="1.41">
</testcase>
<testcase name="Product Search &amp; Filter Tests › Product Information Display › should display product rating" classname="product-search.spec.ts" time="1.558">
</testcase>
<testcase name="Product Search &amp; Filter Tests › Product Information Display › should display sale badge on sale items" classname="product-search.spec.ts" time="3.546">
</testcase>
<testcase name="Product Search &amp; Filter Tests › Product Information Display › should display product images" classname="product-search.spec.ts" time="2.257">
</testcase>
<testcase name="Product Search &amp; Filter Tests › Responsive Behavior › should display products in grid on desktop" classname="product-search.spec.ts" time="3.446">
</testcase>
<testcase name="Product Search &amp; Filter Tests › Responsive Behavior › should display products in grid on tablet" classname="product-search.spec.ts" time="1.692">
</testcase>
<testcase name="Product Search &amp; Filter Tests › Responsive Behavior › should display products in single column on mobile" classname="product-search.spec.ts" time="1.515">
</testcase>
<testcase name="Product Search &amp; Filter Tests › Responsive Behavior › should show filter buttons on mobile" classname="product-search.spec.ts" time="1.687">
</testcase>
<testcase name="Product Search &amp; Filter Tests › Performance and Loading › should load products quickly" classname="product-search.spec.ts" time="1.316">
</testcase>
<testcase name="Product Search &amp; Filter Tests › Performance and Loading › should filter products without page reload" classname="product-search.spec.ts" time="1.474">
</testcase>
<testcase name="Product Search &amp; Filter Tests › Performance and Loading › should sort products without page reload" classname="product-search.spec.ts" time="1.654">
</testcase>
<testcase name="Product Search &amp; Filter Tests › Error Handling › should handle missing product images gracefully" classname="product-search.spec.ts" time="1.872">
</testcase>
<testcase name="Product Search &amp; Filter Tests › Error Handling › should handle rapid filter changes" classname="product-search.spec.ts" time="2.726">
</testcase>
<testcase name="Product Search &amp; Filter Tests › Error Handling › should handle rapid sort changes" classname="product-search.spec.ts" time="2.787">
</testcase>
<testcase name="Product Search &amp; Filter Tests › Error Handling › should handle simultaneous filter and sort changes" classname="product-search.spec.ts" time="1.677">
</testcase>
<testcase name="Product Search &amp; Filter Tests › Accessibility › should have accessible filter buttons" classname="product-search.spec.ts" time="1.217">
</testcase>
<testcase name="Product Search &amp; Filter Tests › Accessibility › should have accessible sort dropdown" classname="product-search.spec.ts" time="1.584">
</testcase>
<testcase name="Product Search &amp; Filter Tests › Accessibility › should have accessible product cards" classname="product-search.spec.ts" time="1.183">
</testcase>
<testcase name="Product Search &amp; Filter Tests › Accessibility › should announce filter changes to screen readers" classname="product-search.spec.ts" time="1.538">
</testcase>
<testcase name="Product Search &amp; Filter Tests › Product Count and Display › should show correct product count" classname="product-search.spec.ts" time="2.615">
</testcase>
<testcase name="Product Search &amp; Filter Tests › Product Count and Display › should update count when filtering" classname="product-search.spec.ts" time="1.667">
</testcase>
</testsuite>
<testsuite name="registration.spec.ts" timestamp="2026-01-23T13:20:25.002Z" hostname="Mobile Chrome" tests="64" failures="1" skipped="0" time="92.286" errors="0">
<testcase name="Multi-Step Registration Form Tests › Initial State and Page Load › should display registration form with Step 1" classname="registration.spec.ts" time="0.702">
</testcase>
<testcase name="Multi-Step Registration Form Tests › Initial State and Page Load › should display progress bar" classname="registration.spec.ts" time="0.71">
</testcase>
<testcase name="Multi-Step Registration Form Tests › Initial State and Page Load › should display all step indicators" classname="registration.spec.ts" time="0.71">
</testcase>
<testcase name="Multi-Step Registration Form Tests › Initial State and Page Load › should highlight current step" classname="registration.spec.ts" time="0.702">
</testcase>
<testcase name="Multi-Step Registration Form Tests › Step 1: Personal Information - Field Validation › should show error for empty first name" classname="registration.spec.ts" time="0.743">
</testcase>
<testcase name="Multi-Step Registration Form Tests › Step 1: Personal Information - Field Validation › should show error for short first name" classname="registration.spec.ts" time="0.76">
</testcase>
<testcase name="Multi-Step Registration Form Tests › Step 1: Personal Information - Field Validation › should show error for empty last name" classname="registration.spec.ts" time="0.745">
</testcase>
<testcase name="Multi-Step Registration Form Tests › Step 1: Personal Information - Field Validation › should show error for missing date of birth" classname="registration.spec.ts" time="1.02">
</testcase>
<testcase name="Multi-Step Registration Form Tests › Step 1: Personal Information - Field Validation › should show error for underage user" classname="registration.spec.ts" time="0.728">
</testcase>
<testcase name="Multi-Step Registration Form Tests › Step 1: Personal Information - Field Validation › should clear error when field is corrected" classname="registration.spec.ts" time="0.767">
</testcase>
<testcase name="Multi-Step Registration Form Tests › Step 1: Personal Information - Field Validation › should not proceed to Step 2 with invalid data" classname="registration.spec.ts" time="0.728">
</testcase>
<testcase name="Multi-Step Registration Form Tests › Step 1: Personal Information - Field Validation › should proceed to Step 2 with valid data" classname="registration.spec.ts" time="1.029">
</testcase>
<testcase name="Multi-Step Registration Form Tests › Step 2: Account Details - Field Validation › should display Step 2 fields" classname="registration.spec.ts" time="1.026">
</testcase>
<testcase name="Multi-Step Registration Form Tests › Step 2: Account Details - Field Validation › should show error for invalid email format" classname="registration.spec.ts" time="1.053">
</testcase>
<testcase name="Multi-Step Registration Form Tests › Step 2: Account Details - Field Validation › should show error for short username" classname="registration.spec.ts" time="1.053">
</testcase>
<testcase name="Multi-Step Registration Form Tests › Step 2: Account Details - Field Validation › should show error for invalid username characters" classname="registration.spec.ts" time="1.082">
</testcase>
<testcase name="Multi-Step Registration Form Tests › Step 2: Account Details - Field Validation › should show error for weak password" classname="registration.spec.ts" time="1.098">
</testcase>
<testcase name="Multi-Step Registration Form Tests › Step 2: Account Details - Field Validation › should show error for password without requirements" classname="registration.spec.ts" time="1.049">
</testcase>
<testcase name="Multi-Step Registration Form Tests › Step 2: Account Details - Field Validation › should show error when passwords do not match" classname="registration.spec.ts" time="1.064">
</testcase>
<testcase name="Multi-Step Registration Form Tests › Step 2: Account Details - Field Validation › should display password requirements help text" classname="registration.spec.ts" time="1.036">
</testcase>
<testcase name="Multi-Step Registration Form Tests › Step 2: Account Details - Field Validation › should display username requirements help text" classname="registration.spec.ts" time="1.057">
</testcase>
<testcase name="Multi-Step Registration Form Tests › Step 2: Account Details - Field Validation › should proceed to Step 3 with valid account details" classname="registration.spec.ts" time="1.378">
</testcase>
<testcase name="Multi-Step Registration Form Tests › Step 3: Preferences - Optional Fields › should display Step 3 fields" classname="registration.spec.ts" time="1.388">
</testcase>
<testcase name="Multi-Step Registration Form Tests › Step 3: Preferences - Optional Fields › should show optional preferences label" classname="registration.spec.ts" time="1.37">
</testcase>
<testcase name="Multi-Step Registration Form Tests › Step 3: Preferences - Optional Fields › should toggle newsletter checkbox" classname="registration.spec.ts" time="1.415">
</testcase>
<testcase name="Multi-Step Registration Form Tests › Step 3: Preferences - Optional Fields › should have notifications enabled by default" classname="registration.spec.ts" time="1.374">
</testcase>
<testcase name="Multi-Step Registration Form Tests › Step 3: Preferences - Optional Fields › should change theme preference" classname="registration.spec.ts" time="1.381">
</testcase>
<testcase name="Multi-Step Registration Form Tests › Step 3: Preferences - Optional Fields › should change language preference" classname="registration.spec.ts" time="1.363">
</testcase>
<testcase name="Multi-Step Registration Form Tests › Step 3: Preferences - Optional Fields › should proceed to Step 4 without filling preferences" classname="registration.spec.ts" time="1.691">
</testcase>
<testcase name="Multi-Step Registration Form Tests › Step 4: Review &amp; Terms › should display registration summary" classname="registration.spec.ts" time="1.726">
</testcase>
<testcase name="Multi-Step Registration Form Tests › Step 4: Review &amp; Terms › should display terms and conditions checkbox" classname="registration.spec.ts" time="1.721">
</testcase>
<testcase name="Multi-Step Registration Form Tests › Step 4: Review &amp; Terms › should display privacy policy checkbox" classname="registration.spec.ts" time="1.734">
</testcase>
<testcase name="Multi-Step Registration Form Tests › Step 4: Review &amp; Terms › should show error when submitting without accepting terms" classname="registration.spec.ts" time="1.777">
</testcase>
<testcase name="Multi-Step Registration Form Tests › Step 4: Review &amp; Terms › should show error when submitting without accepting privacy" classname="registration.spec.ts" time="1.78">
</testcase>
<testcase name="Multi-Step Registration Form Tests › Step 4: Review &amp; Terms › should show both errors when neither is accepted" classname="registration.spec.ts" time="1.718">
</testcase>
<testcase name="Multi-Step Registration Form Tests › Step 4: Review &amp; Terms › should submit form when both checkboxes are checked" classname="registration.spec.ts" time="4.268">
</testcase>
<testcase name="Multi-Step Registration Form Tests › Navigation Between Steps › should navigate forward through all steps" classname="registration.spec.ts" time="1.714">
</testcase>
<testcase name="Multi-Step Registration Form Tests › Navigation Between Steps › should navigate backward using Back button" classname="registration.spec.ts" time="1.369">
</testcase>
<testcase name="Multi-Step Registration Form Tests › Navigation Between Steps › should not show Back button on Step 1" classname="registration.spec.ts" time="0.702">
</testcase>
<testcase name="Multi-Step Registration Form Tests › Navigation Between Steps › should show Back button on Step 2 and beyond" classname="registration.spec.ts" time="1.047">
</testcase>
<testcase name="Multi-Step Registration Form Tests › Navigation Between Steps › should preserve form data when navigating back and forward" classname="registration.spec.ts" time="1.372">
</testcase>
<testcase name="Multi-Step Registration Form Tests › Navigation Between Steps › should update progress bar when navigating" classname="registration.spec.ts" time="1.039">
</testcase>
<testcase name="Multi-Step Registration Form Tests › Navigation Between Steps › should allow clicking on completed steps" classname="registration.spec.ts" time="1.348">
</testcase>
<testcase name="Multi-Step Registration Form Tests › Navigation Between Steps › should not allow clicking on future steps" classname="registration.spec.ts" time="0.723">
</testcase>
<testcase name="Multi-Step Registration Form Tests › Form Submission and Success State › should show loading state during submission" classname="registration.spec.ts" time="1.743">
</testcase>
<testcase name="Multi-Step Registration Form Tests › Form Submission and Success State › should display success message after submission" classname="registration.spec.ts" time="4.248">
</testcase>
<testcase name="Multi-Step Registration Form Tests › Form Submission and Success State › should display user information in success message" classname="registration.spec.ts" time="4.236">
</testcase>
<testcase name="Multi-Step Registration Form Tests › Form Submission and Success State › should display next steps information" classname="registration.spec.ts" time="4.245">
</testcase>
<testcase name="Multi-Step Registration Form Tests › Form Submission and Success State › should display dashboard button" classname="registration.spec.ts" time="4.251">
</testcase>
<testcase name="Multi-Step Registration Form Tests › Form Submission and Success State › should display success icon" classname="registration.spec.ts" time="4.238">
</testcase>
<testcase name="Multi-Step Registration Form Tests › Error Messages and Accessibility › should have proper ARIA labels on required fields" classname="registration.spec.ts" time="0.708">
</testcase>
<testcase name="Multi-Step Registration Form Tests › Error Messages and Accessibility › should have proper form labels" classname="registration.spec.ts" time="0.704">
</testcase>
<testcase name="Multi-Step Registration Form Tests › Error Messages and Accessibility › should mark required fields with asterisk" classname="registration.spec.ts" time="0.781">
</testcase>
<testcase name="Multi-Step Registration Form Tests › Error Messages and Accessibility › should set aria-invalid on fields with errors" classname="registration.spec.ts" time="0.744">
</testcase>
<testcase name="Multi-Step Registration Form Tests › Error Messages and Accessibility › should associate error messages with fields using aria-describedby" classname="registration.spec.ts" time="0.772">
</testcase>
<testcase name="Multi-Step Registration Form Tests › Error Messages and Accessibility › should announce errors with role=&quot;alert&quot;" classname="registration.spec.ts" time="0.756">
</testcase>
<testcase name="Multi-Step Registration Form Tests › Error Messages and Accessibility › should have accessible step navigation" classname="registration.spec.ts" time="0.699">
</testcase>
<testcase name="Multi-Step Registration Form Tests › Error Messages and Accessibility › should have aria-current on active step" classname="registration.spec.ts" time="0.716">
</testcase>
<testcase name="Multi-Step Registration Form Tests › Error Messages and Accessibility › should have meaningful button labels" classname="registration.spec.ts" time="0.708">
</testcase>
<testcase name="Multi-Step Registration Form Tests › Error Messages and Accessibility › should announce success state to screen readers" classname="registration.spec.ts" time="4.271">
</testcase>
<testcase name="Multi-Step Registration Form Tests › Accessibility Compliance › Step 1 should not have accessibility violations" classname="registration.spec.ts" time="0.951">
</testcase>
<testcase name="Multi-Step Registration Form Tests › Accessibility Compliance › Step 2 should not have accessibility violations" classname="registration.spec.ts" time="1.271">
</testcase>
<testcase name="Multi-Step Registration Form Tests › Accessibility Compliance › should be keyboard navigable" classname="registration.spec.ts" time="0.736">
<failure message="registration.spec.ts:753:5 should be keyboard navigable" type="FAILURE">
<![CDATA[  [Mobile Chrome] › registration.spec.ts:753:5 › Multi-Step Registration Form Tests › Accessibility Compliance › should be keyboard navigable 

    Error: expect(received).toBeTruthy()

    Received: false

      763 |       const lastNameFocused = await lastName.evaluate(el => el === document.activeElement)
      764 |       
    > 765 |       expect(firstNameFocused || lastNameFocused).toBeTruthy()
          |                                                   ^
      766 |     })
      767 |
      768 |     test('should support keyboard form submission', async ({ page }) => {
        at /Users/dsahanovici/CURSOR_AI_DEMO/qa-automation/tests/e2e/frontend/registration.spec.ts:765:51

    attachment #1: screenshot (image/png) ──────────────────────────────────────────────────────────
    ../../../../test-results/registration-Multi-Step-Re-0963e-hould-be-keyboard-navigable-Mobile-Chrome/test-failed-1.png
    ────────────────────────────────────────────────────────────────────────────────────────────────

    attachment #2: video (video/webm) ──────────────────────────────────────────────────────────────
    ../../../../test-results/registration-Multi-Step-Re-0963e-hould-be-keyboard-navigable-Mobile-Chrome/video.webm
    ────────────────────────────────────────────────────────────────────────────────────────────────

    Error Context: ../../../../test-results/registration-Multi-Step-Re-0963e-hould-be-keyboard-navigable-Mobile-Chrome/error-context.md
]]>
</failure>
<system-out>
<![CDATA[
[[ATTACHMENT|registration-Multi-Step-Re-0963e-hould-be-keyboard-navigable-Mobile-Chrome/test-failed-1.png]]

[[ATTACHMENT|registration-Multi-Step-Re-0963e-hould-be-keyboard-navigable-Mobile-Chrome/video.webm]]

[[ATTACHMENT|registration-Multi-Step-Re-0963e-hould-be-keyboard-navigable-Mobile-Chrome/error-context.md]]
]]>
</system-out>
</testcase>
<testcase name="Multi-Step Registration Form Tests › Accessibility Compliance › should support keyboard form submission" classname="registration.spec.ts" time="1.248">
</testcase>
</testsuite>
<testsuite name="responsive.spec.ts" timestamp="2026-01-23T13:20:25.002Z" hostname="Mobile Chrome" tests="32" failures="0" skipped="0" time="39.853" errors="0">
<testcase name="Responsive Design Tests - Mobile › should show mobile hamburger menu" classname="responsive.spec.ts" time="0.346">
</testcase>
<testcase name="Responsive Design Tests - Mobile › should open sidebar on hamburger click" classname="responsive.spec.ts" time="0.876">
</testcase>
<testcase name="Responsive Design Tests - Mobile › should close sidebar on backdrop click" classname="responsive.spec.ts" time="1.22">
</testcase>
<testcase name="Responsive Design Tests - Mobile › should display mobile-friendly statistics" classname="responsive.spec.ts" time="0.513">
</testcase>
<testcase name="Responsive Design Tests - Mobile › should show tasks in single column on mobile" classname="responsive.spec.ts" time="0.413">
</testcase>
<testcase name="Responsive Design Tests - Mobile › should hide user email on small screens" classname="responsive.spec.ts" time="0.466">
</testcase>
<testcase name="Responsive Design Tests - Mobile › should show mobile navigation" classname="responsive.spec.ts" time="0.454">
</testcase>
<testcase name="Responsive Design Tests - Tablet › should display sidebar on tablet" classname="responsive.spec.ts" time="0.622">
</testcase>
<testcase name="Responsive Design Tests - Tablet › should show 2-column task grid" classname="responsive.spec.ts" time="0.611">
</testcase>
<testcase name="Responsive Design Tests - Tablet › should display statistics in 2 columns" classname="responsive.spec.ts" time="0.618">
</testcase>
<testcase name="Responsive Design Tests - Desktop › should show persistent sidebar" classname="responsive.spec.ts" time="0.969">
</testcase>
<testcase name="Responsive Design Tests - Desktop › should not show hamburger menu" classname="responsive.spec.ts" time="1.196">
</testcase>
<testcase name="Responsive Design Tests - Desktop › should display 4-column statistics" classname="responsive.spec.ts" time="1.645">
</testcase>
<testcase name="Responsive Design Tests - Desktop › should show full task details" classname="responsive.spec.ts" time="1.596">
</testcase>
<testcase name="Responsive Design Tests - Desktop › should display search bar in header" classname="responsive.spec.ts" time="1.559">
</testcase>
<testcase name="Responsive Design - Analytics Dashboard › should be responsive on mobile" classname="responsive.spec.ts" time="0.406">
</testcase>
<testcase name="Responsive Design - Analytics Dashboard › should show charts on tablet" classname="responsive.spec.ts" time="0.905">
</testcase>
<testcase name="Responsive Design - Analytics Dashboard › should display full layout on desktop" classname="responsive.spec.ts" time="0.905">
</testcase>
<testcase name="Responsive Design - Navigation › should show compact navigation on mobile" classname="responsive.spec.ts" time="0.828">
</testcase>
<testcase name="Responsive Design - Navigation › should show full navigation on desktop" classname="responsive.spec.ts" time="0.764">
</testcase>
<testcase name="Responsive Design - Orientation Changes › should handle portrait to landscape on mobile" classname="responsive.spec.ts" time="2.074">
</testcase>
<testcase name="Responsive Design - Orientation Changes › should handle landscape to portrait on mobile" classname="responsive.spec.ts" time="2.272">
</testcase>
<testcase name="Responsive Design - Orientation Changes › should handle tablet portrait to landscape" classname="responsive.spec.ts" time="2.658">
</testcase>
<testcase name="Responsive Design - Orientation Changes › should handle tablet landscape to portrait" classname="responsive.spec.ts" time="2.619">
</testcase>
<testcase name="Responsive Design - Orientation Changes › should adjust grid layout on orientation change" classname="responsive.spec.ts" time="1.824">
</testcase>
<testcase name="Responsive Design - Orientation Changes › should maintain sidebar state on orientation change" classname="responsive.spec.ts" time="1.87">
</testcase>
<testcase name="Responsive Design - Orientation Changes › should reflow statistics on orientation change" classname="responsive.spec.ts" time="1.712">
</testcase>
<testcase name="Responsive Design - Orientation Changes › should handle rapid orientation changes" classname="responsive.spec.ts" time="1.691">
</testcase>
<testcase name="Responsive Design - Orientation Changes › should adjust analytics dashboard on orientation change" classname="responsive.spec.ts" time="1.218">
</testcase>
<testcase name="Responsive Design - Orientation Changes › should maintain scroll position on orientation change" classname="responsive.spec.ts" time="1.858">
</testcase>
<testcase name="Responsive Design - Orientation Changes › should handle orientation change with open modals" classname="responsive.spec.ts" time="1.812">
</testcase>
<testcase name="Responsive Design - Orientation Changes › should handle orientation change during loading" classname="responsive.spec.ts" time="1.333">
</testcase>
</testsuite>
<testsuite name="task-management.spec.ts" timestamp="2026-01-23T13:20:25.002Z" hostname="Mobile Chrome" tests="51" failures="4" skipped="0" time="110.942" errors="0">
<testcase name="Task Management Tests › should display dashboard with tasks" classname="task-management.spec.ts" time="1.065">
</testcase>
<testcase name="Task Management Tests › should display task cards" classname="task-management.spec.ts" time="1.113">
</testcase>
<testcase name="Task Management Tests › should show task details" classname="task-management.spec.ts" time="1.187">
</testcase>
<testcase name="Task Management Tests › should filter tasks by status" classname="task-management.spec.ts" time="1.186">
</testcase>
<testcase name="Task Management Tests › should show task progress bars" classname="task-management.spec.ts" time="1.187">
</testcase>
<testcase name="Task Management Tests › should display task assignees" classname="task-management.spec.ts" time="1.689">
</testcase>
<testcase name="Task Management Tests › should show overdue tasks with warning" classname="task-management.spec.ts" time="1.166">
</testcase>
<testcase name="Task Management Tests › should display quick stats sidebar" classname="task-management.spec.ts" time="1.04">
</testcase>
<testcase name="Task Management Tests › should show completed tasks section" classname="task-management.spec.ts" time="1.062">
</testcase>
<testcase name="Task Management Tests › should display task tags" classname="task-management.spec.ts" time="1.127">
</testcase>
<testcase name="Task Creation › should show create task button" classname="task-management.spec.ts" time="1.127">
</testcase>
<testcase name="Task Creation › should be able to click create task button" classname="task-management.spec.ts" time="1.148">
</testcase>
<testcase name="Task Creation › should show new task button in sidebar" classname="task-management.spec.ts" time="1.083">
</testcase>
<testcase name="Task Creation › should be able to click sidebar new task button" classname="task-management.spec.ts" time="30.497">
<failure message="task-management.spec.ts:145:3 should be able to click sidebar new task button" type="FAILURE">
<![CDATA[  [Mobile Chrome] › task-management.spec.ts:145:3 › Task Creation › should be able to click sidebar new task button 

    Test timeout of 30000ms exceeded.

    Error: page.click: Test timeout of 30000ms exceeded.
    Call log:
      - waiting for locator('button:has-text("New Task")')
        - locator resolved to 2 elements. Proceeding with the first one: <button class="w-full flex items-center gap-3 px-4 py-3 text-left rounded-lg↵                bg-gradient-to-r from-blue-600 to-purple-600 text-white↵                hover:from-blue-700 hover:to-purple-700 transition-all shadow-md">…</button>
      - attempting click action
        2 × waiting for element to be visible, enabled and stable
          - element is visible, enabled and stable
          - scrolling into view if needed
          - done scrolling
          - element is outside of the viewport
        - retrying click action
        - waiting 20ms
        2 × waiting for element to be visible, enabled and stable
          - element is visible, enabled and stable
          - scrolling into view if needed
          - done scrolling
          - element is outside of the viewport
        - retrying click action
          - waiting 100ms
        57 × waiting for element to be visible, enabled and stable
           - element is visible, enabled and stable
           - scrolling into view if needed
           - done scrolling
           - element is outside of the viewport
         - retrying click action
           - waiting 500ms


      145 |   test('should be able to click sidebar new task button', async ({ page }) => {
      146 |     // Click the new task button in sidebar
    > 147 |     await page.click('button:has-text("New Task")')
          |                ^
      148 |     
      149 |     // Verify button is clickable
      150 |   })
        at /Users/dsahanovici/CURSOR_AI_DEMO/qa-automation/tests/e2e/frontend/task-management.spec.ts:147:16

    attachment #1: screenshot (image/png) ──────────────────────────────────────────────────────────
    ../../../../test-results/task-management-Task-Creat-5e188-ick-sidebar-new-task-button-Mobile-Chrome/test-failed-1.png
    ────────────────────────────────────────────────────────────────────────────────────────────────

    attachment #2: video (video/webm) ──────────────────────────────────────────────────────────────
    ../../../../test-results/task-management-Task-Creat-5e188-ick-sidebar-new-task-button-Mobile-Chrome/video.webm
    ────────────────────────────────────────────────────────────────────────────────────────────────

    Error Context: ../../../../test-results/task-management-Task-Creat-5e188-ick-sidebar-new-task-button-Mobile-Chrome/error-context.md
]]>
</failure>
<system-out>
<![CDATA[
[[ATTACHMENT|task-management-Task-Creat-5e188-ick-sidebar-new-task-button-Mobile-Chrome/test-failed-1.png]]

[[ATTACHMENT|task-management-Task-Creat-5e188-ick-sidebar-new-task-button-Mobile-Chrome/video.webm]]

[[ATTACHMENT|task-management-Task-Creat-5e188-ick-sidebar-new-task-button-Mobile-Chrome/error-context.md]]
]]>
</system-out>
</testcase>
<testcase name="Task Edit Operations › should open edit task dialog" classname="task-management.spec.ts" time="1.288">
</testcase>
<testcase name="Task Edit Operations › should edit task title" classname="task-management.spec.ts" time="1.116">
</testcase>
<testcase name="Task Edit Operations › should edit task description" classname="task-management.spec.ts" time="1.029">
</testcase>
<testcase name="Task Edit Operations › should edit task priority" classname="task-management.spec.ts" time="1.081">
</testcase>
<testcase name="Task Edit Operations › should edit task due date" classname="task-management.spec.ts" time="1.086">
</testcase>
<testcase name="Task Edit Operations › should edit task assignee" classname="task-management.spec.ts" time="1.068">
</testcase>
<testcase name="Task Edit Operations › should cancel task edit" classname="task-management.spec.ts" time="1.04">
</testcase>
<testcase name="Task Edit Operations › should validate required fields when editing" classname="task-management.spec.ts" time="1.063">
</testcase>
<testcase name="Task Completion Operations › should mark task as complete" classname="task-management.spec.ts" time="1.02">
</testcase>
<testcase name="Task Completion Operations › should show completion animation" classname="task-management.spec.ts" time="2.027">
</testcase>
<testcase name="Task Completion Operations › should unmark task as complete" classname="task-management.spec.ts" time="1.328">
</testcase>
<testcase name="Task Completion Operations › should update completion statistics" classname="task-management.spec.ts" time="1.32">
</testcase>
<testcase name="Task Completion Operations › should show completed date" classname="task-management.spec.ts" time="1.258">
</testcase>
<testcase name="Task Completion Operations › should update progress bars on completion" classname="task-management.spec.ts" time="2.398">
</testcase>
<testcase name="Task Deletion Operations › should show delete button on task" classname="task-management.spec.ts" time="2.254">
</testcase>
<testcase name="Task Deletion Operations › should show delete confirmation dialog" classname="task-management.spec.ts" time="1.823">
</testcase>
<testcase name="Task Deletion Operations › should delete task on confirmation" classname="task-management.spec.ts" time="1.263">
</testcase>
<testcase name="Task Deletion Operations › should cancel task deletion" classname="task-management.spec.ts" time="1.175">
</testcase>
<testcase name="Task Deletion Operations › should show delete animation" classname="task-management.spec.ts" time="3.179">
</testcase>
<testcase name="Task Deletion Operations › should update statistics after deletion" classname="task-management.spec.ts" time="1.85">
</testcase>
<testcase name="Task Deletion Operations › should support bulk delete" classname="task-management.spec.ts" time="2.398">
</testcase>
<testcase name="Task Search and Filter Operations › should show search bar" classname="task-management.spec.ts" time="6.433">
<failure message="task-management.spec.ts:404:3 should show search bar" type="FAILURE">
<![CDATA[  [Mobile Chrome] › task-management.spec.ts:404:3 › Task Search and Filter Operations › should show search bar 

    Error: expect(locator).toBeVisible() failed

    Locator:  locator('button:has-text("Search")')
    Expected: visible
    Received: hidden
    Timeout:  5000ms

    Call log:
      - Expect "toBeVisible" with timeout 5000ms
      - waiting for locator('button:has-text("Search")')
        9 × locator resolved to <button aria-label="Search" class="hidden md:flex items-center gap-2 px-4 py-2 bg-gray-100 dark:bg-gray-700 ↵                text-gray-600 dark:text-gray-400 rounded-lg hover:bg-gray-200 ↵                dark:hover:bg-gray-600 transition-colors">…</button>
          - unexpected value "hidden"


      405 |     // Check for search functionality
      406 |     const searchButton = page.locator('button:has-text("Search")')
    > 407 |     await expect(searchButton).toBeVisible()
          |                                ^
      408 |   })
      409 |
      410 |   test('should search tasks by title', async ({ page }) => {
        at /Users/dsahanovici/CURSOR_AI_DEMO/qa-automation/tests/e2e/frontend/task-management.spec.ts:407:32

    attachment #1: screenshot (image/png) ──────────────────────────────────────────────────────────
    ../../../../test-results/task-management-Task-Searc-33011-ions-should-show-search-bar-Mobile-Chrome/test-failed-1.png
    ────────────────────────────────────────────────────────────────────────────────────────────────

    attachment #2: video (video/webm) ──────────────────────────────────────────────────────────────
    ../../../../test-results/task-management-Task-Searc-33011-ions-should-show-search-bar-Mobile-Chrome/video.webm
    ────────────────────────────────────────────────────────────────────────────────────────────────

    Error Context: ../../../../test-results/task-management-Task-Searc-33011-ions-should-show-search-bar-Mobile-Chrome/error-context.md
]]>
</failure>
<system-out>
<![CDATA[
[[ATTACHMENT|task-management-Task-Searc-33011-ions-should-show-search-bar-Mobile-Chrome/test-failed-1.png]]

[[ATTACHMENT|task-management-Task-Searc-33011-ions-should-show-search-bar-Mobile-Chrome/video.webm]]

[[ATTACHMENT|task-management-Task-Searc-33011-ions-should-show-search-bar-Mobile-Chrome/error-context.md]]
]]>
</system-out>
</testcase>
<testcase name="Task Search and Filter Operations › should search tasks by title" classname="task-management.spec.ts" time="6.432">
<failure message="task-management.spec.ts:410:3 should search tasks by title" type="FAILURE">
<![CDATA[  [Mobile Chrome] › task-management.spec.ts:410:3 › Task Search and Filter Operations › should search tasks by title 

    Error: expect(locator).toBeVisible() failed

    Locator:  locator('button:has-text("Search")')
    Expected: visible
    Received: hidden
    Timeout:  5000ms

    Call log:
      - Expect "toBeVisible" with timeout 5000ms
      - waiting for locator('button:has-text("Search")')
        9 × locator resolved to <button aria-label="Search" class="hidden md:flex items-center gap-2 px-4 py-2 bg-gray-100 dark:bg-gray-700 ↵                text-gray-600 dark:text-gray-400 rounded-lg hover:bg-gray-200 ↵                dark:hover:bg-gray-600 transition-colors">…</button>
          - unexpected value "hidden"


      415 |     
      416 |     const searchButton = page.locator('button:has-text("Search")')
    > 417 |     await expect(searchButton).toBeVisible()
          |                                ^
      418 |   })
      419 |
      420 |   test('should search tasks by description', async ({ page }) => {
        at /Users/dsahanovici/CURSOR_AI_DEMO/qa-automation/tests/e2e/frontend/task-management.spec.ts:417:32

    attachment #1: screenshot (image/png) ──────────────────────────────────────────────────────────
    ../../../../test-results/task-management-Task-Searc-a4fa2-hould-search-tasks-by-title-Mobile-Chrome/test-failed-1.png
    ────────────────────────────────────────────────────────────────────────────────────────────────

    attachment #2: video (video/webm) ──────────────────────────────────────────────────────────────
    ../../../../test-results/task-management-Task-Searc-a4fa2-hould-search-tasks-by-title-Mobile-Chrome/video.webm
    ────────────────────────────────────────────────────────────────────────────────────────────────

    Error Context: ../../../../test-results/task-management-Task-Searc-a4fa2-hould-search-tasks-by-title-Mobile-Chrome/error-context.md
]]>
</failure>
<system-out>
<![CDATA[
[[ATTACHMENT|task-management-Task-Searc-a4fa2-hould-search-tasks-by-title-Mobile-Chrome/test-failed-1.png]]

[[ATTACHMENT|task-management-Task-Searc-a4fa2-hould-search-tasks-by-title-Mobile-Chrome/video.webm]]

[[ATTACHMENT|task-management-Task-Searc-a4fa2-hould-search-tasks-by-title-Mobile-Chrome/error-context.md]]
]]>
</system-out>
</testcase>
<testcase name="Task Search and Filter Operations › should search tasks by description" classname="task-management.spec.ts" time="1.148">
</testcase>
<testcase name="Task Search and Filter Operations › should show &quot;no results&quot; message" classname="task-management.spec.ts" time="6.33">
<failure message="task-management.spec.ts:428:3 should show &quot;no results&quot; message" type="FAILURE">
<![CDATA[  [Mobile Chrome] › task-management.spec.ts:428:3 › Task Search and Filter Operations › should show "no results" message 

    Error: expect(locator).toBeVisible() failed

    Locator:  locator('button:has-text("Search")')
    Expected: visible
    Received: hidden
    Timeout:  5000ms

    Call log:
      - Expect "toBeVisible" with timeout 5000ms
      - waiting for locator('button:has-text("Search")')
        9 × locator resolved to <button aria-label="Search" class="hidden md:flex items-center gap-2 px-4 py-2 bg-gray-100 dark:bg-gray-700 ↵                text-gray-600 dark:text-gray-400 rounded-lg hover:bg-gray-200 ↵                dark:hover:bg-gray-600 transition-colors">…</button>
          - unexpected value "hidden"


      430 |     
      431 |     const searchButton = page.locator('button:has-text("Search")')
    > 432 |     await expect(searchButton).toBeVisible()
          |                                ^
      433 |   })
      434 |
      435 |   test('should clear search', async ({ page }) => {
        at /Users/dsahanovici/CURSOR_AI_DEMO/qa-automation/tests/e2e/frontend/task-management.spec.ts:432:32

    attachment #1: screenshot (image/png) ──────────────────────────────────────────────────────────
    ../../../../test-results/task-management-Task-Searc-1a9d1-uld-show-no-results-message-Mobile-Chrome/test-failed-1.png
    ────────────────────────────────────────────────────────────────────────────────────────────────

    attachment #2: video (video/webm) ──────────────────────────────────────────────────────────────
    ../../../../test-results/task-management-Task-Searc-1a9d1-uld-show-no-results-message-Mobile-Chrome/video.webm
    ────────────────────────────────────────────────────────────────────────────────────────────────

    Error Context: ../../../../test-results/task-management-Task-Searc-1a9d1-uld-show-no-results-message-Mobile-Chrome/error-context.md
]]>
</failure>
<system-out>
<![CDATA[
[[ATTACHMENT|task-management-Task-Searc-1a9d1-uld-show-no-results-message-Mobile-Chrome/test-failed-1.png]]

[[ATTACHMENT|task-management-Task-Searc-1a9d1-uld-show-no-results-message-Mobile-Chrome/video.webm]]

[[ATTACHMENT|task-management-Task-Searc-1a9d1-uld-show-no-results-message-Mobile-Chrome/error-context.md]]
]]>
</system-out>
</testcase>
<testcase name="Task Search and Filter Operations › should clear search" classname="task-management.spec.ts" time="1.186">
</testcase>
<testcase name="Task Search and Filter Operations › should filter by priority" classname="task-management.spec.ts" time="1.03">
</testcase>
<testcase name="Task Search and Filter Operations › should filter by assignee" classname="task-management.spec.ts" time="1.025">
</testcase>
<testcase name="Task Search and Filter Operations › should filter by due date" classname="task-management.spec.ts" time="1.075">
</testcase>
<testcase name="Task Search and Filter Operations › should combine multiple filters" classname="task-management.spec.ts" time="1.052">
</testcase>
<testcase name="Task Search and Filter Operations › should show filter count" classname="task-management.spec.ts" time="1.044">
</testcase>
<testcase name="Task Search and Filter Operations › should persist filters" classname="task-management.spec.ts" time="1.529">
</testcase>
<testcase name="Task Interactions › should show task menu on hover" classname="task-management.spec.ts" time="2.074">
</testcase>
<testcase name="Task Interactions › should display task statistics" classname="task-management.spec.ts" time="1.037">
</testcase>
<testcase name="Task Interactions › should show productivity metrics" classname="task-management.spec.ts" time="1.091">
</testcase>
<testcase name="Error Handling - Tasks › should handle empty task list gracefully" classname="task-management.spec.ts" time="0.372">
</testcase>
<testcase name="Error Handling - Tasks › should handle missing task data" classname="task-management.spec.ts" time="0.343">
</testcase>
</testsuite>
<testsuite name="accessibility.spec.ts" timestamp="2026-01-23T13:20:25.002Z" hostname="Mobile Safari" tests="13" failures="1" skipped="0" time="21.102" errors="0">
<testcase name="Accessibility Tests › Dashboard should not have accessibility violations" classname="accessibility.spec.ts" time="2.469">
</testcase>
<testcase name="Accessibility Tests › should have proper heading hierarchy" classname="accessibility.spec.ts" time="7.37">
<failure message="accessibility.spec.ts:29:3 should have proper heading hierarchy" type="FAILURE">
<![CDATA[  [Mobile Safari] › accessibility.spec.ts:29:3 › Accessibility Tests › should have proper heading hierarchy 

    Error: expect(locator).toBeVisible() failed

    Locator:  locator('h1').first()
    Expected: visible
    Received: hidden
    Timeout:  5000ms

    Call log:
      - Expect "toBeVisible" with timeout 5000ms
      - waiting for locator('h1').first()
        9 × locator resolved to <h1 class="text-lg md:text-2xl font-bold hidden sm:block">Component Showcase</h1>
          - unexpected value "hidden"


      34 |     // Check for h1
      35 |     const h1 = page.locator('h1')
    > 36 |     await expect(h1.first()).toBeVisible()
         |                              ^
      37 |     
      38 |     // Check for h2 or h3 after h1
      39 |     const h2 = page.locator('h2')
        at /Users/dsahanovici/CURSOR_AI_DEMO/qa-automation/tests/e2e/frontend/accessibility.spec.ts:36:30

    attachment #1: screenshot (image/png) ──────────────────────────────────────────────────────────
    ../../../../test-results/accessibility-Accessibilit-30286-ve-proper-heading-hierarchy-Mobile-Safari/test-failed-1.png
    ────────────────────────────────────────────────────────────────────────────────────────────────

    attachment #2: video (video/webm) ──────────────────────────────────────────────────────────────
    ../../../../test-results/accessibility-Accessibilit-30286-ve-proper-heading-hierarchy-Mobile-Safari/video.webm
    ────────────────────────────────────────────────────────────────────────────────────────────────

    Error Context: ../../../../test-results/accessibility-Accessibilit-30286-ve-proper-heading-hierarchy-Mobile-Safari/error-context.md
]]>
</failure>
<system-out>
<![CDATA[
[[ATTACHMENT|accessibility-Accessibilit-30286-ve-proper-heading-hierarchy-Mobile-Safari/test-failed-1.png]]

[[ATTACHMENT|accessibility-Accessibilit-30286-ve-proper-heading-hierarchy-Mobile-Safari/video.webm]]

[[ATTACHMENT|accessibility-Accessibilit-30286-ve-proper-heading-hierarchy-Mobile-Safari/error-context.md]]
]]>
</system-out>
</testcase>
<testcase name="Accessibility Tests › should have proper ARIA labels" classname="accessibility.spec.ts" time="1.641">
</testcase>
<testcase name="Accessibility Tests › should have proper role attributes" classname="accessibility.spec.ts" time="1.011">
</testcase>
<testcase name="Accessibility Tests › should be keyboard navigable" classname="accessibility.spec.ts" time="0.995">
</testcase>
<testcase name="Accessibility Tests › should support screen readers with alt text" classname="accessibility.spec.ts" time="1.964">
</testcase>
<testcase name="Accessibility Tests › should have proper form labels" classname="accessibility.spec.ts" time="0.388">
</testcase>
<testcase name="Accessibility Tests › should have proper button labels" classname="accessibility.spec.ts" time="1.063">
</testcase>
<testcase name="Accessibility Tests › should have proper color contrast" classname="accessibility.spec.ts" time="1.466">
</testcase>
<testcase name="Accessibility Tests › should support dark mode" classname="accessibility.spec.ts" time="0.96">
</testcase>
<testcase name="Accessibility Tests › Analytics Dashboard should not have accessibility violations" classname="accessibility.spec.ts" time="1.085">
</testcase>
<testcase name="Accessibility - Navigation › sidebar should be accessible" classname="accessibility.spec.ts" time="0.341">
</testcase>
<testcase name="Accessibility - Navigation › should have skip to main content link" classname="accessibility.spec.ts" time="0.349">
</testcase>
</testsuite>
<testsuite name="auth.spec.ts" timestamp="2026-01-23T13:20:25.002Z" hostname="Mobile Safari" tests="28" failures="2" skipped="0" time="19.754" errors="0">
<testcase name="Authentication Tests - User Registration › should display registration form" classname="auth.spec.ts" time="1.075">
</testcase>
<testcase name="Authentication Tests - User Registration › should validate registration form fields" classname="auth.spec.ts" time="0.409">
</testcase>
<testcase name="Authentication Tests - User Registration › should register new user with valid data" classname="auth.spec.ts" time="1.349">
</testcase>
<testcase name="Authentication Tests - User Registration › should show error for duplicate email" classname="auth.spec.ts" time="0.35">
</testcase>
<testcase name="Authentication Tests - User Registration › should require strong password" classname="auth.spec.ts" time="0.38">
</testcase>
<testcase name="Authentication Tests - User Registration › should validate email format" classname="auth.spec.ts" time="0.367">
</testcase>
<testcase name="Authentication Tests - Login › should display login state" classname="auth.spec.ts" time="0.362">
</testcase>
<testcase name="Authentication Tests - Login › should login with valid credentials" classname="auth.spec.ts" time="0.395">
</testcase>
<testcase name="Authentication Tests - Login › should reject login with invalid email" classname="auth.spec.ts" time="0.41">
</testcase>
<testcase name="Authentication Tests - Login › should reject login with incorrect password" classname="auth.spec.ts" time="0.41">
</testcase>
<testcase name="Authentication Tests - Login › should reject login with non-existent user" classname="auth.spec.ts" time="0.393">
</testcase>
<testcase name="Authentication Tests - Login › should show password visibility toggle" classname="auth.spec.ts" time="0.429">
</testcase>
<testcase name="Authentication Tests - Login › should handle case-sensitive passwords" classname="auth.spec.ts" time="0.395">
</testcase>
<testcase name="Authentication Tests - Login › should show loading state during login" classname="auth.spec.ts" time="0.383">
</testcase>
<testcase name="Authentication Tests - Login › should show user information" classname="auth.spec.ts" time="0.463">
</testcase>
<testcase name="Authentication Tests - Login › should navigate to profile settings" classname="auth.spec.ts" time="0.651">
</testcase>
<testcase name="Authentication Tests - Login › should logout successfully" classname="auth.spec.ts" time="0.67">
</testcase>
<testcase name="Authentication Tests - Login › should show logout button in mobile menu" classname="auth.spec.ts" time="1.201">
</testcase>
<testcase name="Authentication Tests - Session Persistence › should persist session after page reload" classname="auth.spec.ts" time="3.159">
<failure message="auth.spec.ts:212:3 should persist session after page reload" type="FAILURE">
<![CDATA[  [Mobile Safari] › auth.spec.ts:212:3 › Authentication Tests - Session Persistence › should persist session after page reload 

    Error: expect(received).toBeTruthy()

    Received: false

      229 |     // On mobile, user menu might be in different location
      230 |     const userMenuExists = await page.locator('[aria-label="User menu"]').count() > 0
    > 231 |     expect(userMenuExists).toBeTruthy()
          |                            ^
      232 |   })
      233 |
      234 |   test('should persist session in localStorage', async ({ page }) => {
        at /Users/dsahanovici/CURSOR_AI_DEMO/qa-automation/tests/e2e/frontend/auth.spec.ts:231:28

    attachment #1: screenshot (image/png) ──────────────────────────────────────────────────────────
    ../../../../test-results/auth-Authentication-Tests--e6fb9-t-session-after-page-reload-Mobile-Safari/test-failed-1.png
    ────────────────────────────────────────────────────────────────────────────────────────────────

    attachment #2: video (video/webm) ──────────────────────────────────────────────────────────────
    ../../../../test-results/auth-Authentication-Tests--e6fb9-t-session-after-page-reload-Mobile-Safari/video.webm
    ────────────────────────────────────────────────────────────────────────────────────────────────

    Error Context: ../../../../test-results/auth-Authentication-Tests--e6fb9-t-session-after-page-reload-Mobile-Safari/error-context.md
]]>
</failure>
<system-out>
<![CDATA[
[[ATTACHMENT|auth-Authentication-Tests--e6fb9-t-session-after-page-reload-Mobile-Safari/test-failed-1.png]]

[[ATTACHMENT|auth-Authentication-Tests--e6fb9-t-session-after-page-reload-Mobile-Safari/video.webm]]

[[ATTACHMENT|auth-Authentication-Tests--e6fb9-t-session-after-page-reload-Mobile-Safari/error-context.md]]
]]>
</system-out>
</testcase>
<testcase name="Authentication Tests - Session Persistence › should persist session in localStorage" classname="auth.spec.ts" time="0.389">
</testcase>
<testcase name="Authentication Tests - Session Persistence › should maintain session across tabs" classname="auth.spec.ts" time="0.664">
</testcase>
<testcase name="Authentication Tests - Session Persistence › should clear session on logout" classname="auth.spec.ts" time="1.117">
</testcase>
<testcase name="Authentication Tests - Session Persistence › should handle session expiration" classname="auth.spec.ts" time="0.337">
</testcase>
<testcase name="Authentication Tests - Session Persistence › should refresh session on activity" classname="auth.spec.ts" time="1.496">
<failure message="auth.spec.ts:298:3 should refresh session on activity" type="FAILURE">
<![CDATA[  [Mobile Safari] › auth.spec.ts:298:3 › Authentication Tests - Session Persistence › should refresh session on activity 

    Error: expect(received).toBeTruthy()

    Received: false

      315 |     // Session should still be active
      316 |     const profileDropdownExists = await page.locator('[aria-label="User menu"]').count() > 0
    > 317 |     expect(profileDropdownExists).toBeTruthy()
          |                                   ^
      318 |   })
      319 |
      320 |   test('should remember "Remember Me" preference', async ({ page }) => {
        at /Users/dsahanovici/CURSOR_AI_DEMO/qa-automation/tests/e2e/frontend/auth.spec.ts:317:35

    attachment #1: screenshot (image/png) ──────────────────────────────────────────────────────────
    ../../../../test-results/auth-Authentication-Tests--e7c48-refresh-session-on-activity-Mobile-Safari/test-failed-1.png
    ────────────────────────────────────────────────────────────────────────────────────────────────

    attachment #2: video (video/webm) ──────────────────────────────────────────────────────────────
    ../../../../test-results/auth-Authentication-Tests--e7c48-refresh-session-on-activity-Mobile-Safari/video.webm
    ────────────────────────────────────────────────────────────────────────────────────────────────

    Error Context: ../../../../test-results/auth-Authentication-Tests--e7c48-refresh-session-on-activity-Mobile-Safari/error-context.md
]]>
</failure>
<system-out>
<![CDATA[
[[ATTACHMENT|auth-Authentication-Tests--e7c48-refresh-session-on-activity-Mobile-Safari/test-failed-1.png]]

[[ATTACHMENT|auth-Authentication-Tests--e7c48-refresh-session-on-activity-Mobile-Safari/video.webm]]

[[ATTACHMENT|auth-Authentication-Tests--e7c48-refresh-session-on-activity-Mobile-Safari/error-context.md]]
]]>
</system-out>
</testcase>
<testcase name="Authentication Tests - Session Persistence › should remember &quot;Remember Me&quot; preference" classname="auth.spec.ts" time="0.332">
</testcase>
<testcase name="Authentication Tests - Session Persistence › should handle concurrent sessions" classname="auth.spec.ts" time="0.624">
</testcase>
<testcase name="Authentication Tests - Session Persistence › should restore user preferences from session" classname="auth.spec.ts" time="1.204">
</testcase>
<testcase name="Error Handling - Authentication › should handle missing user gracefully" classname="auth.spec.ts" time="0.34">
</testcase>
</testsuite>
<testsuite name="error-handling.spec.ts" timestamp="2026-01-23T13:20:25.002Z" hostname="Mobile Safari" tests="22" failures="1" skipped="0" time="49.37" errors="0">
<testcase name="Error Handling Tests › should handle network errors gracefully" classname="error-handling.spec.ts" time="0.271">
</testcase>
<testcase name="Error Handling Tests › should handle missing data gracefully" classname="error-handling.spec.ts" time="0.336">
</testcase>
<testcase name="Error Handling Tests › should handle malformed data" classname="error-handling.spec.ts" time="0.296">
</testcase>
<testcase name="Error Handling Tests › should handle console errors gracefully" classname="error-handling.spec.ts" time="0.986">
</testcase>
<testcase name="Error Handling Tests › should handle page navigation errors" classname="error-handling.spec.ts" time="0.481">
</testcase>
<testcase name="Error Handling Tests › should handle rapid navigation" classname="error-handling.spec.ts" time="0.821">
</testcase>
<testcase name="Error Handling Tests › should handle invalid viewport sizes" classname="error-handling.spec.ts" time="0.709">
</testcase>
<testcase name="Error Handling Tests › should handle missing images gracefully" classname="error-handling.spec.ts" time="1.282">
</testcase>
<testcase name="Error Handling Tests › should handle localStorage errors" classname="error-handling.spec.ts" time="0.387">
</testcase>
<testcase name="Error Handling Tests › should handle dark mode toggle errors" classname="error-handling.spec.ts" time="0.874">
</testcase>
<testcase name="Error Handling Tests › should handle sidebar toggle errors" classname="error-handling.spec.ts" time="1.968">
</testcase>
<testcase name="Error Handling Tests › should handle filter changes gracefully" classname="error-handling.spec.ts" time="30.115">
<failure message="error-handling.spec.ts:157:3 should handle filter changes gracefully" type="FAILURE">
<![CDATA[  [Mobile Safari] › error-handling.spec.ts:157:3 › Error Handling Tests › should handle filter changes gracefully 

    Test timeout of 30000ms exceeded.

    Error: locator.selectOption: Test timeout of 30000ms exceeded.
    Call log:
      - waiting for locator('select').first()
        - locator resolved to <select class="w-full px-3 py-2 text-sm border border-gray-300 dark:border-gray-600 bg-white dark:bg-gray-700 text-gray-900 dark:text-white rounded-lg focus:ring-2 focus:ring-blue-500 focus:border-transparent">…</select>
      - attempting select option action
        2 × waiting for element to be visible and enabled
          - element is not visible
        - retrying select option action
        - waiting 20ms
        2 × waiting for element to be visible and enabled
          - element is not visible
        - retrying select option action
          - waiting 100ms
        58 × waiting for element to be visible and enabled
           - element is not visible
         - retrying select option action
           - waiting 500ms


      162 |     // Try changing filters
      163 |     const categoryFilter = page.locator('select').first()
    > 164 |     await categoryFilter.selectOption({ index: 1 })
          |                          ^
      165 |     
      166 |     // Page should still render
      167 |     await expect(page.locator('text=Analytics Dashboard')).toBeVisible()
        at /Users/dsahanovici/CURSOR_AI_DEMO/qa-automation/tests/e2e/frontend/error-handling.spec.ts:164:26

    attachment #1: screenshot (image/png) ──────────────────────────────────────────────────────────
    ../../../../test-results/error-handling-Error-Handl-e52f3-e-filter-changes-gracefully-Mobile-Safari/test-failed-1.png
    ────────────────────────────────────────────────────────────────────────────────────────────────

    attachment #2: video (video/webm) ──────────────────────────────────────────────────────────────
    ../../../../test-results/error-handling-Error-Handl-e52f3-e-filter-changes-gracefully-Mobile-Safari/video.webm
    ────────────────────────────────────────────────────────────────────────────────────────────────

    Error Context: ../../../../test-results/error-handling-Error-Handl-e52f3-e-filter-changes-gracefully-Mobile-Safari/error-context.md
]]>
</failure>
<system-out>
<![CDATA[
[[ATTACHMENT|error-handling-Error-Handl-e52f3-e-filter-changes-gracefully-Mobile-Safari/test-failed-1.png]]

[[ATTACHMENT|error-handling-Error-Handl-e52f3-e-filter-changes-gracefully-Mobile-Safari/video.webm]]

[[ATTACHMENT|error-handling-Error-Handl-e52f3-e-filter-changes-gracefully-Mobile-Safari/error-context.md]]
]]>
</system-out>
</testcase>
<testcase name="Error Handling Tests › should handle table sorting errors" classname="error-handling.spec.ts" time="1.639">
</testcase>
<testcase name="Error Handling Tests › should handle pagination errors" classname="error-handling.spec.ts" time="1.506">
</testcase>
<testcase name="Error Handling Tests › should recover from JavaScript errors" classname="error-handling.spec.ts" time="2.279">
</testcase>
<testcase name="Error Handling Tests › should handle search functionality errors" classname="error-handling.spec.ts" time="0.368">
</testcase>
<testcase name="Error Handling Tests › should handle notification errors" classname="error-handling.spec.ts" time="0.368">
</testcase>
<testcase name="Error Handling - Forms › should handle empty form submission" classname="error-handling.spec.ts" time="0.696">
</testcase>
<testcase name="Error Handling - Forms › should handle invalid date ranges" classname="error-handling.spec.ts" time="1.288">
</testcase>
<testcase name="Error Handling - UI Components › should handle dropdown errors" classname="error-handling.spec.ts" time="1.031">
</testcase>
<testcase name="Error Handling - UI Components › should handle tooltip errors" classname="error-handling.spec.ts" time="1.341">
</testcase>
<testcase name="Error Handling - UI Components › should handle modal errors" classname="error-handling.spec.ts" time="0.328">
</testcase>
</testsuite>
<testsuite name="navigation.spec.ts" timestamp="2026-01-23T13:20:25.002Z" hostname="Mobile Safari" tests="19" failures="2" skipped="0" time="30.28" errors="0">
<testcase name="Navigation Tests › should navigate between pages" classname="navigation.spec.ts" time="1.253">
</testcase>
<testcase name="Navigation Tests › should maintain state when navigating" classname="navigation.spec.ts" time="1.541">
</testcase>
<testcase name="Navigation Tests › should handle rapid navigation" classname="navigation.spec.ts" time="1.523">
</testcase>
<testcase name="Navigation Tests › should navigate using keyboard" classname="navigation.spec.ts" time="0.83">
</testcase>
<testcase name="Navigation Tests › should show active page indicator" classname="navigation.spec.ts" time="1.452">
</testcase>
<testcase name="Navigation Tests › should navigate from sidebar on desktop" classname="navigation.spec.ts" time="1.544">
</testcase>
<testcase name="Navigation Tests › should navigate from mobile menu" classname="navigation.spec.ts" time="1.498">
</testcase>
<testcase name="Navigation Tests › should handle browser back button" classname="navigation.spec.ts" time="1.9">
</testcase>
<testcase name="Navigation Tests › should handle browser forward button" classname="navigation.spec.ts" time="2.063">
</testcase>
<testcase name="Navigation Tests › should preserve scroll position on back navigation" classname="navigation.spec.ts" time="2.554">
</testcase>
<testcase name="Breadcrumb Navigation › should display breadcrumb trail" classname="navigation.spec.ts" time="1.232">
</testcase>
<testcase name="Breadcrumb Navigation › should show current page in navigation" classname="navigation.spec.ts" time="0.684">
</testcase>
<testcase name="Breadcrumb Navigation › should update page title on navigation" classname="navigation.spec.ts" time="1.07">
</testcase>
<testcase name="Navigation - Error Handling › should handle invalid routes gracefully" classname="navigation.spec.ts" time="0.257">
</testcase>
<testcase name="Navigation - Error Handling › should handle navigation during loading" classname="navigation.spec.ts" time="1.304">
</testcase>
<testcase name="Navigation - Error Handling › should handle navigation with network issues" classname="navigation.spec.ts" time="1.209">
</testcase>
<testcase name="Navigation - Accessibility › should have accessible navigation landmark" classname="navigation.spec.ts" time="0.725">
<failure message="navigation.spec.ts:288:3 should have accessible navigation landmark" type="FAILURE">
<![CDATA[  [Mobile Safari] › navigation.spec.ts:288:3 › Navigation - Accessibility › should have accessible navigation landmark 

    Error: expect(received).toBeGreaterThanOrEqual(expected)

    Expected: >= 1
    Received:    0

      296 |     // Check for navigation role
      297 |     const navRole = page.locator('[role="navigation"]')
    > 298 |     expect(await navRole.count()).toBeGreaterThanOrEqual(1)
          |                                   ^
      299 |   })
      300 |
      301 |   test('should have skip navigation link', async ({ page }) => {
        at /Users/dsahanovici/CURSOR_AI_DEMO/qa-automation/tests/e2e/frontend/navigation.spec.ts:298:35

    attachment #1: screenshot (image/png) ──────────────────────────────────────────────────────────
    ../../../../test-results/navigation-Navigation---Ac-c92fc-essible-navigation-landmark-Mobile-Safari/test-failed-1.png
    ────────────────────────────────────────────────────────────────────────────────────────────────

    attachment #2: video (video/webm) ──────────────────────────────────────────────────────────────
    ../../../../test-results/navigation-Navigation---Ac-c92fc-essible-navigation-landmark-Mobile-Safari/video.webm
    ────────────────────────────────────────────────────────────────────────────────────────────────

    Error Context: ../../../../test-results/navigation-Navigation---Ac-c92fc-essible-navigation-landmark-Mobile-Safari/error-context.md
]]>
</failure>
<system-out>
<![CDATA[
[[ATTACHMENT|navigation-Navigation---Ac-c92fc-essible-navigation-landmark-Mobile-Safari/test-failed-1.png]]

[[ATTACHMENT|navigation-Navigation---Ac-c92fc-essible-navigation-landmark-Mobile-Safari/video.webm]]

[[ATTACHMENT|navigation-Navigation---Ac-c92fc-essible-navigation-landmark-Mobile-Safari/error-context.md]]
]]>
</system-out>
</testcase>
<testcase name="Navigation - Accessibility › should have skip navigation link" classname="navigation.spec.ts" time="0.487">
</testcase>
<testcase name="Navigation - Accessibility › should announce page changes to screen readers" classname="navigation.spec.ts" time="7.154">
<failure message="navigation.spec.ts:313:3 should announce page changes to screen readers" type="FAILURE">
<![CDATA[  [Mobile Safari] › navigation.spec.ts:313:3 › Navigation - Accessibility › should announce page changes to screen readers 

    Error: expect(locator).toBeVisible() failed

    Locator:  locator('h1').first()
    Expected: visible
    Received: hidden
    Timeout:  5000ms

    Call log:
      - Expect "toBeVisible" with timeout 5000ms
      - waiting for locator('h1').first()
        9 × locator resolved to <h1 class="text-lg md:text-2xl font-bold hidden sm:block">Component Showcase</h1>
          - unexpected value "hidden"


      318 |     // Check if main content has proper heading
      319 |     const h1 = page.locator('h1')
    > 320 |     await expect(h1.first()).toBeVisible()
          |                              ^
      321 |     
      322 |     // H1 should announce the current page
      323 |     const heading = await h1.first().textContent()
        at /Users/dsahanovici/CURSOR_AI_DEMO/qa-automation/tests/e2e/frontend/navigation.spec.ts:320:30

    attachment #1: screenshot (image/png) ──────────────────────────────────────────────────────────
    ../../../../test-results/navigation-Navigation---Ac-4468f-e-changes-to-screen-readers-Mobile-Safari/test-failed-1.png
    ────────────────────────────────────────────────────────────────────────────────────────────────

    attachment #2: video (video/webm) ──────────────────────────────────────────────────────────────
    ../../../../test-results/navigation-Navigation---Ac-4468f-e-changes-to-screen-readers-Mobile-Safari/video.webm
    ────────────────────────────────────────────────────────────────────────────────────────────────

    Error Context: ../../../../test-results/navigation-Navigation---Ac-4468f-e-changes-to-screen-readers-Mobile-Safari/error-context.md
]]>
</failure>
<system-out>
<![CDATA[
[[ATTACHMENT|navigation-Navigation---Ac-4468f-e-changes-to-screen-readers-Mobile-Safari/test-failed-1.png]]

[[ATTACHMENT|navigation-Navigation---Ac-4468f-e-changes-to-screen-readers-Mobile-Safari/video.webm]]

[[ATTACHMENT|navigation-Navigation---Ac-4468f-e-changes-to-screen-readers-Mobile-Safari/error-context.md]]
]]>
</system-out>
</testcase>
</testsuite>
<testsuite name="product-search.spec.ts" timestamp="2026-01-23T13:20:25.002Z" hostname="Mobile Safari" tests="47" failures="2" skipped="0" time="165.248" errors="0">
<testcase name="Product Search &amp; Filter Tests › Initial Page Load › should display all products on initial load" classname="product-search.spec.ts" time="1.826">
</testcase>
<testcase name="Product Search &amp; Filter Tests › Initial Page Load › should display filter options" classname="product-search.spec.ts" time="1.41">
</testcase>
<testcase name="Product Search &amp; Filter Tests › Initial Page Load › should display sort dropdown" classname="product-search.spec.ts" time="1.497">
</testcase>
<testcase name="Product Search &amp; Filter Tests › Initial Page Load › should display cart counter" classname="product-search.spec.ts" time="1.487">
</testcase>
<testcase name="Product Search &amp; Filter Tests › Category Filtering › should filter products by &quot;On Sale&quot;" classname="product-search.spec.ts" time="1.915">
</testcase>
<testcase name="Product Search &amp; Filter Tests › Category Filtering › should filter products by &quot;Bestsellers&quot;" classname="product-search.spec.ts" time="2.201">
</testcase>
<testcase name="Product Search &amp; Filter Tests › Category Filtering › should filter products by &quot;New Arrivals&quot;" classname="product-search.spec.ts" time="2.277">
</testcase>
<testcase name="Product Search &amp; Filter Tests › Category Filtering › should filter products by &quot;In Stock&quot;" classname="product-search.spec.ts" time="2.258">
</testcase>
<testcase name="Product Search &amp; Filter Tests › Category Filtering › should reset filter when clicking &quot;All Products&quot;" classname="product-search.spec.ts" time="2.092">
</testcase>
<testcase name="Product Search &amp; Filter Tests › Category Filtering › should maintain only one active filter at a time" classname="product-search.spec.ts" time="1.605">
</testcase>
<testcase name="Product Search &amp; Filter Tests › Sort Functionality › should sort products by &quot;Price: Low to High&quot;" classname="product-search.spec.ts" time="1.519">
</testcase>
<testcase name="Product Search &amp; Filter Tests › Sort Functionality › should sort products by &quot;Price: High to Low&quot;" classname="product-search.spec.ts" time="1.461">
</testcase>
<testcase name="Product Search &amp; Filter Tests › Sort Functionality › should sort products by &quot;Highest Rated&quot;" classname="product-search.spec.ts" time="1.452">
</testcase>
<testcase name="Product Search &amp; Filter Tests › Sort Functionality › should maintain sort when changing filters" classname="product-search.spec.ts" time="1.724">
</testcase>
<testcase name="Product Search &amp; Filter Tests › Sort Functionality › should reset to featured sort" classname="product-search.spec.ts" time="1.821">
</testcase>
<testcase name="Product Search &amp; Filter Tests › Combined Filters and Sort › should apply filter and sort together" classname="product-search.spec.ts" time="1.893">
</testcase>
<testcase name="Product Search &amp; Filter Tests › Combined Filters and Sort › should update count when combining filters" classname="product-search.spec.ts" time="1.555">
</testcase>
<testcase name="Product Search &amp; Filter Tests › Empty Results State › should show empty state when no products match filter" classname="product-search.spec.ts" time="1.541">
</testcase>
<testcase name="Product Search &amp; Filter Tests › Empty Results State › should reset filters from empty state" classname="product-search.spec.ts" time="1.768">
</testcase>
<testcase name="Product Search &amp; Filter Tests › Empty Results State › should show appropriate empty state icon" classname="product-search.spec.ts" time="2.684">
</testcase>
<testcase name="Product Search &amp; Filter Tests › Product Card Interactions › should add product to cart" classname="product-search.spec.ts" time="30.119">
<failure message="product-search.spec.ts:336:5 should add product to cart" type="FAILURE">
<![CDATA[  [Mobile Safari] › product-search.spec.ts:336:5 › Product Search & Filter Tests › Product Card Interactions › should add product to cart 

    Test timeout of 30000ms exceeded.

    Error: locator.click: Test timeout of 30000ms exceeded.
    Call log:
      - waiting for locator('[aria-label*="Add"][aria-label*="cart"]').first()
        - locator resolved to <button disabled aria-label="Add Premium Coffee Maker to cart" class="px-4 py-2 rounded-lg font-medium transition-all duration-200 disabled:opacity-50 disabled:cursor-not-allowed bg-blue-600 hover:bg-blue-700 text-white shadow-md hover:shadow-lg px-4 py-2 flex items-center gap-2 ">…</button>
      - attempting click action
        2 × waiting for element to be visible, enabled and stable
          - element is not enabled
        - retrying click action
        - waiting 20ms
        2 × waiting for element to be visible, enabled and stable
          - element is not enabled
        - retrying click action
          - waiting 100ms
        57 × waiting for element to be visible, enabled and stable
           - element is not enabled
         - retrying click action
           - waiting 500ms


      340 |       // Click first "Add" button (uses aria-label for accessibility)
      341 |       const addToCartButton = page.locator('[aria-label*="Add"][aria-label*="cart"]').first()
    > 342 |       await addToCartButton.click()
          |                             ^
      343 |       
      344 |       // Wait for cart animation
      345 |       await page.waitForTimeout(700)
        at /Users/dsahanovici/CURSOR_AI_DEMO/qa-automation/tests/e2e/frontend/product-search.spec.ts:342:29

    attachment #1: screenshot (image/png) ──────────────────────────────────────────────────────────
    ../../../../test-results/product-search-Product-Sea-45b94--should-add-product-to-cart-Mobile-Safari/test-failed-1.png
    ────────────────────────────────────────────────────────────────────────────────────────────────

    attachment #2: video (video/webm) ──────────────────────────────────────────────────────────────
    ../../../../test-results/product-search-Product-Sea-45b94--should-add-product-to-cart-Mobile-Safari/video.webm
    ────────────────────────────────────────────────────────────────────────────────────────────────

    Error Context: ../../../../test-results/product-search-Product-Sea-45b94--should-add-product-to-cart-Mobile-Safari/error-context.md
]]>
</failure>
<system-out>
<![CDATA[
[[ATTACHMENT|product-search-Product-Sea-45b94--should-add-product-to-cart-Mobile-Safari/test-failed-1.png]]

[[ATTACHMENT|product-search-Product-Sea-45b94--should-add-product-to-cart-Mobile-Safari/video.webm]]

[[ATTACHMENT|product-search-Product-Sea-45b94--should-add-product-to-cart-Mobile-Safari/error-context.md]]
]]>
</system-out>
</testcase>
<testcase name="Product Search &amp; Filter Tests › Product Card Interactions › should add multiple products to cart" classname="product-search.spec.ts" time="8.649">
<failure message="product-search.spec.ts:353:5 should add multiple products to cart" type="FAILURE">
<![CDATA[  [Mobile Safari] › product-search.spec.ts:353:5 › Product Search & Filter Tests › Product Card Interactions › should add multiple products to cart 

    Error: expect(locator).toHaveText(expected) failed

    Locator:  locator('span.bg-red-500').first()
    Expected: "2"
    Received: "-29%"
    Timeout:  5000ms

    Call log:
      - Expect "toHaveText" with timeout 5000ms
      - waiting for locator('span.bg-red-500').first()
        9 × locator resolved to <span class="bg-red-500 text-white text-xs font-bold px-3 py-1 rounded-full shadow-md">-29%</span>
          - unexpected value "-29%"


      365 |       // Verify cart count
      366 |       const cartBadge = page.locator('span.bg-red-500').first()
    > 367 |       await expect(cartBadge).toHaveText('2')
          |                               ^
      368 |     })
      369 |
      370 |     test('should show loading state when adding to cart', async ({ page }) => {
        at /Users/dsahanovici/CURSOR_AI_DEMO/qa-automation/tests/e2e/frontend/product-search.spec.ts:367:31

    attachment #1: screenshot (image/png) ──────────────────────────────────────────────────────────
    ../../../../test-results/product-search-Product-Sea-47eef-d-multiple-products-to-cart-Mobile-Safari/test-failed-1.png
    ────────────────────────────────────────────────────────────────────────────────────────────────

    attachment #2: video (video/webm) ──────────────────────────────────────────────────────────────
    ../../../../test-results/product-search-Product-Sea-47eef-d-multiple-products-to-cart-Mobile-Safari/video.webm
    ────────────────────────────────────────────────────────────────────────────────────────────────

    Error Context: ../../../../test-results/product-search-Product-Sea-47eef-d-multiple-products-to-cart-Mobile-Safari/error-context.md
]]>
</failure>
<system-out>
<![CDATA[
[[ATTACHMENT|product-search-Product-Sea-47eef-d-multiple-products-to-cart-Mobile-Safari/test-failed-1.png]]

[[ATTACHMENT|product-search-Product-Sea-47eef-d-multiple-products-to-cart-Mobile-Safari/video.webm]]

[[ATTACHMENT|product-search-Product-Sea-47eef-d-multiple-products-to-cart-Mobile-Safari/error-context.md]]
]]>
</system-out>
</testcase>
<testcase name="Product Search &amp; Filter Tests › Product Card Interactions › should show loading state when adding to cart" classname="product-search.spec.ts" time="2.88">
</testcase>
<testcase name="Product Search &amp; Filter Tests › Product Card Interactions › should toggle favorite on product" classname="product-search.spec.ts" time="4.095">
</testcase>
<testcase name="Product Search &amp; Filter Tests › Product Card Interactions › should show quick view on hover" classname="product-search.spec.ts" time="6.505">
</testcase>
<testcase name="Product Search &amp; Filter Tests › Product Information Display › should display product title and description" classname="product-search.spec.ts" time="7.125">
</testcase>
<testcase name="Product Search &amp; Filter Tests › Product Information Display › should display product price" classname="product-search.spec.ts" time="5.156">
</testcase>
<testcase name="Product Search &amp; Filter Tests › Product Information Display › should display product rating" classname="product-search.spec.ts" time="2.917">
</testcase>
<testcase name="Product Search &amp; Filter Tests › Product Information Display › should display sale badge on sale items" classname="product-search.spec.ts" time="2.364">
</testcase>
<testcase name="Product Search &amp; Filter Tests › Product Information Display › should display product images" classname="product-search.spec.ts" time="3.031">
</testcase>
<testcase name="Product Search &amp; Filter Tests › Responsive Behavior › should display products in grid on desktop" classname="product-search.spec.ts" time="2.7">
</testcase>
<testcase name="Product Search &amp; Filter Tests › Responsive Behavior › should display products in grid on tablet" classname="product-search.spec.ts" time="2.033">
</testcase>
<testcase name="Product Search &amp; Filter Tests › Responsive Behavior › should display products in single column on mobile" classname="product-search.spec.ts" time="1.855">
</testcase>
<testcase name="Product Search &amp; Filter Tests › Responsive Behavior › should show filter buttons on mobile" classname="product-search.spec.ts" time="1.687">
</testcase>
<testcase name="Product Search &amp; Filter Tests › Performance and Loading › should load products quickly" classname="product-search.spec.ts" time="1.836">
</testcase>
<testcase name="Product Search &amp; Filter Tests › Performance and Loading › should filter products without page reload" classname="product-search.spec.ts" time="3.019">
</testcase>
<testcase name="Product Search &amp; Filter Tests › Performance and Loading › should sort products without page reload" classname="product-search.spec.ts" time="2.968">
</testcase>
<testcase name="Product Search &amp; Filter Tests › Error Handling › should handle missing product images gracefully" classname="product-search.spec.ts" time="1.271">
</testcase>
<testcase name="Product Search &amp; Filter Tests › Error Handling › should handle rapid filter changes" classname="product-search.spec.ts" time="2.8">
</testcase>
<testcase name="Product Search &amp; Filter Tests › Error Handling › should handle rapid sort changes" classname="product-search.spec.ts" time="2.896">
</testcase>
<testcase name="Product Search &amp; Filter Tests › Error Handling › should handle simultaneous filter and sort changes" classname="product-search.spec.ts" time="8.15">
</testcase>
<testcase name="Product Search &amp; Filter Tests › Accessibility › should have accessible filter buttons" classname="product-search.spec.ts" time="2.337">
</testcase>
<testcase name="Product Search &amp; Filter Tests › Accessibility › should have accessible sort dropdown" classname="product-search.spec.ts" time="2.275">
</testcase>
<testcase name="Product Search &amp; Filter Tests › Accessibility › should have accessible product cards" classname="product-search.spec.ts" time="5.034">
</testcase>
<testcase name="Product Search &amp; Filter Tests › Accessibility › should announce filter changes to screen readers" classname="product-search.spec.ts" time="5.887">
</testcase>
<testcase name="Product Search &amp; Filter Tests › Product Count and Display › should show correct product count" classname="product-search.spec.ts" time="5.383">
</testcase>
<testcase name="Product Search &amp; Filter Tests › Product Count and Display › should update count when filtering" classname="product-search.spec.ts" time="4.29">
</testcase>
</testsuite>
<testsuite name="registration.spec.ts" timestamp="2026-01-23T13:20:25.002Z" hostname="Mobile Safari" tests="64" failures="1" skipped="0" time="126.863" errors="0">
<testcase name="Multi-Step Registration Form Tests › Initial State and Page Load › should display registration form with Step 1" classname="registration.spec.ts" time="0.724">
</testcase>
<testcase name="Multi-Step Registration Form Tests › Initial State and Page Load › should display progress bar" classname="registration.spec.ts" time="0.705">
</testcase>
<testcase name="Multi-Step Registration Form Tests › Initial State and Page Load › should display all step indicators" classname="registration.spec.ts" time="0.72">
</testcase>
<testcase name="Multi-Step Registration Form Tests › Initial State and Page Load › should highlight current step" classname="registration.spec.ts" time="0.867">
</testcase>
<testcase name="Multi-Step Registration Form Tests › Step 1: Personal Information - Field Validation › should show error for empty first name" classname="registration.spec.ts" time="0.799">
</testcase>
<testcase name="Multi-Step Registration Form Tests › Step 1: Personal Information - Field Validation › should show error for short first name" classname="registration.spec.ts" time="1.336">
</testcase>
<testcase name="Multi-Step Registration Form Tests › Step 1: Personal Information - Field Validation › should show error for empty last name" classname="registration.spec.ts" time="0.833">
</testcase>
<testcase name="Multi-Step Registration Form Tests › Step 1: Personal Information - Field Validation › should show error for missing date of birth" classname="registration.spec.ts" time="30.077">
<failure message="registration.spec.ts:101:5 should show error for missing date of birth" type="FAILURE">
<![CDATA[  [Mobile Safari] › registration.spec.ts:101:5 › Multi-Step Registration Form Tests › Step 1: Personal Information - Field Validation › should show error for missing date of birth 

    Test timeout of 30000ms exceeded.

    Error: page.fill: Test timeout of 30000ms exceeded.
    Call log:
      - waiting for locator('input[id="firstName"]')


      100 |
      101 |     test('should show error for missing date of birth', async ({ page }) => {
    > 102 |       await page.fill('input[id="firstName"]', 'John')
          |                  ^
      103 |       await page.fill('input[id="lastName"]', 'Doe')
      104 |       
      105 |       // Don't fill date of birth, just click Next
        at /Users/dsahanovici/CURSOR_AI_DEMO/qa-automation/tests/e2e/frontend/registration.spec.ts:102:18

    attachment #1: screenshot (image/png) ──────────────────────────────────────────────────────────
    ../../../../test-results/registration-Multi-Step-Re-65b22-r-for-missing-date-of-birth-Mobile-Safari/test-failed-1.png
    ────────────────────────────────────────────────────────────────────────────────────────────────

    attachment #2: video (video/webm) ──────────────────────────────────────────────────────────────
    ../../../../test-results/registration-Multi-Step-Re-65b22-r-for-missing-date-of-birth-Mobile-Safari/video.webm
    ────────────────────────────────────────────────────────────────────────────────────────────────

    Error Context: ../../../../test-results/registration-Multi-Step-Re-65b22-r-for-missing-date-of-birth-Mobile-Safari/error-context.md
]]>
</failure>
<system-out>
<![CDATA[
[[ATTACHMENT|registration-Multi-Step-Re-65b22-r-for-missing-date-of-birth-Mobile-Safari/test-failed-1.png]]

[[ATTACHMENT|registration-Multi-Step-Re-65b22-r-for-missing-date-of-birth-Mobile-Safari/video.webm]]

[[ATTACHMENT|registration-Multi-Step-Re-65b22-r-for-missing-date-of-birth-Mobile-Safari/error-context.md]]
]]>
</system-out>
</testcase>
<testcase name="Multi-Step Registration Form Tests › Step 1: Personal Information - Field Validation › should show error for underage user" classname="registration.spec.ts" time="0.819">
</testcase>
<testcase name="Multi-Step Registration Form Tests › Step 1: Personal Information - Field Validation › should clear error when field is corrected" classname="registration.spec.ts" time="0.87">
</testcase>
<testcase name="Multi-Step Registration Form Tests › Step 1: Personal Information - Field Validation › should not proceed to Step 2 with invalid data" classname="registration.spec.ts" time="0.779">
</testcase>
<testcase name="Multi-Step Registration Form Tests › Step 1: Personal Information - Field Validation › should proceed to Step 2 with valid data" classname="registration.spec.ts" time="1.095">
</testcase>
<testcase name="Multi-Step Registration Form Tests › Step 2: Account Details - Field Validation › should display Step 2 fields" classname="registration.spec.ts" time="1.192">
</testcase>
<testcase name="Multi-Step Registration Form Tests › Step 2: Account Details - Field Validation › should show error for invalid email format" classname="registration.spec.ts" time="1.168">
</testcase>
<testcase name="Multi-Step Registration Form Tests › Step 2: Account Details - Field Validation › should show error for short username" classname="registration.spec.ts" time="1.279">
</testcase>
<testcase name="Multi-Step Registration Form Tests › Step 2: Account Details - Field Validation › should show error for invalid username characters" classname="registration.spec.ts" time="1.204">
</testcase>
<testcase name="Multi-Step Registration Form Tests › Step 2: Account Details - Field Validation › should show error for weak password" classname="registration.spec.ts" time="1.139">
</testcase>
<testcase name="Multi-Step Registration Form Tests › Step 2: Account Details - Field Validation › should show error for password without requirements" classname="registration.spec.ts" time="1.204">
</testcase>
<testcase name="Multi-Step Registration Form Tests › Step 2: Account Details - Field Validation › should show error when passwords do not match" classname="registration.spec.ts" time="1.229">
</testcase>
<testcase name="Multi-Step Registration Form Tests › Step 2: Account Details - Field Validation › should display password requirements help text" classname="registration.spec.ts" time="1.165">
</testcase>
<testcase name="Multi-Step Registration Form Tests › Step 2: Account Details - Field Validation › should display username requirements help text" classname="registration.spec.ts" time="1.176">
</testcase>
<testcase name="Multi-Step Registration Form Tests › Step 2: Account Details - Field Validation › should proceed to Step 3 with valid account details" classname="registration.spec.ts" time="1.519">
</testcase>
<testcase name="Multi-Step Registration Form Tests › Step 3: Preferences - Optional Fields › should display Step 3 fields" classname="registration.spec.ts" time="1.493">
</testcase>
<testcase name="Multi-Step Registration Form Tests › Step 3: Preferences - Optional Fields › should show optional preferences label" classname="registration.spec.ts" time="1.506">
</testcase>
<testcase name="Multi-Step Registration Form Tests › Step 3: Preferences - Optional Fields › should toggle newsletter checkbox" classname="registration.spec.ts" time="1.549">
</testcase>
<testcase name="Multi-Step Registration Form Tests › Step 3: Preferences - Optional Fields › should have notifications enabled by default" classname="registration.spec.ts" time="1.462">
</testcase>
<testcase name="Multi-Step Registration Form Tests › Step 3: Preferences - Optional Fields › should change theme preference" classname="registration.spec.ts" time="1.488">
</testcase>
<testcase name="Multi-Step Registration Form Tests › Step 3: Preferences - Optional Fields › should change language preference" classname="registration.spec.ts" time="1.458">
</testcase>
<testcase name="Multi-Step Registration Form Tests › Step 3: Preferences - Optional Fields › should proceed to Step 4 without filling preferences" classname="registration.spec.ts" time="1.766">
</testcase>
<testcase name="Multi-Step Registration Form Tests › Step 4: Review &amp; Terms › should display registration summary" classname="registration.spec.ts" time="1.831">
</testcase>
<testcase name="Multi-Step Registration Form Tests › Step 4: Review &amp; Terms › should display terms and conditions checkbox" classname="registration.spec.ts" time="1.858">
</testcase>
<testcase name="Multi-Step Registration Form Tests › Step 4: Review &amp; Terms › should display privacy policy checkbox" classname="registration.spec.ts" time="1.774">
</testcase>
<testcase name="Multi-Step Registration Form Tests › Step 4: Review &amp; Terms › should show error when submitting without accepting terms" classname="registration.spec.ts" time="1.876">
</testcase>
<testcase name="Multi-Step Registration Form Tests › Step 4: Review &amp; Terms › should show error when submitting without accepting privacy" classname="registration.spec.ts" time="1.835">
</testcase>
<testcase name="Multi-Step Registration Form Tests › Step 4: Review &amp; Terms › should show both errors when neither is accepted" classname="registration.spec.ts" time="1.817">
</testcase>
<testcase name="Multi-Step Registration Form Tests › Step 4: Review &amp; Terms › should submit form when both checkboxes are checked" classname="registration.spec.ts" time="4.386">
</testcase>
<testcase name="Multi-Step Registration Form Tests › Navigation Between Steps › should navigate forward through all steps" classname="registration.spec.ts" time="1.748">
</testcase>
<testcase name="Multi-Step Registration Form Tests › Navigation Between Steps › should navigate backward using Back button" classname="registration.spec.ts" time="1.416">
</testcase>
<testcase name="Multi-Step Registration Form Tests › Navigation Between Steps › should not show Back button on Step 1" classname="registration.spec.ts" time="0.718">
</testcase>
<testcase name="Multi-Step Registration Form Tests › Navigation Between Steps › should show Back button on Step 2 and beyond" classname="registration.spec.ts" time="1.063">
</testcase>
<testcase name="Multi-Step Registration Form Tests › Navigation Between Steps › should preserve form data when navigating back and forward" classname="registration.spec.ts" time="1.618">
</testcase>
<testcase name="Multi-Step Registration Form Tests › Navigation Between Steps › should update progress bar when navigating" classname="registration.spec.ts" time="1.107">
</testcase>
<testcase name="Multi-Step Registration Form Tests › Navigation Between Steps › should allow clicking on completed steps" classname="registration.spec.ts" time="1.409">
</testcase>
<testcase name="Multi-Step Registration Form Tests › Navigation Between Steps › should not allow clicking on future steps" classname="registration.spec.ts" time="0.724">
</testcase>
<testcase name="Multi-Step Registration Form Tests › Form Submission and Success State › should show loading state during submission" classname="registration.spec.ts" time="1.867">
</testcase>
<testcase name="Multi-Step Registration Form Tests › Form Submission and Success State › should display success message after submission" classname="registration.spec.ts" time="4.386">
</testcase>
<testcase name="Multi-Step Registration Form Tests › Form Submission and Success State › should display user information in success message" classname="registration.spec.ts" time="4.358">
</testcase>
<testcase name="Multi-Step Registration Form Tests › Form Submission and Success State › should display next steps information" classname="registration.spec.ts" time="4.359">
</testcase>
<testcase name="Multi-Step Registration Form Tests › Form Submission and Success State › should display dashboard button" classname="registration.spec.ts" time="4.353">
</testcase>
<testcase name="Multi-Step Registration Form Tests › Form Submission and Success State › should display success icon" classname="registration.spec.ts" time="4.365">
</testcase>
<testcase name="Multi-Step Registration Form Tests › Error Messages and Accessibility › should have proper ARIA labels on required fields" classname="registration.spec.ts" time="0.72">
</testcase>
<testcase name="Multi-Step Registration Form Tests › Error Messages and Accessibility › should have proper form labels" classname="registration.spec.ts" time="0.719">
</testcase>
<testcase name="Multi-Step Registration Form Tests › Error Messages and Accessibility › should mark required fields with asterisk" classname="registration.spec.ts" time="0.712">
</testcase>
<testcase name="Multi-Step Registration Form Tests › Error Messages and Accessibility › should set aria-invalid on fields with errors" classname="registration.spec.ts" time="0.785">
</testcase>
<testcase name="Multi-Step Registration Form Tests › Error Messages and Accessibility › should associate error messages with fields using aria-describedby" classname="registration.spec.ts" time="0.787">
</testcase>
<testcase name="Multi-Step Registration Form Tests › Error Messages and Accessibility › should announce errors with role=&quot;alert&quot;" classname="registration.spec.ts" time="0.805">
</testcase>
<testcase name="Multi-Step Registration Form Tests › Error Messages and Accessibility › should have accessible step navigation" classname="registration.spec.ts" time="0.717">
</testcase>
<testcase name="Multi-Step Registration Form Tests › Error Messages and Accessibility › should have aria-current on active step" classname="registration.spec.ts" time="0.704">
</testcase>
<testcase name="Multi-Step Registration Form Tests › Error Messages and Accessibility › should have meaningful button labels" classname="registration.spec.ts" time="0.713">
</testcase>
<testcase name="Multi-Step Registration Form Tests › Error Messages and Accessibility › should announce success state to screen readers" classname="registration.spec.ts" time="4.354">
</testcase>
<testcase name="Multi-Step Registration Form Tests › Accessibility Compliance › Step 1 should not have accessibility violations" classname="registration.spec.ts" time="1.042">
</testcase>
<testcase name="Multi-Step Registration Form Tests › Accessibility Compliance › Step 2 should not have accessibility violations" classname="registration.spec.ts" time="1.321">
</testcase>
<testcase name="Multi-Step Registration Form Tests › Accessibility Compliance › should be keyboard navigable" classname="registration.spec.ts" time="0.741">
</testcase>
<testcase name="Multi-Step Registration Form Tests › Accessibility Compliance › should support keyboard form submission" classname="registration.spec.ts" time="1.254">
</testcase>
</testsuite>
<testsuite name="responsive.spec.ts" timestamp="2026-01-23T13:20:25.002Z" hostname="Mobile Safari" tests="32" failures="0" skipped="0" time="34.567" errors="0">
<testcase name="Responsive Design Tests - Mobile › should show mobile hamburger menu" classname="responsive.spec.ts" time="0.37">
</testcase>
<testcase name="Responsive Design Tests - Mobile › should open sidebar on hamburger click" classname="responsive.spec.ts" time="0.891">
</testcase>
<testcase name="Responsive Design Tests - Mobile › should close sidebar on backdrop click" classname="responsive.spec.ts" time="1.248">
</testcase>
<testcase name="Responsive Design Tests - Mobile › should display mobile-friendly statistics" classname="responsive.spec.ts" time="0.361">
</testcase>
<testcase name="Responsive Design Tests - Mobile › should show tasks in single column on mobile" classname="responsive.spec.ts" time="0.387">
</testcase>
<testcase name="Responsive Design Tests - Mobile › should hide user email on small screens" classname="responsive.spec.ts" time="0.431">
</testcase>
<testcase name="Responsive Design Tests - Mobile › should show mobile navigation" classname="responsive.spec.ts" time="0.381">
</testcase>
<testcase name="Responsive Design Tests - Tablet › should display sidebar on tablet" classname="responsive.spec.ts" time="0.56">
</testcase>
<testcase name="Responsive Design Tests - Tablet › should show 2-column task grid" classname="responsive.spec.ts" time="0.543">
</testcase>
<testcase name="Responsive Design Tests - Tablet › should display statistics in 2 columns" classname="responsive.spec.ts" time="0.624">
</testcase>
<testcase name="Responsive Design Tests - Desktop › should show persistent sidebar" classname="responsive.spec.ts" time="0.907">
</testcase>
<testcase name="Responsive Design Tests - Desktop › should not show hamburger menu" classname="responsive.spec.ts" time="0.835">
</testcase>
<testcase name="Responsive Design Tests - Desktop › should display 4-column statistics" classname="responsive.spec.ts" time="0.889">
</testcase>
<testcase name="Responsive Design Tests - Desktop › should show full task details" classname="responsive.spec.ts" time="0.907">
</testcase>
<testcase name="Responsive Design Tests - Desktop › should display search bar in header" classname="responsive.spec.ts" time="0.84">
</testcase>
<testcase name="Responsive Design - Analytics Dashboard › should be responsive on mobile" classname="responsive.spec.ts" time="0.442">
</testcase>
<testcase name="Responsive Design - Analytics Dashboard › should show charts on tablet" classname="responsive.spec.ts" time="0.483">
</testcase>
<testcase name="Responsive Design - Analytics Dashboard › should display full layout on desktop" classname="responsive.spec.ts" time="0.588">
</testcase>
<testcase name="Responsive Design - Navigation › should show compact navigation on mobile" classname="responsive.spec.ts" time="0.327">
</testcase>
<testcase name="Responsive Design - Navigation › should show full navigation on desktop" classname="responsive.spec.ts" time="0.512">
</testcase>
<testcase name="Responsive Design - Orientation Changes › should handle portrait to landscape on mobile" classname="responsive.spec.ts" time="1.827">
</testcase>
<testcase name="Responsive Design - Orientation Changes › should handle landscape to portrait on mobile" classname="responsive.spec.ts" time="2.749">
</testcase>
<testcase name="Responsive Design - Orientation Changes › should handle tablet portrait to landscape" classname="responsive.spec.ts" time="2.811">
</testcase>
<testcase name="Responsive Design - Orientation Changes › should handle tablet landscape to portrait" classname="responsive.spec.ts" time="1.94">
</testcase>
<testcase name="Responsive Design - Orientation Changes › should adjust grid layout on orientation change" classname="responsive.spec.ts" time="1.866">
</testcase>
<testcase name="Responsive Design - Orientation Changes › should maintain sidebar state on orientation change" classname="responsive.spec.ts" time="1.957">
</testcase>
<testcase name="Responsive Design - Orientation Changes › should reflow statistics on orientation change" classname="responsive.spec.ts" time="1.508">
</testcase>
<testcase name="Responsive Design - Orientation Changes › should handle rapid orientation changes" classname="responsive.spec.ts" time="1.613">
</testcase>
<testcase name="Responsive Design - Orientation Changes › should adjust analytics dashboard on orientation change" classname="responsive.spec.ts" time="1.199">
</testcase>
<testcase name="Responsive Design - Orientation Changes › should maintain scroll position on orientation change" classname="responsive.spec.ts" time="1.715">
</testcase>
<testcase name="Responsive Design - Orientation Changes › should handle orientation change with open modals" classname="responsive.spec.ts" time="1.759">
</testcase>
<testcase name="Responsive Design - Orientation Changes › should handle orientation change during loading" classname="responsive.spec.ts" time="1.097">
</testcase>
</testsuite>
<testsuite name="task-management.spec.ts" timestamp="2026-01-23T13:20:25.002Z" hostname="Mobile Safari" tests="51" failures="4" skipped="0" time="104.188" errors="0">
<testcase name="Task Management Tests › should display dashboard with tasks" classname="task-management.spec.ts" time="1.001">
</testcase>
<testcase name="Task Management Tests › should display task cards" classname="task-management.spec.ts" time="1.05">
</testcase>
<testcase name="Task Management Tests › should show task details" classname="task-management.spec.ts" time="1.002">
</testcase>
<testcase name="Task Management Tests › should filter tasks by status" classname="task-management.spec.ts" time="1.061">
</testcase>
<testcase name="Task Management Tests › should show task progress bars" classname="task-management.spec.ts" time="1.029">
</testcase>
<testcase name="Task Management Tests › should display task assignees" classname="task-management.spec.ts" time="1.1">
</testcase>
<testcase name="Task Management Tests › should show overdue tasks with warning" classname="task-management.spec.ts" time="1.108">
</testcase>
<testcase name="Task Management Tests › should display quick stats sidebar" classname="task-management.spec.ts" time="1.117">
</testcase>
<testcase name="Task Management Tests › should show completed tasks section" classname="task-management.spec.ts" time="0.99">
</testcase>
<testcase name="Task Management Tests › should display task tags" classname="task-management.spec.ts" time="1.083">
</testcase>
<testcase name="Task Creation › should show create task button" classname="task-management.spec.ts" time="1.036">
</testcase>
<testcase name="Task Creation › should be able to click create task button" classname="task-management.spec.ts" time="1.065">
</testcase>
<testcase name="Task Creation › should show new task button in sidebar" classname="task-management.spec.ts" time="1.061">
</testcase>
<testcase name="Task Creation › should be able to click sidebar new task button" classname="task-management.spec.ts" time="30.579">
<failure message="task-management.spec.ts:145:3 should be able to click sidebar new task button" type="FAILURE">
<![CDATA[  [Mobile Safari] › task-management.spec.ts:145:3 › Task Creation › should be able to click sidebar new task button 

    Test timeout of 30000ms exceeded.

    Error: page.click: Test timeout of 30000ms exceeded.
    Call log:
      - waiting for locator('button:has-text("New Task")')
        - locator resolved to 2 elements. Proceeding with the first one: <button class="w-full flex items-center gap-3 px-4 py-3 text-left rounded-lg↵                bg-gradient-to-r from-blue-600 to-purple-600 text-white↵                hover:from-blue-700 hover:to-purple-700 transition-all shadow-md">…</button>
      - attempting click action
        2 × waiting for element to be visible, enabled and stable
          - element is visible, enabled and stable
          - scrolling into view if needed
          - done scrolling
          - element is outside of the viewport
        - retrying click action
        - waiting 20ms
        2 × waiting for element to be visible, enabled and stable
          - element is visible, enabled and stable
          - scrolling into view if needed
          - done scrolling
          - element is outside of the viewport
        - retrying click action
          - waiting 100ms
        57 × waiting for element to be visible, enabled and stable
           - element is visible, enabled and stable
           - scrolling into view if needed
           - done scrolling
           - element is outside of the viewport
         - retrying click action
           - waiting 500ms


      145 |   test('should be able to click sidebar new task button', async ({ page }) => {
      146 |     // Click the new task button in sidebar
    > 147 |     await page.click('button:has-text("New Task")')
          |                ^
      148 |     
      149 |     // Verify button is clickable
      150 |   })
        at /Users/dsahanovici/CURSOR_AI_DEMO/qa-automation/tests/e2e/frontend/task-management.spec.ts:147:16

    attachment #1: screenshot (image/png) ──────────────────────────────────────────────────────────
    ../../../../test-results/task-management-Task-Creat-5e188-ick-sidebar-new-task-button-Mobile-Safari/test-failed-1.png
    ────────────────────────────────────────────────────────────────────────────────────────────────

    attachment #2: video (video/webm) ──────────────────────────────────────────────────────────────
    ../../../../test-results/task-management-Task-Creat-5e188-ick-sidebar-new-task-button-Mobile-Safari/video.webm
    ────────────────────────────────────────────────────────────────────────────────────────────────

    Error Context: ../../../../test-results/task-management-Task-Creat-5e188-ick-sidebar-new-task-button-Mobile-Safari/error-context.md
]]>
</failure>
<system-out>
<![CDATA[
[[ATTACHMENT|task-management-Task-Creat-5e188-ick-sidebar-new-task-button-Mobile-Safari/test-failed-1.png]]

[[ATTACHMENT|task-management-Task-Creat-5e188-ick-sidebar-new-task-button-Mobile-Safari/video.webm]]

[[ATTACHMENT|task-management-Task-Creat-5e188-ick-sidebar-new-task-button-Mobile-Safari/error-context.md]]
]]>
</system-out>
</testcase>
<testcase name="Task Edit Operations › should open edit task dialog" classname="task-management.spec.ts" time="1.06">
</testcase>
<testcase name="Task Edit Operations › should edit task title" classname="task-management.spec.ts" time="1.14">
</testcase>
<testcase name="Task Edit Operations › should edit task description" classname="task-management.spec.ts" time="1.016">
</testcase>
<testcase name="Task Edit Operations › should edit task priority" classname="task-management.spec.ts" time="1.105">
</testcase>
<testcase name="Task Edit Operations › should edit task due date" classname="task-management.spec.ts" time="1.102">
</testcase>
<testcase name="Task Edit Operations › should edit task assignee" classname="task-management.spec.ts" time="0.985">
</testcase>
<testcase name="Task Edit Operations › should cancel task edit" classname="task-management.spec.ts" time="1.038">
</testcase>
<testcase name="Task Edit Operations › should validate required fields when editing" classname="task-management.spec.ts" time="0.989">
</testcase>
<testcase name="Task Completion Operations › should mark task as complete" classname="task-management.spec.ts" time="1.211">
</testcase>
<testcase name="Task Completion Operations › should show completion animation" classname="task-management.spec.ts" time="1.57">
</testcase>
<testcase name="Task Completion Operations › should unmark task as complete" classname="task-management.spec.ts" time="1.465">
</testcase>
<testcase name="Task Completion Operations › should update completion statistics" classname="task-management.spec.ts" time="1.408">
</testcase>
<testcase name="Task Completion Operations › should show completed date" classname="task-management.spec.ts" time="1.39">
</testcase>
<testcase name="Task Completion Operations › should update progress bars on completion" classname="task-management.spec.ts" time="1.154">
</testcase>
<testcase name="Task Deletion Operations › should show delete button on task" classname="task-management.spec.ts" time="1.745">
</testcase>
<testcase name="Task Deletion Operations › should show delete confirmation dialog" classname="task-management.spec.ts" time="1.677">
</testcase>
<testcase name="Task Deletion Operations › should delete task on confirmation" classname="task-management.spec.ts" time="1.36">
</testcase>
<testcase name="Task Deletion Operations › should cancel task deletion" classname="task-management.spec.ts" time="1.352">
</testcase>
<testcase name="Task Deletion Operations › should show delete animation" classname="task-management.spec.ts" time="1.062">
</testcase>
<testcase name="Task Deletion Operations › should update statistics after deletion" classname="task-management.spec.ts" time="1.121">
</testcase>
<testcase name="Task Deletion Operations › should support bulk delete" classname="task-management.spec.ts" time="2.003">
</testcase>
<testcase name="Task Search and Filter Operations › should show search bar" classname="task-management.spec.ts" time="6.099">
<failure message="task-management.spec.ts:404:3 should show search bar" type="FAILURE">
<![CDATA[  [Mobile Safari] › task-management.spec.ts:404:3 › Task Search and Filter Operations › should show search bar 

    Error: expect(locator).toBeVisible() failed

    Locator:  locator('button:has-text("Search")')
    Expected: visible
    Received: hidden
    Timeout:  5000ms

    Call log:
      - Expect "toBeVisible" with timeout 5000ms
      - waiting for locator('button:has-text("Search")')
        9 × locator resolved to <button aria-label="Search" class="hidden md:flex items-center gap-2 px-4 py-2 bg-gray-100 dark:bg-gray-700 ↵                text-gray-600 dark:text-gray-400 rounded-lg hover:bg-gray-200 ↵                dark:hover:bg-gray-600 transition-colors">…</button>
          - unexpected value "hidden"


      405 |     // Check for search functionality
      406 |     const searchButton = page.locator('button:has-text("Search")')
    > 407 |     await expect(searchButton).toBeVisible()
          |                                ^
      408 |   })
      409 |
      410 |   test('should search tasks by title', async ({ page }) => {
        at /Users/dsahanovici/CURSOR_AI_DEMO/qa-automation/tests/e2e/frontend/task-management.spec.ts:407:32

    attachment #1: screenshot (image/png) ──────────────────────────────────────────────────────────
    ../../../../test-results/task-management-Task-Searc-33011-ions-should-show-search-bar-Mobile-Safari/test-failed-1.png
    ────────────────────────────────────────────────────────────────────────────────────────────────

    attachment #2: video (video/webm) ──────────────────────────────────────────────────────────────
    ../../../../test-results/task-management-Task-Searc-33011-ions-should-show-search-bar-Mobile-Safari/video.webm
    ────────────────────────────────────────────────────────────────────────────────────────────────

    Error Context: ../../../../test-results/task-management-Task-Searc-33011-ions-should-show-search-bar-Mobile-Safari/error-context.md
]]>
</failure>
<system-out>
<![CDATA[
[[ATTACHMENT|task-management-Task-Searc-33011-ions-should-show-search-bar-Mobile-Safari/test-failed-1.png]]

[[ATTACHMENT|task-management-Task-Searc-33011-ions-should-show-search-bar-Mobile-Safari/video.webm]]

[[ATTACHMENT|task-management-Task-Searc-33011-ions-should-show-search-bar-Mobile-Safari/error-context.md]]
]]>
</system-out>
</testcase>
<testcase name="Task Search and Filter Operations › should search tasks by title" classname="task-management.spec.ts" time="6.096">
<failure message="task-management.spec.ts:410:3 should search tasks by title" type="FAILURE">
<![CDATA[  [Mobile Safari] › task-management.spec.ts:410:3 › Task Search and Filter Operations › should search tasks by title 

    Error: expect(locator).toBeVisible() failed

    Locator:  locator('button:has-text("Search")')
    Expected: visible
    Received: hidden
    Timeout:  5000ms

    Call log:
      - Expect "toBeVisible" with timeout 5000ms
      - waiting for locator('button:has-text("Search")')
        9 × locator resolved to <button aria-label="Search" class="hidden md:flex items-center gap-2 px-4 py-2 bg-gray-100 dark:bg-gray-700 ↵                text-gray-600 dark:text-gray-400 rounded-lg hover:bg-gray-200 ↵                dark:hover:bg-gray-600 transition-colors">…</button>
          - unexpected value "hidden"


      415 |     
      416 |     const searchButton = page.locator('button:has-text("Search")')
    > 417 |     await expect(searchButton).toBeVisible()
          |                                ^
      418 |   })
      419 |
      420 |   test('should search tasks by description', async ({ page }) => {
        at /Users/dsahanovici/CURSOR_AI_DEMO/qa-automation/tests/e2e/frontend/task-management.spec.ts:417:32

    attachment #1: screenshot (image/png) ──────────────────────────────────────────────────────────
    ../../../../test-results/task-management-Task-Searc-a4fa2-hould-search-tasks-by-title-Mobile-Safari/test-failed-1.png
    ────────────────────────────────────────────────────────────────────────────────────────────────

    attachment #2: video (video/webm) ──────────────────────────────────────────────────────────────
    ../../../../test-results/task-management-Task-Searc-a4fa2-hould-search-tasks-by-title-Mobile-Safari/video.webm
    ────────────────────────────────────────────────────────────────────────────────────────────────

    Error Context: ../../../../test-results/task-management-Task-Searc-a4fa2-hould-search-tasks-by-title-Mobile-Safari/error-context.md
]]>
</failure>
<system-out>
<![CDATA[
[[ATTACHMENT|task-management-Task-Searc-a4fa2-hould-search-tasks-by-title-Mobile-Safari/test-failed-1.png]]

[[ATTACHMENT|task-management-Task-Searc-a4fa2-hould-search-tasks-by-title-Mobile-Safari/video.webm]]

[[ATTACHMENT|task-management-Task-Searc-a4fa2-hould-search-tasks-by-title-Mobile-Safari/error-context.md]]
]]>
</system-out>
</testcase>
<testcase name="Task Search and Filter Operations › should search tasks by description" classname="task-management.spec.ts" time="1.082">
</testcase>
<testcase name="Task Search and Filter Operations › should show &quot;no results&quot; message" classname="task-management.spec.ts" time="6.13">
<failure message="task-management.spec.ts:428:3 should show &quot;no results&quot; message" type="FAILURE">
<![CDATA[  [Mobile Safari] › task-management.spec.ts:428:3 › Task Search and Filter Operations › should show "no results" message 

    Error: expect(locator).toBeVisible() failed

    Locator:  locator('button:has-text("Search")')
    Expected: visible
    Received: hidden
    Timeout:  5000ms

    Call log:
      - Expect "toBeVisible" with timeout 5000ms
      - waiting for locator('button:has-text("Search")')
        9 × locator resolved to <button aria-label="Search" class="hidden md:flex items-center gap-2 px-4 py-2 bg-gray-100 dark:bg-gray-700 ↵                text-gray-600 dark:text-gray-400 rounded-lg hover:bg-gray-200 ↵                dark:hover:bg-gray-600 transition-colors">…</button>
          - unexpected value "hidden"


      430 |     
      431 |     const searchButton = page.locator('button:has-text("Search")')
    > 432 |     await expect(searchButton).toBeVisible()
          |                                ^
      433 |   })
      434 |
      435 |   test('should clear search', async ({ page }) => {
        at /Users/dsahanovici/CURSOR_AI_DEMO/qa-automation/tests/e2e/frontend/task-management.spec.ts:432:32

    attachment #1: screenshot (image/png) ──────────────────────────────────────────────────────────
    ../../../../test-results/task-management-Task-Searc-1a9d1-uld-show-no-results-message-Mobile-Safari/test-failed-1.png
    ────────────────────────────────────────────────────────────────────────────────────────────────

    attachment #2: video (video/webm) ──────────────────────────────────────────────────────────────
    ../../../../test-results/task-management-Task-Searc-1a9d1-uld-show-no-results-message-Mobile-Safari/video.webm
    ────────────────────────────────────────────────────────────────────────────────────────────────

    Error Context: ../../../../test-results/task-management-Task-Searc-1a9d1-uld-show-no-results-message-Mobile-Safari/error-context.md
]]>
</failure>
<system-out>
<![CDATA[
[[ATTACHMENT|task-management-Task-Searc-1a9d1-uld-show-no-results-message-Mobile-Safari/test-failed-1.png]]

[[ATTACHMENT|task-management-Task-Searc-1a9d1-uld-show-no-results-message-Mobile-Safari/video.webm]]

[[ATTACHMENT|task-management-Task-Searc-1a9d1-uld-show-no-results-message-Mobile-Safari/error-context.md]]
]]>
</system-out>
</testcase>
<testcase name="Task Search and Filter Operations › should clear search" classname="task-management.spec.ts" time="1.14">
</testcase>
<testcase name="Task Search and Filter Operations › should filter by priority" classname="task-management.spec.ts" time="1.096">
</testcase>
<testcase name="Task Search and Filter Operations › should filter by assignee" classname="task-management.spec.ts" time="1.154">
</testcase>
<testcase name="Task Search and Filter Operations › should filter by due date" classname="task-management.spec.ts" time="1.219">
</testcase>
<testcase name="Task Search and Filter Operations › should combine multiple filters" classname="task-management.spec.ts" time="1.181">
</testcase>
<testcase name="Task Search and Filter Operations › should show filter count" classname="task-management.spec.ts" time="1.145">
</testcase>
<testcase name="Task Search and Filter Operations › should persist filters" classname="task-management.spec.ts" time="1.684">
</testcase>
<testcase name="Task Interactions › should show task menu on hover" classname="task-management.spec.ts" time="2.12">
</testcase>
<testcase name="Task Interactions › should display task statistics" classname="task-management.spec.ts" time="1.088">
</testcase>
<testcase name="Task Interactions › should show productivity metrics" classname="task-management.spec.ts" time="1">
</testcase>
<testcase name="Error Handling - Tasks › should handle empty task list gracefully" classname="task-management.spec.ts" time="0.339">
</testcase>
<testcase name="Error Handling - Tasks › should handle missing task data" classname="task-management.spec.ts" time="0.38">
</testcase>
</testsuite>
<testsuite name="accessibility.spec.ts" timestamp="2026-01-23T13:20:25.002Z" hostname="Microsoft Edge" tests="13" failures="13" skipped="0" time="0.013" errors="0">
<testcase name="Accessibility Tests › Dashboard should not have accessibility violations" classname="accessibility.spec.ts" time="0.001">
<failure message="accessibility.spec.ts:5:3 Dashboard should not have accessibility violations" type="FAILURE">
<![CDATA[  [Microsoft Edge] › accessibility.spec.ts:5:3 › Accessibility Tests › Dashboard should not have accessibility violations 

    Error: browserType.launch: Chromium distribution 'msedge' is not found at /Applications/Microsoft Edge.app/Contents/MacOS/Microsoft Edge
    Run "npx playwright install msedge"
]]>
</failure>
</testcase>
<testcase name="Accessibility Tests › should have proper heading hierarchy" classname="accessibility.spec.ts" time="0.001">
<failure message="accessibility.spec.ts:29:3 should have proper heading hierarchy" type="FAILURE">
<![CDATA[  [Microsoft Edge] › accessibility.spec.ts:29:3 › Accessibility Tests › should have proper heading hierarchy 

    Error: browserType.launch: Chromium distribution 'msedge' is not found at /Applications/Microsoft Edge.app/Contents/MacOS/Microsoft Edge
    Run "npx playwright install msedge"
]]>
</failure>
</testcase>
<testcase name="Accessibility Tests › should have proper ARIA labels" classname="accessibility.spec.ts" time="0.001">
<failure message="accessibility.spec.ts:47:3 should have proper ARIA labels" type="FAILURE">
<![CDATA[  [Microsoft Edge] › accessibility.spec.ts:47:3 › Accessibility Tests › should have proper ARIA labels 

    Error: browserType.launch: Chromium distribution 'msedge' is not found at /Applications/Microsoft Edge.app/Contents/MacOS/Microsoft Edge
    Run "npx playwright install msedge"
]]>
</failure>
</testcase>
<testcase name="Accessibility Tests › should have proper role attributes" classname="accessibility.spec.ts" time="0.001">
<failure message="accessibility.spec.ts:65:3 should have proper role attributes" type="FAILURE">
<![CDATA[  [Microsoft Edge] › accessibility.spec.ts:65:3 › Accessibility Tests › should have proper role attributes 

    Error: browserType.launch: Chromium distribution 'msedge' is not found at /Applications/Microsoft Edge.app/Contents/MacOS/Microsoft Edge
    Run "npx playwright install msedge"
]]>
</failure>
</testcase>
<testcase name="Accessibility Tests › should be keyboard navigable" classname="accessibility.spec.ts" time="0.001">
<failure message="accessibility.spec.ts:79:3 should be keyboard navigable" type="FAILURE">
<![CDATA[  [Microsoft Edge] › accessibility.spec.ts:79:3 › Accessibility Tests › should be keyboard navigable 

    Error: browserType.launch: Chromium distribution 'msedge' is not found at /Applications/Microsoft Edge.app/Contents/MacOS/Microsoft Edge
    Run "npx playwright install msedge"
]]>
</failure>
</testcase>
<testcase name="Accessibility Tests › should support screen readers with alt text" classname="accessibility.spec.ts" time="0.001">
<failure message="accessibility.spec.ts:93:3 should support screen readers with alt text" type="FAILURE">
<![CDATA[  [Microsoft Edge] › accessibility.spec.ts:93:3 › Accessibility Tests › should support screen readers with alt text 

    Error: browserType.launch: Chromium distribution 'msedge' is not found at /Applications/Microsoft Edge.app/Contents/MacOS/Microsoft Edge
    Run "npx playwright install msedge"
]]>
</failure>
</testcase>
<testcase name="Accessibility Tests › should have proper form labels" classname="accessibility.spec.ts" time="0.001">
<failure message="accessibility.spec.ts:109:3 should have proper form labels" type="FAILURE">
<![CDATA[  [Microsoft Edge] › accessibility.spec.ts:109:3 › Accessibility Tests › should have proper form labels 

    Error: browserType.launch: Chromium distribution 'msedge' is not found at /Applications/Microsoft Edge.app/Contents/MacOS/Microsoft Edge
    Run "npx playwright install msedge"
]]>
</failure>
</testcase>
<testcase name="Accessibility Tests › should have proper button labels" classname="accessibility.spec.ts" time="0.001">
<failure message="accessibility.spec.ts:127:3 should have proper button labels" type="FAILURE">
<![CDATA[  [Microsoft Edge] › accessibility.spec.ts:127:3 › Accessibility Tests › should have proper button labels 

    Error: browserType.launch: Chromium distribution 'msedge' is not found at /Applications/Microsoft Edge.app/Contents/MacOS/Microsoft Edge
    Run "npx playwright install msedge"
]]>
</failure>
</testcase>
<testcase name="Accessibility Tests › should have proper color contrast" classname="accessibility.spec.ts" time="0.001">
<failure message="accessibility.spec.ts:146:3 should have proper color contrast" type="FAILURE">
<![CDATA[  [Microsoft Edge] › accessibility.spec.ts:146:3 › Accessibility Tests › should have proper color contrast 

    Error: browserType.launch: Chromium distribution 'msedge' is not found at /Applications/Microsoft Edge.app/Contents/MacOS/Microsoft Edge
    Run "npx playwright install msedge"
]]>
</failure>
</testcase>
<testcase name="Accessibility Tests › should support dark mode" classname="accessibility.spec.ts" time="0.001">
<failure message="accessibility.spec.ts:161:3 should support dark mode" type="FAILURE">
<![CDATA[  [Microsoft Edge] › accessibility.spec.ts:161:3 › Accessibility Tests › should support dark mode ──

    Error: browserType.launch: Chromium distribution 'msedge' is not found at /Applications/Microsoft Edge.app/Contents/MacOS/Microsoft Edge
    Run "npx playwright install msedge"
]]>
</failure>
</testcase>
<testcase name="Accessibility Tests › Analytics Dashboard should not have accessibility violations" classname="accessibility.spec.ts" time="0.001">
<failure message="accessibility.spec.ts:179:3 Analytics Dashboard should not have accessibility violations" type="FAILURE">
<![CDATA[  [Microsoft Edge] › accessibility.spec.ts:179:3 › Accessibility Tests › Analytics Dashboard should not have accessibility violations 

    Error: browserType.launch: Chromium distribution 'msedge' is not found at /Applications/Microsoft Edge.app/Contents/MacOS/Microsoft Edge
    Run "npx playwright install msedge"
]]>
</failure>
</testcase>
<testcase name="Accessibility - Navigation › sidebar should be accessible" classname="accessibility.spec.ts" time="0.001">
<failure message="accessibility.spec.ts:207:3 sidebar should be accessible" type="FAILURE">
<![CDATA[  [Microsoft Edge] › accessibility.spec.ts:207:3 › Accessibility - Navigation › sidebar should be accessible 

    Error: browserType.launch: Chromium distribution 'msedge' is not found at /Applications/Microsoft Edge.app/Contents/MacOS/Microsoft Edge
    Run "npx playwright install msedge"
]]>
</failure>
</testcase>
<testcase name="Accessibility - Navigation › should have skip to main content link" classname="accessibility.spec.ts" time="0.001">
<failure message="accessibility.spec.ts:220:3 should have skip to main content link" type="FAILURE">
<![CDATA[  [Microsoft Edge] › accessibility.spec.ts:220:3 › Accessibility - Navigation › should have skip to main content link 

    Error: browserType.launch: Chromium distribution 'msedge' is not found at /Applications/Microsoft Edge.app/Contents/MacOS/Microsoft Edge
    Run "npx playwright install msedge"
]]>
</failure>
</testcase>
</testsuite>
<testsuite name="auth.spec.ts" timestamp="2026-01-23T13:20:25.002Z" hostname="Microsoft Edge" tests="28" failures="28" skipped="0" time="0.03" errors="0">
<testcase name="Authentication Tests - User Registration › should display registration form" classname="auth.spec.ts" time="0.001">
<failure message="auth.spec.ts:8:3 should display registration form" type="FAILURE">
<![CDATA[  [Microsoft Edge] › auth.spec.ts:8:3 › Authentication Tests - User Registration › should display registration form 

    Error: browserType.launch: Chromium distribution 'msedge' is not found at /Applications/Microsoft Edge.app/Contents/MacOS/Microsoft Edge
    Run "npx playwright install msedge"
]]>
</failure>
</testcase>
<testcase name="Authentication Tests - User Registration › should validate registration form fields" classname="auth.spec.ts" time="0.001">
<failure message="auth.spec.ts:18:3 should validate registration form fields" type="FAILURE">
<![CDATA[  [Microsoft Edge] › auth.spec.ts:18:3 › Authentication Tests - User Registration › should validate registration form fields 

    Error: browserType.launch: Chromium distribution 'msedge' is not found at /Applications/Microsoft Edge.app/Contents/MacOS/Microsoft Edge
    Run "npx playwright install msedge"
]]>
</failure>
</testcase>
<testcase name="Authentication Tests - User Registration › should register new user with valid data" classname="auth.spec.ts" time="0.002">
<failure message="auth.spec.ts:28:3 should register new user with valid data" type="FAILURE">
<![CDATA[  [Microsoft Edge] › auth.spec.ts:28:3 › Authentication Tests - User Registration › should register new user with valid data 

    Error: browserType.launch: Chromium distribution 'msedge' is not found at /Applications/Microsoft Edge.app/Contents/MacOS/Microsoft Edge
    Run "npx playwright install msedge"
]]>
</failure>
</testcase>
<testcase name="Authentication Tests - User Registration › should show error for duplicate email" classname="auth.spec.ts" time="0.001">
<failure message="auth.spec.ts:45:3 should show error for duplicate email" type="FAILURE">
<![CDATA[  [Microsoft Edge] › auth.spec.ts:45:3 › Authentication Tests - User Registration › should show error for duplicate email 

    Error: browserType.launch: Chromium distribution 'msedge' is not found at /Applications/Microsoft Edge.app/Contents/MacOS/Microsoft Edge
    Run "npx playwright install msedge"
]]>
</failure>
</testcase>
<testcase name="Authentication Tests - User Registration › should require strong password" classname="auth.spec.ts" time="0.001">
<failure message="auth.spec.ts:53:3 should require strong password" type="FAILURE">
<![CDATA[  [Microsoft Edge] › auth.spec.ts:53:3 › Authentication Tests - User Registration › should require strong password 

    Error: browserType.launch: Chromium distribution 'msedge' is not found at /Applications/Microsoft Edge.app/Contents/MacOS/Microsoft Edge
    Run "npx playwright install msedge"
]]>
</failure>
</testcase>
<testcase name="Authentication Tests - User Registration › should validate email format" classname="auth.spec.ts" time="0.001">
<failure message="auth.spec.ts:64:3 should validate email format" type="FAILURE">
<![CDATA[  [Microsoft Edge] › auth.spec.ts:64:3 › Authentication Tests - User Registration › should validate email format 

    Error: browserType.launch: Chromium distribution 'msedge' is not found at /Applications/Microsoft Edge.app/Contents/MacOS/Microsoft Edge
    Run "npx playwright install msedge"
]]>
</failure>
</testcase>
<testcase name="Authentication Tests - Login › should display login state" classname="auth.spec.ts" time="0.001">
<failure message="auth.spec.ts:80:3 should display login state" type="FAILURE">
<![CDATA[  [Microsoft Edge] › auth.spec.ts:80:3 › Authentication Tests - Login › should display login state ─

    Error: browserType.launch: Chromium distribution 'msedge' is not found at /Applications/Microsoft Edge.app/Contents/MacOS/Microsoft Edge
    Run "npx playwright install msedge"
]]>
</failure>
</testcase>
<testcase name="Authentication Tests - Login › should login with valid credentials" classname="auth.spec.ts" time="0.001">
<failure message="auth.spec.ts:86:3 should login with valid credentials" type="FAILURE">
<![CDATA[  [Microsoft Edge] › auth.spec.ts:86:3 › Authentication Tests - Login › should login with valid credentials 

    Error: browserType.launch: Chromium distribution 'msedge' is not found at /Applications/Microsoft Edge.app/Contents/MacOS/Microsoft Edge
    Run "npx playwright install msedge"
]]>
</failure>
</testcase>
<testcase name="Authentication Tests - Login › should reject login with invalid email" classname="auth.spec.ts" time="0.001">
<failure message="auth.spec.ts:104:3 should reject login with invalid email" type="FAILURE">
<![CDATA[  [Microsoft Edge] › auth.spec.ts:104:3 › Authentication Tests - Login › should reject login with invalid email 

    Error: browserType.launch: Chromium distribution 'msedge' is not found at /Applications/Microsoft Edge.app/Contents/MacOS/Microsoft Edge
    Run "npx playwright install msedge"
]]>
</failure>
</testcase>
<testcase name="Authentication Tests - Login › should reject login with incorrect password" classname="auth.spec.ts" time="0.001">
<failure message="auth.spec.ts:113:3 should reject login with incorrect password" type="FAILURE">
<![CDATA[  [Microsoft Edge] › auth.spec.ts:113:3 › Authentication Tests - Login › should reject login with incorrect password 

    Error: browserType.launch: Chromium distribution 'msedge' is not found at /Applications/Microsoft Edge.app/Contents/MacOS/Microsoft Edge
    Run "npx playwright install msedge"
]]>
</failure>
</testcase>
<testcase name="Authentication Tests - Login › should reject login with non-existent user" classname="auth.spec.ts" time="0.001">
<failure message="auth.spec.ts:124:3 should reject login with non-existent user" type="FAILURE">
<![CDATA[  [Microsoft Edge] › auth.spec.ts:124:3 › Authentication Tests - Login › should reject login with non-existent user 

    Error: browserType.launch: Chromium distribution 'msedge' is not found at /Applications/Microsoft Edge.app/Contents/MacOS/Microsoft Edge
    Run "npx playwright install msedge"
]]>
</failure>
</testcase>
<testcase name="Authentication Tests - Login › should show password visibility toggle" classname="auth.spec.ts" time="0.001">
<failure message="auth.spec.ts:133:3 should show password visibility toggle" type="FAILURE">
<![CDATA[  [Microsoft Edge] › auth.spec.ts:133:3 › Authentication Tests - Login › should show password visibility toggle 

    Error: browserType.launch: Chromium distribution 'msedge' is not found at /Applications/Microsoft Edge.app/Contents/MacOS/Microsoft Edge
    Run "npx playwright install msedge"
]]>
</failure>
</testcase>
<testcase name="Authentication Tests - Login › should handle case-sensitive passwords" classname="auth.spec.ts" time="0.001">
<failure message="auth.spec.ts:141:3 should handle case-sensitive passwords" type="FAILURE">
<![CDATA[  [Microsoft Edge] › auth.spec.ts:141:3 › Authentication Tests - Login › should handle case-sensitive passwords 

    Error: browserType.launch: Chromium distribution 'msedge' is not found at /Applications/Microsoft Edge.app/Contents/MacOS/Microsoft Edge
    Run "npx playwright install msedge"
]]>
</failure>
</testcase>
<testcase name="Authentication Tests - Login › should show loading state during login" classname="auth.spec.ts" time="0.001">
<failure message="auth.spec.ts:149:3 should show loading state during login" type="FAILURE">
<![CDATA[  [Microsoft Edge] › auth.spec.ts:149:3 › Authentication Tests - Login › should show loading state during login 

    Error: browserType.launch: Chromium distribution 'msedge' is not found at /Applications/Microsoft Edge.app/Contents/MacOS/Microsoft Edge
    Run "npx playwright install msedge"
]]>
</failure>
</testcase>
<testcase name="Authentication Tests - Login › should show user information" classname="auth.spec.ts" time="0.001">
<failure message="auth.spec.ts:156:3 should show user information" type="FAILURE">
<![CDATA[  [Microsoft Edge] › auth.spec.ts:156:3 › Authentication Tests - Login › should show user information 

    Error: browserType.launch: Chromium distribution 'msedge' is not found at /Applications/Microsoft Edge.app/Contents/MacOS/Microsoft Edge
    Run "npx playwright install msedge"
]]>
</failure>
</testcase>
<testcase name="Authentication Tests - Login › should navigate to profile settings" classname="auth.spec.ts" time="0.001">
<failure message="auth.spec.ts:170:3 should navigate to profile settings" type="FAILURE">
<![CDATA[  [Microsoft Edge] › auth.spec.ts:170:3 › Authentication Tests - Login › should navigate to profile settings 

    Error: browserType.launch: Chromium distribution 'msedge' is not found at /Applications/Microsoft Edge.app/Contents/MacOS/Microsoft Edge
    Run "npx playwright install msedge"
]]>
</failure>
</testcase>
<testcase name="Authentication Tests - Login › should logout successfully" classname="auth.spec.ts" time="0.001">
<failure message="auth.spec.ts:181:3 should logout successfully" type="FAILURE">
<![CDATA[  [Microsoft Edge] › auth.spec.ts:181:3 › Authentication Tests - Login › should logout successfully 

    Error: browserType.launch: Chromium distribution 'msedge' is not found at /Applications/Microsoft Edge.app/Contents/MacOS/Microsoft Edge
    Run "npx playwright install msedge"
]]>
</failure>
</testcase>
<testcase name="Authentication Tests - Login › should show logout button in mobile menu" classname="auth.spec.ts" time="0.001">
<failure message="auth.spec.ts:192:3 should show logout button in mobile menu" type="FAILURE">
<![CDATA[  [Microsoft Edge] › auth.spec.ts:192:3 › Authentication Tests - Login › should show logout button in mobile menu 

    Error: browserType.launch: Chromium distribution 'msedge' is not found at /Applications/Microsoft Edge.app/Contents/MacOS/Microsoft Edge
    Run "npx playwright install msedge"
]]>
</failure>
</testcase>
<testcase name="Authentication Tests - Session Persistence › should persist session after page reload" classname="auth.spec.ts" time="0.001">
<failure message="auth.spec.ts:212:3 should persist session after page reload" type="FAILURE">
<![CDATA[  [Microsoft Edge] › auth.spec.ts:212:3 › Authentication Tests - Session Persistence › should persist session after page reload 

    Error: browserType.launch: Chromium distribution 'msedge' is not found at /Applications/Microsoft Edge.app/Contents/MacOS/Microsoft Edge
    Run "npx playwright install msedge"
]]>
</failure>
</testcase>
<testcase name="Authentication Tests - Session Persistence › should persist session in localStorage" classname="auth.spec.ts" time="0.001">
<failure message="auth.spec.ts:234:3 should persist session in localStorage" type="FAILURE">
<![CDATA[  [Microsoft Edge] › auth.spec.ts:234:3 › Authentication Tests - Session Persistence › should persist session in localStorage 

    Error: browserType.launch: Chromium distribution 'msedge' is not found at /Applications/Microsoft Edge.app/Contents/MacOS/Microsoft Edge
    Run "npx playwright install msedge"
]]>
</failure>
</testcase>
<testcase name="Authentication Tests - Session Persistence › should maintain session across tabs" classname="auth.spec.ts" time="0.001">
<failure message="auth.spec.ts:250:3 should maintain session across tabs" type="FAILURE">
<![CDATA[  [Microsoft Edge] › auth.spec.ts:250:3 › Authentication Tests - Session Persistence › should maintain session across tabs 

    Error: browserType.launch: Chromium distribution 'msedge' is not found at /Applications/Microsoft Edge.app/Contents/MacOS/Microsoft Edge
    Run "npx playwright install msedge"
]]>
</failure>
</testcase>
<testcase name="Authentication Tests - Session Persistence › should clear session on logout" classname="auth.spec.ts" time="0.001">
<failure message="auth.spec.ts:270:3 should clear session on logout" type="FAILURE">
<![CDATA[  [Microsoft Edge] › auth.spec.ts:270:3 › Authentication Tests - Session Persistence › should clear session on logout 

    Error: browserType.launch: Chromium distribution 'msedge' is not found at /Applications/Microsoft Edge.app/Contents/MacOS/Microsoft Edge
    Run "npx playwright install msedge"
]]>
</failure>
</testcase>
<testcase name="Authentication Tests - Session Persistence › should handle session expiration" classname="auth.spec.ts" time="0.001">
<failure message="auth.spec.ts:285:3 should handle session expiration" type="FAILURE">
<![CDATA[  [Microsoft Edge] › auth.spec.ts:285:3 › Authentication Tests - Session Persistence › should handle session expiration 

    Error: browserType.launch: Chromium distribution 'msedge' is not found at /Applications/Microsoft Edge.app/Contents/MacOS/Microsoft Edge
    Run "npx playwright install msedge"
]]>
</failure>
</testcase>
<testcase name="Authentication Tests - Session Persistence › should refresh session on activity" classname="auth.spec.ts" time="0.001">
<failure message="auth.spec.ts:298:3 should refresh session on activity" type="FAILURE">
<![CDATA[  [Microsoft Edge] › auth.spec.ts:298:3 › Authentication Tests - Session Persistence › should refresh session on activity 

    Error: browserType.launch: Chromium distribution 'msedge' is not found at /Applications/Microsoft Edge.app/Contents/MacOS/Microsoft Edge
    Run "npx playwright install msedge"
]]>
</failure>
</testcase>
<testcase name="Authentication Tests - Session Persistence › should remember &quot;Remember Me&quot; preference" classname="auth.spec.ts" time="0.001">
<failure message="auth.spec.ts:320:3 should remember &quot;Remember Me&quot; preference" type="FAILURE">
<![CDATA[  [Microsoft Edge] › auth.spec.ts:320:3 › Authentication Tests - Session Persistence › should remember "Remember Me" preference 

    Error: browserType.launch: Chromium distribution 'msedge' is not found at /Applications/Microsoft Edge.app/Contents/MacOS/Microsoft Edge
    Run "npx playwright install msedge"
]]>
</failure>
</testcase>
<testcase name="Authentication Tests - Session Persistence › should handle concurrent sessions" classname="auth.spec.ts" time="0.001">
<failure message="auth.spec.ts:332:3 should handle concurrent sessions" type="FAILURE">
<![CDATA[  [Microsoft Edge] › auth.spec.ts:332:3 › Authentication Tests - Session Persistence › should handle concurrent sessions 

    Error: browserType.launch: Chromium distribution 'msedge' is not found at /Applications/Microsoft Edge.app/Contents/MacOS/Microsoft Edge
    Run "npx playwright install msedge"
]]>
</failure>
</testcase>
<testcase name="Authentication Tests - Session Persistence › should restore user preferences from session" classname="auth.spec.ts" time="0.001">
<failure message="auth.spec.ts:353:3 should restore user preferences from session" type="FAILURE">
<![CDATA[  [Microsoft Edge] › auth.spec.ts:353:3 › Authentication Tests - Session Persistence › should restore user preferences from session 

    Error: browserType.launch: Chromium distribution 'msedge' is not found at /Applications/Microsoft Edge.app/Contents/MacOS/Microsoft Edge
    Run "npx playwright install msedge"
]]>
</failure>
</testcase>
<testcase name="Error Handling - Authentication › should handle missing user gracefully" classname="auth.spec.ts" time="0.002">
<failure message="auth.spec.ts:374:3 should handle missing user gracefully" type="FAILURE">
<![CDATA[  [Microsoft Edge] › auth.spec.ts:374:3 › Error Handling - Authentication › should handle missing user gracefully 

    Error: browserType.launch: Chromium distribution 'msedge' is not found at /Applications/Microsoft Edge.app/Contents/MacOS/Microsoft Edge
    Run "npx playwright install msedge"
]]>
</failure>
</testcase>
</testsuite>
<testsuite name="error-handling.spec.ts" timestamp="2026-01-23T13:20:25.002Z" hostname="Microsoft Edge" tests="22" failures="22" skipped="0" time="0.022" errors="0">
<testcase name="Error Handling Tests › should handle network errors gracefully" classname="error-handling.spec.ts" time="0.001">
<failure message="error-handling.spec.ts:4:3 should handle network errors gracefully" type="FAILURE">
<![CDATA[  [Microsoft Edge] › error-handling.spec.ts:4:3 › Error Handling Tests › should handle network errors gracefully 

    Error: browserType.launch: Chromium distribution 'msedge' is not found at /Applications/Microsoft Edge.app/Contents/MacOS/Microsoft Edge
    Run "npx playwright install msedge"
]]>
</failure>
</testcase>
<testcase name="Error Handling Tests › should handle missing data gracefully" classname="error-handling.spec.ts" time="0.001">
<failure message="error-handling.spec.ts:14:3 should handle missing data gracefully" type="FAILURE">
<![CDATA[  [Microsoft Edge] › error-handling.spec.ts:14:3 › Error Handling Tests › should handle missing data gracefully 

    Error: browserType.launch: Chromium distribution 'msedge' is not found at /Applications/Microsoft Edge.app/Contents/MacOS/Microsoft Edge
    Run "npx playwright install msedge"
]]>
</failure>
</testcase>
<testcase name="Error Handling Tests › should handle malformed data" classname="error-handling.spec.ts" time="0.001">
<failure message="error-handling.spec.ts:22:3 should handle malformed data" type="FAILURE">
<![CDATA[  [Microsoft Edge] › error-handling.spec.ts:22:3 › Error Handling Tests › should handle malformed data 

    Error: browserType.launch: Chromium distribution 'msedge' is not found at /Applications/Microsoft Edge.app/Contents/MacOS/Microsoft Edge
    Run "npx playwright install msedge"
]]>
</failure>
</testcase>
<testcase name="Error Handling Tests › should handle console errors gracefully" classname="error-handling.spec.ts" time="0.001">
<failure message="error-handling.spec.ts:33:3 should handle console errors gracefully" type="FAILURE">
<![CDATA[  [Microsoft Edge] › error-handling.spec.ts:33:3 › Error Handling Tests › should handle console errors gracefully 

    Error: browserType.launch: Chromium distribution 'msedge' is not found at /Applications/Microsoft Edge.app/Contents/MacOS/Microsoft Edge
    Run "npx playwright install msedge"
]]>
</failure>
</testcase>
<testcase name="Error Handling Tests › should handle page navigation errors" classname="error-handling.spec.ts" time="0.001">
<failure message="error-handling.spec.ts:55:3 should handle page navigation errors" type="FAILURE">
<![CDATA[  [Microsoft Edge] › error-handling.spec.ts:55:3 › Error Handling Tests › should handle page navigation errors 

    Error: browserType.launch: Chromium distribution 'msedge' is not found at /Applications/Microsoft Edge.app/Contents/MacOS/Microsoft Edge
    Run "npx playwright install msedge"
]]>
</failure>
</testcase>
<testcase name="Error Handling Tests › should handle rapid navigation" classname="error-handling.spec.ts" time="0.001">
<failure message="error-handling.spec.ts:69:3 should handle rapid navigation" type="FAILURE">
<![CDATA[  [Microsoft Edge] › error-handling.spec.ts:69:3 › Error Handling Tests › should handle rapid navigation 

    Error: browserType.launch: Chromium distribution 'msedge' is not found at /Applications/Microsoft Edge.app/Contents/MacOS/Microsoft Edge
    Run "npx playwright install msedge"
]]>
</failure>
</testcase>
<testcase name="Error Handling Tests › should handle invalid viewport sizes" classname="error-handling.spec.ts" time="0.001">
<failure message="error-handling.spec.ts:83:3 should handle invalid viewport sizes" type="FAILURE">
<![CDATA[  [Microsoft Edge] › error-handling.spec.ts:83:3 › Error Handling Tests › should handle invalid viewport sizes 

    Error: browserType.launch: Chromium distribution 'msedge' is not found at /Applications/Microsoft Edge.app/Contents/MacOS/Microsoft Edge
    Run "npx playwright install msedge"
]]>
</failure>
</testcase>
<testcase name="Error Handling Tests › should handle missing images gracefully" classname="error-handling.spec.ts" time="0.001">
<failure message="error-handling.spec.ts:98:3 should handle missing images gracefully" type="FAILURE">
<![CDATA[  [Microsoft Edge] › error-handling.spec.ts:98:3 › Error Handling Tests › should handle missing images gracefully 

    Error: browserType.launch: Chromium distribution 'msedge' is not found at /Applications/Microsoft Edge.app/Contents/MacOS/Microsoft Edge
    Run "npx playwright install msedge"
]]>
</failure>
</testcase>
<testcase name="Error Handling Tests › should handle localStorage errors" classname="error-handling.spec.ts" time="0.001">
<failure message="error-handling.spec.ts:107:3 should handle localStorage errors" type="FAILURE">
<![CDATA[  [Microsoft Edge] › error-handling.spec.ts:107:3 › Error Handling Tests › should handle localStorage errors 

    Error: browserType.launch: Chromium distribution 'msedge' is not found at /Applications/Microsoft Edge.app/Contents/MacOS/Microsoft Edge
    Run "npx playwright install msedge"
]]>
</failure>
</testcase>
<testcase name="Error Handling Tests › should handle dark mode toggle errors" classname="error-handling.spec.ts" time="0.001">
<failure message="error-handling.spec.ts:119:3 should handle dark mode toggle errors" type="FAILURE">
<![CDATA[  [Microsoft Edge] › error-handling.spec.ts:119:3 › Error Handling Tests › should handle dark mode toggle errors 

    Error: browserType.launch: Chromium distribution 'msedge' is not found at /Applications/Microsoft Edge.app/Contents/MacOS/Microsoft Edge
    Run "npx playwright install msedge"
]]>
</failure>
</testcase>
<testcase name="Error Handling Tests › should handle sidebar toggle errors" classname="error-handling.spec.ts" time="0.001">
<failure message="error-handling.spec.ts:136:3 should handle sidebar toggle errors" type="FAILURE">
<![CDATA[  [Microsoft Edge] › error-handling.spec.ts:136:3 › Error Handling Tests › should handle sidebar toggle errors 

    Error: browserType.launch: Chromium distribution 'msedge' is not found at /Applications/Microsoft Edge.app/Contents/MacOS/Microsoft Edge
    Run "npx playwright install msedge"
]]>
</failure>
</testcase>
<testcase name="Error Handling Tests › should handle filter changes gracefully" classname="error-handling.spec.ts" time="0.001">
<failure message="error-handling.spec.ts:157:3 should handle filter changes gracefully" type="FAILURE">
<![CDATA[  [Microsoft Edge] › error-handling.spec.ts:157:3 › Error Handling Tests › should handle filter changes gracefully 

    Error: browserType.launch: Chromium distribution 'msedge' is not found at /Applications/Microsoft Edge.app/Contents/MacOS/Microsoft Edge
    Run "npx playwright install msedge"
]]>
</failure>
</testcase>
<testcase name="Error Handling Tests › should handle table sorting errors" classname="error-handling.spec.ts" time="0.001">
<failure message="error-handling.spec.ts:170:3 should handle table sorting errors" type="FAILURE">
<![CDATA[  [Microsoft Edge] › error-handling.spec.ts:170:3 › Error Handling Tests › should handle table sorting errors 

    Error: browserType.launch: Chromium distribution 'msedge' is not found at /Applications/Microsoft Edge.app/Contents/MacOS/Microsoft Edge
    Run "npx playwright install msedge"
]]>
</failure>
</testcase>
<testcase name="Error Handling Tests › should handle pagination errors" classname="error-handling.spec.ts" time="0.001">
<failure message="error-handling.spec.ts:192:3 should handle pagination errors" type="FAILURE">
<![CDATA[  [Microsoft Edge] › error-handling.spec.ts:192:3 › Error Handling Tests › should handle pagination errors 

    Error: browserType.launch: Chromium distribution 'msedge' is not found at /Applications/Microsoft Edge.app/Contents/MacOS/Microsoft Edge
    Run "npx playwright install msedge"
]]>
</failure>
</testcase>
<testcase name="Error Handling Tests › should recover from JavaScript errors" classname="error-handling.spec.ts" time="0.001">
<failure message="error-handling.spec.ts:213:3 should recover from JavaScript errors" type="FAILURE">
<![CDATA[  [Microsoft Edge] › error-handling.spec.ts:213:3 › Error Handling Tests › should recover from JavaScript errors 

    Error: browserType.launch: Chromium distribution 'msedge' is not found at /Applications/Microsoft Edge.app/Contents/MacOS/Microsoft Edge
    Run "npx playwright install msedge"
]]>
</failure>
</testcase>
<testcase name="Error Handling Tests › should handle search functionality errors" classname="error-handling.spec.ts" time="0.001">
<failure message="error-handling.spec.ts:234:3 should handle search functionality errors" type="FAILURE">
<![CDATA[  [Microsoft Edge] › error-handling.spec.ts:234:3 › Error Handling Tests › should handle search functionality errors 

    Error: browserType.launch: Chromium distribution 'msedge' is not found at /Applications/Microsoft Edge.app/Contents/MacOS/Microsoft Edge
    Run "npx playwright install msedge"
]]>
</failure>
</testcase>
<testcase name="Error Handling Tests › should handle notification errors" classname="error-handling.spec.ts" time="0.001">
<failure message="error-handling.spec.ts:249:3 should handle notification errors" type="FAILURE">
<![CDATA[  [Microsoft Edge] › error-handling.spec.ts:249:3 › Error Handling Tests › should handle notification errors 

    Error: browserType.launch: Chromium distribution 'msedge' is not found at /Applications/Microsoft Edge.app/Contents/MacOS/Microsoft Edge
    Run "npx playwright install msedge"
]]>
</failure>
</testcase>
<testcase name="Error Handling - Forms › should handle empty form submission" classname="error-handling.spec.ts" time="0.001">
<failure message="error-handling.spec.ts:266:3 should handle empty form submission" type="FAILURE">
<![CDATA[  [Microsoft Edge] › error-handling.spec.ts:266:3 › Error Handling - Forms › should handle empty form submission 

    Error: browserType.launch: Chromium distribution 'msedge' is not found at /Applications/Microsoft Edge.app/Contents/MacOS/Microsoft Edge
    Run "npx playwright install msedge"
]]>
</failure>
</testcase>
<testcase name="Error Handling - Forms › should handle invalid date ranges" classname="error-handling.spec.ts" time="0.001">
<failure message="error-handling.spec.ts:282:3 should handle invalid date ranges" type="FAILURE">
<![CDATA[  [Microsoft Edge] › error-handling.spec.ts:282:3 › Error Handling - Forms › should handle invalid date ranges 

    Error: browserType.launch: Chromium distribution 'msedge' is not found at /Applications/Microsoft Edge.app/Contents/MacOS/Microsoft Edge
    Run "npx playwright install msedge"
]]>
</failure>
</testcase>
<testcase name="Error Handling - UI Components › should handle dropdown errors" classname="error-handling.spec.ts" time="0.001">
<failure message="error-handling.spec.ts:305:3 should handle dropdown errors" type="FAILURE">
<![CDATA[  [Microsoft Edge] › error-handling.spec.ts:305:3 › Error Handling - UI Components › should handle dropdown errors 

    Error: browserType.launch: Chromium distribution 'msedge' is not found at /Applications/Microsoft Edge.app/Contents/MacOS/Microsoft Edge
    Run "npx playwright install msedge"
]]>
</failure>
</testcase>
<testcase name="Error Handling - UI Components › should handle tooltip errors" classname="error-handling.spec.ts" time="0.001">
<failure message="error-handling.spec.ts:324:3 should handle tooltip errors" type="FAILURE">
<![CDATA[  [Microsoft Edge] › error-handling.spec.ts:324:3 › Error Handling - UI Components › should handle tooltip errors 

    Error: browserType.launch: Chromium distribution 'msedge' is not found at /Applications/Microsoft Edge.app/Contents/MacOS/Microsoft Edge
    Run "npx playwright install msedge"
]]>
</failure>
</testcase>
<testcase name="Error Handling - UI Components › should handle modal errors" classname="error-handling.spec.ts" time="0.001">
<failure message="error-handling.spec.ts:342:3 should handle modal errors" type="FAILURE">
<![CDATA[  [Microsoft Edge] › error-handling.spec.ts:342:3 › Error Handling - UI Components › should handle modal errors 

    Error: browserType.launch: Chromium distribution 'msedge' is not found at /Applications/Microsoft Edge.app/Contents/MacOS/Microsoft Edge
    Run "npx playwright install msedge"
]]>
</failure>
</testcase>
</testsuite>
<testsuite name="navigation.spec.ts" timestamp="2026-01-23T13:20:25.002Z" hostname="Microsoft Edge" tests="19" failures="19" skipped="0" time="0.02" errors="0">
<testcase name="Navigation Tests › should navigate between pages" classname="navigation.spec.ts" time="0.002">
<failure message="navigation.spec.ts:8:3 should navigate between pages" type="FAILURE">
<![CDATA[  [Microsoft Edge] › navigation.spec.ts:8:3 › Navigation Tests › should navigate between pages ─────

    Error: browserType.launch: Chromium distribution 'msedge' is not found at /Applications/Microsoft Edge.app/Contents/MacOS/Microsoft Edge
    Run "npx playwright install msedge"
]]>
</failure>
</testcase>
<testcase name="Navigation Tests › should maintain state when navigating" classname="navigation.spec.ts" time="0.001">
<failure message="navigation.spec.ts:38:3 should maintain state when navigating" type="FAILURE">
<![CDATA[  [Microsoft Edge] › navigation.spec.ts:38:3 › Navigation Tests › should maintain state when navigating 

    Error: browserType.launch: Chromium distribution 'msedge' is not found at /Applications/Microsoft Edge.app/Contents/MacOS/Microsoft Edge
    Run "npx playwright install msedge"
]]>
</failure>
</testcase>
<testcase name="Navigation Tests › should handle rapid navigation" classname="navigation.spec.ts" time="0.001">
<failure message="navigation.spec.ts:58:3 should handle rapid navigation" type="FAILURE">
<![CDATA[  [Microsoft Edge] › navigation.spec.ts:58:3 › Navigation Tests › should handle rapid navigation ───

    Error: browserType.launch: Chromium distribution 'msedge' is not found at /Applications/Microsoft Edge.app/Contents/MacOS/Microsoft Edge
    Run "npx playwright install msedge"
]]>
</failure>
</testcase>
<testcase name="Navigation Tests › should navigate using keyboard" classname="navigation.spec.ts" time="0.001">
<failure message="navigation.spec.ts:71:3 should navigate using keyboard" type="FAILURE">
<![CDATA[  [Microsoft Edge] › navigation.spec.ts:71:3 › Navigation Tests › should navigate using keyboard ───

    Error: browserType.launch: Chromium distribution 'msedge' is not found at /Applications/Microsoft Edge.app/Contents/MacOS/Microsoft Edge
    Run "npx playwright install msedge"
]]>
</failure>
</testcase>
<testcase name="Navigation Tests › should show active page indicator" classname="navigation.spec.ts" time="0.001">
<failure message="navigation.spec.ts:89:3 should show active page indicator" type="FAILURE">
<![CDATA[  [Microsoft Edge] › navigation.spec.ts:89:3 › Navigation Tests › should show active page indicator 

    Error: browserType.launch: Chromium distribution 'msedge' is not found at /Applications/Microsoft Edge.app/Contents/MacOS/Microsoft Edge
    Run "npx playwright install msedge"
]]>
</failure>
</testcase>
<testcase name="Navigation Tests › should navigate from sidebar on desktop" classname="navigation.spec.ts" time="0.001">
<failure message="navigation.spec.ts:102:3 should navigate from sidebar on desktop" type="FAILURE">
<![CDATA[  [Microsoft Edge] › navigation.spec.ts:102:3 › Navigation Tests › should navigate from sidebar on desktop 

    Error: browserType.launch: Chromium distribution 'msedge' is not found at /Applications/Microsoft Edge.app/Contents/MacOS/Microsoft Edge
    Run "npx playwright install msedge"
]]>
</failure>
</testcase>
<testcase name="Navigation Tests › should navigate from mobile menu" classname="navigation.spec.ts" time="0.001">
<failure message="navigation.spec.ts:119:3 should navigate from mobile menu" type="FAILURE">
<![CDATA[  [Microsoft Edge] › navigation.spec.ts:119:3 › Navigation Tests › should navigate from mobile menu 

    Error: browserType.launch: Chromium distribution 'msedge' is not found at /Applications/Microsoft Edge.app/Contents/MacOS/Microsoft Edge
    Run "npx playwright install msedge"
]]>
</failure>
</testcase>
<testcase name="Navigation Tests › should handle browser back button" classname="navigation.spec.ts" time="0.001">
<failure message="navigation.spec.ts:139:3 should handle browser back button" type="FAILURE">
<![CDATA[  [Microsoft Edge] › navigation.spec.ts:139:3 › Navigation Tests › should handle browser back button 

    Error: browserType.launch: Chromium distribution 'msedge' is not found at /Applications/Microsoft Edge.app/Contents/MacOS/Microsoft Edge
    Run "npx playwright install msedge"
]]>
</failure>
</testcase>
<testcase name="Navigation Tests › should handle browser forward button" classname="navigation.spec.ts" time="0.001">
<failure message="navigation.spec.ts:159:3 should handle browser forward button" type="FAILURE">
<![CDATA[  [Microsoft Edge] › navigation.spec.ts:159:3 › Navigation Tests › should handle browser forward button 

    Error: browserType.launch: Chromium distribution 'msedge' is not found at /Applications/Microsoft Edge.app/Contents/MacOS/Microsoft Edge
    Run "npx playwright install msedge"
]]>
</failure>
</testcase>
<testcase name="Navigation Tests › should preserve scroll position on back navigation" classname="navigation.spec.ts" time="0.001">
<failure message="navigation.spec.ts:180:3 should preserve scroll position on back navigation" type="FAILURE">
<![CDATA[  [Microsoft Edge] › navigation.spec.ts:180:3 › Navigation Tests › should preserve scroll position on back navigation 

    Error: browserType.launch: Chromium distribution 'msedge' is not found at /Applications/Microsoft Edge.app/Contents/MacOS/Microsoft Edge
    Run "npx playwright install msedge"
]]>
</failure>
</testcase>
<testcase name="Breadcrumb Navigation › should display breadcrumb trail" classname="navigation.spec.ts" time="0.001">
<failure message="navigation.spec.ts:214:3 should display breadcrumb trail" type="FAILURE">
<![CDATA[  [Microsoft Edge] › navigation.spec.ts:214:3 › Breadcrumb Navigation › should display breadcrumb trail 

    Error: browserType.launch: Chromium distribution 'msedge' is not found at /Applications/Microsoft Edge.app/Contents/MacOS/Microsoft Edge
    Run "npx playwright install msedge"
]]>
</failure>
</testcase>
<testcase name="Breadcrumb Navigation › should show current page in navigation" classname="navigation.spec.ts" time="0.001">
<failure message="navigation.spec.ts:224:3 should show current page in navigation" type="FAILURE">
<![CDATA[  [Microsoft Edge] › navigation.spec.ts:224:3 › Breadcrumb Navigation › should show current page in navigation 

    Error: browserType.launch: Chromium distribution 'msedge' is not found at /Applications/Microsoft Edge.app/Contents/MacOS/Microsoft Edge
    Run "npx playwright install msedge"
]]>
</failure>
</testcase>
<testcase name="Breadcrumb Navigation › should update page title on navigation" classname="navigation.spec.ts" time="0.001">
<failure message="navigation.spec.ts:233:3 should update page title on navigation" type="FAILURE">
<![CDATA[  [Microsoft Edge] › navigation.spec.ts:233:3 › Breadcrumb Navigation › should update page title on navigation 

    Error: browserType.launch: Chromium distribution 'msedge' is not found at /Applications/Microsoft Edge.app/Contents/MacOS/Microsoft Edge
    Run "npx playwright install msedge"
]]>
</failure>
</testcase>
<testcase name="Navigation - Error Handling › should handle invalid routes gracefully" classname="navigation.spec.ts" time="0.001">
<failure message="navigation.spec.ts:253:3 should handle invalid routes gracefully" type="FAILURE">
<![CDATA[  [Microsoft Edge] › navigation.spec.ts:253:3 › Navigation - Error Handling › should handle invalid routes gracefully 

    Error: browserType.launch: Chromium distribution 'msedge' is not found at /Applications/Microsoft Edge.app/Contents/MacOS/Microsoft Edge
    Run "npx playwright install msedge"
]]>
</failure>
</testcase>
<testcase name="Navigation - Error Handling › should handle navigation during loading" classname="navigation.spec.ts" time="0.001">
<failure message="navigation.spec.ts:260:3 should handle navigation during loading" type="FAILURE">
<![CDATA[  [Microsoft Edge] › navigation.spec.ts:260:3 › Navigation - Error Handling › should handle navigation during loading 

    Error: browserType.launch: Chromium distribution 'msedge' is not found at /Applications/Microsoft Edge.app/Contents/MacOS/Microsoft Edge
    Run "npx playwright install msedge"
]]>
</failure>
</testcase>
<testcase name="Navigation - Error Handling › should handle navigation with network issues" classname="navigation.spec.ts" time="0.001">
<failure message="navigation.spec.ts:276:3 should handle navigation with network issues" type="FAILURE">
<![CDATA[  [Microsoft Edge] › navigation.spec.ts:276:3 › Navigation - Error Handling › should handle navigation with network issues 

    Error: browserType.launch: Chromium distribution 'msedge' is not found at /Applications/Microsoft Edge.app/Contents/MacOS/Microsoft Edge
    Run "npx playwright install msedge"
]]>
</failure>
</testcase>
<testcase name="Navigation - Accessibility › should have accessible navigation landmark" classname="navigation.spec.ts" time="0.001">
<failure message="navigation.spec.ts:288:3 should have accessible navigation landmark" type="FAILURE">
<![CDATA[  [Microsoft Edge] › navigation.spec.ts:288:3 › Navigation - Accessibility › should have accessible navigation landmark 

    Error: browserType.launch: Chromium distribution 'msedge' is not found at /Applications/Microsoft Edge.app/Contents/MacOS/Microsoft Edge
    Run "npx playwright install msedge"
]]>
</failure>
</testcase>
<testcase name="Navigation - Accessibility › should have skip navigation link" classname="navigation.spec.ts" time="0.001">
<failure message="navigation.spec.ts:301:3 should have skip navigation link" type="FAILURE">
<![CDATA[  [Microsoft Edge] › navigation.spec.ts:301:3 › Navigation - Accessibility › should have skip navigation link 

    Error: browserType.launch: Chromium distribution 'msedge' is not found at /Applications/Microsoft Edge.app/Contents/MacOS/Microsoft Edge
    Run "npx playwright install msedge"
]]>
</failure>
</testcase>
<testcase name="Navigation - Accessibility › should announce page changes to screen readers" classname="navigation.spec.ts" time="0.001">
<failure message="navigation.spec.ts:313:3 should announce page changes to screen readers" type="FAILURE">
<![CDATA[  [Microsoft Edge] › navigation.spec.ts:313:3 › Navigation - Accessibility › should announce page changes to screen readers 

    Error: browserType.launch: Chromium distribution 'msedge' is not found at /Applications/Microsoft Edge.app/Contents/MacOS/Microsoft Edge
    Run "npx playwright install msedge"
]]>
</failure>
</testcase>
</testsuite>
<testsuite name="product-search.spec.ts" timestamp="2026-01-23T13:20:25.002Z" hostname="Microsoft Edge" tests="47" failures="47" skipped="0" time="0.048" errors="0">
<testcase name="Product Search &amp; Filter Tests › Initial Page Load › should display all products on initial load" classname="product-search.spec.ts" time="0.001">
<failure message="product-search.spec.ts:24:5 should display all products on initial load" type="FAILURE">
<![CDATA[  [Microsoft Edge] › product-search.spec.ts:24:5 › Product Search & Filter Tests › Initial Page Load › should display all products on initial load 

    Error: browserType.launch: Chromium distribution 'msedge' is not found at /Applications/Microsoft Edge.app/Contents/MacOS/Microsoft Edge
    Run "npx playwright install msedge"
]]>
</failure>
</testcase>
<testcase name="Product Search &amp; Filter Tests › Initial Page Load › should display filter options" classname="product-search.spec.ts" time="0.001">
<failure message="product-search.spec.ts:37:5 should display filter options" type="FAILURE">
<![CDATA[  [Microsoft Edge] › product-search.spec.ts:37:5 › Product Search & Filter Tests › Initial Page Load › should display filter options 

    Error: browserType.launch: Chromium distribution 'msedge' is not found at /Applications/Microsoft Edge.app/Contents/MacOS/Microsoft Edge
    Run "npx playwright install msedge"
]]>
</failure>
</testcase>
<testcase name="Product Search &amp; Filter Tests › Initial Page Load › should display sort dropdown" classname="product-search.spec.ts" time="0.001">
<failure message="product-search.spec.ts:49:5 should display sort dropdown" type="FAILURE">
<![CDATA[  [Microsoft Edge] › product-search.spec.ts:49:5 › Product Search & Filter Tests › Initial Page Load › should display sort dropdown 

    Error: browserType.launch: Chromium distribution 'msedge' is not found at /Applications/Microsoft Edge.app/Contents/MacOS/Microsoft Edge
    Run "npx playwright install msedge"
]]>
</failure>
</testcase>
<testcase name="Product Search &amp; Filter Tests › Initial Page Load › should display cart counter" classname="product-search.spec.ts" time="0.001">
<failure message="product-search.spec.ts:65:5 should display cart counter" type="FAILURE">
<![CDATA[  [Microsoft Edge] › product-search.spec.ts:65:5 › Product Search & Filter Tests › Initial Page Load › should display cart counter 

    Error: browserType.launch: Chromium distribution 'msedge' is not found at /Applications/Microsoft Edge.app/Contents/MacOS/Microsoft Edge
    Run "npx playwright install msedge"
]]>
</failure>
</testcase>
<testcase name="Product Search &amp; Filter Tests › Category Filtering › should filter products by &quot;On Sale&quot;" classname="product-search.spec.ts" time="0.001">
<failure message="product-search.spec.ts:73:5 should filter products by &quot;On Sale&quot;" type="FAILURE">
<![CDATA[  [Microsoft Edge] › product-search.spec.ts:73:5 › Product Search & Filter Tests › Category Filtering › should filter products by "On Sale" 

    Error: browserType.launch: Chromium distribution 'msedge' is not found at /Applications/Microsoft Edge.app/Contents/MacOS/Microsoft Edge
    Run "npx playwright install msedge"
]]>
</failure>
</testcase>
<testcase name="Product Search &amp; Filter Tests › Category Filtering › should filter products by &quot;Bestsellers&quot;" classname="product-search.spec.ts" time="0.001">
<failure message="product-search.spec.ts:93:5 should filter products by &quot;Bestsellers&quot;" type="FAILURE">
<![CDATA[  [Microsoft Edge] › product-search.spec.ts:93:5 › Product Search & Filter Tests › Category Filtering › should filter products by "Bestsellers" 

    Error: browserType.launch: Chromium distribution 'msedge' is not found at /Applications/Microsoft Edge.app/Contents/MacOS/Microsoft Edge
    Run "npx playwright install msedge"
]]>
</failure>
</testcase>
<testcase name="Product Search &amp; Filter Tests › Category Filtering › should filter products by &quot;New Arrivals&quot;" classname="product-search.spec.ts" time="0.001">
<failure message="product-search.spec.ts:108:5 should filter products by &quot;New Arrivals&quot;" type="FAILURE">
<![CDATA[  [Microsoft Edge] › product-search.spec.ts:108:5 › Product Search & Filter Tests › Category Filtering › should filter products by "New Arrivals" 

    Error: browserType.launch: Chromium distribution 'msedge' is not found at /Applications/Microsoft Edge.app/Contents/MacOS/Microsoft Edge
    Run "npx playwright install msedge"
]]>
</failure>
</testcase>
<testcase name="Product Search &amp; Filter Tests › Category Filtering › should filter products by &quot;In Stock&quot;" classname="product-search.spec.ts" time="0.001">
<failure message="product-search.spec.ts:122:5 should filter products by &quot;In Stock&quot;" type="FAILURE">
<![CDATA[  [Microsoft Edge] › product-search.spec.ts:122:5 › Product Search & Filter Tests › Category Filtering › should filter products by "In Stock" 

    Error: browserType.launch: Chromium distribution 'msedge' is not found at /Applications/Microsoft Edge.app/Contents/MacOS/Microsoft Edge
    Run "npx playwright install msedge"
]]>
</failure>
</testcase>
<testcase name="Product Search &amp; Filter Tests › Category Filtering › should reset filter when clicking &quot;All Products&quot;" classname="product-search.spec.ts" time="0.001">
<failure message="product-search.spec.ts:136:5 should reset filter when clicking &quot;All Products&quot;" type="FAILURE">
<![CDATA[  [Microsoft Edge] › product-search.spec.ts:136:5 › Product Search & Filter Tests › Category Filtering › should reset filter when clicking "All Products" 

    Error: browserType.launch: Chromium distribution 'msedge' is not found at /Applications/Microsoft Edge.app/Contents/MacOS/Microsoft Edge
    Run "npx playwright install msedge"
]]>
</failure>
</testcase>
<testcase name="Product Search &amp; Filter Tests › Category Filtering › should maintain only one active filter at a time" classname="product-search.spec.ts" time="0.001">
<failure message="product-search.spec.ts:155:5 should maintain only one active filter at a time" type="FAILURE">
<![CDATA[  [Microsoft Edge] › product-search.spec.ts:155:5 › Product Search & Filter Tests › Category Filtering › should maintain only one active filter at a time 

    Error: browserType.launch: Chromium distribution 'msedge' is not found at /Applications/Microsoft Edge.app/Contents/MacOS/Microsoft Edge
    Run "npx playwright install msedge"
]]>
</failure>
</testcase>
<testcase name="Product Search &amp; Filter Tests › Sort Functionality › should sort products by &quot;Price: Low to High&quot;" classname="product-search.spec.ts" time="0.001">
<failure message="product-search.spec.ts:174:5 should sort products by &quot;Price: Low to High&quot;" type="FAILURE">
<![CDATA[  [Microsoft Edge] › product-search.spec.ts:174:5 › Product Search & Filter Tests › Sort Functionality › should sort products by "Price: Low to High" 

    Error: browserType.launch: Chromium distribution 'msedge' is not found at /Applications/Microsoft Edge.app/Contents/MacOS/Microsoft Edge
    Run "npx playwright install msedge"
]]>
</failure>
</testcase>
<testcase name="Product Search &amp; Filter Tests › Sort Functionality › should sort products by &quot;Price: High to Low&quot;" classname="product-search.spec.ts" time="0.001">
<failure message="product-search.spec.ts:190:5 should sort products by &quot;Price: High to Low&quot;" type="FAILURE">
<![CDATA[  [Microsoft Edge] › product-search.spec.ts:190:5 › Product Search & Filter Tests › Sort Functionality › should sort products by "Price: High to Low" 

    Error: browserType.launch: Chromium distribution 'msedge' is not found at /Applications/Microsoft Edge.app/Contents/MacOS/Microsoft Edge
    Run "npx playwright install msedge"
]]>
</failure>
</testcase>
<testcase name="Product Search &amp; Filter Tests › Sort Functionality › should sort products by &quot;Highest Rated&quot;" classname="product-search.spec.ts" time="0.001">
<failure message="product-search.spec.ts:200:5 should sort products by &quot;Highest Rated&quot;" type="FAILURE">
<![CDATA[  [Microsoft Edge] › product-search.spec.ts:200:5 › Product Search & Filter Tests › Sort Functionality › should sort products by "Highest Rated" 

    Error: browserType.launch: Chromium distribution 'msedge' is not found at /Applications/Microsoft Edge.app/Contents/MacOS/Microsoft Edge
    Run "npx playwright install msedge"
]]>
</failure>
</testcase>
<testcase name="Product Search &amp; Filter Tests › Sort Functionality › should maintain sort when changing filters" classname="product-search.spec.ts" time="0.001">
<failure message="product-search.spec.ts:214:5 should maintain sort when changing filters" type="FAILURE">
<![CDATA[  [Microsoft Edge] › product-search.spec.ts:214:5 › Product Search & Filter Tests › Sort Functionality › should maintain sort when changing filters 

    Error: browserType.launch: Chromium distribution 'msedge' is not found at /Applications/Microsoft Edge.app/Contents/MacOS/Microsoft Edge
    Run "npx playwright install msedge"
]]>
</failure>
</testcase>
<testcase name="Product Search &amp; Filter Tests › Sort Functionality › should reset to featured sort" classname="product-search.spec.ts" time="0.001">
<failure message="product-search.spec.ts:228:5 should reset to featured sort" type="FAILURE">
<![CDATA[  [Microsoft Edge] › product-search.spec.ts:228:5 › Product Search & Filter Tests › Sort Functionality › should reset to featured sort 

    Error: browserType.launch: Chromium distribution 'msedge' is not found at /Applications/Microsoft Edge.app/Contents/MacOS/Microsoft Edge
    Run "npx playwright install msedge"
]]>
</failure>
</testcase>
<testcase name="Product Search &amp; Filter Tests › Combined Filters and Sort › should apply filter and sort together" classname="product-search.spec.ts" time="0.001">
<failure message="product-search.spec.ts:244:5 should apply filter and sort together" type="FAILURE">
<![CDATA[  [Microsoft Edge] › product-search.spec.ts:244:5 › Product Search & Filter Tests › Combined Filters and Sort › should apply filter and sort together 

    Error: browserType.launch: Chromium distribution 'msedge' is not found at /Applications/Microsoft Edge.app/Contents/MacOS/Microsoft Edge
    Run "npx playwright install msedge"
]]>
</failure>
</testcase>
<testcase name="Product Search &amp; Filter Tests › Combined Filters and Sort › should update count when combining filters" classname="product-search.spec.ts" time="0.001">
<failure message="product-search.spec.ts:265:5 should update count when combining filters" type="FAILURE">
<![CDATA[  [Microsoft Edge] › product-search.spec.ts:265:5 › Product Search & Filter Tests › Combined Filters and Sort › should update count when combining filters 

    Error: browserType.launch: Chromium distribution 'msedge' is not found at /Applications/Microsoft Edge.app/Contents/MacOS/Microsoft Edge
    Run "npx playwright install msedge"
]]>
</failure>
</testcase>
<testcase name="Product Search &amp; Filter Tests › Empty Results State › should show empty state when no products match filter" classname="product-search.spec.ts" time="0.001">
<failure message="product-search.spec.ts:282:5 should show empty state when no products match filter" type="FAILURE">
<![CDATA[  [Microsoft Edge] › product-search.spec.ts:282:5 › Product Search & Filter Tests › Empty Results State › should show empty state when no products match filter 

    Error: browserType.launch: Chromium distribution 'msedge' is not found at /Applications/Microsoft Edge.app/Contents/MacOS/Microsoft Edge
    Run "npx playwright install msedge"
]]>
</failure>
</testcase>
<testcase name="Product Search &amp; Filter Tests › Empty Results State › should reset filters from empty state" classname="product-search.spec.ts" time="0.001">
<failure message="product-search.spec.ts:300:5 should reset filters from empty state" type="FAILURE">
<![CDATA[  [Microsoft Edge] › product-search.spec.ts:300:5 › Product Search & Filter Tests › Empty Results State › should reset filters from empty state 

    Error: browserType.launch: Chromium distribution 'msedge' is not found at /Applications/Microsoft Edge.app/Contents/MacOS/Microsoft Edge
    Run "npx playwright install msedge"
]]>
</failure>
</testcase>
<testcase name="Product Search &amp; Filter Tests › Empty Results State › should show appropriate empty state icon" classname="product-search.spec.ts" time="0.001">
<failure message="product-search.spec.ts:322:5 should show appropriate empty state icon" type="FAILURE">
<![CDATA[  [Microsoft Edge] › product-search.spec.ts:322:5 › Product Search & Filter Tests › Empty Results State › should show appropriate empty state icon 

    Error: browserType.launch: Chromium distribution 'msedge' is not found at /Applications/Microsoft Edge.app/Contents/MacOS/Microsoft Edge
    Run "npx playwright install msedge"
]]>
</failure>
</testcase>
<testcase name="Product Search &amp; Filter Tests › Product Card Interactions › should add product to cart" classname="product-search.spec.ts" time="0.001">
<failure message="product-search.spec.ts:336:5 should add product to cart" type="FAILURE">
<![CDATA[  [Microsoft Edge] › product-search.spec.ts:336:5 › Product Search & Filter Tests › Product Card Interactions › should add product to cart 

    Error: browserType.launch: Chromium distribution 'msedge' is not found at /Applications/Microsoft Edge.app/Contents/MacOS/Microsoft Edge
    Run "npx playwright install msedge"
]]>
</failure>
</testcase>
<testcase name="Product Search &amp; Filter Tests › Product Card Interactions › should add multiple products to cart" classname="product-search.spec.ts" time="0.001">
<failure message="product-search.spec.ts:353:5 should add multiple products to cart" type="FAILURE">
<![CDATA[  [Microsoft Edge] › product-search.spec.ts:353:5 › Product Search & Filter Tests › Product Card Interactions › should add multiple products to cart 

    Error: browserType.launch: Chromium distribution 'msedge' is not found at /Applications/Microsoft Edge.app/Contents/MacOS/Microsoft Edge
    Run "npx playwright install msedge"
]]>
</failure>
</testcase>
<testcase name="Product Search &amp; Filter Tests › Product Card Interactions › should show loading state when adding to cart" classname="product-search.spec.ts" time="0.001">
<failure message="product-search.spec.ts:370:5 should show loading state when adding to cart" type="FAILURE">
<![CDATA[  [Microsoft Edge] › product-search.spec.ts:370:5 › Product Search & Filter Tests › Product Card Interactions › should show loading state when adding to cart 

    Error: browserType.launch: Chromium distribution 'msedge' is not found at /Applications/Microsoft Edge.app/Contents/MacOS/Microsoft Edge
    Run "npx playwright install msedge"
]]>
</failure>
</testcase>
<testcase name="Product Search &amp; Filter Tests › Product Card Interactions › should toggle favorite on product" classname="product-search.spec.ts" time="0.002">
<failure message="product-search.spec.ts:388:5 should toggle favorite on product" type="FAILURE">
<![CDATA[  [Microsoft Edge] › product-search.spec.ts:388:5 › Product Search & Filter Tests › Product Card Interactions › should toggle favorite on product 

    Error: browserType.launch: Chromium distribution 'msedge' is not found at /Applications/Microsoft Edge.app/Contents/MacOS/Microsoft Edge
    Run "npx playwright install msedge"
]]>
</failure>
</testcase>
<testcase name="Product Search &amp; Filter Tests › Product Card Interactions › should show quick view on hover" classname="product-search.spec.ts" time="0.001">
<failure message="product-search.spec.ts:403:5 should show quick view on hover" type="FAILURE">
<![CDATA[  [Microsoft Edge] › product-search.spec.ts:403:5 › Product Search & Filter Tests › Product Card Interactions › should show quick view on hover 

    Error: browserType.launch: Chromium distribution 'msedge' is not found at /Applications/Microsoft Edge.app/Contents/MacOS/Microsoft Edge
    Run "npx playwright install msedge"
]]>
</failure>
</testcase>
<testcase name="Product Search &amp; Filter Tests › Product Information Display › should display product title and description" classname="product-search.spec.ts" time="0.001">
<failure message="product-search.spec.ts:423:5 should display product title and description" type="FAILURE">
<![CDATA[  [Microsoft Edge] › product-search.spec.ts:423:5 › Product Search & Filter Tests › Product Information Display › should display product title and description 

    Error: browserType.launch: Chromium distribution 'msedge' is not found at /Applications/Microsoft Edge.app/Contents/MacOS/Microsoft Edge
    Run "npx playwright install msedge"
]]>
</failure>
</testcase>
<testcase name="Product Search &amp; Filter Tests › Product Information Display › should display product price" classname="product-search.spec.ts" time="0.001">
<failure message="product-search.spec.ts:436:5 should display product price" type="FAILURE">
<![CDATA[  [Microsoft Edge] › product-search.spec.ts:436:5 › Product Search & Filter Tests › Product Information Display › should display product price 

    Error: browserType.launch: Chromium distribution 'msedge' is not found at /Applications/Microsoft Edge.app/Contents/MacOS/Microsoft Edge
    Run "npx playwright install msedge"
]]>
</failure>
</testcase>
<testcase name="Product Search &amp; Filter Tests › Product Information Display › should display product rating" classname="product-search.spec.ts" time="0.001">
<failure message="product-search.spec.ts:444:5 should display product rating" type="FAILURE">
<![CDATA[  [Microsoft Edge] › product-search.spec.ts:444:5 › Product Search & Filter Tests › Product Information Display › should display product rating 

    Error: browserType.launch: Chromium distribution 'msedge' is not found at /Applications/Microsoft Edge.app/Contents/MacOS/Microsoft Edge
    Run "npx playwright install msedge"
]]>
</failure>
</testcase>
<testcase name="Product Search &amp; Filter Tests › Product Information Display › should display sale badge on sale items" classname="product-search.spec.ts" time="0.001">
<failure message="product-search.spec.ts:452:5 should display sale badge on sale items" type="FAILURE">
<![CDATA[  [Microsoft Edge] › product-search.spec.ts:452:5 › Product Search & Filter Tests › Product Information Display › should display sale badge on sale items 

    Error: browserType.launch: Chromium distribution 'msedge' is not found at /Applications/Microsoft Edge.app/Contents/MacOS/Microsoft Edge
    Run "npx playwright install msedge"
]]>
</failure>
</testcase>
<testcase name="Product Search &amp; Filter Tests › Product Information Display › should display product images" classname="product-search.spec.ts" time="0.001">
<failure message="product-search.spec.ts:463:5 should display product images" type="FAILURE">
<![CDATA[  [Microsoft Edge] › product-search.spec.ts:463:5 › Product Search & Filter Tests › Product Information Display › should display product images 

    Error: browserType.launch: Chromium distribution 'msedge' is not found at /Applications/Microsoft Edge.app/Contents/MacOS/Microsoft Edge
    Run "npx playwright install msedge"
]]>
</failure>
</testcase>
<testcase name="Product Search &amp; Filter Tests › Responsive Behavior › should display products in grid on desktop" classname="product-search.spec.ts" time="0.001">
<failure message="product-search.spec.ts:477:5 should display products in grid on desktop" type="FAILURE">
<![CDATA[  [Microsoft Edge] › product-search.spec.ts:477:5 › Product Search & Filter Tests › Responsive Behavior › should display products in grid on desktop 

    Error: browserType.launch: Chromium distribution 'msedge' is not found at /Applications/Microsoft Edge.app/Contents/MacOS/Microsoft Edge
    Run "npx playwright install msedge"
]]>
</failure>
</testcase>
<testcase name="Product Search &amp; Filter Tests › Responsive Behavior › should display products in grid on tablet" classname="product-search.spec.ts" time="0.001">
<failure message="product-search.spec.ts:486:5 should display products in grid on tablet" type="FAILURE">
<![CDATA[  [Microsoft Edge] › product-search.spec.ts:486:5 › Product Search & Filter Tests › Responsive Behavior › should display products in grid on tablet 

    Error: browserType.launch: Chromium distribution 'msedge' is not found at /Applications/Microsoft Edge.app/Contents/MacOS/Microsoft Edge
    Run "npx playwright install msedge"
]]>
</failure>
</testcase>
<testcase name="Product Search &amp; Filter Tests › Responsive Behavior › should display products in single column on mobile" classname="product-search.spec.ts" time="0.001">
<failure message="product-search.spec.ts:495:5 should display products in single column on mobile" type="FAILURE">
<![CDATA[  [Microsoft Edge] › product-search.spec.ts:495:5 › Product Search & Filter Tests › Responsive Behavior › should display products in single column on mobile 

    Error: browserType.launch: Chromium distribution 'msedge' is not found at /Applications/Microsoft Edge.app/Contents/MacOS/Microsoft Edge
    Run "npx playwright install msedge"
]]>
</failure>
</testcase>
<testcase name="Product Search &amp; Filter Tests › Responsive Behavior › should show filter buttons on mobile" classname="product-search.spec.ts" time="0.001">
<failure message="product-search.spec.ts:504:5 should show filter buttons on mobile" type="FAILURE">
<![CDATA[  [Microsoft Edge] › product-search.spec.ts:504:5 › Product Search & Filter Tests › Responsive Behavior › should show filter buttons on mobile 

    Error: browserType.launch: Chromium distribution 'msedge' is not found at /Applications/Microsoft Edge.app/Contents/MacOS/Microsoft Edge
    Run "npx playwright install msedge"
]]>
</failure>
</testcase>
<testcase name="Product Search &amp; Filter Tests › Performance and Loading › should load products quickly" classname="product-search.spec.ts" time="0.001">
<failure message="product-search.spec.ts:514:5 should load products quickly" type="FAILURE">
<![CDATA[  [Microsoft Edge] › product-search.spec.ts:514:5 › Product Search & Filter Tests › Performance and Loading › should load products quickly 

    Error: browserType.launch: Chromium distribution 'msedge' is not found at /Applications/Microsoft Edge.app/Contents/MacOS/Microsoft Edge
    Run "npx playwright install msedge"
]]>
</failure>
</testcase>
<testcase name="Product Search &amp; Filter Tests › Performance and Loading › should filter products without page reload" classname="product-search.spec.ts" time="0.001">
<failure message="product-search.spec.ts:527:5 should filter products without page reload" type="FAILURE">
<![CDATA[  [Microsoft Edge] › product-search.spec.ts:527:5 › Product Search & Filter Tests › Performance and Loading › should filter products without page reload 

    Error: browserType.launch: Chromium distribution 'msedge' is not found at /Applications/Microsoft Edge.app/Contents/MacOS/Microsoft Edge
    Run "npx playwright install msedge"
]]>
</failure>
</testcase>
<testcase name="Product Search &amp; Filter Tests › Performance and Loading › should sort products without page reload" classname="product-search.spec.ts" time="0.001">
<failure message="product-search.spec.ts:538:5 should sort products without page reload" type="FAILURE">
<![CDATA[  [Microsoft Edge] › product-search.spec.ts:538:5 › Product Search & Filter Tests › Performance and Loading › should sort products without page reload 

    Error: browserType.launch: Chromium distribution 'msedge' is not found at /Applications/Microsoft Edge.app/Contents/MacOS/Microsoft Edge
    Run "npx playwright install msedge"
]]>
</failure>
</testcase>
<testcase name="Product Search &amp; Filter Tests › Error Handling › should handle missing product images gracefully" classname="product-search.spec.ts" time="0.001">
<failure message="product-search.spec.ts:550:5 should handle missing product images gracefully" type="FAILURE">
<![CDATA[  [Microsoft Edge] › product-search.spec.ts:550:5 › Product Search & Filter Tests › Error Handling › should handle missing product images gracefully 

    Error: browserType.launch: Chromium distribution 'msedge' is not found at /Applications/Microsoft Edge.app/Contents/MacOS/Microsoft Edge
    Run "npx playwright install msedge"
]]>
</failure>
</testcase>
<testcase name="Product Search &amp; Filter Tests › Error Handling › should handle rapid filter changes" classname="product-search.spec.ts" time="0.001">
<failure message="product-search.spec.ts:556:5 should handle rapid filter changes" type="FAILURE">
<![CDATA[  [Microsoft Edge] › product-search.spec.ts:556:5 › Product Search & Filter Tests › Error Handling › should handle rapid filter changes 

    Error: browserType.launch: Chromium distribution 'msedge' is not found at /Applications/Microsoft Edge.app/Contents/MacOS/Microsoft Edge
    Run "npx playwright install msedge"
]]>
</failure>
</testcase>
<testcase name="Product Search &amp; Filter Tests › Error Handling › should handle rapid sort changes" classname="product-search.spec.ts" time="0.001">
<failure message="product-search.spec.ts:570:5 should handle rapid sort changes" type="FAILURE">
<![CDATA[  [Microsoft Edge] › product-search.spec.ts:570:5 › Product Search & Filter Tests › Error Handling › should handle rapid sort changes 

    Error: browserType.launch: Chromium distribution 'msedge' is not found at /Applications/Microsoft Edge.app/Contents/MacOS/Microsoft Edge
    Run "npx playwright install msedge"
]]>
</failure>
</testcase>
<testcase name="Product Search &amp; Filter Tests › Error Handling › should handle simultaneous filter and sort changes" classname="product-search.spec.ts" time="0.001">
<failure message="product-search.spec.ts:584:5 should handle simultaneous filter and sort changes" type="FAILURE">
<![CDATA[  [Microsoft Edge] › product-search.spec.ts:584:5 › Product Search & Filter Tests › Error Handling › should handle simultaneous filter and sort changes 

    Error: browserType.launch: Chromium distribution 'msedge' is not found at /Applications/Microsoft Edge.app/Contents/MacOS/Microsoft Edge
    Run "npx playwright install msedge"
]]>
</failure>
</testcase>
<testcase name="Product Search &amp; Filter Tests › Accessibility › should have accessible filter buttons" classname="product-search.spec.ts" time="0.001">
<failure message="product-search.spec.ts:600:5 should have accessible filter buttons" type="FAILURE">
<![CDATA[  [Microsoft Edge] › product-search.spec.ts:600:5 › Product Search & Filter Tests › Accessibility › should have accessible filter buttons 

    Error: browserType.launch: Chromium distribution 'msedge' is not found at /Applications/Microsoft Edge.app/Contents/MacOS/Microsoft Edge
    Run "npx playwright install msedge"
]]>
</failure>
</testcase>
<testcase name="Product Search &amp; Filter Tests › Accessibility › should have accessible sort dropdown" classname="product-search.spec.ts" time="0.001">
<failure message="product-search.spec.ts:610:5 should have accessible sort dropdown" type="FAILURE">
<![CDATA[  [Microsoft Edge] › product-search.spec.ts:610:5 › Product Search & Filter Tests › Accessibility › should have accessible sort dropdown 

    Error: browserType.launch: Chromium distribution 'msedge' is not found at /Applications/Microsoft Edge.app/Contents/MacOS/Microsoft Edge
    Run "npx playwright install msedge"
]]>
</failure>
</testcase>
<testcase name="Product Search &amp; Filter Tests › Accessibility › should have accessible product cards" classname="product-search.spec.ts" time="0.001">
<failure message="product-search.spec.ts:619:5 should have accessible product cards" type="FAILURE">
<![CDATA[  [Microsoft Edge] › product-search.spec.ts:619:5 › Product Search & Filter Tests › Accessibility › should have accessible product cards 

    Error: browserType.launch: Chromium distribution 'msedge' is not found at /Applications/Microsoft Edge.app/Contents/MacOS/Microsoft Edge
    Run "npx playwright install msedge"
]]>
</failure>
</testcase>
<testcase name="Product Search &amp; Filter Tests › Accessibility › should announce filter changes to screen readers" classname="product-search.spec.ts" time="0.001">
<failure message="product-search.spec.ts:629:5 should announce filter changes to screen readers" type="FAILURE">
<![CDATA[  [Microsoft Edge] › product-search.spec.ts:629:5 › Product Search & Filter Tests › Accessibility › should announce filter changes to screen readers 

    Error: browserType.launch: Chromium distribution 'msedge' is not found at /Applications/Microsoft Edge.app/Contents/MacOS/Microsoft Edge
    Run "npx playwright install msedge"
]]>
</failure>
</testcase>
<testcase name="Product Search &amp; Filter Tests › Product Count and Display › should show correct product count" classname="product-search.spec.ts" time="0.001">
<failure message="product-search.spec.ts:641:5 should show correct product count" type="FAILURE">
<![CDATA[  [Microsoft Edge] › product-search.spec.ts:641:5 › Product Search & Filter Tests › Product Count and Display › should show correct product count 

    Error: browserType.launch: Chromium distribution 'msedge' is not found at /Applications/Microsoft Edge.app/Contents/MacOS/Microsoft Edge
    Run "npx playwright install msedge"
]]>
</failure>
</testcase>
<testcase name="Product Search &amp; Filter Tests › Product Count and Display › should update count when filtering" classname="product-search.spec.ts" time="0.001">
<failure message="product-search.spec.ts:658:5 should update count when filtering" type="FAILURE">
<![CDATA[  [Microsoft Edge] › product-search.spec.ts:658:5 › Product Search & Filter Tests › Product Count and Display › should update count when filtering 

    Error: browserType.launch: Chromium distribution 'msedge' is not found at /Applications/Microsoft Edge.app/Contents/MacOS/Microsoft Edge
    Run "npx playwright install msedge"
]]>
</failure>
</testcase>
</testsuite>
<testsuite name="registration.spec.ts" timestamp="2026-01-23T13:20:25.002Z" hostname="Microsoft Edge" tests="64" failures="64" skipped="0" time="0.068" errors="0">
<testcase name="Multi-Step Registration Form Tests › Initial State and Page Load › should display registration form with Step 1" classname="registration.spec.ts" time="0.001">
<failure message="registration.spec.ts:24:5 should display registration form with Step 1" type="FAILURE">
<![CDATA[  [Microsoft Edge] › registration.spec.ts:24:5 › Multi-Step Registration Form Tests › Initial State and Page Load › should display registration form with Step 1 

    Error: browserType.launch: Chromium distribution 'msedge' is not found at /Applications/Microsoft Edge.app/Contents/MacOS/Microsoft Edge
    Run "npx playwright install msedge"
]]>
</failure>
</testcase>
<testcase name="Multi-Step Registration Form Tests › Initial State and Page Load › should display progress bar" classname="registration.spec.ts" time="0.002">
<failure message="registration.spec.ts:40:5 should display progress bar" type="FAILURE">
<![CDATA[  [Microsoft Edge] › registration.spec.ts:40:5 › Multi-Step Registration Form Tests › Initial State and Page Load › should display progress bar 

    Error: browserType.launch: Chromium distribution 'msedge' is not found at /Applications/Microsoft Edge.app/Contents/MacOS/Microsoft Edge
    Run "npx playwright install msedge"
]]>
</failure>
</testcase>
<testcase name="Multi-Step Registration Form Tests › Initial State and Page Load › should display all step indicators" classname="registration.spec.ts" time="0.001">
<failure message="registration.spec.ts:52:5 should display all step indicators" type="FAILURE">
<![CDATA[  [Microsoft Edge] › registration.spec.ts:52:5 › Multi-Step Registration Form Tests › Initial State and Page Load › should display all step indicators 

    Error: browserType.launch: Chromium distribution 'msedge' is not found at /Applications/Microsoft Edge.app/Contents/MacOS/Microsoft Edge
    Run "npx playwright install msedge"
]]>
</failure>
</testcase>
<testcase name="Multi-Step Registration Form Tests › Initial State and Page Load › should highlight current step" classname="registration.spec.ts" time="0.002">
<failure message="registration.spec.ts:65:5 should highlight current step" type="FAILURE">
<![CDATA[  [Microsoft Edge] › registration.spec.ts:65:5 › Multi-Step Registration Form Tests › Initial State and Page Load › should highlight current step 

    Error: browserType.launch: Chromium distribution 'msedge' is not found at /Applications/Microsoft Edge.app/Contents/MacOS/Microsoft Edge
    Run "npx playwright install msedge"
]]>
</failure>
</testcase>
<testcase name="Multi-Step Registration Form Tests › Step 1: Personal Information - Field Validation › should show error for empty first name" classname="registration.spec.ts" time="0.001">
<failure message="registration.spec.ts:73:5 should show error for empty first name" type="FAILURE">
<![CDATA[  [Microsoft Edge] › registration.spec.ts:73:5 › Multi-Step Registration Form Tests › Step 1: Personal Information - Field Validation › should show error for empty first name 

    Error: browserType.launch: Chromium distribution 'msedge' is not found at /Applications/Microsoft Edge.app/Contents/MacOS/Microsoft Edge
    Run "npx playwright install msedge"
]]>
</failure>
</testcase>
<testcase name="Multi-Step Registration Form Tests › Step 1: Personal Information - Field Validation › should show error for short first name" classname="registration.spec.ts" time="0.001">
<failure message="registration.spec.ts:85:5 should show error for short first name" type="FAILURE">
<![CDATA[  [Microsoft Edge] › registration.spec.ts:85:5 › Multi-Step Registration Form Tests › Step 1: Personal Information - Field Validation › should show error for short first name 

    Error: browserType.launch: Chromium distribution 'msedge' is not found at /Applications/Microsoft Edge.app/Contents/MacOS/Microsoft Edge
    Run "npx playwright install msedge"
]]>
</failure>
</testcase>
<testcase name="Multi-Step Registration Form Tests › Step 1: Personal Information - Field Validation › should show error for empty last name" classname="registration.spec.ts" time="0.001">
<failure message="registration.spec.ts:93:5 should show error for empty last name" type="FAILURE">
<![CDATA[  [Microsoft Edge] › registration.spec.ts:93:5 › Multi-Step Registration Form Tests › Step 1: Personal Information - Field Validation › should show error for empty last name 

    Error: browserType.launch: Chromium distribution 'msedge' is not found at /Applications/Microsoft Edge.app/Contents/MacOS/Microsoft Edge
    Run "npx playwright install msedge"
]]>
</failure>
</testcase>
<testcase name="Multi-Step Registration Form Tests › Step 1: Personal Information - Field Validation › should show error for missing date of birth" classname="registration.spec.ts" time="0.001">
<failure message="registration.spec.ts:101:5 should show error for missing date of birth" type="FAILURE">
<![CDATA[  [Microsoft Edge] › registration.spec.ts:101:5 › Multi-Step Registration Form Tests › Step 1: Personal Information - Field Validation › should show error for missing date of birth 

    Error: browserType.launch: Chromium distribution 'msedge' is not found at /Applications/Microsoft Edge.app/Contents/MacOS/Microsoft Edge
    Run "npx playwright install msedge"
]]>
</failure>
</testcase>
<testcase name="Multi-Step Registration Form Tests › Step 1: Personal Information - Field Validation › should show error for underage user" classname="registration.spec.ts" time="0.001">
<failure message="registration.spec.ts:114:5 should show error for underage user" type="FAILURE">
<![CDATA[  [Microsoft Edge] › registration.spec.ts:114:5 › Multi-Step Registration Form Tests › Step 1: Personal Information - Field Validation › should show error for underage user 

    Error: browserType.launch: Chromium distribution 'msedge' is not found at /Applications/Microsoft Edge.app/Contents/MacOS/Microsoft Edge
    Run "npx playwright install msedge"
]]>
</failure>
</testcase>
<testcase name="Multi-Step Registration Form Tests › Step 1: Personal Information - Field Validation › should clear error when field is corrected" classname="registration.spec.ts" time="0.001">
<failure message="registration.spec.ts:128:5 should clear error when field is corrected" type="FAILURE">
<![CDATA[  [Microsoft Edge] › registration.spec.ts:128:5 › Multi-Step Registration Form Tests › Step 1: Personal Information - Field Validation › should clear error when field is corrected 

    Error: browserType.launch: Chromium distribution 'msedge' is not found at /Applications/Microsoft Edge.app/Contents/MacOS/Microsoft Edge
    Run "npx playwright install msedge"
]]>
</failure>
</testcase>
<testcase name="Multi-Step Registration Form Tests › Step 1: Personal Information - Field Validation › should not proceed to Step 2 with invalid data" classname="registration.spec.ts" time="0.001">
<failure message="registration.spec.ts:143:5 should not proceed to Step 2 with invalid data" type="FAILURE">
<![CDATA[  [Microsoft Edge] › registration.spec.ts:143:5 › Multi-Step Registration Form Tests › Step 1: Personal Information - Field Validation › should not proceed to Step 2 with invalid data 

    Error: browserType.launch: Chromium distribution 'msedge' is not found at /Applications/Microsoft Edge.app/Contents/MacOS/Microsoft Edge
    Run "npx playwright install msedge"
]]>
</failure>
</testcase>
<testcase name="Multi-Step Registration Form Tests › Step 1: Personal Information - Field Validation › should proceed to Step 2 with valid data" classname="registration.spec.ts" time="0.002">
<failure message="registration.spec.ts:152:5 should proceed to Step 2 with valid data" type="FAILURE">
<![CDATA[  [Microsoft Edge] › registration.spec.ts:152:5 › Multi-Step Registration Form Tests › Step 1: Personal Information - Field Validation › should proceed to Step 2 with valid data 

    Error: browserType.launch: Chromium distribution 'msedge' is not found at /Applications/Microsoft Edge.app/Contents/MacOS/Microsoft Edge
    Run "npx playwright install msedge"
]]>
</failure>
</testcase>
<testcase name="Multi-Step Registration Form Tests › Step 2: Account Details - Field Validation › should display Step 2 fields" classname="registration.spec.ts" time="0.001">
<failure message="registration.spec.ts:176:5 should display Step 2 fields" type="FAILURE">
<![CDATA[  [Microsoft Edge] › registration.spec.ts:176:5 › Multi-Step Registration Form Tests › Step 2: Account Details - Field Validation › should display Step 2 fields 

    Error: browserType.launch: Chromium distribution 'msedge' is not found at /Applications/Microsoft Edge.app/Contents/MacOS/Microsoft Edge
    Run "npx playwright install msedge"
]]>
</failure>
</testcase>
<testcase name="Multi-Step Registration Form Tests › Step 2: Account Details - Field Validation › should show error for invalid email format" classname="registration.spec.ts" time="0.001">
<failure message="registration.spec.ts:183:5 should show error for invalid email format" type="FAILURE">
<![CDATA[  [Microsoft Edge] › registration.spec.ts:183:5 › Multi-Step Registration Form Tests › Step 2: Account Details - Field Validation › should show error for invalid email format 

    Error: browserType.launch: Chromium distribution 'msedge' is not found at /Applications/Microsoft Edge.app/Contents/MacOS/Microsoft Edge
    Run "npx playwright install msedge"
]]>
</failure>
</testcase>
<testcase name="Multi-Step Registration Form Tests › Step 2: Account Details - Field Validation › should show error for short username" classname="registration.spec.ts" time="0.001">
<failure message="registration.spec.ts:191:5 should show error for short username" type="FAILURE">
<![CDATA[  [Microsoft Edge] › registration.spec.ts:191:5 › Multi-Step Registration Form Tests › Step 2: Account Details - Field Validation › should show error for short username 

    Error: browserType.launch: Chromium distribution 'msedge' is not found at /Applications/Microsoft Edge.app/Contents/MacOS/Microsoft Edge
    Run "npx playwright install msedge"
]]>
</failure>
</testcase>
<testcase name="Multi-Step Registration Form Tests › Step 2: Account Details - Field Validation › should show error for invalid username characters" classname="registration.spec.ts" time="0.001">
<failure message="registration.spec.ts:199:5 should show error for invalid username characters" type="FAILURE">
<![CDATA[  [Microsoft Edge] › registration.spec.ts:199:5 › Multi-Step Registration Form Tests › Step 2: Account Details - Field Validation › should show error for invalid username characters 

    Error: browserType.launch: Chromium distribution 'msedge' is not found at /Applications/Microsoft Edge.app/Contents/MacOS/Microsoft Edge
    Run "npx playwright install msedge"
]]>
</failure>
</testcase>
<testcase name="Multi-Step Registration Form Tests › Step 2: Account Details - Field Validation › should show error for weak password" classname="registration.spec.ts" time="0.001">
<failure message="registration.spec.ts:207:5 should show error for weak password" type="FAILURE">
<![CDATA[  [Microsoft Edge] › registration.spec.ts:207:5 › Multi-Step Registration Form Tests › Step 2: Account Details - Field Validation › should show error for weak password 

    Error: browserType.launch: Chromium distribution 'msedge' is not found at /Applications/Microsoft Edge.app/Contents/MacOS/Microsoft Edge
    Run "npx playwright install msedge"
]]>
</failure>
</testcase>
<testcase name="Multi-Step Registration Form Tests › Step 2: Account Details - Field Validation › should show error for password without requirements" classname="registration.spec.ts" time="0.001">
<failure message="registration.spec.ts:216:5 should show error for password without requirements" type="FAILURE">
<![CDATA[  [Microsoft Edge] › registration.spec.ts:216:5 › Multi-Step Registration Form Tests › Step 2: Account Details - Field Validation › should show error for password without requirements 

    Error: browserType.launch: Chromium distribution 'msedge' is not found at /Applications/Microsoft Edge.app/Contents/MacOS/Microsoft Edge
    Run "npx playwright install msedge"
]]>
</failure>
</testcase>
<testcase name="Multi-Step Registration Form Tests › Step 2: Account Details - Field Validation › should show error when passwords do not match" classname="registration.spec.ts" time="0.001">
<failure message="registration.spec.ts:225:5 should show error when passwords do not match" type="FAILURE">
<![CDATA[  [Microsoft Edge] › registration.spec.ts:225:5 › Multi-Step Registration Form Tests › Step 2: Account Details - Field Validation › should show error when passwords do not match 

    Error: browserType.launch: Chromium distribution 'msedge' is not found at /Applications/Microsoft Edge.app/Contents/MacOS/Microsoft Edge
    Run "npx playwright install msedge"
]]>
</failure>
</testcase>
<testcase name="Multi-Step Registration Form Tests › Step 2: Account Details - Field Validation › should display password requirements help text" classname="registration.spec.ts" time="0.001">
<failure message="registration.spec.ts:235:5 should display password requirements help text" type="FAILURE">
<![CDATA[  [Microsoft Edge] › registration.spec.ts:235:5 › Multi-Step Registration Form Tests › Step 2: Account Details - Field Validation › should display password requirements help text 

    Error: browserType.launch: Chromium distribution 'msedge' is not found at /Applications/Microsoft Edge.app/Contents/MacOS/Microsoft Edge
    Run "npx playwright install msedge"
]]>
</failure>
</testcase>
<testcase name="Multi-Step Registration Form Tests › Step 2: Account Details - Field Validation › should display username requirements help text" classname="registration.spec.ts" time="0.001">
<failure message="registration.spec.ts:239:5 should display username requirements help text" type="FAILURE">
<![CDATA[  [Microsoft Edge] › registration.spec.ts:239:5 › Multi-Step Registration Form Tests › Step 2: Account Details - Field Validation › should display username requirements help text 

    Error: browserType.launch: Chromium distribution 'msedge' is not found at /Applications/Microsoft Edge.app/Contents/MacOS/Microsoft Edge
    Run "npx playwright install msedge"
]]>
</failure>
</testcase>
<testcase name="Multi-Step Registration Form Tests › Step 2: Account Details - Field Validation › should proceed to Step 3 with valid account details" classname="registration.spec.ts" time="0.001">
<failure message="registration.spec.ts:243:5 should proceed to Step 3 with valid account details" type="FAILURE">
<![CDATA[  [Microsoft Edge] › registration.spec.ts:243:5 › Multi-Step Registration Form Tests › Step 2: Account Details - Field Validation › should proceed to Step 3 with valid account details 

    Error: browserType.launch: Chromium distribution 'msedge' is not found at /Applications/Microsoft Edge.app/Contents/MacOS/Microsoft Edge
    Run "npx playwright install msedge"
]]>
</failure>
</testcase>
<testcase name="Multi-Step Registration Form Tests › Step 3: Preferences - Optional Fields › should display Step 3 fields" classname="registration.spec.ts" time="0.001">
<failure message="registration.spec.ts:274:5 should display Step 3 fields" type="FAILURE">
<![CDATA[  [Microsoft Edge] › registration.spec.ts:274:5 › Multi-Step Registration Form Tests › Step 3: Preferences - Optional Fields › should display Step 3 fields 

    Error: browserType.launch: Chromium distribution 'msedge' is not found at /Applications/Microsoft Edge.app/Contents/MacOS/Microsoft Edge
    Run "npx playwright install msedge"
]]>
</failure>
</testcase>
<testcase name="Multi-Step Registration Form Tests › Step 3: Preferences - Optional Fields › should show optional preferences label" classname="registration.spec.ts" time="0.001">
<failure message="registration.spec.ts:281:5 should show optional preferences label" type="FAILURE">
<![CDATA[  [Microsoft Edge] › registration.spec.ts:281:5 › Multi-Step Registration Form Tests › Step 3: Preferences - Optional Fields › should show optional preferences label 

    Error: browserType.launch: Chromium distribution 'msedge' is not found at /Applications/Microsoft Edge.app/Contents/MacOS/Microsoft Edge
    Run "npx playwright install msedge"
]]>
</failure>
</testcase>
<testcase name="Multi-Step Registration Form Tests › Step 3: Preferences - Optional Fields › should toggle newsletter checkbox" classname="registration.spec.ts" time="0.001">
<failure message="registration.spec.ts:285:5 should toggle newsletter checkbox" type="FAILURE">
<![CDATA[  [Microsoft Edge] › registration.spec.ts:285:5 › Multi-Step Registration Form Tests › Step 3: Preferences - Optional Fields › should toggle newsletter checkbox 

    Error: browserType.launch: Chromium distribution 'msedge' is not found at /Applications/Microsoft Edge.app/Contents/MacOS/Microsoft Edge
    Run "npx playwright install msedge"
]]>
</failure>
</testcase>
<testcase name="Multi-Step Registration Form Tests › Step 3: Preferences - Optional Fields › should have notifications enabled by default" classname="registration.spec.ts" time="0.001">
<failure message="registration.spec.ts:300:5 should have notifications enabled by default" type="FAILURE">
<![CDATA[  [Microsoft Edge] › registration.spec.ts:300:5 › Multi-Step Registration Form Tests › Step 3: Preferences - Optional Fields › should have notifications enabled by default 

    Error: browserType.launch: Chromium distribution 'msedge' is not found at /Applications/Microsoft Edge.app/Contents/MacOS/Microsoft Edge
    Run "npx playwright install msedge"
]]>
</failure>
</testcase>
<testcase name="Multi-Step Registration Form Tests › Step 3: Preferences - Optional Fields › should change theme preference" classname="registration.spec.ts" time="0.001">
<failure message="registration.spec.ts:305:5 should change theme preference" type="FAILURE">
<![CDATA[  [Microsoft Edge] › registration.spec.ts:305:5 › Multi-Step Registration Form Tests › Step 3: Preferences - Optional Fields › should change theme preference 

    Error: browserType.launch: Chromium distribution 'msedge' is not found at /Applications/Microsoft Edge.app/Contents/MacOS/Microsoft Edge
    Run "npx playwright install msedge"
]]>
</failure>
</testcase>
<testcase name="Multi-Step Registration Form Tests › Step 3: Preferences - Optional Fields › should change language preference" classname="registration.spec.ts" time="0.001">
<failure message="registration.spec.ts:315:5 should change language preference" type="FAILURE">
<![CDATA[  [Microsoft Edge] › registration.spec.ts:315:5 › Multi-Step Registration Form Tests › Step 3: Preferences - Optional Fields › should change language preference 

    Error: browserType.launch: Chromium distribution 'msedge' is not found at /Applications/Microsoft Edge.app/Contents/MacOS/Microsoft Edge
    Run "npx playwright install msedge"
]]>
</failure>
</testcase>
<testcase name="Multi-Step Registration Form Tests › Step 3: Preferences - Optional Fields › should proceed to Step 4 without filling preferences" classname="registration.spec.ts" time="0.001">
<failure message="registration.spec.ts:322:5 should proceed to Step 4 without filling preferences" type="FAILURE">
<![CDATA[  [Microsoft Edge] › registration.spec.ts:322:5 › Multi-Step Registration Form Tests › Step 3: Preferences - Optional Fields › should proceed to Step 4 without filling preferences 

    Error: browserType.launch: Chromium distribution 'msedge' is not found at /Applications/Microsoft Edge.app/Contents/MacOS/Microsoft Edge
    Run "npx playwright install msedge"
]]>
</failure>
</testcase>
<testcase name="Multi-Step Registration Form Tests › Step 4: Review &amp; Terms › should display registration summary" classname="registration.spec.ts" time="0.001">
<failure message="registration.spec.ts:354:5 should display registration summary" type="FAILURE">
<![CDATA[  [Microsoft Edge] › registration.spec.ts:354:5 › Multi-Step Registration Form Tests › Step 4: Review & Terms › should display registration summary 

    Error: browserType.launch: Chromium distribution 'msedge' is not found at /Applications/Microsoft Edge.app/Contents/MacOS/Microsoft Edge
    Run "npx playwright install msedge"
]]>
</failure>
</testcase>
<testcase name="Multi-Step Registration Form Tests › Step 4: Review &amp; Terms › should display terms and conditions checkbox" classname="registration.spec.ts" time="0.001">
<failure message="registration.spec.ts:366:5 should display terms and conditions checkbox" type="FAILURE">
<![CDATA[  [Microsoft Edge] › registration.spec.ts:366:5 › Multi-Step Registration Form Tests › Step 4: Review & Terms › should display terms and conditions checkbox 

    Error: browserType.launch: Chromium distribution 'msedge' is not found at /Applications/Microsoft Edge.app/Contents/MacOS/Microsoft Edge
    Run "npx playwright install msedge"
]]>
</failure>
</testcase>
<testcase name="Multi-Step Registration Form Tests › Step 4: Review &amp; Terms › should display privacy policy checkbox" classname="registration.spec.ts" time="0.001">
<failure message="registration.spec.ts:377:5 should display privacy policy checkbox" type="FAILURE">
<![CDATA[  [Microsoft Edge] › registration.spec.ts:377:5 › Multi-Step Registration Form Tests › Step 4: Review & Terms › should display privacy policy checkbox 

    Error: browserType.launch: Chromium distribution 'msedge' is not found at /Applications/Microsoft Edge.app/Contents/MacOS/Microsoft Edge
    Run "npx playwright install msedge"
]]>
</failure>
</testcase>
<testcase name="Multi-Step Registration Form Tests › Step 4: Review &amp; Terms › should show error when submitting without accepting terms" classname="registration.spec.ts" time="0.001">
<failure message="registration.spec.ts:386:5 should show error when submitting without accepting terms" type="FAILURE">
<![CDATA[  [Microsoft Edge] › registration.spec.ts:386:5 › Multi-Step Registration Form Tests › Step 4: Review & Terms › should show error when submitting without accepting terms 

    Error: browserType.launch: Chromium distribution 'msedge' is not found at /Applications/Microsoft Edge.app/Contents/MacOS/Microsoft Edge
    Run "npx playwright install msedge"
]]>
</failure>
</testcase>
<testcase name="Multi-Step Registration Form Tests › Step 4: Review &amp; Terms › should show error when submitting without accepting privacy" classname="registration.spec.ts" time="0.001">
<failure message="registration.spec.ts:393:5 should show error when submitting without accepting privacy" type="FAILURE">
<![CDATA[  [Microsoft Edge] › registration.spec.ts:393:5 › Multi-Step Registration Form Tests › Step 4: Review & Terms › should show error when submitting without accepting privacy 

    Error: browserType.launch: Chromium distribution 'msedge' is not found at /Applications/Microsoft Edge.app/Contents/MacOS/Microsoft Edge
    Run "npx playwright install msedge"
]]>
</failure>
</testcase>
<testcase name="Multi-Step Registration Form Tests › Step 4: Review &amp; Terms › should show both errors when neither is accepted" classname="registration.spec.ts" time="0.001">
<failure message="registration.spec.ts:400:5 should show both errors when neither is accepted" type="FAILURE">
<![CDATA[  [Microsoft Edge] › registration.spec.ts:400:5 › Multi-Step Registration Form Tests › Step 4: Review & Terms › should show both errors when neither is accepted 

    Error: browserType.launch: Chromium distribution 'msedge' is not found at /Applications/Microsoft Edge.app/Contents/MacOS/Microsoft Edge
    Run "npx playwright install msedge"
]]>
</failure>
</testcase>
<testcase name="Multi-Step Registration Form Tests › Step 4: Review &amp; Terms › should submit form when both checkboxes are checked" classname="registration.spec.ts" time="0.001">
<failure message="registration.spec.ts:407:5 should submit form when both checkboxes are checked" type="FAILURE">
<![CDATA[  [Microsoft Edge] › registration.spec.ts:407:5 › Multi-Step Registration Form Tests › Step 4: Review & Terms › should submit form when both checkboxes are checked 

    Error: browserType.launch: Chromium distribution 'msedge' is not found at /Applications/Microsoft Edge.app/Contents/MacOS/Microsoft Edge
    Run "npx playwright install msedge"
]]>
</failure>
</testcase>
<testcase name="Multi-Step Registration Form Tests › Navigation Between Steps › should navigate forward through all steps" classname="registration.spec.ts" time="0.001">
<failure message="registration.spec.ts:425:5 should navigate forward through all steps" type="FAILURE">
<![CDATA[  [Microsoft Edge] › registration.spec.ts:425:5 › Multi-Step Registration Form Tests › Navigation Between Steps › should navigate forward through all steps 

    Error: browserType.launch: Chromium distribution 'msedge' is not found at /Applications/Microsoft Edge.app/Contents/MacOS/Microsoft Edge
    Run "npx playwright install msedge"
]]>
</failure>
</testcase>
<testcase name="Multi-Step Registration Form Tests › Navigation Between Steps › should navigate backward using Back button" classname="registration.spec.ts" time="0.001">
<failure message="registration.spec.ts:454:5 should navigate backward using Back button" type="FAILURE">
<![CDATA[  [Microsoft Edge] › registration.spec.ts:454:5 › Multi-Step Registration Form Tests › Navigation Between Steps › should navigate backward using Back button 

    Error: browserType.launch: Chromium distribution 'msedge' is not found at /Applications/Microsoft Edge.app/Contents/MacOS/Microsoft Edge
    Run "npx playwright install msedge"
]]>
</failure>
</testcase>
<testcase name="Multi-Step Registration Form Tests › Navigation Between Steps › should not show Back button on Step 1" classname="registration.spec.ts" time="0.001">
<failure message="registration.spec.ts:474:5 should not show Back button on Step 1" type="FAILURE">
<![CDATA[  [Microsoft Edge] › registration.spec.ts:474:5 › Multi-Step Registration Form Tests › Navigation Between Steps › should not show Back button on Step 1 

    Error: browserType.launch: Chromium distribution 'msedge' is not found at /Applications/Microsoft Edge.app/Contents/MacOS/Microsoft Edge
    Run "npx playwright install msedge"
]]>
</failure>
</testcase>
<testcase name="Multi-Step Registration Form Tests › Navigation Between Steps › should show Back button on Step 2 and beyond" classname="registration.spec.ts" time="0.001">
<failure message="registration.spec.ts:478:5 should show Back button on Step 2 and beyond" type="FAILURE">
<![CDATA[  [Microsoft Edge] › registration.spec.ts:478:5 › Multi-Step Registration Form Tests › Navigation Between Steps › should show Back button on Step 2 and beyond 

    Error: browserType.launch: Chromium distribution 'msedge' is not found at /Applications/Microsoft Edge.app/Contents/MacOS/Microsoft Edge
    Run "npx playwright install msedge"
]]>
</failure>
</testcase>
<testcase name="Multi-Step Registration Form Tests › Navigation Between Steps › should preserve form data when navigating back and forward" classname="registration.spec.ts" time="0.001">
<failure message="registration.spec.ts:488:5 should preserve form data when navigating back and forward" type="FAILURE">
<![CDATA[  [Microsoft Edge] › registration.spec.ts:488:5 › Multi-Step Registration Form Tests › Navigation Between Steps › should preserve form data when navigating back and forward 

    Error: browserType.launch: Chromium distribution 'msedge' is not found at /Applications/Microsoft Edge.app/Contents/MacOS/Microsoft Edge
    Run "npx playwright install msedge"
]]>
</failure>
</testcase>
<testcase name="Multi-Step Registration Form Tests › Navigation Between Steps › should update progress bar when navigating" classname="registration.spec.ts" time="0.001">
<failure message="registration.spec.ts:506:5 should update progress bar when navigating" type="FAILURE">
<![CDATA[  [Microsoft Edge] › registration.spec.ts:506:5 › Multi-Step Registration Form Tests › Navigation Between Steps › should update progress bar when navigating 

    Error: browserType.launch: Chromium distribution 'msedge' is not found at /Applications/Microsoft Edge.app/Contents/MacOS/Microsoft Edge
    Run "npx playwright install msedge"
]]>
</failure>
</testcase>
<testcase name="Multi-Step Registration Form Tests › Navigation Between Steps › should allow clicking on completed steps" classname="registration.spec.ts" time="0.001">
<failure message="registration.spec.ts:522:5 should allow clicking on completed steps" type="FAILURE">
<![CDATA[  [Microsoft Edge] › registration.spec.ts:522:5 › Multi-Step Registration Form Tests › Navigation Between Steps › should allow clicking on completed steps 

    Error: browserType.launch: Chromium distribution 'msedge' is not found at /Applications/Microsoft Edge.app/Contents/MacOS/Microsoft Edge
    Run "npx playwright install msedge"
]]>
</failure>
</testcase>
<testcase name="Multi-Step Registration Form Tests › Navigation Between Steps › should not allow clicking on future steps" classname="registration.spec.ts" time="0.001">
<failure message="registration.spec.ts:538:5 should not allow clicking on future steps" type="FAILURE">
<![CDATA[  [Microsoft Edge] › registration.spec.ts:538:5 › Multi-Step Registration Form Tests › Navigation Between Steps › should not allow clicking on future steps 

    Error: browserType.launch: Chromium distribution 'msedge' is not found at /Applications/Microsoft Edge.app/Contents/MacOS/Microsoft Edge
    Run "npx playwright install msedge"
]]>
</failure>
</testcase>
<testcase name="Multi-Step Registration Form Tests › Form Submission and Success State › should show loading state during submission" classname="registration.spec.ts" time="0.001">
<failure message="registration.spec.ts:570:5 should show loading state during submission" type="FAILURE">
<![CDATA[  [Microsoft Edge] › registration.spec.ts:570:5 › Multi-Step Registration Form Tests › Form Submission and Success State › should show loading state during submission 

    Error: browserType.launch: Chromium distribution 'msedge' is not found at /Applications/Microsoft Edge.app/Contents/MacOS/Microsoft Edge
    Run "npx playwright install msedge"
]]>
</failure>
</testcase>
<testcase name="Multi-Step Registration Form Tests › Form Submission and Success State › should display success message after submission" classname="registration.spec.ts" time="0.001">
<failure message="registration.spec.ts:581:5 should display success message after submission" type="FAILURE">
<![CDATA[  [Microsoft Edge] › registration.spec.ts:581:5 › Multi-Step Registration Form Tests › Form Submission and Success State › should display success message after submission 

    Error: browserType.launch: Chromium distribution 'msedge' is not found at /Applications/Microsoft Edge.app/Contents/MacOS/Microsoft Edge
    Run "npx playwright install msedge"
]]>
</failure>
</testcase>
<testcase name="Multi-Step Registration Form Tests › Form Submission and Success State › should display user information in success message" classname="registration.spec.ts" time="0.001">
<failure message="registration.spec.ts:593:5 should display user information in success message" type="FAILURE">
<![CDATA[  [Microsoft Edge] › registration.spec.ts:593:5 › Multi-Step Registration Form Tests › Form Submission and Success State › should display user information in success message 

    Error: browserType.launch: Chromium distribution 'msedge' is not found at /Applications/Microsoft Edge.app/Contents/MacOS/Microsoft Edge
    Run "npx playwright install msedge"
]]>
</failure>
</testcase>
<testcase name="Multi-Step Registration Form Tests › Form Submission and Success State › should display next steps information" classname="registration.spec.ts" time="0.001">
<failure message="registration.spec.ts:601:5 should display next steps information" type="FAILURE">
<![CDATA[  [Microsoft Edge] › registration.spec.ts:601:5 › Multi-Step Registration Form Tests › Form Submission and Success State › should display next steps information 

    Error: browserType.launch: Chromium distribution 'msedge' is not found at /Applications/Microsoft Edge.app/Contents/MacOS/Microsoft Edge
    Run "npx playwright install msedge"
]]>
</failure>
</testcase>
<testcase name="Multi-Step Registration Form Tests › Form Submission and Success State › should display dashboard button" classname="registration.spec.ts" time="0.001">
<failure message="registration.spec.ts:610:5 should display dashboard button" type="FAILURE">
<![CDATA[  [Microsoft Edge] › registration.spec.ts:610:5 › Multi-Step Registration Form Tests › Form Submission and Success State › should display dashboard button 

    Error: browserType.launch: Chromium distribution 'msedge' is not found at /Applications/Microsoft Edge.app/Contents/MacOS/Microsoft Edge
    Run "npx playwright install msedge"
]]>
</failure>
</testcase>
<testcase name="Multi-Step Registration Form Tests › Form Submission and Success State › should display success icon" classname="registration.spec.ts" time="0.001">
<failure message="registration.spec.ts:619:5 should display success icon" type="FAILURE">
<![CDATA[  [Microsoft Edge] › registration.spec.ts:619:5 › Multi-Step Registration Form Tests › Form Submission and Success State › should display success icon 

    Error: browserType.launch: Chromium distribution 'msedge' is not found at /Applications/Microsoft Edge.app/Contents/MacOS/Microsoft Edge
    Run "npx playwright install msedge"
]]>
</failure>
</testcase>
<testcase name="Multi-Step Registration Form Tests › Error Messages and Accessibility › should have proper ARIA labels on required fields" classname="registration.spec.ts" time="0.001">
<failure message="registration.spec.ts:630:5 should have proper ARIA labels on required fields" type="FAILURE">
<![CDATA[  [Microsoft Edge] › registration.spec.ts:630:5 › Multi-Step Registration Form Tests › Error Messages and Accessibility › should have proper ARIA labels on required fields 

    Error: browserType.launch: Chromium distribution 'msedge' is not found at /Applications/Microsoft Edge.app/Contents/MacOS/Microsoft Edge
    Run "npx playwright install msedge"
]]>
</failure>
</testcase>
<testcase name="Multi-Step Registration Form Tests › Error Messages and Accessibility › should have proper form labels" classname="registration.spec.ts" time="0.001">
<failure message="registration.spec.ts:641:5 should have proper form labels" type="FAILURE">
<![CDATA[  [Microsoft Edge] › registration.spec.ts:641:5 › Multi-Step Registration Form Tests › Error Messages and Accessibility › should have proper form labels 

    Error: browserType.launch: Chromium distribution 'msedge' is not found at /Applications/Microsoft Edge.app/Contents/MacOS/Microsoft Edge
    Run "npx playwright install msedge"
]]>
</failure>
</testcase>
<testcase name="Multi-Step Registration Form Tests › Error Messages and Accessibility › should mark required fields with asterisk" classname="registration.spec.ts" time="0.001">
<failure message="registration.spec.ts:648:5 should mark required fields with asterisk" type="FAILURE">
<![CDATA[  [Microsoft Edge] › registration.spec.ts:648:5 › Multi-Step Registration Form Tests › Error Messages and Accessibility › should mark required fields with asterisk 

    Error: browserType.launch: Chromium distribution 'msedge' is not found at /Applications/Microsoft Edge.app/Contents/MacOS/Microsoft Edge
    Run "npx playwright install msedge"
]]>
</failure>
</testcase>
<testcase name="Multi-Step Registration Form Tests › Error Messages and Accessibility › should set aria-invalid on fields with errors" classname="registration.spec.ts" time="0.002">
<failure message="registration.spec.ts:654:5 should set aria-invalid on fields with errors" type="FAILURE">
<![CDATA[  [Microsoft Edge] › registration.spec.ts:654:5 › Multi-Step Registration Form Tests › Error Messages and Accessibility › should set aria-invalid on fields with errors 

    Error: browserType.launch: Chromium distribution 'msedge' is not found at /Applications/Microsoft Edge.app/Contents/MacOS/Microsoft Edge
    Run "npx playwright install msedge"
]]>
</failure>
</testcase>
<testcase name="Multi-Step Registration Form Tests › Error Messages and Accessibility › should associate error messages with fields using aria-describedby" classname="registration.spec.ts" time="0.001">
<failure message="registration.spec.ts:663:5 should associate error messages with fields using aria-describedby" type="FAILURE">
<![CDATA[  [Microsoft Edge] › registration.spec.ts:663:5 › Multi-Step Registration Form Tests › Error Messages and Accessibility › should associate error messages with fields using aria-describedby 

    Error: browserType.launch: Chromium distribution 'msedge' is not found at /Applications/Microsoft Edge.app/Contents/MacOS/Microsoft Edge
    Run "npx playwright install msedge"
]]>
</failure>
</testcase>
<testcase name="Multi-Step Registration Form Tests › Error Messages and Accessibility › should announce errors with role=&quot;alert&quot;" classname="registration.spec.ts" time="0.001">
<failure message="registration.spec.ts:675:5 should announce errors with role=&quot;alert&quot;" type="FAILURE">
<![CDATA[  [Microsoft Edge] › registration.spec.ts:675:5 › Multi-Step Registration Form Tests › Error Messages and Accessibility › should announce errors with role="alert" 

    Error: browserType.launch: Chromium distribution 'msedge' is not found at /Applications/Microsoft Edge.app/Contents/MacOS/Microsoft Edge
    Run "npx playwright install msedge"
]]>
</failure>
</testcase>
<testcase name="Multi-Step Registration Form Tests › Error Messages and Accessibility › should have accessible step navigation" classname="registration.spec.ts" time="0.001">
<failure message="registration.spec.ts:684:5 should have accessible step navigation" type="FAILURE">
<![CDATA[  [Microsoft Edge] › registration.spec.ts:684:5 › Multi-Step Registration Form Tests › Error Messages and Accessibility › should have accessible step navigation 

    Error: browserType.launch: Chromium distribution 'msedge' is not found at /Applications/Microsoft Edge.app/Contents/MacOS/Microsoft Edge
    Run "npx playwright install msedge"
]]>
</failure>
</testcase>
<testcase name="Multi-Step Registration Form Tests › Error Messages and Accessibility › should have aria-current on active step" classname="registration.spec.ts" time="0.001">
<failure message="registration.spec.ts:689:5 should have aria-current on active step" type="FAILURE">
<![CDATA[  [Microsoft Edge] › registration.spec.ts:689:5 › Multi-Step Registration Form Tests › Error Messages and Accessibility › should have aria-current on active step 

    Error: browserType.launch: Chromium distribution 'msedge' is not found at /Applications/Microsoft Edge.app/Contents/MacOS/Microsoft Edge
    Run "npx playwright install msedge"
]]>
</failure>
</testcase>
<testcase name="Multi-Step Registration Form Tests › Error Messages and Accessibility › should have meaningful button labels" classname="registration.spec.ts" time="0.001">
<failure message="registration.spec.ts:694:5 should have meaningful button labels" type="FAILURE">
<![CDATA[  [Microsoft Edge] › registration.spec.ts:694:5 › Multi-Step Registration Form Tests › Error Messages and Accessibility › should have meaningful button labels 

    Error: browserType.launch: Chromium distribution 'msedge' is not found at /Applications/Microsoft Edge.app/Contents/MacOS/Microsoft Edge
    Run "npx playwright install msedge"
]]>
</failure>
</testcase>
<testcase name="Multi-Step Registration Form Tests › Error Messages and Accessibility › should announce success state to screen readers" classname="registration.spec.ts" time="0.001">
<failure message="registration.spec.ts:699:5 should announce success state to screen readers" type="FAILURE">
<![CDATA[  [Microsoft Edge] › registration.spec.ts:699:5 › Multi-Step Registration Form Tests › Error Messages and Accessibility › should announce success state to screen readers 

    Error: browserType.launch: Chromium distribution 'msedge' is not found at /Applications/Microsoft Edge.app/Contents/MacOS/Microsoft Edge
    Run "npx playwright install msedge"
]]>
</failure>
</testcase>
<testcase name="Multi-Step Registration Form Tests › Accessibility Compliance › Step 1 should not have accessibility violations" classname="registration.spec.ts" time="0.001">
<failure message="registration.spec.ts:729:5 Step 1 should not have accessibility violations" type="FAILURE">
<![CDATA[  [Microsoft Edge] › registration.spec.ts:729:5 › Multi-Step Registration Form Tests › Accessibility Compliance › Step 1 should not have accessibility violations 

    Error: browserType.launch: Chromium distribution 'msedge' is not found at /Applications/Microsoft Edge.app/Contents/MacOS/Microsoft Edge
    Run "npx playwright install msedge"
]]>
</failure>
</testcase>
<testcase name="Multi-Step Registration Form Tests › Accessibility Compliance › Step 2 should not have accessibility violations" classname="registration.spec.ts" time="0.001">
<failure message="registration.spec.ts:738:5 Step 2 should not have accessibility violations" type="FAILURE">
<![CDATA[  [Microsoft Edge] › registration.spec.ts:738:5 › Multi-Step Registration Form Tests › Accessibility Compliance › Step 2 should not have accessibility violations 

    Error: browserType.launch: Chromium distribution 'msedge' is not found at /Applications/Microsoft Edge.app/Contents/MacOS/Microsoft Edge
    Run "npx playwright install msedge"
]]>
</failure>
</testcase>
<testcase name="Multi-Step Registration Form Tests › Accessibility Compliance › should be keyboard navigable" classname="registration.spec.ts" time="0.001">
<failure message="registration.spec.ts:753:5 should be keyboard navigable" type="FAILURE">
<![CDATA[  [Microsoft Edge] › registration.spec.ts:753:5 › Multi-Step Registration Form Tests › Accessibility Compliance › should be keyboard navigable 

    Error: browserType.launch: Chromium distribution 'msedge' is not found at /Applications/Microsoft Edge.app/Contents/MacOS/Microsoft Edge
    Run "npx playwright install msedge"
]]>
</failure>
</testcase>
<testcase name="Multi-Step Registration Form Tests › Accessibility Compliance › should support keyboard form submission" classname="registration.spec.ts" time="0.001">
<failure message="registration.spec.ts:768:5 should support keyboard form submission" type="FAILURE">
<![CDATA[  [Microsoft Edge] › registration.spec.ts:768:5 › Multi-Step Registration Form Tests › Accessibility Compliance › should support keyboard form submission 

    Error: browserType.launch: Chromium distribution 'msedge' is not found at /Applications/Microsoft Edge.app/Contents/MacOS/Microsoft Edge
    Run "npx playwright install msedge"
]]>
</failure>
</testcase>
</testsuite>
<testsuite name="responsive.spec.ts" timestamp="2026-01-23T13:20:25.002Z" hostname="Microsoft Edge" tests="32" failures="32" skipped="0" time="0.033" errors="0">
<testcase name="Responsive Design Tests - Mobile › should show mobile hamburger menu" classname="responsive.spec.ts" time="0.001">
<failure message="responsive.spec.ts:11:3 should show mobile hamburger menu" type="FAILURE">
<![CDATA[  [Microsoft Edge] › responsive.spec.ts:11:3 › Responsive Design Tests - Mobile › should show mobile hamburger menu 

    Error: browserType.launch: Chromium distribution 'msedge' is not found at /Applications/Microsoft Edge.app/Contents/MacOS/Microsoft Edge
    Run "npx playwright install msedge"
]]>
</failure>
</testcase>
<testcase name="Responsive Design Tests - Mobile › should open sidebar on hamburger click" classname="responsive.spec.ts" time="0.001">
<failure message="responsive.spec.ts:17:3 should open sidebar on hamburger click" type="FAILURE">
<![CDATA[  [Microsoft Edge] › responsive.spec.ts:17:3 › Responsive Design Tests - Mobile › should open sidebar on hamburger click 

    Error: browserType.launch: Chromium distribution 'msedge' is not found at /Applications/Microsoft Edge.app/Contents/MacOS/Microsoft Edge
    Run "npx playwright install msedge"
]]>
</failure>
</testcase>
<testcase name="Responsive Design Tests - Mobile › should close sidebar on backdrop click" classname="responsive.spec.ts" time="0.001">
<failure message="responsive.spec.ts:29:3 should close sidebar on backdrop click" type="FAILURE">
<![CDATA[  [Microsoft Edge] › responsive.spec.ts:29:3 › Responsive Design Tests - Mobile › should close sidebar on backdrop click 

    Error: browserType.launch: Chromium distribution 'msedge' is not found at /Applications/Microsoft Edge.app/Contents/MacOS/Microsoft Edge
    Run "npx playwright install msedge"
]]>
</failure>
</testcase>
<testcase name="Responsive Design Tests - Mobile › should display mobile-friendly statistics" classname="responsive.spec.ts" time="0.001">
<failure message="responsive.spec.ts:45:3 should display mobile-friendly statistics" type="FAILURE">
<![CDATA[  [Microsoft Edge] › responsive.spec.ts:45:3 › Responsive Design Tests - Mobile › should display mobile-friendly statistics 

    Error: browserType.launch: Chromium distribution 'msedge' is not found at /Applications/Microsoft Edge.app/Contents/MacOS/Microsoft Edge
    Run "npx playwright install msedge"
]]>
</failure>
</testcase>
<testcase name="Responsive Design Tests - Mobile › should show tasks in single column on mobile" classname="responsive.spec.ts" time="0.001">
<failure message="responsive.spec.ts:55:3 should show tasks in single column on mobile" type="FAILURE">
<![CDATA[  [Microsoft Edge] › responsive.spec.ts:55:3 › Responsive Design Tests - Mobile › should show tasks in single column on mobile 

    Error: browserType.launch: Chromium distribution 'msedge' is not found at /Applications/Microsoft Edge.app/Contents/MacOS/Microsoft Edge
    Run "npx playwright install msedge"
]]>
</failure>
</testcase>
<testcase name="Responsive Design Tests - Mobile › should hide user email on small screens" classname="responsive.spec.ts" time="0.001">
<failure message="responsive.spec.ts:64:3 should hide user email on small screens" type="FAILURE">
<![CDATA[  [Microsoft Edge] › responsive.spec.ts:64:3 › Responsive Design Tests - Mobile › should hide user email on small screens 

    Error: browserType.launch: Chromium distribution 'msedge' is not found at /Applications/Microsoft Edge.app/Contents/MacOS/Microsoft Edge
    Run "npx playwright install msedge"
]]>
</failure>
</testcase>
<testcase name="Responsive Design Tests - Mobile › should show mobile navigation" classname="responsive.spec.ts" time="0.001">
<failure message="responsive.spec.ts:73:3 should show mobile navigation" type="FAILURE">
<![CDATA[  [Microsoft Edge] › responsive.spec.ts:73:3 › Responsive Design Tests - Mobile › should show mobile navigation 

    Error: browserType.launch: Chromium distribution 'msedge' is not found at /Applications/Microsoft Edge.app/Contents/MacOS/Microsoft Edge
    Run "npx playwright install msedge"
]]>
</failure>
</testcase>
<testcase name="Responsive Design Tests - Tablet › should display sidebar on tablet" classname="responsive.spec.ts" time="0.001">
<failure message="responsive.spec.ts:92:3 should display sidebar on tablet" type="FAILURE">
<![CDATA[  [Microsoft Edge] › responsive.spec.ts:92:3 › Responsive Design Tests - Tablet › should display sidebar on tablet 

    Error: browserType.launch: Chromium distribution 'msedge' is not found at /Applications/Microsoft Edge.app/Contents/MacOS/Microsoft Edge
    Run "npx playwright install msedge"
]]>
</failure>
</testcase>
<testcase name="Responsive Design Tests - Tablet › should show 2-column task grid" classname="responsive.spec.ts" time="0.001">
<failure message="responsive.spec.ts:98:3 should show 2-column task grid" type="FAILURE">
<![CDATA[  [Microsoft Edge] › responsive.spec.ts:98:3 › Responsive Design Tests - Tablet › should show 2-column task grid 

    Error: browserType.launch: Chromium distribution 'msedge' is not found at /Applications/Microsoft Edge.app/Contents/MacOS/Microsoft Edge
    Run "npx playwright install msedge"
]]>
</failure>
</testcase>
<testcase name="Responsive Design Tests - Tablet › should display statistics in 2 columns" classname="responsive.spec.ts" time="0.001">
<failure message="responsive.spec.ts:107:3 should display statistics in 2 columns" type="FAILURE">
<![CDATA[  [Microsoft Edge] › responsive.spec.ts:107:3 › Responsive Design Tests - Tablet › should display statistics in 2 columns 

    Error: browserType.launch: Chromium distribution 'msedge' is not found at /Applications/Microsoft Edge.app/Contents/MacOS/Microsoft Edge
    Run "npx playwright install msedge"
]]>
</failure>
</testcase>
<testcase name="Responsive Design Tests - Desktop › should show persistent sidebar" classname="responsive.spec.ts" time="0.001">
<failure message="responsive.spec.ts:122:3 should show persistent sidebar" type="FAILURE">
<![CDATA[  [Microsoft Edge] › responsive.spec.ts:122:3 › Responsive Design Tests - Desktop › should show persistent sidebar 

    Error: browserType.launch: Chromium distribution 'msedge' is not found at /Applications/Microsoft Edge.app/Contents/MacOS/Microsoft Edge
    Run "npx playwright install msedge"
]]>
</failure>
</testcase>
<testcase name="Responsive Design Tests - Desktop › should not show hamburger menu" classname="responsive.spec.ts" time="0.001">
<failure message="responsive.spec.ts:128:3 should not show hamburger menu" type="FAILURE">
<![CDATA[  [Microsoft Edge] › responsive.spec.ts:128:3 › Responsive Design Tests - Desktop › should not show hamburger menu 

    Error: browserType.launch: Chromium distribution 'msedge' is not found at /Applications/Microsoft Edge.app/Contents/MacOS/Microsoft Edge
    Run "npx playwright install msedge"
]]>
</failure>
</testcase>
<testcase name="Responsive Design Tests - Desktop › should display 4-column statistics" classname="responsive.spec.ts" time="0.001">
<failure message="responsive.spec.ts:134:3 should display 4-column statistics" type="FAILURE">
<![CDATA[  [Microsoft Edge] › responsive.spec.ts:134:3 › Responsive Design Tests - Desktop › should display 4-column statistics 

    Error: browserType.launch: Chromium distribution 'msedge' is not found at /Applications/Microsoft Edge.app/Contents/MacOS/Microsoft Edge
    Run "npx playwright install msedge"
]]>
</failure>
</testcase>
<testcase name="Responsive Design Tests - Desktop › should show full task details" classname="responsive.spec.ts" time="0.001">
<failure message="responsive.spec.ts:142:3 should show full task details" type="FAILURE">
<![CDATA[  [Microsoft Edge] › responsive.spec.ts:142:3 › Responsive Design Tests - Desktop › should show full task details 

    Error: browserType.launch: Chromium distribution 'msedge' is not found at /Applications/Microsoft Edge.app/Contents/MacOS/Microsoft Edge
    Run "npx playwright install msedge"
]]>
</failure>
</testcase>
<testcase name="Responsive Design Tests - Desktop › should display search bar in header" classname="responsive.spec.ts" time="0.001">
<failure message="responsive.spec.ts:157:3 should display search bar in header" type="FAILURE">
<![CDATA[  [Microsoft Edge] › responsive.spec.ts:157:3 › Responsive Design Tests - Desktop › should display search bar in header 

    Error: browserType.launch: Chromium distribution 'msedge' is not found at /Applications/Microsoft Edge.app/Contents/MacOS/Microsoft Edge
    Run "npx playwright install msedge"
]]>
</failure>
</testcase>
<testcase name="Responsive Design - Analytics Dashboard › should be responsive on mobile" classname="responsive.spec.ts" time="0.001">
<failure message="responsive.spec.ts:165:3 should be responsive on mobile" type="FAILURE">
<![CDATA[  [Microsoft Edge] › responsive.spec.ts:165:3 › Responsive Design - Analytics Dashboard › should be responsive on mobile 

    Error: browserType.launch: Chromium distribution 'msedge' is not found at /Applications/Microsoft Edge.app/Contents/MacOS/Microsoft Edge
    Run "npx playwright install msedge"
]]>
</failure>
</testcase>
<testcase name="Responsive Design - Analytics Dashboard › should show charts on tablet" classname="responsive.spec.ts" time="0.001">
<failure message="responsive.spec.ts:178:3 should show charts on tablet" type="FAILURE">
<![CDATA[  [Microsoft Edge] › responsive.spec.ts:178:3 › Responsive Design - Analytics Dashboard › should show charts on tablet 

    Error: browserType.launch: Chromium distribution 'msedge' is not found at /Applications/Microsoft Edge.app/Contents/MacOS/Microsoft Edge
    Run "npx playwright install msedge"
]]>
</failure>
</testcase>
<testcase name="Responsive Design - Analytics Dashboard › should display full layout on desktop" classname="responsive.spec.ts" time="0.001">
<failure message="responsive.spec.ts:187:3 should display full layout on desktop" type="FAILURE">
<![CDATA[  [Microsoft Edge] › responsive.spec.ts:187:3 › Responsive Design - Analytics Dashboard › should display full layout on desktop 

    Error: browserType.launch: Chromium distribution 'msedge' is not found at /Applications/Microsoft Edge.app/Contents/MacOS/Microsoft Edge
    Run "npx playwright install msedge"
]]>
</failure>
</testcase>
<testcase name="Responsive Design - Navigation › should show compact navigation on mobile" classname="responsive.spec.ts" time="0.001">
<failure message="responsive.spec.ts:200:3 should show compact navigation on mobile" type="FAILURE">
<![CDATA[  [Microsoft Edge] › responsive.spec.ts:200:3 › Responsive Design - Navigation › should show compact navigation on mobile 

    Error: browserType.launch: Chromium distribution 'msedge' is not found at /Applications/Microsoft Edge.app/Contents/MacOS/Microsoft Edge
    Run "npx playwright install msedge"
]]>
</failure>
</testcase>
<testcase name="Responsive Design - Navigation › should show full navigation on desktop" classname="responsive.spec.ts" time="0.002">
<failure message="responsive.spec.ts:209:3 should show full navigation on desktop" type="FAILURE">
<![CDATA[  [Microsoft Edge] › responsive.spec.ts:209:3 › Responsive Design - Navigation › should show full navigation on desktop 

    Error: browserType.launch: Chromium distribution 'msedge' is not found at /Applications/Microsoft Edge.app/Contents/MacOS/Microsoft Edge
    Run "npx playwright install msedge"
]]>
</failure>
</testcase>
<testcase name="Responsive Design - Orientation Changes › should handle portrait to landscape on mobile" classname="responsive.spec.ts" time="0.001">
<failure message="responsive.spec.ts:221:3 should handle portrait to landscape on mobile" type="FAILURE">
<![CDATA[  [Microsoft Edge] › responsive.spec.ts:221:3 › Responsive Design - Orientation Changes › should handle portrait to landscape on mobile 

    Error: browserType.launch: Chromium distribution 'msedge' is not found at /Applications/Microsoft Edge.app/Contents/MacOS/Microsoft Edge
    Run "npx playwright install msedge"
]]>
</failure>
</testcase>
<testcase name="Responsive Design - Orientation Changes › should handle landscape to portrait on mobile" classname="responsive.spec.ts" time="0.001">
<failure message="responsive.spec.ts:243:3 should handle landscape to portrait on mobile" type="FAILURE">
<![CDATA[  [Microsoft Edge] › responsive.spec.ts:243:3 › Responsive Design - Orientation Changes › should handle landscape to portrait on mobile 

    Error: browserType.launch: Chromium distribution 'msedge' is not found at /Applications/Microsoft Edge.app/Contents/MacOS/Microsoft Edge
    Run "npx playwright install msedge"
]]>
</failure>
</testcase>
<testcase name="Responsive Design - Orientation Changes › should handle tablet portrait to landscape" classname="responsive.spec.ts" time="0.001">
<failure message="responsive.spec.ts:265:3 should handle tablet portrait to landscape" type="FAILURE">
<![CDATA[  [Microsoft Edge] › responsive.spec.ts:265:3 › Responsive Design - Orientation Changes › should handle tablet portrait to landscape 

    Error: browserType.launch: Chromium distribution 'msedge' is not found at /Applications/Microsoft Edge.app/Contents/MacOS/Microsoft Edge
    Run "npx playwright install msedge"
]]>
</failure>
</testcase>
<testcase name="Responsive Design - Orientation Changes › should handle tablet landscape to portrait" classname="responsive.spec.ts" time="0.001">
<failure message="responsive.spec.ts:287:3 should handle tablet landscape to portrait" type="FAILURE">
<![CDATA[  [Microsoft Edge] › responsive.spec.ts:287:3 › Responsive Design - Orientation Changes › should handle tablet landscape to portrait 

    Error: browserType.launch: Chromium distribution 'msedge' is not found at /Applications/Microsoft Edge.app/Contents/MacOS/Microsoft Edge
    Run "npx playwright install msedge"
]]>
</failure>
</testcase>
<testcase name="Responsive Design - Orientation Changes › should adjust grid layout on orientation change" classname="responsive.spec.ts" time="0.001">
<failure message="responsive.spec.ts:305:3 should adjust grid layout on orientation change" type="FAILURE">
<![CDATA[  [Microsoft Edge] › responsive.spec.ts:305:3 › Responsive Design - Orientation Changes › should adjust grid layout on orientation change 

    Error: browserType.launch: Chromium distribution 'msedge' is not found at /Applications/Microsoft Edge.app/Contents/MacOS/Microsoft Edge
    Run "npx playwright install msedge"
]]>
</failure>
</testcase>
<testcase name="Responsive Design - Orientation Changes › should maintain sidebar state on orientation change" classname="responsive.spec.ts" time="0.001">
<failure message="responsive.spec.ts:328:3 should maintain sidebar state on orientation change" type="FAILURE">
<![CDATA[  [Microsoft Edge] › responsive.spec.ts:328:3 › Responsive Design - Orientation Changes › should maintain sidebar state on orientation change 

    Error: browserType.launch: Chromium distribution 'msedge' is not found at /Applications/Microsoft Edge.app/Contents/MacOS/Microsoft Edge
    Run "npx playwright install msedge"
]]>
</failure>
</testcase>
<testcase name="Responsive Design - Orientation Changes › should reflow statistics on orientation change" classname="responsive.spec.ts" time="0.001">
<failure message="responsive.spec.ts:352:3 should reflow statistics on orientation change" type="FAILURE">
<![CDATA[  [Microsoft Edge] › responsive.spec.ts:352:3 › Responsive Design - Orientation Changes › should reflow statistics on orientation change 

    Error: browserType.launch: Chromium distribution 'msedge' is not found at /Applications/Microsoft Edge.app/Contents/MacOS/Microsoft Edge
    Run "npx playwright install msedge"
]]>
</failure>
</testcase>
<testcase name="Responsive Design - Orientation Changes › should handle rapid orientation changes" classname="responsive.spec.ts" time="0.001">
<failure message="responsive.spec.ts:370:3 should handle rapid orientation changes" type="FAILURE">
<![CDATA[  [Microsoft Edge] › responsive.spec.ts:370:3 › Responsive Design - Orientation Changes › should handle rapid orientation changes 

    Error: browserType.launch: Chromium distribution 'msedge' is not found at /Applications/Microsoft Edge.app/Contents/MacOS/Microsoft Edge
    Run "npx playwright install msedge"
]]>
</failure>
</testcase>
<testcase name="Responsive Design - Orientation Changes › should adjust analytics dashboard on orientation change" classname="responsive.spec.ts" time="0.001">
<failure message="responsive.spec.ts:392:3 should adjust analytics dashboard on orientation change" type="FAILURE">
<![CDATA[  [Microsoft Edge] › responsive.spec.ts:392:3 › Responsive Design - Orientation Changes › should adjust analytics dashboard on orientation change 

    Error: browserType.launch: Chromium distribution 'msedge' is not found at /Applications/Microsoft Edge.app/Contents/MacOS/Microsoft Edge
    Run "npx playwright install msedge"
]]>
</failure>
</testcase>
<testcase name="Responsive Design - Orientation Changes › should maintain scroll position on orientation change" classname="responsive.spec.ts" time="0.001">
<failure message="responsive.spec.ts:410:3 should maintain scroll position on orientation change" type="FAILURE">
<![CDATA[  [Microsoft Edge] › responsive.spec.ts:410:3 › Responsive Design - Orientation Changes › should maintain scroll position on orientation change 

    Error: browserType.launch: Chromium distribution 'msedge' is not found at /Applications/Microsoft Edge.app/Contents/MacOS/Microsoft Edge
    Run "npx playwright install msedge"
]]>
</failure>
</testcase>
<testcase name="Responsive Design - Orientation Changes › should handle orientation change with open modals" classname="responsive.spec.ts" time="0.001">
<failure message="responsive.spec.ts:432:3 should handle orientation change with open modals" type="FAILURE">
<![CDATA[  [Microsoft Edge] › responsive.spec.ts:432:3 › Responsive Design - Orientation Changes › should handle orientation change with open modals 

    Error: browserType.launch: Chromium distribution 'msedge' is not found at /Applications/Microsoft Edge.app/Contents/MacOS/Microsoft Edge
    Run "npx playwright install msedge"
]]>
</failure>
</testcase>
<testcase name="Responsive Design - Orientation Changes › should handle orientation change during loading" classname="responsive.spec.ts" time="0.001">
<failure message="responsive.spec.ts:451:3 should handle orientation change during loading" type="FAILURE">
<![CDATA[  [Microsoft Edge] › responsive.spec.ts:451:3 › Responsive Design - Orientation Changes › should handle orientation change during loading 

    Error: browserType.launch: Chromium distribution 'msedge' is not found at /Applications/Microsoft Edge.app/Contents/MacOS/Microsoft Edge
    Run "npx playwright install msedge"
]]>
</failure>
</testcase>
</testsuite>
<testsuite name="task-management.spec.ts" timestamp="2026-01-23T13:20:25.002Z" hostname="Microsoft Edge" tests="51" failures="51" skipped="0" time="0.051" errors="0">
<testcase name="Task Management Tests › should display dashboard with tasks" classname="task-management.spec.ts" time="0.001">
<failure message="task-management.spec.ts:11:3 should display dashboard with tasks" type="FAILURE">
<![CDATA[  [Microsoft Edge] › task-management.spec.ts:11:3 › Task Management Tests › should display dashboard with tasks 

    Error: browserType.launch: Chromium distribution 'msedge' is not found at /Applications/Microsoft Edge.app/Contents/MacOS/Microsoft Edge
    Run "npx playwright install msedge"
]]>
</failure>
</testcase>
<testcase name="Task Management Tests › should display task cards" classname="task-management.spec.ts" time="0.001">
<failure message="task-management.spec.ts:23:3 should display task cards" type="FAILURE">
<![CDATA[  [Microsoft Edge] › task-management.spec.ts:23:3 › Task Management Tests › should display task cards 

    Error: browserType.launch: Chromium distribution 'msedge' is not found at /Applications/Microsoft Edge.app/Contents/MacOS/Microsoft Edge
    Run "npx playwright install msedge"
]]>
</failure>
</testcase>
<testcase name="Task Management Tests › should show task details" classname="task-management.spec.ts" time="0.001">
<failure message="task-management.spec.ts:35:3 should show task details" type="FAILURE">
<![CDATA[  [Microsoft Edge] › task-management.spec.ts:35:3 › Task Management Tests › should show task details 

    Error: browserType.launch: Chromium distribution 'msedge' is not found at /Applications/Microsoft Edge.app/Contents/MacOS/Microsoft Edge
    Run "npx playwright install msedge"
]]>
</failure>
</testcase>
<testcase name="Task Management Tests › should filter tasks by status" classname="task-management.spec.ts" time="0.001">
<failure message="task-management.spec.ts:47:3 should filter tasks by status" type="FAILURE">
<![CDATA[  [Microsoft Edge] › task-management.spec.ts:47:3 › Task Management Tests › should filter tasks by status 

    Error: browserType.launch: Chromium distribution 'msedge' is not found at /Applications/Microsoft Edge.app/Contents/MacOS/Microsoft Edge
    Run "npx playwright install msedge"
]]>
</failure>
</testcase>
<testcase name="Task Management Tests › should show task progress bars" classname="task-management.spec.ts" time="0.001">
<failure message="task-management.spec.ts:57:3 should show task progress bars" type="FAILURE">
<![CDATA[  [Microsoft Edge] › task-management.spec.ts:57:3 › Task Management Tests › should show task progress bars 

    Error: browserType.launch: Chromium distribution 'msedge' is not found at /Applications/Microsoft Edge.app/Contents/MacOS/Microsoft Edge
    Run "npx playwright install msedge"
]]>
</failure>
</testcase>
<testcase name="Task Management Tests › should display task assignees" classname="task-management.spec.ts" time="0.001">
<failure message="task-management.spec.ts:69:3 should display task assignees" type="FAILURE">
<![CDATA[  [Microsoft Edge] › task-management.spec.ts:69:3 › Task Management Tests › should display task assignees 

    Error: browserType.launch: Chromium distribution 'msedge' is not found at /Applications/Microsoft Edge.app/Contents/MacOS/Microsoft Edge
    Run "npx playwright install msedge"
]]>
</failure>
</testcase>
<testcase name="Task Management Tests › should show overdue tasks with warning" classname="task-management.spec.ts" time="0.001">
<failure message="task-management.spec.ts:78:3 should show overdue tasks with warning" type="FAILURE">
<![CDATA[  [Microsoft Edge] › task-management.spec.ts:78:3 › Task Management Tests › should show overdue tasks with warning 

    Error: browserType.launch: Chromium distribution 'msedge' is not found at /Applications/Microsoft Edge.app/Contents/MacOS/Microsoft Edge
    Run "npx playwright install msedge"
]]>
</failure>
</testcase>
<testcase name="Task Management Tests › should display quick stats sidebar" classname="task-management.spec.ts" time="0.001">
<failure message="task-management.spec.ts:89:3 should display quick stats sidebar" type="FAILURE">
<![CDATA[  [Microsoft Edge] › task-management.spec.ts:89:3 › Task Management Tests › should display quick stats sidebar 

    Error: browserType.launch: Chromium distribution 'msedge' is not found at /Applications/Microsoft Edge.app/Contents/MacOS/Microsoft Edge
    Run "npx playwright install msedge"
]]>
</failure>
</testcase>
<testcase name="Task Management Tests › should show completed tasks section" classname="task-management.spec.ts" time="0.001">
<failure message="task-management.spec.ts:99:3 should show completed tasks section" type="FAILURE">
<![CDATA[  [Microsoft Edge] › task-management.spec.ts:99:3 › Task Management Tests › should show completed tasks section 

    Error: browserType.launch: Chromium distribution 'msedge' is not found at /Applications/Microsoft Edge.app/Contents/MacOS/Microsoft Edge
    Run "npx playwright install msedge"
]]>
</failure>
</testcase>
<testcase name="Task Management Tests › should display task tags" classname="task-management.spec.ts" time="0.001">
<failure message="task-management.spec.ts:109:3 should display task tags" type="FAILURE">
<![CDATA[  [Microsoft Edge] › task-management.spec.ts:109:3 › Task Management Tests › should display task tags 

    Error: browserType.launch: Chromium distribution 'msedge' is not found at /Applications/Microsoft Edge.app/Contents/MacOS/Microsoft Edge
    Run "npx playwright install msedge"
]]>
</failure>
</testcase>
<testcase name="Task Creation › should show create task button" classname="task-management.spec.ts" time="0.001">
<failure message="task-management.spec.ts:125:3 should show create task button" type="FAILURE">
<![CDATA[  [Microsoft Edge] › task-management.spec.ts:125:3 › Task Creation › should show create task button 

    Error: browserType.launch: Chromium distribution 'msedge' is not found at /Applications/Microsoft Edge.app/Contents/MacOS/Microsoft Edge
    Run "npx playwright install msedge"
]]>
</failure>
</testcase>
<testcase name="Task Creation › should be able to click create task button" classname="task-management.spec.ts" time="0.001">
<failure message="task-management.spec.ts:131:3 should be able to click create task button" type="FAILURE">
<![CDATA[  [Microsoft Edge] › task-management.spec.ts:131:3 › Task Creation › should be able to click create task button 

    Error: browserType.launch: Chromium distribution 'msedge' is not found at /Applications/Microsoft Edge.app/Contents/MacOS/Microsoft Edge
    Run "npx playwright install msedge"
]]>
</failure>
</testcase>
<testcase name="Task Creation › should show new task button in sidebar" classname="task-management.spec.ts" time="0.001">
<failure message="task-management.spec.ts:139:3 should show new task button in sidebar" type="FAILURE">
<![CDATA[  [Microsoft Edge] › task-management.spec.ts:139:3 › Task Creation › should show new task button in sidebar 

    Error: browserType.launch: Chromium distribution 'msedge' is not found at /Applications/Microsoft Edge.app/Contents/MacOS/Microsoft Edge
    Run "npx playwright install msedge"
]]>
</failure>
</testcase>
<testcase name="Task Creation › should be able to click sidebar new task button" classname="task-management.spec.ts" time="0.001">
<failure message="task-management.spec.ts:145:3 should be able to click sidebar new task button" type="FAILURE">
<![CDATA[  [Microsoft Edge] › task-management.spec.ts:145:3 › Task Creation › should be able to click sidebar new task button 

    Error: browserType.launch: Chromium distribution 'msedge' is not found at /Applications/Microsoft Edge.app/Contents/MacOS/Microsoft Edge
    Run "npx playwright install msedge"
]]>
</failure>
</testcase>
<testcase name="Task Edit Operations › should open edit task dialog" classname="task-management.spec.ts" time="0.001">
<failure message="task-management.spec.ts:160:3 should open edit task dialog" type="FAILURE">
<![CDATA[  [Microsoft Edge] › task-management.spec.ts:160:3 › Task Edit Operations › should open edit task dialog 

    Error: browserType.launch: Chromium distribution 'msedge' is not found at /Applications/Microsoft Edge.app/Contents/MacOS/Microsoft Edge
    Run "npx playwright install msedge"
]]>
</failure>
</testcase>
<testcase name="Task Edit Operations › should edit task title" classname="task-management.spec.ts" time="0.001">
<failure message="task-management.spec.ts:176:3 should edit task title" type="FAILURE">
<![CDATA[  [Microsoft Edge] › task-management.spec.ts:176:3 › Task Edit Operations › should edit task title ─

    Error: browserType.launch: Chromium distribution 'msedge' is not found at /Applications/Microsoft Edge.app/Contents/MacOS/Microsoft Edge
    Run "npx playwright install msedge"
]]>
</failure>
</testcase>
<testcase name="Task Edit Operations › should edit task description" classname="task-management.spec.ts" time="0.001">
<failure message="task-management.spec.ts:188:3 should edit task description" type="FAILURE">
<![CDATA[  [Microsoft Edge] › task-management.spec.ts:188:3 › Task Edit Operations › should edit task description 

    Error: browserType.launch: Chromium distribution 'msedge' is not found at /Applications/Microsoft Edge.app/Contents/MacOS/Microsoft Edge
    Run "npx playwright install msedge"
]]>
</failure>
</testcase>
<testcase name="Task Edit Operations › should edit task priority" classname="task-management.spec.ts" time="0.001">
<failure message="task-management.spec.ts:195:3 should edit task priority" type="FAILURE">
<![CDATA[  [Microsoft Edge] › task-management.spec.ts:195:3 › Task Edit Operations › should edit task priority 

    Error: browserType.launch: Chromium distribution 'msedge' is not found at /Applications/Microsoft Edge.app/Contents/MacOS/Microsoft Edge
    Run "npx playwright install msedge"
]]>
</failure>
</testcase>
<testcase name="Task Edit Operations › should edit task due date" classname="task-management.spec.ts" time="0.001">
<failure message="task-management.spec.ts:207:3 should edit task due date" type="FAILURE">
<![CDATA[  [Microsoft Edge] › task-management.spec.ts:207:3 › Task Edit Operations › should edit task due date 

    Error: browserType.launch: Chromium distribution 'msedge' is not found at /Applications/Microsoft Edge.app/Contents/MacOS/Microsoft Edge
    Run "npx playwright install msedge"
]]>
</failure>
</testcase>
<testcase name="Task Edit Operations › should edit task assignee" classname="task-management.spec.ts" time="0.001">
<failure message="task-management.spec.ts:215:3 should edit task assignee" type="FAILURE">
<![CDATA[  [Microsoft Edge] › task-management.spec.ts:215:3 › Task Edit Operations › should edit task assignee 

    Error: browserType.launch: Chromium distribution 'msedge' is not found at /Applications/Microsoft Edge.app/Contents/MacOS/Microsoft Edge
    Run "npx playwright install msedge"
]]>
</failure>
</testcase>
<testcase name="Task Edit Operations › should cancel task edit" classname="task-management.spec.ts" time="0.001">
<failure message="task-management.spec.ts:227:3 should cancel task edit" type="FAILURE">
<![CDATA[  [Microsoft Edge] › task-management.spec.ts:227:3 › Task Edit Operations › should cancel task edit 

    Error: browserType.launch: Chromium distribution 'msedge' is not found at /Applications/Microsoft Edge.app/Contents/MacOS/Microsoft Edge
    Run "npx playwright install msedge"
]]>
</failure>
</testcase>
<testcase name="Task Edit Operations › should validate required fields when editing" classname="task-management.spec.ts" time="0.001">
<failure message="task-management.spec.ts:238:3 should validate required fields when editing" type="FAILURE">
<![CDATA[  [Microsoft Edge] › task-management.spec.ts:238:3 › Task Edit Operations › should validate required fields when editing 

    Error: browserType.launch: Chromium distribution 'msedge' is not found at /Applications/Microsoft Edge.app/Contents/MacOS/Microsoft Edge
    Run "npx playwright install msedge"
]]>
</failure>
</testcase>
<testcase name="Task Completion Operations › should mark task as complete" classname="task-management.spec.ts" time="0.001">
<failure message="task-management.spec.ts:255:3 should mark task as complete" type="FAILURE">
<![CDATA[  [Microsoft Edge] › task-management.spec.ts:255:3 › Task Completion Operations › should mark task as complete 

    Error: browserType.launch: Chromium distribution 'msedge' is not found at /Applications/Microsoft Edge.app/Contents/MacOS/Microsoft Edge
    Run "npx playwright install msedge"
]]>
</failure>
</testcase>
<testcase name="Task Completion Operations › should show completion animation" classname="task-management.spec.ts" time="0.001">
<failure message="task-management.spec.ts:267:3 should show completion animation" type="FAILURE">
<![CDATA[  [Microsoft Edge] › task-management.spec.ts:267:3 › Task Completion Operations › should show completion animation 

    Error: browserType.launch: Chromium distribution 'msedge' is not found at /Applications/Microsoft Edge.app/Contents/MacOS/Microsoft Edge
    Run "npx playwright install msedge"
]]>
</failure>
</testcase>
<testcase name="Task Completion Operations › should unmark task as complete" classname="task-management.spec.ts" time="0.001">
<failure message="task-management.spec.ts:278:3 should unmark task as complete" type="FAILURE">
<![CDATA[  [Microsoft Edge] › task-management.spec.ts:278:3 › Task Completion Operations › should unmark task as complete 

    Error: browserType.launch: Chromium distribution 'msedge' is not found at /Applications/Microsoft Edge.app/Contents/MacOS/Microsoft Edge
    Run "npx playwright install msedge"
]]>
</failure>
</testcase>
<testcase name="Task Completion Operations › should update completion statistics" classname="task-management.spec.ts" time="0.001">
<failure message="task-management.spec.ts:288:3 should update completion statistics" type="FAILURE">
<![CDATA[  [Microsoft Edge] › task-management.spec.ts:288:3 › Task Completion Operations › should update completion statistics 

    Error: browserType.launch: Chromium distribution 'msedge' is not found at /Applications/Microsoft Edge.app/Contents/MacOS/Microsoft Edge
    Run "npx playwright install msedge"
]]>
</failure>
</testcase>
<testcase name="Task Completion Operations › should show completed date" classname="task-management.spec.ts" time="0.001">
<failure message="task-management.spec.ts:299:3 should show completed date" type="FAILURE">
<![CDATA[  [Microsoft Edge] › task-management.spec.ts:299:3 › Task Completion Operations › should show completed date 

    Error: browserType.launch: Chromium distribution 'msedge' is not found at /Applications/Microsoft Edge.app/Contents/MacOS/Microsoft Edge
    Run "npx playwright install msedge"
]]>
</failure>
</testcase>
<testcase name="Task Completion Operations › should update progress bars on completion" classname="task-management.spec.ts" time="0.001">
<failure message="task-management.spec.ts:306:3 should update progress bars on completion" type="FAILURE">
<![CDATA[  [Microsoft Edge] › task-management.spec.ts:306:3 › Task Completion Operations › should update progress bars on completion 

    Error: browserType.launch: Chromium distribution 'msedge' is not found at /Applications/Microsoft Edge.app/Contents/MacOS/Microsoft Edge
    Run "npx playwright install msedge"
]]>
</failure>
</testcase>
<testcase name="Task Deletion Operations › should show delete button on task" classname="task-management.spec.ts" time="0.001">
<failure message="task-management.spec.ts:323:3 should show delete button on task" type="FAILURE">
<![CDATA[  [Microsoft Edge] › task-management.spec.ts:323:3 › Task Deletion Operations › should show delete button on task 

    Error: browserType.launch: Chromium distribution 'msedge' is not found at /Applications/Microsoft Edge.app/Contents/MacOS/Microsoft Edge
    Run "npx playwright install msedge"
]]>
</failure>
</testcase>
<testcase name="Task Deletion Operations › should show delete confirmation dialog" classname="task-management.spec.ts" time="0.001">
<failure message="task-management.spec.ts:334:3 should show delete confirmation dialog" type="FAILURE">
<![CDATA[  [Microsoft Edge] › task-management.spec.ts:334:3 › Task Deletion Operations › should show delete confirmation dialog 

    Error: browserType.launch: Chromium distribution 'msedge' is not found at /Applications/Microsoft Edge.app/Contents/MacOS/Microsoft Edge
    Run "npx playwright install msedge"
]]>
</failure>
</testcase>
<testcase name="Task Deletion Operations › should delete task on confirmation" classname="task-management.spec.ts" time="0.001">
<failure message="task-management.spec.ts:346:3 should delete task on confirmation" type="FAILURE">
<![CDATA[  [Microsoft Edge] › task-management.spec.ts:346:3 › Task Deletion Operations › should delete task on confirmation 

    Error: browserType.launch: Chromium distribution 'msedge' is not found at /Applications/Microsoft Edge.app/Contents/MacOS/Microsoft Edge
    Run "npx playwright install msedge"
]]>
</failure>
</testcase>
<testcase name="Task Deletion Operations › should cancel task deletion" classname="task-management.spec.ts" time="0.001">
<failure message="task-management.spec.ts:358:3 should cancel task deletion" type="FAILURE">
<![CDATA[  [Microsoft Edge] › task-management.spec.ts:358:3 › Task Deletion Operations › should cancel task deletion 

    Error: browserType.launch: Chromium distribution 'msedge' is not found at /Applications/Microsoft Edge.app/Contents/MacOS/Microsoft Edge
    Run "npx playwright install msedge"
]]>
</failure>
</testcase>
<testcase name="Task Deletion Operations › should show delete animation" classname="task-management.spec.ts" time="0.001">
<failure message="task-management.spec.ts:370:3 should show delete animation" type="FAILURE">
<![CDATA[  [Microsoft Edge] › task-management.spec.ts:370:3 › Task Deletion Operations › should show delete animation 

    Error: browserType.launch: Chromium distribution 'msedge' is not found at /Applications/Microsoft Edge.app/Contents/MacOS/Microsoft Edge
    Run "npx playwright install msedge"
]]>
</failure>
</testcase>
<testcase name="Task Deletion Operations › should update statistics after deletion" classname="task-management.spec.ts" time="0.001">
<failure message="task-management.spec.ts:378:3 should update statistics after deletion" type="FAILURE">
<![CDATA[  [Microsoft Edge] › task-management.spec.ts:378:3 › Task Deletion Operations › should update statistics after deletion 

    Error: browserType.launch: Chromium distribution 'msedge' is not found at /Applications/Microsoft Edge.app/Contents/MacOS/Microsoft Edge
    Run "npx playwright install msedge"
]]>
</failure>
</testcase>
<testcase name="Task Deletion Operations › should support bulk delete" classname="task-management.spec.ts" time="0.001">
<failure message="task-management.spec.ts:384:3 should support bulk delete" type="FAILURE">
<![CDATA[  [Microsoft Edge] › task-management.spec.ts:384:3 › Task Deletion Operations › should support bulk delete 

    Error: browserType.launch: Chromium distribution 'msedge' is not found at /Applications/Microsoft Edge.app/Contents/MacOS/Microsoft Edge
    Run "npx playwright install msedge"
]]>
</failure>
</testcase>
<testcase name="Task Search and Filter Operations › should show search bar" classname="task-management.spec.ts" time="0.001">
<failure message="task-management.spec.ts:404:3 should show search bar" type="FAILURE">
<![CDATA[  [Microsoft Edge] › task-management.spec.ts:404:3 › Task Search and Filter Operations › should show search bar 

    Error: browserType.launch: Chromium distribution 'msedge' is not found at /Applications/Microsoft Edge.app/Contents/MacOS/Microsoft Edge
    Run "npx playwright install msedge"
]]>
</failure>
</testcase>
<testcase name="Task Search and Filter Operations › should search tasks by title" classname="task-management.spec.ts" time="0.001">
<failure message="task-management.spec.ts:410:3 should search tasks by title" type="FAILURE">
<![CDATA[  [Microsoft Edge] › task-management.spec.ts:410:3 › Task Search and Filter Operations › should search tasks by title 

    Error: browserType.launch: Chromium distribution 'msedge' is not found at /Applications/Microsoft Edge.app/Contents/MacOS/Microsoft Edge
    Run "npx playwright install msedge"
]]>
</failure>
</testcase>
<testcase name="Task Search and Filter Operations › should search tasks by description" classname="task-management.spec.ts" time="0.001">
<failure message="task-management.spec.ts:420:3 should search tasks by description" type="FAILURE">
<![CDATA[  [Microsoft Edge] › task-management.spec.ts:420:3 › Task Search and Filter Operations › should search tasks by description 

    Error: browserType.launch: Chromium distribution 'msedge' is not found at /Applications/Microsoft Edge.app/Contents/MacOS/Microsoft Edge
    Run "npx playwright install msedge"
]]>
</failure>
</testcase>
<testcase name="Task Search and Filter Operations › should show &quot;no results&quot; message" classname="task-management.spec.ts" time="0.001">
<failure message="task-management.spec.ts:428:3 should show &quot;no results&quot; message" type="FAILURE">
<![CDATA[  [Microsoft Edge] › task-management.spec.ts:428:3 › Task Search and Filter Operations › should show "no results" message 

    Error: browserType.launch: Chromium distribution 'msedge' is not found at /Applications/Microsoft Edge.app/Contents/MacOS/Microsoft Edge
    Run "npx playwright install msedge"
]]>
</failure>
</testcase>
<testcase name="Task Search and Filter Operations › should clear search" classname="task-management.spec.ts" time="0.001">
<failure message="task-management.spec.ts:435:3 should clear search" type="FAILURE">
<![CDATA[  [Microsoft Edge] › task-management.spec.ts:435:3 › Task Search and Filter Operations › should clear search 

    Error: browserType.launch: Chromium distribution 'msedge' is not found at /Applications/Microsoft Edge.app/Contents/MacOS/Microsoft Edge
    Run "npx playwright install msedge"
]]>
</failure>
</testcase>
<testcase name="Task Search and Filter Operations › should filter by priority" classname="task-management.spec.ts" time="0.001">
<failure message="task-management.spec.ts:446:3 should filter by priority" type="FAILURE">
<![CDATA[  [Microsoft Edge] › task-management.spec.ts:446:3 › Task Search and Filter Operations › should filter by priority 

    Error: browserType.launch: Chromium distribution 'msedge' is not found at /Applications/Microsoft Edge.app/Contents/MacOS/Microsoft Edge
    Run "npx playwright install msedge"
]]>
</failure>
</testcase>
<testcase name="Task Search and Filter Operations › should filter by assignee" classname="task-management.spec.ts" time="0.001">
<failure message="task-management.spec.ts:456:3 should filter by assignee" type="FAILURE">
<![CDATA[  [Microsoft Edge] › task-management.spec.ts:456:3 › Task Search and Filter Operations › should filter by assignee 

    Error: browserType.launch: Chromium distribution 'msedge' is not found at /Applications/Microsoft Edge.app/Contents/MacOS/Microsoft Edge
    Run "npx playwright install msedge"
]]>
</failure>
</testcase>
<testcase name="Task Search and Filter Operations › should filter by due date" classname="task-management.spec.ts" time="0.001">
<failure message="task-management.spec.ts:463:3 should filter by due date" type="FAILURE">
<![CDATA[  [Microsoft Edge] › task-management.spec.ts:463:3 › Task Search and Filter Operations › should filter by due date 

    Error: browserType.launch: Chromium distribution 'msedge' is not found at /Applications/Microsoft Edge.app/Contents/MacOS/Microsoft Edge
    Run "npx playwright install msedge"
]]>
</failure>
</testcase>
<testcase name="Task Search and Filter Operations › should combine multiple filters" classname="task-management.spec.ts" time="0.001">
<failure message="task-management.spec.ts:475:3 should combine multiple filters" type="FAILURE">
<![CDATA[  [Microsoft Edge] › task-management.spec.ts:475:3 › Task Search and Filter Operations › should combine multiple filters 

    Error: browserType.launch: Chromium distribution 'msedge' is not found at /Applications/Microsoft Edge.app/Contents/MacOS/Microsoft Edge
    Run "npx playwright install msedge"
]]>
</failure>
</testcase>
<testcase name="Task Search and Filter Operations › should show filter count" classname="task-management.spec.ts" time="0.001">
<failure message="task-management.spec.ts:484:3 should show filter count" type="FAILURE">
<![CDATA[  [Microsoft Edge] › task-management.spec.ts:484:3 › Task Search and Filter Operations › should show filter count 

    Error: browserType.launch: Chromium distribution 'msedge' is not found at /Applications/Microsoft Edge.app/Contents/MacOS/Microsoft Edge
    Run "npx playwright install msedge"
]]>
</failure>
</testcase>
<testcase name="Task Search and Filter Operations › should persist filters" classname="task-management.spec.ts" time="0.001">
<failure message="task-management.spec.ts:490:3 should persist filters" type="FAILURE">
<![CDATA[  [Microsoft Edge] › task-management.spec.ts:490:3 › Task Search and Filter Operations › should persist filters 

    Error: browserType.launch: Chromium distribution 'msedge' is not found at /Applications/Microsoft Edge.app/Contents/MacOS/Microsoft Edge
    Run "npx playwright install msedge"
]]>
</failure>
</testcase>
<testcase name="Task Interactions › should show task menu on hover" classname="task-management.spec.ts" time="0.001">
<failure message="task-management.spec.ts:510:3 should show task menu on hover" type="FAILURE">
<![CDATA[  [Microsoft Edge] › task-management.spec.ts:510:3 › Task Interactions › should show task menu on hover 

    Error: browserType.launch: Chromium distribution 'msedge' is not found at /Applications/Microsoft Edge.app/Contents/MacOS/Microsoft Edge
    Run "npx playwright install msedge"
]]>
</failure>
</testcase>
<testcase name="Task Interactions › should display task statistics" classname="task-management.spec.ts" time="0.001">
<failure message="task-management.spec.ts:529:3 should display task statistics" type="FAILURE">
<![CDATA[  [Microsoft Edge] › task-management.spec.ts:529:3 › Task Interactions › should display task statistics 

    Error: browserType.launch: Chromium distribution 'msedge' is not found at /Applications/Microsoft Edge.app/Contents/MacOS/Microsoft Edge
    Run "npx playwright install msedge"
]]>
</failure>
</testcase>
<testcase name="Task Interactions › should show productivity metrics" classname="task-management.spec.ts" time="0.001">
<failure message="task-management.spec.ts:538:3 should show productivity metrics" type="FAILURE">
<![CDATA[  [Microsoft Edge] › task-management.spec.ts:538:3 › Task Interactions › should show productivity metrics 

    Error: browserType.launch: Chromium distribution 'msedge' is not found at /Applications/Microsoft Edge.app/Contents/MacOS/Microsoft Edge
    Run "npx playwright install msedge"
]]>
</failure>
</testcase>
<testcase name="Error Handling - Tasks › should handle empty task list gracefully" classname="task-management.spec.ts" time="0.001">
<failure message="task-management.spec.ts:548:3 should handle empty task list gracefully" type="FAILURE">
<![CDATA[  [Microsoft Edge] › task-management.spec.ts:548:3 › Error Handling - Tasks › should handle empty task list gracefully 

    Error: browserType.launch: Chromium distribution 'msedge' is not found at /Applications/Microsoft Edge.app/Contents/MacOS/Microsoft Edge
    Run "npx playwright install msedge"
]]>
</failure>
</testcase>
<testcase name="Error Handling - Tasks › should handle missing task data" classname="task-management.spec.ts" time="0.001">
<failure message="task-management.spec.ts:557:3 should handle missing task data" type="FAILURE">
<![CDATA[  [Microsoft Edge] › task-management.spec.ts:557:3 › Error Handling - Tasks › should handle missing task data 

    Error: browserType.launch: Chromium distribution 'msedge' is not found at /Applications/Microsoft Edge.app/Contents/MacOS/Microsoft Edge
    Run "npx playwright install msedge"
]]>
</failure>
</testcase>
</testsuite>
<testsuite name="accessibility.spec.ts" timestamp="2026-01-23T13:20:25.002Z" hostname="Google Chrome" tests="13" failures="1" skipped="0" time="21.216" errors="0">
<testcase name="Accessibility Tests › Dashboard should not have accessibility violations" classname="accessibility.spec.ts" time="2.865">
</testcase>
<testcase name="Accessibility Tests › should have proper heading hierarchy" classname="accessibility.spec.ts" time="2.806">
</testcase>
<testcase name="Accessibility Tests › should have proper ARIA labels" classname="accessibility.spec.ts" time="2.47">
</testcase>
<testcase name="Accessibility Tests › should have proper role attributes" classname="accessibility.spec.ts" time="1.425">
</testcase>
<testcase name="Accessibility Tests › should be keyboard navigable" classname="accessibility.spec.ts" time="1.506">
</testcase>
<testcase name="Accessibility Tests › should support screen readers with alt text" classname="accessibility.spec.ts" time="2.286">
</testcase>
<testcase name="Accessibility Tests › should have proper form labels" classname="accessibility.spec.ts" time="0.686">
</testcase>
<testcase name="Accessibility Tests › should have proper button labels" classname="accessibility.spec.ts" time="1.289">
</testcase>
<testcase name="Accessibility Tests › should have proper color contrast" classname="accessibility.spec.ts" time="1.409">
</testcase>
<testcase name="Accessibility Tests › should support dark mode" classname="accessibility.spec.ts" time="1.115">
</testcase>
<testcase name="Accessibility Tests › Analytics Dashboard should not have accessibility violations" classname="accessibility.spec.ts" time="2.182">
<failure message="accessibility.spec.ts:179:3 Analytics Dashboard should not have accessibility violations" type="FAILURE">
<![CDATA[  [Google Chrome] › accessibility.spec.ts:179:3 › Accessibility Tests › Analytics Dashboard should not have accessibility violations 

    Error: expect(received).toEqual(expected) // deep equality

    - Expected  -   1
    + Received  + 378

    - Array []
    + Array [
    +   Object {
    +     "description": "Ensure every form element has a label",
    +     "help": "Form elements must have labels",
    +     "helpUrl": "https://dequeuniversity.com/rules/axe/4.11/label?application=playwright",
    +     "id": "label",
    +     "impact": "critical",
    +     "nodes": Array [
    +       Object {
    +         "all": Array [],
    +         "any": Array [
    +           Object {
    +             "data": null,
    +             "id": "implicit-label",
    +             "impact": "critical",
    +             "message": "Element does not have an implicit (wrapped) <label>",
    +             "relatedNodes": Array [],
    +           },
    +           Object {
    +             "data": null,
    +             "id": "explicit-label",
    +             "impact": "critical",
    +             "message": "Element does not have an explicit <label>",
    +             "relatedNodes": Array [],
    +           },
    +           Object {
    +             "data": null,
    +             "id": "aria-label",
    +             "impact": "critical",
    +             "message": "aria-label attribute does not exist or is empty",
    +             "relatedNodes": Array [],
    +           },
    +           Object {
    +             "data": null,
    +             "id": "aria-labelledby",
    +             "impact": "critical",
    +             "message": "aria-labelledby attribute does not exist, references elements that do not exist or references elements that are empty",
    +             "relatedNodes": Array [],
    +           },
    +           Object {
    +             "data": Object {
    +               "messageKey": "noAttr",
    +             },
    +             "id": "non-empty-title",
    +             "impact": "critical",
    +             "message": "Element has no title attribute",
    +             "relatedNodes": Array [],
    +           },
    +           Object {
    +             "data": Object {
    +               "messageKey": "noAttr",
    +             },
    +             "id": "non-empty-placeholder",
    +             "impact": "critical",
    +             "message": "Element has no placeholder attribute",
    +             "relatedNodes": Array [],
    +           },
    +           Object {
    +             "data": null,
    +             "id": "presentational-role",
    +             "impact": "critical",
    +             "message": "Element's default semantics were not overridden with role=\"none\" or role=\"presentation\"",
    +             "relatedNodes": Array [],
    +           },
    +         ],
    +         "failureSummary": "Fix any of the following:
    +   Element does not have an implicit (wrapped) <label>
    +   Element does not have an explicit <label>
    +   aria-label attribute does not exist or is empty
    +   aria-labelledby attribute does not exist, references elements that do not exist or references elements that are empty
    +   Element has no title attribute
    +   Element has no placeholder attribute
    +   Element's default semantics were not overridden with role=\"none\" or role=\"presentation\"",
    +         "html": "<input type=\"date\" class=\"w-full px-3 py-2 text-sm border border-gray-300 dark:border-gray-600 bg-white dark:bg-gray-700 text-gray-900 dark:text-white rounded-lg focus:ring-2 focus:ring-blue-500 focus:border-transparent\" value=\"2025-12-23\">",
    +         "impact": "critical",
    +         "none": Array [],
    +         "target": Array [
    +           "input[value=\"2025-12-23\"]",
    +         ],
    +       },
    +       Object {
    +         "all": Array [],
    +         "any": Array [
    +           Object {
    +             "data": null,
    +             "id": "implicit-label",
    +             "impact": "critical",
    +             "message": "Element does not have an implicit (wrapped) <label>",
    +             "relatedNodes": Array [],
    +           },
    +           Object {
    +             "data": null,
    +             "id": "explicit-label",
    +             "impact": "critical",
    +             "message": "Element does not have an explicit <label>",
    +             "relatedNodes": Array [],
    +           },
    +           Object {
    +             "data": null,
    +             "id": "aria-label",
    +             "impact": "critical",
    +             "message": "aria-label attribute does not exist or is empty",
    +             "relatedNodes": Array [],
    +           },
    +           Object {
    +             "data": null,
    +             "id": "aria-labelledby",
    +             "impact": "critical",
    +             "message": "aria-labelledby attribute does not exist, references elements that do not exist or references elements that are empty",
    +             "relatedNodes": Array [],
    +           },
    +           Object {
    +             "data": Object {
    +               "messageKey": "noAttr",
    +             },
    +             "id": "non-empty-title",
    +             "impact": "critical",
    +             "message": "Element has no title attribute",
    +             "relatedNodes": Array [],
    +           },
    +           Object {
    +             "data": Object {
    +               "messageKey": "noAttr",
    +             },
    +             "id": "non-empty-placeholder",
    +             "impact": "critical",
    +             "message": "Element has no placeholder attribute",
    +             "relatedNodes": Array [],
    +           },
    +           Object {
    +             "data": null,
    +             "id": "presentational-role",
    +             "impact": "critical",
    +             "message": "Element's default semantics were not overridden with role=\"none\" or role=\"presentation\"",
    +             "relatedNodes": Array [],
    +           },
    +         ],
    +         "failureSummary": "Fix any of the following:
    +   Element does not have an implicit (wrapped) <label>
    +   Element does not have an explicit <label>
    +   aria-label attribute does not exist or is empty
    +   aria-labelledby attribute does not exist, references elements that do not exist or references elements that are empty
    +   Element has no title attribute
    +   Element has no placeholder attribute
    +   Element's default semantics were not overridden with role=\"none\" or role=\"presentation\"",
    +         "html": "<input type=\"date\" class=\"w-full px-3 py-2 text-sm border border-gray-300 dark:border-gray-600 bg-white dark:bg-gray-700 text-gray-900 dark:text-white rounded-lg focus:ring-2 focus:ring-blue-500 focus:border-transparent\" value=\"2026-01-23\">",
    +         "impact": "critical",
    +         "none": Array [],
    +         "target": Array [
    +           "input[value=\"2026-01-23\"]",
    +         ],
    +       },
    +     ],
    +     "tags": Array [
    +       "cat.forms",
    +       "wcag2a",
    +       "wcag412",
    +       "section508",
    +       "section508.22.n",
    +       "TTv5",
    +       "TT5.c",
    +       "EN-301-549",
    +       "EN-9.4.1.2",
    +       "ACT",
    +       "RGAAv4",
    +       "RGAA-11.1.1",
    +     ],
    +   },
    +   Object {
    +     "description": "Ensure select element has an accessible name",
    +     "help": "Select element must have an accessible name",
    +     "helpUrl": "https://dequeuniversity.com/rules/axe/4.11/select-name?application=playwright",
    +     "id": "select-name",
    +     "impact": "critical",
    +     "nodes": Array [
    +       Object {
    +         "all": Array [],
    +         "any": Array [
    +           Object {
    +             "data": null,
    +             "id": "implicit-label",
    +             "impact": "critical",
    +             "message": "Element does not have an implicit (wrapped) <label>",
    +             "relatedNodes": Array [],
    +           },
    +           Object {
    +             "data": null,
    +             "id": "explicit-label",
    +             "impact": "critical",
    +             "message": "Element does not have an explicit <label>",
    +             "relatedNodes": Array [],
    +           },
    +           Object {
    +             "data": null,
    +             "id": "aria-label",
    +             "impact": "critical",
    +             "message": "aria-label attribute does not exist or is empty",
    +             "relatedNodes": Array [],
    +           },
    +           Object {
    +             "data": null,
    +             "id": "aria-labelledby",
    +             "impact": "critical",
    +             "message": "aria-labelledby attribute does not exist, references elements that do not exist or references elements that are empty",
    +             "relatedNodes": Array [],
    +           },
    +           Object {
    +             "data": Object {
    +               "messageKey": "noAttr",
    +             },
    +             "id": "non-empty-title",
    +             "impact": "critical",
    +             "message": "Element has no title attribute",
    +             "relatedNodes": Array [],
    +           },
    +           Object {
    +             "data": null,
    +             "id": "presentational-role",
    +             "impact": "critical",
    +             "message": "Element's default semantics were not overridden with role=\"none\" or role=\"presentation\"",
    +             "relatedNodes": Array [],
    +           },
    +         ],
    +         "failureSummary": "Fix any of the following:
    +   Element does not have an implicit (wrapped) <label>
    +   Element does not have an explicit <label>
    +   aria-label attribute does not exist or is empty
    +   aria-labelledby attribute does not exist, references elements that do not exist or references elements that are empty
    +   Element has no title attribute
    +   Element's default semantics were not overridden with role=\"none\" or role=\"presentation\"",
    +         "html": "<select class=\"w-full px-3 py-2 text-sm border border-gray-300 dark:border-gray-600 bg-white dark:bg-gray-700 text-gray-900 dark:text-white rounded-lg focus:ring-2 focus:ring-blue-500 focus:border-transparent\">",
    +         "impact": "critical",
    +         "none": Array [],
    +         "target": Array [
    +           "div:nth-child(2) > select",
    +         ],
    +       },
    +       Object {
    +         "all": Array [],
    +         "any": Array [
    +           Object {
    +             "data": null,
    +             "id": "implicit-label",
    +             "impact": "critical",
    +             "message": "Element does not have an implicit (wrapped) <label>",
    +             "relatedNodes": Array [],
    +           },
    +           Object {
    +             "data": null,
    +             "id": "explicit-label",
    +             "impact": "critical",
    +             "message": "Element does not have an explicit <label>",
    +             "relatedNodes": Array [],
    +           },
    +           Object {
    +             "data": null,
    +             "id": "aria-label",
    +             "impact": "critical",
    +             "message": "aria-label attribute does not exist or is empty",
    +             "relatedNodes": Array [],
    +           },
    +           Object {
    +             "data": null,
    +             "id": "aria-labelledby",
    +             "impact": "critical",
    +             "message": "aria-labelledby attribute does not exist, references elements that do not exist or references elements that are empty",
    +             "relatedNodes": Array [],
    +           },
    +           Object {
    +             "data": Object {
    +               "messageKey": "noAttr",
    +             },
    +             "id": "non-empty-title",
    +             "impact": "critical",
    +             "message": "Element has no title attribute",
    +             "relatedNodes": Array [],
    +           },
    +           Object {
    +             "data": null,
    +             "id": "presentational-role",
    +             "impact": "critical",
    +             "message": "Element's default semantics were not overridden with role=\"none\" or role=\"presentation\"",
    +             "relatedNodes": Array [],
    +           },
    +         ],
    +         "failureSummary": "Fix any of the following:
    +   Element does not have an implicit (wrapped) <label>
    +   Element does not have an explicit <label>
    +   aria-label attribute does not exist or is empty
    +   aria-labelledby attribute does not exist, references elements that do not exist or references elements that are empty
    +   Element has no title attribute
    +   Element's default semantics were not overridden with role=\"none\" or role=\"presentation\"",
    +         "html": "<select class=\"w-full px-3 py-2 text-sm border border-gray-300 dark:border-gray-600 bg-white dark:bg-gray-700 text-gray-900 dark:text-white rounded-lg focus:ring-2 focus:ring-blue-500 focus:border-transparent\">",
    +         "impact": "critical",
    +         "none": Array [],
    +         "target": Array [
    +           "div:nth-child(3) > select",
    +         ],
    +       },
    +       Object {
    +         "all": Array [],
    +         "any": Array [
    +           Object {
    +             "data": null,
    +             "id": "implicit-label",
    +             "impact": "critical",
    +             "message": "Element does not have an implicit (wrapped) <label>",
    +             "relatedNodes": Array [],
    +           },
    +           Object {
    +             "data": null,
    +             "id": "explicit-label",
    +             "impact": "critical",
    +             "message": "Element does not have an explicit <label>",
    +             "relatedNodes": Array [],
    +           },
    +           Object {
    +             "data": null,
    +             "id": "aria-label",
    +             "impact": "critical",
    +             "message": "aria-label attribute does not exist or is empty",
    +             "relatedNodes": Array [],
    +           },
    +           Object {
    +             "data": null,
    +             "id": "aria-labelledby",
    +             "impact": "critical",
    +             "message": "aria-labelledby attribute does not exist, references elements that do not exist or references elements that are empty",
    +             "relatedNodes": Array [],
    +           },
    +           Object {
    +             "data": Object {
    +               "messageKey": "noAttr",
    +             },
    +             "id": "non-empty-title",
    +             "impact": "critical",
    +             "message": "Element has no title attribute",
    +             "relatedNodes": Array [],
    +           },
    +           Object {
    +             "data": null,
    +             "id": "presentational-role",
    +             "impact": "critical",
    +             "message": "Element's default semantics were not overridden with role=\"none\" or role=\"presentation\"",
    +             "relatedNodes": Array [],
    +           },
    +         ],
    +         "failureSummary": "Fix any of the following:
    +   Element does not have an implicit (wrapped) <label>
    +   Element does not have an explicit <label>
    +   aria-label attribute does not exist or is empty
    +   aria-labelledby attribute does not exist, references elements that do not exist or references elements that are empty
    +   Element has no title attribute
    +   Element's default semantics were not overridden with role=\"none\" or role=\"presentation\"",
    +         "html": "<select class=\"w-full px-3 py-2 text-sm border border-gray-300 dark:border-gray-600 bg-white dark:bg-gray-700 text-gray-900 dark:text-white rounded-lg focus:ring-2 focus:ring-blue-500 focus:border-transparent\">",
    +         "impact": "critical",
    +         "none": Array [],
    +         "target": Array [
    +           "div:nth-child(4) > select",
    +         ],
    +       },
    +     ],
    +     "tags": Array [
    +       "cat.forms",
    +       "wcag2a",
    +       "wcag412",
    +       "section508",
    +       "section508.22.n",
    +       "TTv5",
    +       "TT5.c",
    +       "EN-301-549",
    +       "EN-9.4.1.2",
    +       "ACT",
    +       "RGAAv4",
    +       "RGAA-11.1.1",
    +     ],
    +   },
    + ]

      200 |     )
      201 |     
    > 202 |     expect(criticalViolations).toEqual([])
          |                                ^
      203 |   })
      204 | })
      205 |
        at /Users/dsahanovici/CURSOR_AI_DEMO/qa-automation/tests/e2e/frontend/accessibility.spec.ts:202:32

    attachment #1: screenshot (image/png) ──────────────────────────────────────────────────────────
    ../../../../test-results/accessibility-Accessibilit-9f473-ve-accessibility-violations-Google-Chrome/test-failed-1.png
    ────────────────────────────────────────────────────────────────────────────────────────────────

    attachment #2: video (video/webm) ──────────────────────────────────────────────────────────────
    ../../../../test-results/accessibility-Accessibilit-9f473-ve-accessibility-violations-Google-Chrome/video-1.webm
    ────────────────────────────────────────────────────────────────────────────────────────────────

    attachment #3: video (video/webm) ──────────────────────────────────────────────────────────────
    ../../../../test-results/accessibility-Accessibilit-9f473-ve-accessibility-violations-Google-Chrome/video.webm
    ────────────────────────────────────────────────────────────────────────────────────────────────

    Error Context: ../../../../test-results/accessibility-Accessibilit-9f473-ve-accessibility-violations-Google-Chrome/error-context.md
]]>
</failure>
<system-out>
<![CDATA[
[[ATTACHMENT|accessibility-Accessibilit-9f473-ve-accessibility-violations-Google-Chrome/test-failed-1.png]]

[[ATTACHMENT|accessibility-Accessibilit-9f473-ve-accessibility-violations-Google-Chrome/video-1.webm]]

[[ATTACHMENT|accessibility-Accessibilit-9f473-ve-accessibility-violations-Google-Chrome/video.webm]]

[[ATTACHMENT|accessibility-Accessibilit-9f473-ve-accessibility-violations-Google-Chrome/error-context.md]]
]]>
</system-out>
</testcase>
<testcase name="Accessibility - Navigation › sidebar should be accessible" classname="accessibility.spec.ts" time="0.546">
</testcase>
<testcase name="Accessibility - Navigation › should have skip to main content link" classname="accessibility.spec.ts" time="0.631">
</testcase>
</testsuite>
<testsuite name="auth.spec.ts" timestamp="2026-01-23T13:20:25.002Z" hostname="Google Chrome" tests="28" failures="2" skipped="0" time="29.261" errors="0">
<testcase name="Authentication Tests - User Registration › should display registration form" classname="auth.spec.ts" time="1.738">
</testcase>
<testcase name="Authentication Tests - User Registration › should validate registration form fields" classname="auth.spec.ts" time="0.624">
</testcase>
<testcase name="Authentication Tests - User Registration › should register new user with valid data" classname="auth.spec.ts" time="1.649">
</testcase>
<testcase name="Authentication Tests - User Registration › should show error for duplicate email" classname="auth.spec.ts" time="0.847">
</testcase>
<testcase name="Authentication Tests - User Registration › should require strong password" classname="auth.spec.ts" time="1.11">
</testcase>
<testcase name="Authentication Tests - User Registration › should validate email format" classname="auth.spec.ts" time="1.15">
</testcase>
<testcase name="Authentication Tests - Login › should display login state" classname="auth.spec.ts" time="1.117">
</testcase>
<testcase name="Authentication Tests - Login › should login with valid credentials" classname="auth.spec.ts" time="0.832">
</testcase>
<testcase name="Authentication Tests - Login › should reject login with invalid email" classname="auth.spec.ts" time="0.928">
</testcase>
<testcase name="Authentication Tests - Login › should reject login with incorrect password" classname="auth.spec.ts" time="1.005">
</testcase>
<testcase name="Authentication Tests - Login › should reject login with non-existent user" classname="auth.spec.ts" time="0.917">
</testcase>
<testcase name="Authentication Tests - Login › should show password visibility toggle" classname="auth.spec.ts" time="0.955">
</testcase>
<testcase name="Authentication Tests - Login › should handle case-sensitive passwords" classname="auth.spec.ts" time="0.941">
</testcase>
<testcase name="Authentication Tests - Login › should show loading state during login" classname="auth.spec.ts" time="0.793">
</testcase>
<testcase name="Authentication Tests - Login › should show user information" classname="auth.spec.ts" time="0.78">
</testcase>
<testcase name="Authentication Tests - Login › should navigate to profile settings" classname="auth.spec.ts" time="0.644">
</testcase>
<testcase name="Authentication Tests - Login › should logout successfully" classname="auth.spec.ts" time="0.666">
</testcase>
<testcase name="Authentication Tests - Login › should show logout button in mobile menu" classname="auth.spec.ts" time="1.422">
</testcase>
<testcase name="Authentication Tests - Session Persistence › should persist session after page reload" classname="auth.spec.ts" time="2.494">
<failure message="auth.spec.ts:212:3 should persist session after page reload" type="FAILURE">
<![CDATA[  [Google Chrome] › auth.spec.ts:212:3 › Authentication Tests - Session Persistence › should persist session after page reload 

    Error: expect(received).toBeTruthy()

    Received: false

      229 |     // On mobile, user menu might be in different location
      230 |     const userMenuExists = await page.locator('[aria-label="User menu"]').count() > 0
    > 231 |     expect(userMenuExists).toBeTruthy()
          |                            ^
      232 |   })
      233 |
      234 |   test('should persist session in localStorage', async ({ page }) => {
        at /Users/dsahanovici/CURSOR_AI_DEMO/qa-automation/tests/e2e/frontend/auth.spec.ts:231:28

    attachment #1: screenshot (image/png) ──────────────────────────────────────────────────────────
    ../../../../test-results/auth-Authentication-Tests--e6fb9-t-session-after-page-reload-Google-Chrome/test-failed-1.png
    ────────────────────────────────────────────────────────────────────────────────────────────────

    attachment #2: video (video/webm) ──────────────────────────────────────────────────────────────
    ../../../../test-results/auth-Authentication-Tests--e6fb9-t-session-after-page-reload-Google-Chrome/video.webm
    ────────────────────────────────────────────────────────────────────────────────────────────────

    Error Context: ../../../../test-results/auth-Authentication-Tests--e6fb9-t-session-after-page-reload-Google-Chrome/error-context.md
]]>
</failure>
<system-out>
<![CDATA[
[[ATTACHMENT|auth-Authentication-Tests--e6fb9-t-session-after-page-reload-Google-Chrome/test-failed-1.png]]

[[ATTACHMENT|auth-Authentication-Tests--e6fb9-t-session-after-page-reload-Google-Chrome/video.webm]]

[[ATTACHMENT|auth-Authentication-Tests--e6fb9-t-session-after-page-reload-Google-Chrome/error-context.md]]
]]>
</system-out>
</testcase>
<testcase name="Authentication Tests - Session Persistence › should persist session in localStorage" classname="auth.spec.ts" time="0.621">
</testcase>
<testcase name="Authentication Tests - Session Persistence › should maintain session across tabs" classname="auth.spec.ts" time="1.029">
</testcase>
<testcase name="Authentication Tests - Session Persistence › should clear session on logout" classname="auth.spec.ts" time="1.384">
</testcase>
<testcase name="Authentication Tests - Session Persistence › should handle session expiration" classname="auth.spec.ts" time="0.682">
</testcase>
<testcase name="Authentication Tests - Session Persistence › should refresh session on activity" classname="auth.spec.ts" time="1.466">
<failure message="auth.spec.ts:298:3 should refresh session on activity" type="FAILURE">
<![CDATA[  [Google Chrome] › auth.spec.ts:298:3 › Authentication Tests - Session Persistence › should refresh session on activity 

    Error: expect(received).toBeTruthy()

    Received: false

      315 |     // Session should still be active
      316 |     const profileDropdownExists = await page.locator('[aria-label="User menu"]').count() > 0
    > 317 |     expect(profileDropdownExists).toBeTruthy()
          |                                   ^
      318 |   })
      319 |
      320 |   test('should remember "Remember Me" preference', async ({ page }) => {
        at /Users/dsahanovici/CURSOR_AI_DEMO/qa-automation/tests/e2e/frontend/auth.spec.ts:317:35

    attachment #1: screenshot (image/png) ──────────────────────────────────────────────────────────
    ../../../../test-results/auth-Authentication-Tests--e7c48-refresh-session-on-activity-Google-Chrome/test-failed-1.png
    ────────────────────────────────────────────────────────────────────────────────────────────────

    attachment #2: video (video/webm) ──────────────────────────────────────────────────────────────
    ../../../../test-results/auth-Authentication-Tests--e7c48-refresh-session-on-activity-Google-Chrome/video.webm
    ────────────────────────────────────────────────────────────────────────────────────────────────

    Error Context: ../../../../test-results/auth-Authentication-Tests--e7c48-refresh-session-on-activity-Google-Chrome/error-context.md
]]>
</failure>
<system-out>
<![CDATA[
[[ATTACHMENT|auth-Authentication-Tests--e7c48-refresh-session-on-activity-Google-Chrome/test-failed-1.png]]

[[ATTACHMENT|auth-Authentication-Tests--e7c48-refresh-session-on-activity-Google-Chrome/video.webm]]

[[ATTACHMENT|auth-Authentication-Tests--e7c48-refresh-session-on-activity-Google-Chrome/error-context.md]]
]]>
</system-out>
</testcase>
<testcase name="Authentication Tests - Session Persistence › should remember &quot;Remember Me&quot; preference" classname="auth.spec.ts" time="0.54">
</testcase>
<testcase name="Authentication Tests - Session Persistence › should handle concurrent sessions" classname="auth.spec.ts" time="0.89">
</testcase>
<testcase name="Authentication Tests - Session Persistence › should restore user preferences from session" classname="auth.spec.ts" time="1.479">
</testcase>
<testcase name="Error Handling - Authentication › should handle missing user gracefully" classname="auth.spec.ts" time="0.558">
</testcase>
</testsuite>
<testsuite name="error-handling.spec.ts" timestamp="2026-01-23T13:20:25.002Z" hostname="Google Chrome" tests="22" failures="0" skipped="0" time="30.045" errors="0">
<testcase name="Error Handling Tests › should handle network errors gracefully" classname="error-handling.spec.ts" time="0.522">
</testcase>
<testcase name="Error Handling Tests › should handle missing data gracefully" classname="error-handling.spec.ts" time="0.671">
</testcase>
<testcase name="Error Handling Tests › should handle malformed data" classname="error-handling.spec.ts" time="0.697">
</testcase>
<testcase name="Error Handling Tests › should handle console errors gracefully" classname="error-handling.spec.ts" time="4.114">
</testcase>
<testcase name="Error Handling Tests › should handle page navigation errors" classname="error-handling.spec.ts" time="0.849">
</testcase>
<testcase name="Error Handling Tests › should handle rapid navigation" classname="error-handling.spec.ts" time="0.824">
</testcase>
<testcase name="Error Handling Tests › should handle invalid viewport sizes" classname="error-handling.spec.ts" time="0.928">
</testcase>
<testcase name="Error Handling Tests › should handle missing images gracefully" classname="error-handling.spec.ts" time="3.888">
</testcase>
<testcase name="Error Handling Tests › should handle localStorage errors" classname="error-handling.spec.ts" time="0.665">
</testcase>
<testcase name="Error Handling Tests › should handle dark mode toggle errors" classname="error-handling.spec.ts" time="0.937">
</testcase>
<testcase name="Error Handling Tests › should handle sidebar toggle errors" classname="error-handling.spec.ts" time="2.658">
</testcase>
<testcase name="Error Handling Tests › should handle filter changes gracefully" classname="error-handling.spec.ts" time="0.945">
</testcase>
<testcase name="Error Handling Tests › should handle table sorting errors" classname="error-handling.spec.ts" time="1.616">
</testcase>
<testcase name="Error Handling Tests › should handle pagination errors" classname="error-handling.spec.ts" time="1.622">
</testcase>
<testcase name="Error Handling Tests › should recover from JavaScript errors" classname="error-handling.spec.ts" time="2.583">
</testcase>
<testcase name="Error Handling Tests › should handle search functionality errors" classname="error-handling.spec.ts" time="0.478">
</testcase>
<testcase name="Error Handling Tests › should handle notification errors" classname="error-handling.spec.ts" time="0.5">
</testcase>
<testcase name="Error Handling - Forms › should handle empty form submission" classname="error-handling.spec.ts" time="0.957">
</testcase>
<testcase name="Error Handling - Forms › should handle invalid date ranges" classname="error-handling.spec.ts" time="1.551">
</testcase>
<testcase name="Error Handling - UI Components › should handle dropdown errors" classname="error-handling.spec.ts" time="1.077">
</testcase>
<testcase name="Error Handling - UI Components › should handle tooltip errors" classname="error-handling.spec.ts" time="1.442">
</testcase>
<testcase name="Error Handling - UI Components › should handle modal errors" classname="error-handling.spec.ts" time="0.521">
</testcase>
</testsuite>
<testsuite name="navigation.spec.ts" timestamp="2026-01-23T13:20:25.002Z" hostname="Google Chrome" tests="19" failures="1" skipped="0" time="27.831" errors="0">
<testcase name="Navigation Tests › should navigate between pages" classname="navigation.spec.ts" time="1.363">
</testcase>
<testcase name="Navigation Tests › should maintain state when navigating" classname="navigation.spec.ts" time="1.826">
</testcase>
<testcase name="Navigation Tests › should handle rapid navigation" classname="navigation.spec.ts" time="1.93">
</testcase>
<testcase name="Navigation Tests › should navigate using keyboard" classname="navigation.spec.ts" time="1.354">
</testcase>
<testcase name="Navigation Tests › should show active page indicator" classname="navigation.spec.ts" time="1.45">
</testcase>
<testcase name="Navigation Tests › should navigate from sidebar on desktop" classname="navigation.spec.ts" time="1.671">
</testcase>
<testcase name="Navigation Tests › should navigate from mobile menu" classname="navigation.spec.ts" time="1.835">
</testcase>
<testcase name="Navigation Tests › should handle browser back button" classname="navigation.spec.ts" time="2.307">
</testcase>
<testcase name="Navigation Tests › should handle browser forward button" classname="navigation.spec.ts" time="2.434">
</testcase>
<testcase name="Navigation Tests › should preserve scroll position on back navigation" classname="navigation.spec.ts" time="2.665">
</testcase>
<testcase name="Breadcrumb Navigation › should display breadcrumb trail" classname="navigation.spec.ts" time="1.412">
</testcase>
<testcase name="Breadcrumb Navigation › should show current page in navigation" classname="navigation.spec.ts" time="1.158">
</testcase>
<testcase name="Breadcrumb Navigation › should update page title on navigation" classname="navigation.spec.ts" time="1.208">
</testcase>
<testcase name="Navigation - Error Handling › should handle invalid routes gracefully" classname="navigation.spec.ts" time="0.356">
</testcase>
<testcase name="Navigation - Error Handling › should handle navigation during loading" classname="navigation.spec.ts" time="1.202">
</testcase>
<testcase name="Navigation - Error Handling › should handle navigation with network issues" classname="navigation.spec.ts" time="1.112">
</testcase>
<testcase name="Navigation - Accessibility › should have accessible navigation landmark" classname="navigation.spec.ts" time="0.872">
<failure message="navigation.spec.ts:288:3 should have accessible navigation landmark" type="FAILURE">
<![CDATA[  [Google Chrome] › navigation.spec.ts:288:3 › Navigation - Accessibility › should have accessible navigation landmark 

    Error: expect(received).toBeGreaterThanOrEqual(expected)

    Expected: >= 1
    Received:    0

      296 |     // Check for navigation role
      297 |     const navRole = page.locator('[role="navigation"]')
    > 298 |     expect(await navRole.count()).toBeGreaterThanOrEqual(1)
          |                                   ^
      299 |   })
      300 |
      301 |   test('should have skip navigation link', async ({ page }) => {
        at /Users/dsahanovici/CURSOR_AI_DEMO/qa-automation/tests/e2e/frontend/navigation.spec.ts:298:35

    attachment #1: screenshot (image/png) ──────────────────────────────────────────────────────────
    ../../../../test-results/navigation-Navigation---Ac-c92fc-essible-navigation-landmark-Google-Chrome/test-failed-1.png
    ────────────────────────────────────────────────────────────────────────────────────────────────

    attachment #2: video (video/webm) ──────────────────────────────────────────────────────────────
    ../../../../test-results/navigation-Navigation---Ac-c92fc-essible-navigation-landmark-Google-Chrome/video.webm
    ────────────────────────────────────────────────────────────────────────────────────────────────

    Error Context: ../../../../test-results/navigation-Navigation---Ac-c92fc-essible-navigation-landmark-Google-Chrome/error-context.md
]]>
</failure>
<system-out>
<![CDATA[
[[ATTACHMENT|navigation-Navigation---Ac-c92fc-essible-navigation-landmark-Google-Chrome/test-failed-1.png]]

[[ATTACHMENT|navigation-Navigation---Ac-c92fc-essible-navigation-landmark-Google-Chrome/video.webm]]

[[ATTACHMENT|navigation-Navigation---Ac-c92fc-essible-navigation-landmark-Google-Chrome/error-context.md]]
]]>
</system-out>
</testcase>
<testcase name="Navigation - Accessibility › should have skip navigation link" classname="navigation.spec.ts" time="0.494">
</testcase>
<testcase name="Navigation - Accessibility › should announce page changes to screen readers" classname="navigation.spec.ts" time="1.182">
</testcase>
</testsuite>
<testsuite name="product-search.spec.ts" timestamp="2026-01-23T13:20:25.002Z" hostname="Google Chrome" tests="47" failures="2" skipped="0" time="192.743" errors="0">
<testcase name="Product Search &amp; Filter Tests › Initial Page Load › should display all products on initial load" classname="product-search.spec.ts" time="1.306">
</testcase>
<testcase name="Product Search &amp; Filter Tests › Initial Page Load › should display filter options" classname="product-search.spec.ts" time="1.239">
</testcase>
<testcase name="Product Search &amp; Filter Tests › Initial Page Load › should display sort dropdown" classname="product-search.spec.ts" time="1.26">
</testcase>
<testcase name="Product Search &amp; Filter Tests › Initial Page Load › should display cart counter" classname="product-search.spec.ts" time="1.29">
</testcase>
<testcase name="Product Search &amp; Filter Tests › Category Filtering › should filter products by &quot;On Sale&quot;" classname="product-search.spec.ts" time="1.56">
</testcase>
<testcase name="Product Search &amp; Filter Tests › Category Filtering › should filter products by &quot;Bestsellers&quot;" classname="product-search.spec.ts" time="1.622">
</testcase>
<testcase name="Product Search &amp; Filter Tests › Category Filtering › should filter products by &quot;New Arrivals&quot;" classname="product-search.spec.ts" time="1.46">
</testcase>
<testcase name="Product Search &amp; Filter Tests › Category Filtering › should filter products by &quot;In Stock&quot;" classname="product-search.spec.ts" time="1.555">
</testcase>
<testcase name="Product Search &amp; Filter Tests › Category Filtering › should reset filter when clicking &quot;All Products&quot;" classname="product-search.spec.ts" time="1.996">
</testcase>
<testcase name="Product Search &amp; Filter Tests › Category Filtering › should maintain only one active filter at a time" classname="product-search.spec.ts" time="1.833">
</testcase>
<testcase name="Product Search &amp; Filter Tests › Sort Functionality › should sort products by &quot;Price: Low to High&quot;" classname="product-search.spec.ts" time="1.587">
</testcase>
<testcase name="Product Search &amp; Filter Tests › Sort Functionality › should sort products by &quot;Price: High to Low&quot;" classname="product-search.spec.ts" time="1.691">
</testcase>
<testcase name="Product Search &amp; Filter Tests › Sort Functionality › should sort products by &quot;Highest Rated&quot;" classname="product-search.spec.ts" time="1.616">
</testcase>
<testcase name="Product Search &amp; Filter Tests › Sort Functionality › should maintain sort when changing filters" classname="product-search.spec.ts" time="2.662">
</testcase>
<testcase name="Product Search &amp; Filter Tests › Sort Functionality › should reset to featured sort" classname="product-search.spec.ts" time="2.429">
</testcase>
<testcase name="Product Search &amp; Filter Tests › Combined Filters and Sort › should apply filter and sort together" classname="product-search.spec.ts" time="7.669">
</testcase>
<testcase name="Product Search &amp; Filter Tests › Combined Filters and Sort › should update count when combining filters" classname="product-search.spec.ts" time="2.591">
</testcase>
<testcase name="Product Search &amp; Filter Tests › Empty Results State › should show empty state when no products match filter" classname="product-search.spec.ts" time="3.557">
</testcase>
<testcase name="Product Search &amp; Filter Tests › Empty Results State › should reset filters from empty state" classname="product-search.spec.ts" time="2.693">
</testcase>
<testcase name="Product Search &amp; Filter Tests › Empty Results State › should show appropriate empty state icon" classname="product-search.spec.ts" time="2.041">
</testcase>
<testcase name="Product Search &amp; Filter Tests › Product Card Interactions › should add product to cart" classname="product-search.spec.ts" time="11.071">
<failure message="product-search.spec.ts:336:5 should add product to cart" type="FAILURE">
<![CDATA[  [Google Chrome] › product-search.spec.ts:336:5 › Product Search & Filter Tests › Product Card Interactions › should add product to cart 

    Error: expect(locator).toHaveText(expected) failed

    Locator:  locator('span.bg-red-500').first()
    Expected: "1"
    Received: "-29%"
    Timeout:  5000ms

    Call log:
      - Expect "toHaveText" with timeout 5000ms
      - waiting for locator('span.bg-red-500').first()
        9 × locator resolved to <span class="bg-red-500 text-white text-xs font-bold px-3 py-1 rounded-full shadow-md">-29%</span>
          - unexpected value "-29%"


      348 |       const cartBadge = page.locator('span.bg-red-500').first()
      349 |       await expect(cartBadge).toBeVisible()
    > 350 |       await expect(cartBadge).toHaveText('1')
          |                               ^
      351 |     })
      352 |
      353 |     test('should add multiple products to cart', async ({ page }) => {
        at /Users/dsahanovici/CURSOR_AI_DEMO/qa-automation/tests/e2e/frontend/product-search.spec.ts:350:31

    attachment #1: screenshot (image/png) ──────────────────────────────────────────────────────────
    ../../../../test-results/product-search-Product-Sea-45b94--should-add-product-to-cart-Google-Chrome/test-failed-1.png
    ────────────────────────────────────────────────────────────────────────────────────────────────

    attachment #2: video (video/webm) ──────────────────────────────────────────────────────────────
    ../../../../test-results/product-search-Product-Sea-45b94--should-add-product-to-cart-Google-Chrome/video.webm
    ────────────────────────────────────────────────────────────────────────────────────────────────

    Error Context: ../../../../test-results/product-search-Product-Sea-45b94--should-add-product-to-cart-Google-Chrome/error-context.md
]]>
</failure>
<system-out>
<![CDATA[
[[ATTACHMENT|product-search-Product-Sea-45b94--should-add-product-to-cart-Google-Chrome/test-failed-1.png]]

[[ATTACHMENT|product-search-Product-Sea-45b94--should-add-product-to-cart-Google-Chrome/video.webm]]

[[ATTACHMENT|product-search-Product-Sea-45b94--should-add-product-to-cart-Google-Chrome/error-context.md]]
]]>
</system-out>
</testcase>
<testcase name="Product Search &amp; Filter Tests › Product Card Interactions › should add multiple products to cart" classname="product-search.spec.ts" time="12.88">
<failure message="product-search.spec.ts:353:5 should add multiple products to cart" type="FAILURE">
<![CDATA[  [Google Chrome] › product-search.spec.ts:353:5 › Product Search & Filter Tests › Product Card Interactions › should add multiple products to cart 

    Error: expect(locator).toHaveText(expected) failed

    Locator:  locator('span.bg-red-500').first()
    Expected: "2"
    Received: "-29%"
    Timeout:  5000ms

    Call log:
      - Expect "toHaveText" with timeout 5000ms
      - waiting for locator('span.bg-red-500').first()
        9 × locator resolved to <span class="bg-red-500 text-white text-xs font-bold px-3 py-1 rounded-full shadow-md">-29%</span>
          - unexpected value "-29%"


      365 |       // Verify cart count
      366 |       const cartBadge = page.locator('span.bg-red-500').first()
    > 367 |       await expect(cartBadge).toHaveText('2')
          |                               ^
      368 |     })
      369 |
      370 |     test('should show loading state when adding to cart', async ({ page }) => {
        at /Users/dsahanovici/CURSOR_AI_DEMO/qa-automation/tests/e2e/frontend/product-search.spec.ts:367:31

    attachment #1: screenshot (image/png) ──────────────────────────────────────────────────────────
    ../../../../test-results/product-search-Product-Sea-47eef-d-multiple-products-to-cart-Google-Chrome/test-failed-1.png
    ────────────────────────────────────────────────────────────────────────────────────────────────

    attachment #2: video (video/webm) ──────────────────────────────────────────────────────────────
    ../../../../test-results/product-search-Product-Sea-47eef-d-multiple-products-to-cart-Google-Chrome/video.webm
    ────────────────────────────────────────────────────────────────────────────────────────────────

    Error Context: ../../../../test-results/product-search-Product-Sea-47eef-d-multiple-products-to-cart-Google-Chrome/error-context.md
]]>
</failure>
<system-out>
<![CDATA[
[[ATTACHMENT|product-search-Product-Sea-47eef-d-multiple-products-to-cart-Google-Chrome/test-failed-1.png]]

[[ATTACHMENT|product-search-Product-Sea-47eef-d-multiple-products-to-cart-Google-Chrome/video.webm]]

[[ATTACHMENT|product-search-Product-Sea-47eef-d-multiple-products-to-cart-Google-Chrome/error-context.md]]
]]>
</system-out>
</testcase>
<testcase name="Product Search &amp; Filter Tests › Product Card Interactions › should show loading state when adding to cart" classname="product-search.spec.ts" time="4.831">
</testcase>
<testcase name="Product Search &amp; Filter Tests › Product Card Interactions › should toggle favorite on product" classname="product-search.spec.ts" time="6.615">
</testcase>
<testcase name="Product Search &amp; Filter Tests › Product Card Interactions › should show quick view on hover" classname="product-search.spec.ts" time="4.486">
</testcase>
<testcase name="Product Search &amp; Filter Tests › Product Information Display › should display product title and description" classname="product-search.spec.ts" time="3.634">
</testcase>
<testcase name="Product Search &amp; Filter Tests › Product Information Display › should display product price" classname="product-search.spec.ts" time="2.622">
</testcase>
<testcase name="Product Search &amp; Filter Tests › Product Information Display › should display product rating" classname="product-search.spec.ts" time="1.865">
</testcase>
<testcase name="Product Search &amp; Filter Tests › Product Information Display › should display sale badge on sale items" classname="product-search.spec.ts" time="1.723">
</testcase>
<testcase name="Product Search &amp; Filter Tests › Product Information Display › should display product images" classname="product-search.spec.ts" time="1.822">
</testcase>
<testcase name="Product Search &amp; Filter Tests › Responsive Behavior › should display products in grid on desktop" classname="product-search.spec.ts" time="1.802">
</testcase>
<testcase name="Product Search &amp; Filter Tests › Responsive Behavior › should display products in grid on tablet" classname="product-search.spec.ts" time="1.778">
</testcase>
<testcase name="Product Search &amp; Filter Tests › Responsive Behavior › should display products in single column on mobile" classname="product-search.spec.ts" time="2.688">
</testcase>
<testcase name="Product Search &amp; Filter Tests › Responsive Behavior › should show filter buttons on mobile" classname="product-search.spec.ts" time="1.786">
</testcase>
<testcase name="Product Search &amp; Filter Tests › Performance and Loading › should load products quickly" classname="product-search.spec.ts" time="1.57">
</testcase>
<testcase name="Product Search &amp; Filter Tests › Performance and Loading › should filter products without page reload" classname="product-search.spec.ts" time="12.543">
</testcase>
<testcase name="Product Search &amp; Filter Tests › Performance and Loading › should sort products without page reload" classname="product-search.spec.ts" time="17.229">
</testcase>
<testcase name="Product Search &amp; Filter Tests › Error Handling › should handle missing product images gracefully" classname="product-search.spec.ts" time="7.143">
</testcase>
<testcase name="Product Search &amp; Filter Tests › Error Handling › should handle rapid filter changes" classname="product-search.spec.ts" time="7.762">
</testcase>
<testcase name="Product Search &amp; Filter Tests › Error Handling › should handle rapid sort changes" classname="product-search.spec.ts" time="5.433">
</testcase>
<testcase name="Product Search &amp; Filter Tests › Error Handling › should handle simultaneous filter and sort changes" classname="product-search.spec.ts" time="3.383">
</testcase>
<testcase name="Product Search &amp; Filter Tests › Accessibility › should have accessible filter buttons" classname="product-search.spec.ts" time="10.078">
</testcase>
<testcase name="Product Search &amp; Filter Tests › Accessibility › should have accessible sort dropdown" classname="product-search.spec.ts" time="11.138">
</testcase>
<testcase name="Product Search &amp; Filter Tests › Accessibility › should have accessible product cards" classname="product-search.spec.ts" time="2.133">
</testcase>
<testcase name="Product Search &amp; Filter Tests › Accessibility › should announce filter changes to screen readers" classname="product-search.spec.ts" time="3.592">
</testcase>
<testcase name="Product Search &amp; Filter Tests › Product Count and Display › should show correct product count" classname="product-search.spec.ts" time="2.692">
</testcase>
<testcase name="Product Search &amp; Filter Tests › Product Count and Display › should update count when filtering" classname="product-search.spec.ts" time="4.787">
</testcase>
</testsuite>
<testsuite name="registration.spec.ts" timestamp="2026-01-23T13:20:25.002Z" hostname="Google Chrome" tests="64" failures="1" skipped="0" time="103.246" errors="0">
<testcase name="Multi-Step Registration Form Tests › Initial State and Page Load › should display registration form with Step 1" classname="registration.spec.ts" time="0.892">
</testcase>
<testcase name="Multi-Step Registration Form Tests › Initial State and Page Load › should display progress bar" classname="registration.spec.ts" time="0.886">
</testcase>
<testcase name="Multi-Step Registration Form Tests › Initial State and Page Load › should display all step indicators" classname="registration.spec.ts" time="0.825">
</testcase>
<testcase name="Multi-Step Registration Form Tests › Initial State and Page Load › should highlight current step" classname="registration.spec.ts" time="0.847">
</testcase>
<testcase name="Multi-Step Registration Form Tests › Step 1: Personal Information - Field Validation › should show error for empty first name" classname="registration.spec.ts" time="1.044">
</testcase>
<testcase name="Multi-Step Registration Form Tests › Step 1: Personal Information - Field Validation › should show error for short first name" classname="registration.spec.ts" time="0.877">
</testcase>
<testcase name="Multi-Step Registration Form Tests › Step 1: Personal Information - Field Validation › should show error for empty last name" classname="registration.spec.ts" time="0.845">
</testcase>
<testcase name="Multi-Step Registration Form Tests › Step 1: Personal Information - Field Validation › should show error for missing date of birth" classname="registration.spec.ts" time="1.179">
</testcase>
<testcase name="Multi-Step Registration Form Tests › Step 1: Personal Information - Field Validation › should show error for underage user" classname="registration.spec.ts" time="0.87">
</testcase>
<testcase name="Multi-Step Registration Form Tests › Step 1: Personal Information - Field Validation › should clear error when field is corrected" classname="registration.spec.ts" time="0.886">
</testcase>
<testcase name="Multi-Step Registration Form Tests › Step 1: Personal Information - Field Validation › should not proceed to Step 2 with invalid data" classname="registration.spec.ts" time="0.88">
</testcase>
<testcase name="Multi-Step Registration Form Tests › Step 1: Personal Information - Field Validation › should proceed to Step 2 with valid data" classname="registration.spec.ts" time="1.244">
</testcase>
<testcase name="Multi-Step Registration Form Tests › Step 2: Account Details - Field Validation › should display Step 2 fields" classname="registration.spec.ts" time="1.247">
</testcase>
<testcase name="Multi-Step Registration Form Tests › Step 2: Account Details - Field Validation › should show error for invalid email format" classname="registration.spec.ts" time="1.222">
</testcase>
<testcase name="Multi-Step Registration Form Tests › Step 2: Account Details - Field Validation › should show error for short username" classname="registration.spec.ts" time="1.204">
</testcase>
<testcase name="Multi-Step Registration Form Tests › Step 2: Account Details - Field Validation › should show error for invalid username characters" classname="registration.spec.ts" time="1.251">
</testcase>
<testcase name="Multi-Step Registration Form Tests › Step 2: Account Details - Field Validation › should show error for weak password" classname="registration.spec.ts" time="1.262">
</testcase>
<testcase name="Multi-Step Registration Form Tests › Step 2: Account Details - Field Validation › should show error for password without requirements" classname="registration.spec.ts" time="1.228">
</testcase>
<testcase name="Multi-Step Registration Form Tests › Step 2: Account Details - Field Validation › should show error when passwords do not match" classname="registration.spec.ts" time="1.269">
</testcase>
<testcase name="Multi-Step Registration Form Tests › Step 2: Account Details - Field Validation › should display password requirements help text" classname="registration.spec.ts" time="1.175">
</testcase>
<testcase name="Multi-Step Registration Form Tests › Step 2: Account Details - Field Validation › should display username requirements help text" classname="registration.spec.ts" time="1.186">
</testcase>
<testcase name="Multi-Step Registration Form Tests › Step 2: Account Details - Field Validation › should proceed to Step 3 with valid account details" classname="registration.spec.ts" time="1.521">
</testcase>
<testcase name="Multi-Step Registration Form Tests › Step 3: Preferences - Optional Fields › should display Step 3 fields" classname="registration.spec.ts" time="1.578">
</testcase>
<testcase name="Multi-Step Registration Form Tests › Step 3: Preferences - Optional Fields › should show optional preferences label" classname="registration.spec.ts" time="1.565">
</testcase>
<testcase name="Multi-Step Registration Form Tests › Step 3: Preferences - Optional Fields › should toggle newsletter checkbox" classname="registration.spec.ts" time="1.642">
</testcase>
<testcase name="Multi-Step Registration Form Tests › Step 3: Preferences - Optional Fields › should have notifications enabled by default" classname="registration.spec.ts" time="1.529">
</testcase>
<testcase name="Multi-Step Registration Form Tests › Step 3: Preferences - Optional Fields › should change theme preference" classname="registration.spec.ts" time="1.586">
</testcase>
<testcase name="Multi-Step Registration Form Tests › Step 3: Preferences - Optional Fields › should change language preference" classname="registration.spec.ts" time="1.505">
</testcase>
<testcase name="Multi-Step Registration Form Tests › Step 3: Preferences - Optional Fields › should proceed to Step 4 without filling preferences" classname="registration.spec.ts" time="1.871">
</testcase>
<testcase name="Multi-Step Registration Form Tests › Step 4: Review &amp; Terms › should display registration summary" classname="registration.spec.ts" time="1.909">
</testcase>
<testcase name="Multi-Step Registration Form Tests › Step 4: Review &amp; Terms › should display terms and conditions checkbox" classname="registration.spec.ts" time="1.931">
</testcase>
<testcase name="Multi-Step Registration Form Tests › Step 4: Review &amp; Terms › should display privacy policy checkbox" classname="registration.spec.ts" time="1.885">
</testcase>
<testcase name="Multi-Step Registration Form Tests › Step 4: Review &amp; Terms › should show error when submitting without accepting terms" classname="registration.spec.ts" time="1.899">
</testcase>
<testcase name="Multi-Step Registration Form Tests › Step 4: Review &amp; Terms › should show error when submitting without accepting privacy" classname="registration.spec.ts" time="1.881">
</testcase>
<testcase name="Multi-Step Registration Form Tests › Step 4: Review &amp; Terms › should show both errors when neither is accepted" classname="registration.spec.ts" time="1.898">
</testcase>
<testcase name="Multi-Step Registration Form Tests › Step 4: Review &amp; Terms › should submit form when both checkboxes are checked" classname="registration.spec.ts" time="4.445">
</testcase>
<testcase name="Multi-Step Registration Form Tests › Navigation Between Steps › should navigate forward through all steps" classname="registration.spec.ts" time="1.901">
</testcase>
<testcase name="Multi-Step Registration Form Tests › Navigation Between Steps › should navigate backward using Back button" classname="registration.spec.ts" time="1.523">
</testcase>
<testcase name="Multi-Step Registration Form Tests › Navigation Between Steps › should not show Back button on Step 1" classname="registration.spec.ts" time="0.871">
</testcase>
<testcase name="Multi-Step Registration Form Tests › Navigation Between Steps › should show Back button on Step 2 and beyond" classname="registration.spec.ts" time="1.156">
</testcase>
<testcase name="Multi-Step Registration Form Tests › Navigation Between Steps › should preserve form data when navigating back and forward" classname="registration.spec.ts" time="1.495">
</testcase>
<testcase name="Multi-Step Registration Form Tests › Navigation Between Steps › should update progress bar when navigating" classname="registration.spec.ts" time="1.228">
</testcase>
<testcase name="Multi-Step Registration Form Tests › Navigation Between Steps › should allow clicking on completed steps" classname="registration.spec.ts" time="1.522">
</testcase>
<testcase name="Multi-Step Registration Form Tests › Navigation Between Steps › should not allow clicking on future steps" classname="registration.spec.ts" time="0.894">
</testcase>
<testcase name="Multi-Step Registration Form Tests › Form Submission and Success State › should show loading state during submission" classname="registration.spec.ts" time="1.934">
</testcase>
<testcase name="Multi-Step Registration Form Tests › Form Submission and Success State › should display success message after submission" classname="registration.spec.ts" time="4.48">
</testcase>
<testcase name="Multi-Step Registration Form Tests › Form Submission and Success State › should display user information in success message" classname="registration.spec.ts" time="4.46">
</testcase>
<testcase name="Multi-Step Registration Form Tests › Form Submission and Success State › should display next steps information" classname="registration.spec.ts" time="4.449">
</testcase>
<testcase name="Multi-Step Registration Form Tests › Form Submission and Success State › should display dashboard button" classname="registration.spec.ts" time="4.437">
</testcase>
<testcase name="Multi-Step Registration Form Tests › Form Submission and Success State › should display success icon" classname="registration.spec.ts" time="4.474">
</testcase>
<testcase name="Multi-Step Registration Form Tests › Error Messages and Accessibility › should have proper ARIA labels on required fields" classname="registration.spec.ts" time="0.859">
</testcase>
<testcase name="Multi-Step Registration Form Tests › Error Messages and Accessibility › should have proper form labels" classname="registration.spec.ts" time="0.897">
</testcase>
<testcase name="Multi-Step Registration Form Tests › Error Messages and Accessibility › should mark required fields with asterisk" classname="registration.spec.ts" time="0.902">
</testcase>
<testcase name="Multi-Step Registration Form Tests › Error Messages and Accessibility › should set aria-invalid on fields with errors" classname="registration.spec.ts" time="0.875">
</testcase>
<testcase name="Multi-Step Registration Form Tests › Error Messages and Accessibility › should associate error messages with fields using aria-describedby" classname="registration.spec.ts" time="0.927">
</testcase>
<testcase name="Multi-Step Registration Form Tests › Error Messages and Accessibility › should announce errors with role=&quot;alert&quot;" classname="registration.spec.ts" time="0.962">
</testcase>
<testcase name="Multi-Step Registration Form Tests › Error Messages and Accessibility › should have accessible step navigation" classname="registration.spec.ts" time="0.9">
</testcase>
<testcase name="Multi-Step Registration Form Tests › Error Messages and Accessibility › should have aria-current on active step" classname="registration.spec.ts" time="0.886">
</testcase>
<testcase name="Multi-Step Registration Form Tests › Error Messages and Accessibility › should have meaningful button labels" classname="registration.spec.ts" time="0.863">
</testcase>
<testcase name="Multi-Step Registration Form Tests › Error Messages and Accessibility › should announce success state to screen readers" classname="registration.spec.ts" time="4.442">
</testcase>
<testcase name="Multi-Step Registration Form Tests › Accessibility Compliance › Step 1 should not have accessibility violations" classname="registration.spec.ts" time="1.145">
</testcase>
<testcase name="Multi-Step Registration Form Tests › Accessibility Compliance › Step 2 should not have accessibility violations" classname="registration.spec.ts" time="1.527">
</testcase>
<testcase name="Multi-Step Registration Form Tests › Accessibility Compliance › should be keyboard navigable" classname="registration.spec.ts" time="0.899">
<failure message="registration.spec.ts:753:5 should be keyboard navigable" type="FAILURE">
<![CDATA[  [Google Chrome] › registration.spec.ts:753:5 › Multi-Step Registration Form Tests › Accessibility Compliance › should be keyboard navigable 

    Error: expect(received).toBeTruthy()

    Received: false

      763 |       const lastNameFocused = await lastName.evaluate(el => el === document.activeElement)
      764 |       
    > 765 |       expect(firstNameFocused || lastNameFocused).toBeTruthy()
          |                                                   ^
      766 |     })
      767 |
      768 |     test('should support keyboard form submission', async ({ page }) => {
        at /Users/dsahanovici/CURSOR_AI_DEMO/qa-automation/tests/e2e/frontend/registration.spec.ts:765:51

    attachment #1: screenshot (image/png) ──────────────────────────────────────────────────────────
    ../../../../test-results/registration-Multi-Step-Re-0963e-hould-be-keyboard-navigable-Google-Chrome/test-failed-1.png
    ────────────────────────────────────────────────────────────────────────────────────────────────

    attachment #2: video (video/webm) ──────────────────────────────────────────────────────────────
    ../../../../test-results/registration-Multi-Step-Re-0963e-hould-be-keyboard-navigable-Google-Chrome/video.webm
    ────────────────────────────────────────────────────────────────────────────────────────────────

    Error Context: ../../../../test-results/registration-Multi-Step-Re-0963e-hould-be-keyboard-navigable-Google-Chrome/error-context.md
]]>
</failure>
<system-out>
<![CDATA[
[[ATTACHMENT|registration-Multi-Step-Re-0963e-hould-be-keyboard-navigable-Google-Chrome/test-failed-1.png]]

[[ATTACHMENT|registration-Multi-Step-Re-0963e-hould-be-keyboard-navigable-Google-Chrome/video.webm]]

[[ATTACHMENT|registration-Multi-Step-Re-0963e-hould-be-keyboard-navigable-Google-Chrome/error-context.md]]
]]>
</system-out>
</testcase>
<testcase name="Multi-Step Registration Form Tests › Accessibility Compliance › should support keyboard form submission" classname="registration.spec.ts" time="1.374">
</testcase>
</testsuite>
<testsuite name="responsive.spec.ts" timestamp="2026-01-23T13:20:25.002Z" hostname="Google Chrome" tests="32" failures="0" skipped="0" time="38.283" errors="0">
<testcase name="Responsive Design Tests - Mobile › should show mobile hamburger menu" classname="responsive.spec.ts" time="0.395">
</testcase>
<testcase name="Responsive Design Tests - Mobile › should open sidebar on hamburger click" classname="responsive.spec.ts" time="0.955">
</testcase>
<testcase name="Responsive Design Tests - Mobile › should close sidebar on backdrop click" classname="responsive.spec.ts" time="1.242">
</testcase>
<testcase name="Responsive Design Tests - Mobile › should display mobile-friendly statistics" classname="responsive.spec.ts" time="0.57">
</testcase>
<testcase name="Responsive Design Tests - Mobile › should show tasks in single column on mobile" classname="responsive.spec.ts" time="0.656">
</testcase>
<testcase name="Responsive Design Tests - Mobile › should hide user email on small screens" classname="responsive.spec.ts" time="0.879">
</testcase>
<testcase name="Responsive Design Tests - Mobile › should show mobile navigation" classname="responsive.spec.ts" time="0.577">
</testcase>
<testcase name="Responsive Design Tests - Tablet › should display sidebar on tablet" classname="responsive.spec.ts" time="0.661">
</testcase>
<testcase name="Responsive Design Tests - Tablet › should show 2-column task grid" classname="responsive.spec.ts" time="0.61">
</testcase>
<testcase name="Responsive Design Tests - Tablet › should display statistics in 2 columns" classname="responsive.spec.ts" time="0.609">
</testcase>
<testcase name="Responsive Design Tests - Desktop › should show persistent sidebar" classname="responsive.spec.ts" time="0.678">
</testcase>
<testcase name="Responsive Design Tests - Desktop › should not show hamburger menu" classname="responsive.spec.ts" time="0.648">
</testcase>
<testcase name="Responsive Design Tests - Desktop › should display 4-column statistics" classname="responsive.spec.ts" time="0.616">
</testcase>
<testcase name="Responsive Design Tests - Desktop › should show full task details" classname="responsive.spec.ts" time="0.555">
</testcase>
<testcase name="Responsive Design Tests - Desktop › should display search bar in header" classname="responsive.spec.ts" time="0.566">
</testcase>
<testcase name="Responsive Design - Analytics Dashboard › should be responsive on mobile" classname="responsive.spec.ts" time="0.353">
</testcase>
<testcase name="Responsive Design - Analytics Dashboard › should show charts on tablet" classname="responsive.spec.ts" time="0.375">
</testcase>
<testcase name="Responsive Design - Analytics Dashboard › should display full layout on desktop" classname="responsive.spec.ts" time="0.413">
</testcase>
<testcase name="Responsive Design - Navigation › should show compact navigation on mobile" classname="responsive.spec.ts" time="0.337">
</testcase>
<testcase name="Responsive Design - Navigation › should show full navigation on desktop" classname="responsive.spec.ts" time="0.435">
</testcase>
<testcase name="Responsive Design - Orientation Changes › should handle portrait to landscape on mobile" classname="responsive.spec.ts" time="2.603">
</testcase>
<testcase name="Responsive Design - Orientation Changes › should handle landscape to portrait on mobile" classname="responsive.spec.ts" time="2.833">
</testcase>
<testcase name="Responsive Design - Orientation Changes › should handle tablet portrait to landscape" classname="responsive.spec.ts" time="2.226">
</testcase>
<testcase name="Responsive Design - Orientation Changes › should handle tablet landscape to portrait" classname="responsive.spec.ts" time="2.507">
</testcase>
<testcase name="Responsive Design - Orientation Changes › should adjust grid layout on orientation change" classname="responsive.spec.ts" time="1.934">
</testcase>
<testcase name="Responsive Design - Orientation Changes › should maintain sidebar state on orientation change" classname="responsive.spec.ts" time="3.005">
</testcase>
<testcase name="Responsive Design - Orientation Changes › should reflow statistics on orientation change" classname="responsive.spec.ts" time="2.257">
</testcase>
<testcase name="Responsive Design - Orientation Changes › should handle rapid orientation changes" classname="responsive.spec.ts" time="2.304">
</testcase>
<testcase name="Responsive Design - Orientation Changes › should adjust analytics dashboard on orientation change" classname="responsive.spec.ts" time="1.351">
</testcase>
<testcase name="Responsive Design - Orientation Changes › should maintain scroll position on orientation change" classname="responsive.spec.ts" time="1.936">
</testcase>
<testcase name="Responsive Design - Orientation Changes › should handle orientation change with open modals" classname="responsive.spec.ts" time="1.932">
</testcase>
<testcase name="Responsive Design - Orientation Changes › should handle orientation change during loading" classname="responsive.spec.ts" time="1.265">
</testcase>
</testsuite>
<testsuite name="task-management.spec.ts" timestamp="2026-01-23T13:20:25.002Z" hostname="Google Chrome" tests="51" failures="0" skipped="0" time="66.826" errors="0">
<testcase name="Task Management Tests › should display dashboard with tasks" classname="task-management.spec.ts" time="1.269">
</testcase>
<testcase name="Task Management Tests › should display task cards" classname="task-management.spec.ts" time="1.26">
</testcase>
<testcase name="Task Management Tests › should show task details" classname="task-management.spec.ts" time="1.23">
</testcase>
<testcase name="Task Management Tests › should filter tasks by status" classname="task-management.spec.ts" time="1.209">
</testcase>
<testcase name="Task Management Tests › should show task progress bars" classname="task-management.spec.ts" time="1.201">
</testcase>
<testcase name="Task Management Tests › should display task assignees" classname="task-management.spec.ts" time="1.128">
</testcase>
<testcase name="Task Management Tests › should show overdue tasks with warning" classname="task-management.spec.ts" time="1.2">
</testcase>
<testcase name="Task Management Tests › should display quick stats sidebar" classname="task-management.spec.ts" time="1.45">
</testcase>
<testcase name="Task Management Tests › should show completed tasks section" classname="task-management.spec.ts" time="1.074">
</testcase>
<testcase name="Task Management Tests › should display task tags" classname="task-management.spec.ts" time="1.128">
</testcase>
<testcase name="Task Creation › should show create task button" classname="task-management.spec.ts" time="1.094">
</testcase>
<testcase name="Task Creation › should be able to click create task button" classname="task-management.spec.ts" time="1.166">
</testcase>
<testcase name="Task Creation › should show new task button in sidebar" classname="task-management.spec.ts" time="1.127">
</testcase>
<testcase name="Task Creation › should be able to click sidebar new task button" classname="task-management.spec.ts" time="1.08">
</testcase>
<testcase name="Task Edit Operations › should open edit task dialog" classname="task-management.spec.ts" time="1.085">
</testcase>
<testcase name="Task Edit Operations › should edit task title" classname="task-management.spec.ts" time="1.11">
</testcase>
<testcase name="Task Edit Operations › should edit task description" classname="task-management.spec.ts" time="1.324">
</testcase>
<testcase name="Task Edit Operations › should edit task priority" classname="task-management.spec.ts" time="1.249">
</testcase>
<testcase name="Task Edit Operations › should edit task due date" classname="task-management.spec.ts" time="1.229">
</testcase>
<testcase name="Task Edit Operations › should edit task assignee" classname="task-management.spec.ts" time="1.353">
</testcase>
<testcase name="Task Edit Operations › should cancel task edit" classname="task-management.spec.ts" time="1.393">
</testcase>
<testcase name="Task Edit Operations › should validate required fields when editing" classname="task-management.spec.ts" time="1.13">
</testcase>
<testcase name="Task Completion Operations › should mark task as complete" classname="task-management.spec.ts" time="1.076">
</testcase>
<testcase name="Task Completion Operations › should show completion animation" classname="task-management.spec.ts" time="1.298">
</testcase>
<testcase name="Task Completion Operations › should unmark task as complete" classname="task-management.spec.ts" time="2.43">
</testcase>
<testcase name="Task Completion Operations › should update completion statistics" classname="task-management.spec.ts" time="1.791">
</testcase>
<testcase name="Task Completion Operations › should show completed date" classname="task-management.spec.ts" time="2.112">
</testcase>
<testcase name="Task Completion Operations › should update progress bars on completion" classname="task-management.spec.ts" time="1.885">
</testcase>
<testcase name="Task Deletion Operations › should show delete button on task" classname="task-management.spec.ts" time="1.409">
</testcase>
<testcase name="Task Deletion Operations › should show delete confirmation dialog" classname="task-management.spec.ts" time="1.07">
</testcase>
<testcase name="Task Deletion Operations › should delete task on confirmation" classname="task-management.spec.ts" time="1.494">
</testcase>
<testcase name="Task Deletion Operations › should cancel task deletion" classname="task-management.spec.ts" time="1.671">
</testcase>
<testcase name="Task Deletion Operations › should show delete animation" classname="task-management.spec.ts" time="1.413">
</testcase>
<testcase name="Task Deletion Operations › should update statistics after deletion" classname="task-management.spec.ts" time="1.388">
</testcase>
<testcase name="Task Deletion Operations › should support bulk delete" classname="task-management.spec.ts" time="1.152">
</testcase>
<testcase name="Task Search and Filter Operations › should show search bar" classname="task-management.spec.ts" time="1.11">
</testcase>
<testcase name="Task Search and Filter Operations › should search tasks by title" classname="task-management.spec.ts" time="1.507">
</testcase>
<testcase name="Task Search and Filter Operations › should search tasks by description" classname="task-management.spec.ts" time="1.744">
</testcase>
<testcase name="Task Search and Filter Operations › should show &quot;no results&quot; message" classname="task-management.spec.ts" time="1.83">
</testcase>
<testcase name="Task Search and Filter Operations › should clear search" classname="task-management.spec.ts" time="1.819">
</testcase>
<testcase name="Task Search and Filter Operations › should filter by priority" classname="task-management.spec.ts" time="1.026">
</testcase>
<testcase name="Task Search and Filter Operations › should filter by assignee" classname="task-management.spec.ts" time="1.03">
</testcase>
<testcase name="Task Search and Filter Operations › should filter by due date" classname="task-management.spec.ts" time="1.103">
</testcase>
<testcase name="Task Search and Filter Operations › should combine multiple filters" classname="task-management.spec.ts" time="1.096">
</testcase>
<testcase name="Task Search and Filter Operations › should show filter count" classname="task-management.spec.ts" time="1.097">
</testcase>
<testcase name="Task Search and Filter Operations › should persist filters" classname="task-management.spec.ts" time="1.613">
</testcase>
<testcase name="Task Interactions › should show task menu on hover" classname="task-management.spec.ts" time="2.06">
</testcase>
<testcase name="Task Interactions › should display task statistics" classname="task-management.spec.ts" time="1.15">
</testcase>
<testcase name="Task Interactions › should show productivity metrics" classname="task-management.spec.ts" time="1.069">
</testcase>
<testcase name="Error Handling - Tasks › should handle empty task list gracefully" classname="task-management.spec.ts" time="0.489">
</testcase>
<testcase name="Error Handling - Tasks › should handle missing task data" classname="task-management.spec.ts" time="0.405">
</testcase>
</testsuite>
</testsuites>